
[1m[30m[46m RUN [49m[39m[22m [36mv4.1.9 [39m[90mC:/Users/ChristopherZamora/Downloads/rmpg-flex/rmpg-flex/client[39m

 [32mΓ£ô[39m src/utils/__tests__/uiTrapWatchdog.test.ts[2m > [22mcreateTrapWatchdog[2m > [22mdoes nothing until the grace delay elapses[32m 20[2mms[22m[39m
 [32mΓ£ô[39m src/utils/__tests__/uiTrapWatchdog.test.ts[2m > [22mcreateTrapWatchdog[2m > [22mrecovers and notifies only when a trap is actually found[32m 6[2mms[22m[39m
 [32mΓ£ô[39m src/utils/__tests__/uiTrapWatchdog.test.ts[2m > [22mcreateTrapWatchdog[2m > [22mstays silent when no overlay is trapped (routine API error)[32m 4[2mms[22m[39m
 [32mΓ£ô[39m src/utils/__tests__/uiTrapWatchdog.test.ts[2m > [22mcreateTrapWatchdog[2m > [22mcoalesces a burst of rejections into a single check[32m 2[2mms[22m[39m
 [32mΓ£ô[39m src/utils/__tests__/uiTrapWatchdog.test.ts[2m > [22mcreateTrapWatchdog[2m > [22mthrottles a second recovery within the throttle window[32m 3[2mms[22m[39m
 [32mΓ£ô[39m src/utils/__tests__/uiTrapWatchdog.test.ts[2m > [22mcreateTrapWatchdog[2m > [22mdispose() cancels a pending check[32m 3[2mms[22m[39m
 [32mΓ£ô[39m src/utils/__tests__/uiTrapWatchdog.test.ts[2m > [22mfindBlockingOverlays / recoverIfTrapped (DOM)[2m > [22mflags an orphaned full-screen fixed overlay with no dialog semantics[33m 603[2mms[22m[39m
 [32mΓ£ô[39m src/utils/__tests__/uiTrapWatchdog.test.ts[2m > [22mfindBlockingOverlays / recoverIfTrapped (DOM)[2m > [22mignores a legitimate dialog (aria-modal / role=dialog / aria-label)[32m 186[2mms[22m[39m
 [32mΓ£ô[39m src/utils/__tests__/uiTrapWatchdog.test.ts[2m > [22mfindBlockingOverlays / recoverIfTrapped (DOM)[2m > [22mignores the app shell root[32m 49[2mms[22m[39m
 [32mΓ£ô[39m src/utils/__tests__/uiTrapWatchdog.test.ts[2m > [22mfindBlockingOverlays / recoverIfTrapped (DOM)[2m > [22mignores a backdrop that hosts a real dialog[32m 171[2mms[22m[39m
 [32mΓ£ô[39m src/utils/__tests__/uiTrapWatchdog.test.ts[2m > [22mfindBlockingOverlays / recoverIfTrapped (DOM)[2m > [22mrecoverIfTrapped neutralizes the orphan and reports the action[32m 125[2mms[22m[39m
 [31m├ù[39m src/utils/__tests__/uiTrapWatchdog.test.ts[2m > [22mfindBlockingOverlays / recoverIfTrapped (DOM)[2m > [22mrecoverIfTrapped is a no-op when nothing is trapped (zero DOM mutation)[32m 147[2mms[22m[39m
[31m   ΓåÆ expected [ 'reset body overflow lock' ] to deeply equal [][39m
 [32mΓ£ô[39m src/utils/__tests__/uiTrapWatchdog.test.ts[2m > [22mfindBlockingOverlays / recoverIfTrapped (DOM)[2m > [22mattemptTrapRecovery (manual path) also releases a standalone overflow lock[32m 90[2mms[22m[39m
 [31m├ù[39m src/utils/pdf/v2/forms/__tests__/tripLogMultipage.test.ts[2m > [22mtrip_log (FORM PS-211) ΓÇö multi-page[2m > [22mrenders to stable bytes (3-page baseline)[33m 434[2mms[22m[39m
[31m   ΓåÆ PDF bytes changed for snapshot trip_log.multipage. If intentional, re-run with UPDATE_SNAPSHOTS=1.: expected '0d1b6850a8a4eddd922dbf74651d5c413a025ΓÇª' to be 'd59118e51a827519d4e295a77ef385c200f9eΓÇª' // Object.is equality[39m
 [31m├ù[39m src/utils/pdf/v2/forms/__tests__/tripLogMultipage.test.ts[2m > [22mtrip_log (FORM PS-211) ΓÇö multi-page[2m > [22mrepeats the column header band on every page and keeps TOTALS off the grid[32m 258[2mms[22m[39m
[31m   ΓåÆ expected 1 to be 3 // Object.is equality[39m
 [31m├ù[39m src/pages/__tests__/JailRecordsPage.test.tsx[2m > [22mJailRecordsPage[2m > [22mrenders sources, bookings, and ingests a roster with cross-hit result[33m 1936[2mms[22m[39m
[31m   ΓåÆ Unable to find an element with the text: /1 FLAGGED HIT/. This could be because the text is broken up by multiple elements. In this case, you can provide a function for your text matcher to make your matcher more flexible.

Ignored nodes: comments, script, style
[36m<body[31m
  [33mstyle[31m=[32m"overflow: hidden; position: fixed; width: 100%; top: 0px;"[31m
[36m>[31m
  [36m<div>[31m
    [36m<div[31m
      [33mclass[31m=[32m"p-4 space-y-4"[31m
    [36m>[31m
      [36m<div[31m
        [33maria-level[31m=[32m"3"[31m
        [33mclass[31m=[32m"panel-title-bar "[31m
        [33mrole[31m=[32m"heading"[31m
      [36m>[31m
        [36m<svg[31m
          [33maria-hidden[31m=[32m"true"[31m
          [33mclass[31m=[32m"lucide lucide-building2 lucide-building-2 title-icon"[31m
          [33mfill[31m=[32m"none"[31m
          [33mheight[31m=[32m"24"[31m
          [33mstroke[31m=[32m"currentColor"[31m
          [33mstroke-linecap[31m=[32m"round"[31m
          [33mstroke-linejoin[31m=[32m"round"[31m
          [33mstroke-width[31m=[32m"2"[31m
          [33mviewBox[31m=[32m"0 0 24 24"[31m
          [33mwidth[31m=[32m"24"[31m
          [33mxmlns[31m=[32m"http://www.w3.org/2000/svg"[31m
        [36m>[31m
          [36m<path[31m
            [33md[31m=[32m"M10 12h4"[31m
          [36m/>[31m
          [36m<path[31m
            [33md[31m=[32m"M10 8h4"[31m
          [36m/>[31m
          [36m<path[31m
            [33md[31m=[32m"M14 21v-3a2 2 0 0 0-4 0v3"[31m
          [36m/>[31m
          [36m<path[31m
            [33md[31m=[32m"M6 10H4a2 2 0 0 0-2 2v7a2 2 0 0 0 2 2h16a2 2 0 0 0 2-2V9a2 2 0 0 0-2-2h-2"[31m
          [36m/>[31m
          [36m<path[31m
            [33md[31m=[32m"M6 21V5a2 2 0 0 1 2-2h8a2 2 0 0 1 2 2v16"[31m
          [36m/>[31m
        [36m</svg>[31m
        [36m<span[31m
          [33mclass[31m=[32m"select-none whitespace-nowrap shrink-0 "[31m
        [36m>[31m
          [0mJAIL / BOOKING RECORDS[0m
        [36m</span>[31m
        [36m<div[31m
          [33mclass[31m=[32m"ml-auto flex items-center gap-1.5 min-w-0 overflow-x-auto scrollbar-dark whitespace-nowrap"[31m
        [36m>[31m
          [36m<button[31m
            [33mclass[31m=[32m"toolbar-btn flex items-center gap-1.5"[31m
            [33mstyle[31m=[32m"height: 28px; padding: 0px 10px;"[31m
            [33mtitle[31m=[32m"Refresh sources and bookings"[31m
            [33mtype[31m=[32m"button"[31m
          [36m>[31m
            [36m<svg[31m
              [33maria-hidden[31m=[32m"true"[31m
              [33mclass[31m=[32m"lucide lucide-refresh-cw"[31m
              [33mfill[31m=[32m"none"[31m
              [33mheight[31m=[32m"13"[31m
              [33mstroke[31m=[32m"currentColor"[31m
              [33mstroke-linecap[31m=[32m"round"[31m
              [33mstroke-linejoin[31m=[32m"round"[31m
              [33mstroke-width[31m=[32m"2"[31m
              [33mviewBox[31m=[32m"0 0 24 24"[31m
              [33mwidth[31m=[32m"13"[31m
              [33mxmlns[31m=[32m"http://www.w3.org/2000/svg"[31m
            [36m>[31m
              [36m<path[31m
                [33md[31m=[32m"M3 12a9 9 0 0 1 9-9 9.75 9.75 0 0 1 6.74 2.74L21 8"[31m
              [36m/>[31m
              [36m<path[31m
                [33md[31m=[32m"M21 3v5h-5"[31m
              [36m/>[31m
              [36m<path[31m
                [33md[31m=[32m"M21 12a9 9 0 0 1-9 9 9.75 9.75 0 0 1-6.74-2.74L3 16"[31m
              [36m/>[31m
              [36m<path[31m
                [33md[31m=[32m"M8 16H3v5"[31m
              [36m/>[31m
            [36m</svg>[31m
            [0m Refresh[0m
          [36m</button>[31m
        [36m</div>[31m
      [36m</div>[31m
      [36m<div[31m
        [33mclass[31m=[32m"bg-surface-raised border border-rmpg-700 p-3 space-y-2"[31m
      [36m>[31m
        [36m<div[31m
          [33mclass[31m=[32m"text-[9px] font-semibold text-brand-400"[31m
        [36m>[31m
          [0mMANUAL ROSTER INGEST[0m
        [36m</div>[31m
        [36m<div[31m
          [33mclass[31m=[32m"flex gap-2"[31m
        [36m>[31m
          [36m<input[31m
            [33mclass[31m=[32m"flex-1 input-dark text-[11px]"[31m
            [33mid[31m=[32m"jail-records-county-input"[31m
            [33mplaceholder[31m=[32m"County (e.g. Salt Lake)"[31m
            [33mvalue[31m=[32m""[31m
          [36m/>[31m
          [36m<select[31m
            [33mclass[31m=[32m"select-dark text-[11px]"[31m
          [36m>[31m
            [36m<option[31m
              [33mvalue[31m=[32m"lines"[31m
            [36m>[31m
              [0mLines (Name - charges)[0m
            [36m</option>[31m
            [36m<option[31m
              [33mvalue[31m=[32m"csv"[31m
            [36m>[31m
              [0mCSV (name,dob,booking_date,charges)[0m
            [36m</option>[31m
          [36m</select>[31m
        [36m</div>[31m
        [36m<textarea[31m
          [33mclass[31m=[32m"w-full input-dark text-[11px] font-mono resize-y"[31m
          [33mplaceholder[31m=[32m"John Smith - Theft, Trespass
Jane Doe - DUI"[31m
          [33mrows[31m=[32m"4"[31m
        [36m>[31m
          [0mJane Doe - DUI[0m
        [36m</textarea>[31m
        [36m<button[31m
          [33mclass[31m=[32m"w-full py-1.5 text-[11px] font-semibold border border-brand-400 text-brand-400 hover:bg-surface-raised disabled:opacity-40"[31m
        [36m>[31m
          [0mINGEST + CROSS-HIT[0m
        [36m</button>[31m
      [36m</div>[31m
      [36m<div[31m
        [33mclass[31m=[32m"bg-surface-raised border border-rmpg-700"[31m
      [36m>[31m
        [36m<div[31m
          [33mclass[31m=[32m"px-2 py-[3px] border-b border-border-subtle flex items-center gap-2"[31m
        [36m>[31m
          [36m<span[31m
            [33mclass[31m=[32m"text-[9px] font-semibold text-brand-400 flex-1"[31m
          [36m>[31m
            [0mRECENT BOOKINGS[0m
          [36m</span>[31m
          [36m<div[31m
            [33mclass[31m=[32m"relative"[31m
          [36m>[31m
            [36m<svg[31m
              [33maria-hidden[31m=[32m"true"[31m
              [33mclass[31m=[32m"lucide lucide-search absolute left-2 top-1/2 -translate-y-1/2 text-rmpg-500 pointer-events-none"[31m
              [33mfill[31m=[32m"none"[31m
              [33mheight[31m=[32m"10"[31m
              [33mstroke[31m=[32m"currentColor"[31m
              [33mstroke-linecap[31m=[32m"round"[31m
              [33mstroke-linejoin[31m=[32m"round"[31m
              [33mstroke-width[31m=[32m"2"[31m
              [33mviewBox[31m=[32m"0 0 24 24"[31m
              [33mwidth[31m=[32m"10"[31m
              [33mxmlns[31m=[32m"http://www.w3.org/2000/svg"[31m
            [36m>[31m
              [36m<path[31m
                [33md[31m=[32m"m21 21-4.34-4.34"[31m
              [36m/>[31m
              [36m<circle[31m
                [33mcx[31m=[32m"11"[31m
                [33mcy[31m=[32m"11"[31m
             ...

Ignored nodes: comments, script, style
[36m<html>[31m
  [36m<head />[31m
  [36m<body[31m
    [33mstyle[31m=[32m"overflow: hidden; position: fixed; width: 100%; top: 0px;"[31m
  [36m>[31m
    [36m<div>[31m
      [36m<div[31m
        [33mclass[31m=[32m"p-4 space-y-4"[31m
      [36m>[31m
        [36m<div[31m
          [33maria-level[31m=[32m"3"[31m
          [33mclass[31m=[32m"panel-title-bar "[31m
          [33mrole[31m=[32m"heading"[31m
        [36m>[31m
          [36m<svg[31m
            [33maria-hidden[31m=[32m"true"[31m
            [33mclass[31m=[32m"lucide lucide-building2 lucide-building-2 title-icon"[31m
            [33mfill[31m=[32m"none"[31m
            [33mheight[31m=[32m"24"[31m
            [33mstroke[31m=[32m"currentColor"[31m
            [33mstroke-linecap[31m=[32m"round"[31m
            [33mstroke-linejoin[31m=[32m"round"[31m
            [33mstroke-width[31m=[32m"2"[31m
            [33mviewBox[31m=[32m"0 0 24 24"[31m
            [33mwidth[31m=[32m"24"[31m
            [33mxmlns[31m=[32m"http://www.w3.org/2000/svg"[31m
          [36m>[31m
            [36m<path[31m
              [33md[31m=[32m"M10 12h4"[31m
            [36m/>[31m
            [36m<path[31m
              [33md[31m=[32m"M10 8h4"[31m
            [36m/>[31m
            [36m<path[31m
              [33md[31m=[32m"M14 21v-3a2 2 0 0 0-4 0v3"[31m
            [36m/>[31m
            [36m<path[31m
              [33md[31m=[32m"M6 10H4a2 2 0 0 0-2 2v7a2 2 0 0 0 2 2h16a2 2 0 0 0 2-2V9a2 2 0 0 0-2-2h-2"[31m
            [36m/>[31m
            [36m<path[31m
              [33md[31m=[32m"M6 21V5a2 2 0 0 1 2-2h8a2 2 0 0 1 2 2v16"[31m
            [36m/>[31m
          [36m</svg>[31m
          [36m<span[31m
            [33mclass[31m=[32m"select-none whitespace-nowrap shrink-0 "[31m
          [36m>[31m
            [0mJAIL / BOOKING RECORDS[0m
          [36m</span>[31m
          [36m<div[31m
            [33mclass[31m=[32m"ml-auto flex items-center gap-1.5 min-w-0 overflow-x-auto scrollbar-dark whitespace-nowrap"[31m
          [36m>[31m
            [36m<button[31m
              [33mclass[31m=[32m"toolbar-btn flex items-center gap-1.5"[31m
              [33mstyle[31m=[32m"height: 28px; padding: 0px 10px;"[31m
              [33mtitle[31m=[32m"Refresh sources and bookings"[31m
              [33mtype[31m=[32m"button"[31m
            [36m>[31m
              [36m<svg[31m
                [33maria-hidden[31m=[32m"true"[31m
                [33mclass[31m=[32m"lucide lucide-refresh-cw"[31m
                [33mfill[31m=[32m"none"[31m
                [33mheight[31m=[32m"13"[31m
                [33mstroke[31m=[32m"currentColor"[31m
                [33mstroke-linecap[31m=[32m"round"[31m
                [33mstroke-linejoin[31m=[32m"round"[31m
                [33mstroke-width[31m=[32m"2"[31m
                [33mviewBox[31m=[32m"0 0 24 24"[31m
                [33mwidth[31m=[32m"13"[31m
                [33mxmlns[31m=[32m"http://www.w3.org/2000/svg"[31m
              [36m>[31m
                [36m<path[31m
                  [33md[31m=[32m"M3 12a9 9 0 0 1 9-9 9.75 9.75 0 0 1 6.74 2.74L21 8"[31m
                [36m/>[31m
                [36m<path[31m
                  [33md[31m=[32m"M21 3v5h-5"[31m
                [36m/>[31m
                [36m<path[31m
                  [33md[31m=[32m"M21 12a9 9 0 0 1-9 9 9.75 9.75 0 0 1-6.74-2.74L3 16"[31m
                [36m/>[31m
                [36m<path[31m
                  [33md[31m=[32m"M8 16H3v5"[31m
                [36m/>[31m
              [36m</svg>[31m
              [0m Refresh[0m
            [36m</button>[31m
          [36m</div>[31m
        [36m</div>[31m
        [36m<div[31m
          [33mclass[31m=[32m"bg-surface-raised border border-rmpg-700 p-3 space-y-2"[31m
        [36m>[31m
          [36m<div[31m
            [33mclass[31m=[32m"text-[9px] font-semibold text-brand-400"[31m
          [36m>[31m
            [0mMANUAL ROSTER INGEST[0m
          [36m</div>[31m
          [36m<div[31m
            [33mclass[31m=[32m"flex gap-2"[31m
          [36m>[31m
            [36m<input[31m
              [33mclass[31m=[32m"flex-1 input-dark text-[11px]"[31m
              [33mid[31m=[32m"jail-records-county-input"[31m
              [33mplaceholder[31m=[32m"County (e.g. Salt Lake)"[31m
              [33mvalue[31m=[32m""[31m
            [36m/>[31m
            [36m<select[31m
              [33mclass[31m=[32m"select-dark text-[11px]"[31m
            [36m>[31m
              [36m<option[31m
                [33mvalue[31m=[32m"lines"[31m
              [36m>[31m
                [0mLines (Name - charges)[0m
              [36m</option>[31m
              [36m<option[31m
                [33mvalue[31m=[32m"csv"[31m
              [36m>[31m
                [0mCSV (name,dob,booking_date,charges)[0m
              [36m</option>[31m
            [36m</select>[31m
          [36m</div>[31m
          [36m<textarea[31m
            [33mclass[31m=[32m"w-full input-dark text-[11px] font-mono resize-y"[31m
            [33mplaceholder[31m=[32m"John Smith - Theft, Trespass
Jane Doe - DUI"[31m
            [33mrows[31m=[32m"4"[31m
          [36m>[31m
            [0mJane Doe - DUI[0m
          [36m</textarea>[31m
          [36m<button[31m
            [33mclass[31m=[32m"w-full py-1.5 text-[11px] font-semibold border border-brand-400 text-brand-400 hover:bg-surface-raised disabled:opacity-40"[31m
          [36m>[31m
            [0mINGEST + CROSS-HIT[0m
          [36m</button>[31m
        [36m</div>[31m
        [36m<div[31m
          [33mclass[31m=[32m"bg-surface-raised border border-rmpg-700"[31m
        [36m>[31m
          [36m<div[31m
            [33mclass[31m=[32m"px-2 py-[3px] border-b border-border-subtle flex items-center gap-2"[31m
          [36m>[31m
            [36m<span[31m
              [33mclass[31m=[32m"text-[9px] font-semibold text-brand-400 flex-1"[31m
            [36m>[31m
              [0mRECENT BOOKINGS[0m
            [36m</span>[31m
            [36m<div[31m
              [33mclass[31m=[32m"relative"[31m
            [36m>[31m
              [36m<svg[31m
                [33maria-hidden[31m=[32m"true"[31m
                [33mclass[31m=[32m"lucide lucide-search absolute left-2 top-1/2 -translate-y-1/2 text-rmpg-500 pointer-events-none"[31m
                [33mfill[31m=[32m"none"[31m
                [33mheight[31m=[32m"10"[31m
                [33mstroke[31m=[32m"currentColor"[31m
                [33mstroke-linecap[31m=[32m"round"[31m
                [33mstroke-linejoin[31m=[32m"round"[31m
                [33mstroke-width[31m=[32m"2"[31m
                [33mviewBox[31m=[32m"0 0 24 24"[31m
                [33mwidth[31m=[32m"1...[39m
 [32mΓ£ô[39m src/pages/document-writer/__tests__/wave5Actions.test.ts[2m > [22mWave-5 actions[2m > [22madds exactly 100 actions and the new groups[32m 192[2mms[22m[39m
 [32mΓ£ô[39m src/pages/fleet/v2/__tests__/VehicleDetailRoute.test.tsx[2m > [22m<VehicleDetailRoute>[2m > [22mrenders sticky header with vehicle name + plate + status[33m 595[2mms[22m[39m
 [31m├ù[39m src/pages/document-writer/__tests__/wave5Actions.test.ts[2m > [22mWave-5 actions[2m > [22mruns every action without throwing[33m 6456[2mms[22m[39m
[31m   ΓåÆ Test timed out in 5000ms.
If this is a long-running test, pass a timeout value as the last argument or configure it globally with "testTimeout".[39m
 [32mΓ£ô[39m src/pages/document-writer/__tests__/wave5Actions.test.ts[2m > [22mWave-5 actions[2m > [22minsert-type actions actually change the document[33m 615[2mms[22m[39m
 [32mΓ£ô[39m src/pages/fleet/v2/__tests__/VehicleDetailRoute.test.tsx[2m > [22m<VehicleDetailRoute>[2m > [22mrenders all 13 tab names in the tab bar[33m 1843[2mms[22m[39m
node : [90mstderr[2m | src/pages/fleet/v2/__tests__/VehicleDetailRoute.test.tsx[2m > 
[22m[2m<VehicleDetailRoute>[2m > [22m[2mclicking Service tab swaps to the ServiceTab content (no empty-state)
At line:1 char:1
+ node "C:\Users\ChristopherZamora\Downloads\rmpg-flex\rmpg-flex\client ...
+ ~~~~~~~~~~~~~~~~~~~~~~~~~~~~~~~~~~~~~~~~~~~~~~~~~~~~~~~~~~~~~~~~~~~~~
    + CategoryInfo          : NotSpecified: ([90mstderr[2m...no empty-state):String) [], RemoteException
    + FullyQualifiedErrorId : NativeCommandError
 
[22m[39mAn update to ServiceTab inside a test was not wrapped in act(...).

When testing, code that causes React state updates should be wrapped into act(...):

act(() => {
  /* fire events that update state */
});
/* assert on the output */

This ensures that you're testing the behavior the user would see in the browser. Learn more at 
https://react.dev/link/wrap-tests-with-act

 [32mΓ£ô[39m src/pages/fleet/v2/__tests__/VehicleDetailRoute.test.tsx[2m > [22m<VehicleDetailRoute>[2m > [22mOverview tab is active by default and renders content[33m 510[2mms[22m[39m
[90mstderr[2m | src/pages/fleet/v2/__tests__/VehicleDetailRoute.test.tsx[2m > [22m[2m<VehicleDetailRoute>[2m > 
[22m[2mclicking Service tab swaps to the ServiceTab content (no empty-state)
[22m[39mAn update to ServiceTab inside a test was not wrapped in act(...).

When testing, code that causes React state updates should be wrapped into act(...):

act(() => {
  /* fire events that update state */
});
/* assert on the output */

This ensures that you're testing the behavior the user would see in the browser. Learn more at 
https://react.dev/link/wrap-tests-with-act

 [32mΓ£ô[39m src/pages/fleet/v2/__tests__/VehicleDetailRoute.test.tsx[2m > [22m<VehicleDetailRoute>[2m > [22mclicking Service tab swaps to the ServiceTab content (no empty-state)[33m 376[2mms[22m[39m
[90mstderr[2m | src/pages/fleet/v2/__tests__/VehicleDetailRoute.test.tsx[2m > [22m[2m<VehicleDetailRoute>[2m > 
[22m[2mclicking Work Orders tab still shows the EmptyStateCard (deferred to PR 5)
[22m[39mAn update to WorkOrdersTab inside a test was not wrapped in act(...).

When testing, code that causes React state updates should be wrapped into act(...):

act(() => {
  /* fire events that update state */
});
/* assert on the output */

This ensures that you're testing the behavior the user would see in the browser. Learn more at 
https://react.dev/link/wrap-tests-with-act
An update to WorkOrdersTab inside a test was not wrapped in act(...).

When testing, code that causes React state updates should be wrapped into act(...):

act(() => {
  /* fire events that update state */
});
/* assert on the output */

This ensures that you're testing the behavior the user would see in the browser. Learn more at 
https://react.dev/link/wrap-tests-with-act

 [31m├ù[39m src/pages/fleet/v2/__tests__/VehicleDetailRoute.test.tsx[2m > [22m<VehicleDetailRoute>[2m > [22mclicking Work Orders tab still shows the EmptyStateCard (deferred to PR 5)[33m 361[2mms[22m[39m
[31m   ΓåÆ Unable to find an element with the text: /coming in pr 5/i. This could be because the text is broken up by multiple elements. In this case, you can provide a function for your text matcher to make your matcher more flexible.

Ignored nodes: comments, script, style
[36m<body>[31m
  [36m<div>[31m
    [36m<div[31m
      [33mclass[31m=[32m"h-full flex flex-col"[31m
    [36m>[31m
      [36m<div[31m
        [33mclass[31m=[32m"sticky top-0 z-10 bg-surface-base border-b border-rmpg-700 px-4 py-3"[31m
      [36m>[31m
        [36m<a[31m
          [33mclass[31m=[32m"text-xs text-rmpg-400 hover:text-brand-400 inline-flex items-center gap-1 mb-2"[31m
          [33mdata-discover[31m=[32m"true"[31m
          [33mhref[31m=[32m"/fleet/v2/vehicles"[31m
        [36m>[31m
          [36m<svg[31m
            [33maria-hidden[31m=[32m"true"[31m
            [33mclass[31m=[32m"lucide lucide-arrow-left w-3 h-3"[31m
            [33mfill[31m=[32m"none"[31m
            [33mheight[31m=[32m"24"[31m
            [33mstroke[31m=[32m"currentColor"[31m
            [33mstroke-linecap[31m=[32m"round"[31m
            [33mstroke-linejoin[31m=[32m"round"[31m
            [33mstroke-width[31m=[32m"2"[31m
            [33mviewBox[31m=[32m"0 0 24 24"[31m
            [33mwidth[31m=[32m"24"[31m
            [33mxmlns[31m=[32m"http://www.w3.org/2000/svg"[31m
          [36m>[31m
            [36m<path[31m
              [33md[31m=[32m"m12 19-7-7 7-7"[31m
            [36m/>[31m
            [36m<path[31m
              [33md[31m=[32m"M19 12H5"[31m
            [36m/>[31m
          [36m</svg>[31m
          [0m Back to Vehicles[0m
        [36m</a>[31m
        [36m<div[31m
          [33mclass[31m=[32m"flex items-baseline justify-between"[31m
        [36m>[31m
          [36m<div>[31m
            [36m<h1[31m
              [33mclass[31m=[32m"text-lg font-semibold text-rmpg-100"[31m
            [36m>[31m
              [0mUnit 12[0m
              [36m<span[31m
                [33mclass[31m=[32m"ml-2 text-sm text-rmpg-400"[31m
              [36m>[31m
                [0mABC123[0m
                [0m ([0m
                [0mUT[0m
                [0m)[0m
              [36m</span>[31m
            [36m</h1>[31m
            [36m<div[31m
              [33mclass[31m=[32m"text-[11px] text-rmpg-400 mt-0.5"[31m
            [36m>[31m
              [0m2022[0m
              [0m [0m
              [0mFord[0m
              [0m [0m
              [0mExplorer[0m
              [0m ┬╖ VIN [0m
              [0m1HGBH41JXMN109186[0m
              [0m ┬╖ [0m
              [0m47,283[0m
              [0m mi[0m
            [36m</div>[31m
          [36m</div>[31m
          [36m<div[31m
            [33mclass[31m=[32m"px-2 py-1 text-[10px] rounded-sm bg-rmpg-700 text-rmpg-50"[31m
          [36m>[31m
            [0mIN SERVICE[0m
          [36m</div>[31m
        [36m</div>[31m
        [36m<div[31m
          [33maria-label[31m=[32m"Vehicle tabs"[31m
          [33mclass[31m=[32m"mt-3 flex gap-1 overflow-x-auto"[31m
          [33mrole[31m=[32m"tablist"[31m
        [36m>[31m
          [36m<button[31m
            [33maria-selected[31m=[32m"false"[31m
            [33mclass[31m=[32m"px-3 py-1 text-[11px] whitespace-nowrap rounded-t-sm text-rmpg-400 hover:text-rmpg-100"[31m
            [33mrole[31m=[32m"tab"[31m
          [36m>[31m
            [0mOverview[0m
          [36m</button>[31m
          [36m<button[31m
            [33maria-selected[31m=[32m"false"[31m
            [33mclass[31m=[32m"px-3 py-1 text-[11px] whitespace-nowrap rounded-t-sm text-rmpg-400 hover:text-rmpg-100"[31m
            [33mrole[31m=[32m"tab"[31m
          [36m>[31m
            [0mService[0m
          [36m</button>[31m
          [36m<button[31m
            [33maria-selected[31m=[32m"false"[31m
            [33mclass[31m=[32m"px-3 py-1 text-[11px] whitespace-nowrap rounded-t-sm text-rmpg-400 hover:text-rmpg-100"[31m
            [33mrole[31m=[32m"tab"[31m
          [36m>[31m
            [0mInspections[0m
          [36m</button>[31m
          [36m<button[31m
            [33maria-selected[31m=[32m"false"[31m
            [33mclass[31m=[32m"px-3 py-1 text-[11px] whitespace-nowrap rounded-t-sm text-rmpg-400 hover:text-rmpg-100"[31m
            [33mrole[31m=[32m"tab"[31m
          [36m>[31m
            [0mFuel[0m
          [36m</button>[31m
          [36m<button[31m
            [33maria-selected[31m=[32m"false"[31m
            [33mclass[31m=[32m"px-3 py-1 text-[11px] whitespace-nowrap rounded-t-sm text-rmpg-400 hover:text-rmpg-100"[31m
            [33mrole[31m=[32m"tab"[31m
          [36m>[31m
            [0mIssues[0m
          [36m</button>[31m
          [36m<button[31m
            [33maria-selected[31m=[32m"true"[31m
            [33mclass[31m=[32m"px-3 py-1 text-[11px] whitespace-nowrap rounded-t-sm bg-rmpg-700 text-rmpg-50"[31m
            [33mrole[31m=[32m"tab"[31m
          [36m>[31m
            [0mWork Orders[0m
          [36m</button>[31m
          [36m<button[31m
            [33maria-selected[31m=[32m"false"[31m
            [33mclass[31m=[32m"px-3 py-1 text-[11px] whitespace-nowrap rounded-t-sm text-rmpg-400 hover:text-rmpg-100"[31m
            [33mrole[31m=[32m"tab"[31m
          [36m>[31m
            [0mDocuments[0m
          [36m</button>[31m
          [36m<button[31m
            [33maria-selected[31m=[32m"false"[31m
            [33mclass[31m=[32m"px-3 py-1 text-[11px] whitespace-nowrap rounded-t-sm text-rmpg-400 hover:text-rmpg-100"[31m
            [33mrole[31m=[32m"tab"[31m
          [36m>[31m
            [0mCosts[0m
          [36m</button>[31m
          [36m<button[31m
            [33maria-selected[31m=[32m"false"[31m
            [33mclass[31m=[32m"px-3 py-1 text-[11px] whitespace-nowrap rounded-t-sm text-rmpg-400 hover:text-rmpg-100"[31m
            [33mrole[31m=[32m"tab"[31m
          [36m>[31m
            [0mRecalls[0m
          [36m</button>[31m
          [36m<button[31m
            [33maria-selected[31m=[32m"false"[31m
            [33mclass[31m=[32m"px-3 py-1 text-[11px] whitespace-nowrap rounded-t-sm text-rmpg-400 hover:text-rmpg-100"[31m
            [33mrole[31m=[32m"tab"[31m
          [36m>[31m
            [0mDamage[0m
          [36m</button>[31m
          [36m<button[31m
            [33maria-selected[31m=[32m"false"[31m
            [33mclass[31m=[32m"px-3 py-1 text-[11px] whitespace-nowrap rounded-t-sm text-rmpg-400 hover:text-rmpg-100"[31m
            [33mrole[31m=[32m"tab"[31m
          [36m>[31m
            [0mTires[0m
          [36m</button>[31m
          [36m<button[31m
            [33maria-selected[31m=[32m"false"[31m
            [33mclass[31m=[32m"px-3 py-1 text-[11px] whitespace-nowrap rounded-t-sm text-rmpg-400 hover:text-rmpg-100"[31m
            [33mrole[31m=[32m"tab"[31m
          [36m>[31m
            [0mAssignments[0m
          [36m</button>[31m
          [36m<button[31m
            [33maria-selected[31m=[32m"false"[31m
            [33mclass[31m=[32m"px-3 py-1 text-[11px] whitespace-nowrap rounded-t-sm text-rmpg-400 hover:text-rmpg-100"[31m
            [33mrole[31m=[32m"tab"[31m
          [36m>[31m
            [0mActivity[0m
          [36m</button>[31m
        [36m</div>[31m
      [36m</div>[31m
      [36m<div[31m
        [33mclass[31m=[32m"flex-1 overflow-y-auto"[31m
      [36m>[31m
        [36m<div[31m
          [33mclass[31m=[32m"p-4 text-xs text-rmpg-400"[31m
        [36m>[31m
          [0mLoading work ordersΓÇª[0m
        [36m</div>[31m
      [36m</div>[31m
    [36m</div>[31m
  [36m</div>[31m
[36m</body>[31m[39m
[90mstderr[2m | src/pages/__tests__/DashboardPage.test.tsx[2m > [22m[2mDashboardPage[2m > [22m[2mrenders the 
dashboard title after loading
[22m[39museContextMenu used outside a ContextMenuProvider ΓÇö right-click menus are inert here.

 [31m├ù[39m src/pages/__tests__/QuickCapturePage.test.tsx[2m > [22mQuickCapturePage[2m > [22mcaptures a contact and shows the hit banner + dossier link[33m 1402[2mms[22m[39m
[31m   ΓåÆ Found multiple elements with the text: /Active warrant W-4/

Here are the matching elements:

Ignored nodes: comments, script, style
[36m<span>[31m
  [0mActive warrant W-4 ΓÇö FTA[0m
[36m</span>[31m

Ignored nodes: comments, script, style
[36m<p[31m
  [33mclass[31m=[32m"flex-1 text-[11px] leading-relaxed font-medium"[31m
[36m>[31m
  [0mRecords HIT: Active warrant W-4 ΓÇö FTA[0m
[36m</p>[31m

(If this is intentional, then use the `*AllBy*` variant of the query (like `queryAllByText`, `getAllByText`, or `findAllByText`)).

Ignored nodes: comments, script, style
[36m<body>[31m
  [36m<div>[31m
    [36m<div[31m
      [33mclass[31m=[32m"p-4 space-y-3 max-w-xl mx-auto"[31m
    [36m>[31m
      [36m<div[31m
        [33maria-level[31m=[32m"3"[31m
        [33mclass[31m=[32m"panel-title-bar "[31m
        [33mrole[31m=[32m"heading"[31m
      [36m>[31m
        [36m<svg[31m
          [33maria-hidden[31m=[32m"true"[31m
          [33mclass[31m=[32m"lucide lucide-clipboard-pen title-icon"[31m
          [33mfill[31m=[32m"none"[31m
          [33mheight[31m=[32m"24"[31m
          [33mstroke[31m=[32m"currentColor"[31m
          [33mstroke-linecap[31m=[32m"round"[31m
          [33mstroke-linejoin[31m=[32m"round"[31m
          [33mstroke-width[31m=[32m"2"[31m
          [33mviewBox[31m=[32m"0 0 24 24"[31m
          [33mwidth[31m=[32m"24"[31m
          [33mxmlns[31m=[32m"http://www.w3.org/2000/svg"[31m
        [36m>[31m
          [36m<path[31m
            [33md[31m=[32m"M16 4h2a2 2 0 0 1 2 2v2"[31m
          [36m/>[31m
          [36m<path[31m
            [33md[31m=[32m"M21.34 15.664a1 1 0 1 0-3.004-3.004l-5.01 5.012a2 2 0 0 0-.506.854l-.837 2.87a.5.5 0 0 0 .62.62l2.87-.837a2 2 0 0 0 .854-.506z"[31m
          [36m/>[31m
          [36m<path[31m
            [33md[31m=[32m"M8 22H6a2 2 0 0 1-2-2V6a2 2 0 0 1 2-2h2"[31m
          [36m/>[31m
          [36m<rect[31m
            [33mheight[31m=[32m"4"[31m
            [33mrx[31m=[32m"1"[31m
            [33mwidth[31m=[32m"8"[31m
            [33mx[31m=[32m"8"[31m
            [33my[31m=[32m"2"[31m
          [36m/>[31m
        [36m</svg>[31m
        [36m<span[31m
          [33mclass[31m=[32m"select-none whitespace-nowrap shrink-0 "[31m
        [36m>[31m
          [0mQUICK CAPTURE[0m
        [36m</span>[31m
      [36m</div>[31m
      [36m<div[31m
        [33mclass[31m=[32m"bg-red-950 border border-red-600 text-red-300 text-sm font-semibold px-3 py-2 flex items-center gap-2"[31m
        [33mrole[31m=[32m"alert"[31m
      [36m>[31m
        [36m<svg[31m
          [33maria-hidden[31m=[32m"true"[31m
          [33mclass[31m=[32m"lucide lucide-triangle-alert w-4 h-4 shrink-0"[31m
          [33mfill[31m=[32m"none"[31m
          [33mheight[31m=[32m"24"[31m
          [33mstroke[31m=[32m"currentColor"[31m
          [33mstroke-linecap[31m=[32m"round"[31m
          [33mstroke-linejoin[31m=[32m"round"[31m
          [33mstroke-width[31m=[32m"2"[31m
          [33mviewBox[31m=[32m"0 0 24 24"[31m
          [33mwidth[31m=[32m"24"[31m
          [33mxmlns[31m=[32m"http://www.w3.org/2000/svg"[31m
        [36m>[31m
          [36m<path[31m
            [33md[31m=[32m"m21.73 18-8-14a2 2 0 0 0-3.48 0l-8 14A2 2 0 0 0 4 21h16a2 2 0 0 0 1.73-3"[31m
          [36m/>[31m
          [36m<path[31m
            [33md[31m=[32m"M12 9v4"[31m
          [36m/>[31m
          [36m<path[31m
            [33md[31m=[32m"M12 17h.01"[31m
          [36m/>[31m
        [36m</svg>[31m
        [36m<span>[31m
          [0mActive warrant W-4 ΓÇö FTA[0m
        [36m</span>[31m
      [36m</div>[31m
      [36m<div[31m
        [33mclass[31m=[32m"border border-border-default text-[11px] text-rmpg-400 px-3 py-1 flex flex-wrap items-center gap-3"[31m
      [36m>[31m
        [36m<span>[31m
          [0mFI logged[0m
          [0m ┬╖ FI #9[0m
        [36m</span>[31m
        [36m<a[31m
          [33mclass[31m=[32m"text-brand-400 hover:underline inline-flex items-center gap-1"[31m
          [33mdata-discover[31m=[32m"true"[31m
          [33mhref[31m=[32m"/intel/person/12"[31m
        [36m>[31m
          [0mOpen dossier [0m
          [36m<svg[31m
            [33maria-hidden[31m=[32m"true"[31m
            [33mclass[31m=[32m"lucide lucide-arrow-right w-3 h-3"[31m
            [33mfill[31m=[32m"none"[31m
            [33mheight[31m=[32m"24"[31m
            [33mstroke[31m=[32m"currentColor"[31m
            [33mstroke-linecap[31m=[32m"round"[31m
            [33mstroke-linejoin[31m=[32m"round"[31m
            [33mstroke-width[31m=[32m"2"[31m
            [33mviewBox[31m=[32m"0 0 24 24"[31m
            [33mwidth[31m=[32m"24"[31m
            [33mxmlns[31m=[32m"http://www.w3.org/2000/svg"[31m
          [36m>[31m
            [36m<path[31m
              [33md[31m=[32m"M5 12h14"[31m
            [36m/>[31m
            [36m<path[31m
              [33md[31m=[32m"m12 5 7 7-7 7"[31m
            [36m/>[31m
          [36m</svg>[31m
        [36m</a>[31m
        [36m<button[31m
          [33mclass[31m=[32m"inline-flex items-center gap-1 text-brand-400 hover:underline disabled:opacity-50"[31m
          [33mtype[31m=[32m"button"[31m
        [36m>[31m
          [0mPrint FI[0m
        [36m</button>[31m
      [36m</div>[31m
      [36m<div[31m
        [33mclass[31m=[32m"grid grid-cols-2 gap-2"[31m
      [36m>[31m
        [36m<input[31m
          [33mclass[31m=[32m"w-full bg-surface-overlay border border-border-default px-2 py-2 text-sm text-rmpg-200 placeholder:text-rmpg-500 focus:border-brand-400 outline-none"[31m
          [33mplaceholder[31m=[32m"First name"[31m
          [33mvalue[31m=[32m""[31m
        [36m/>[31m
        [36m<input[31m
          [33mclass[31m=[32m"w-full bg-surface-overlay border border-border-default px-2 py-2 text-sm text-rmpg-200 placeholder:text-rmpg-500 focus:border-brand-400 outline-none"[31m
          [33mplaceholder[31m=[32m"Last name"[31m
          [33mvalue[31m=[32m""[31m
        [36m/>[31m
      [36m</div>[31m
      [36m<div[31m
        [33mclass[31m=[32m"grid grid-cols-2 gap-2"[31m
      [36m>[31m
        [36m<div[31m
          [33mclass[31m=[32m"relative"[31m
        [36m>[31m
          [36m<input[31m
            [33mautocomplete[31m=[32m"off"[31m
            [33mclass[31m=[32m"w-full bg-surface-overlay border border-border-default px-2 py-2 text-sm text-rmpg-200 placeholder:text-rmpg-500 focus:border-brand-400 outline-none pr-8"[31m
            [33mplaceholder[31m=[32m"DOB (YYYY-MM-DD)"[31m
            [33mspellcheck[31m=[32m"false"[31m
            [33mvalue[31m=[32m""[31m
          [36m/>[31m
        [36m</div>[31m
        [36m<input[31m
          [33mclass[31m=[32m"w-full bg-surface-overlay border border-border-default px-2 py-2 text-sm text-rmpg-200 placeholder:text-rmpg-500 focus:border-brand-400 outline-none uppercase"[31m
          [33mplaceholder[31m=[32m"Plate"[31m
          [33mvalue[31m=[32m""[31m
        [36m/>[31m
      [36m</div>[31m
      [36m<div[31m
        [33mclass[31m=[32m"flex items-center gap-2"[31m
      [36m>[31m
        [36m<svg[31m
          [33maria-hidden[31m=[32m"true"[31m
          [33mclass[31m=[32m"lucide lucide-map-pin w-4 h-4 text-rmpg-500 shrink-0"[31m
          [33mfill[31m=[32...

Ignored nodes: comments, script, style
[36m<html>[31m
  [36m<head />[31m
  [36m<body>[31m
    [36m<div>[31m
      [36m<div[31m
        [33mclass[31m=[32m"p-4 space-y-3 max-w-xl mx-auto"[31m
      [36m>[31m
        [36m<div[31m
          [33maria-level[31m=[32m"3"[31m
          [33mclass[31m=[32m"panel-title-bar "[31m
          [33mrole[31m=[32m"heading"[31m
        [36m>[31m
          [36m<svg[31m
            [33maria-hidden[31m=[32m"true"[31m
            [33mclass[31m=[32m"lucide lucide-clipboard-pen title-icon"[31m
            [33mfill[31m=[32m"none"[31m
            [33mheight[31m=[32m"24"[31m
            [33mstroke[31m=[32m"currentColor"[31m
            [33mstroke-linecap[31m=[32m"round"[31m
            [33mstroke-linejoin[31m=[32m"round"[31m
            [33mstroke-width[31m=[32m"2"[31m
            [33mviewBox[31m=[32m"0 0 24 24"[31m
            [33mwidth[31m=[32m"24"[31m
            [33mxmlns[31m=[32m"http://www.w3.org/2000/svg"[31m
          [36m>[31m
            [36m<path[31m
              [33md[31m=[32m"M16 4h2a2 2 0 0 1 2 2v2"[31m
            [36m/>[31m
            [36m<path[31m
              [33md[31m=[32m"M21.34 15.664a1 1 0 1 0-3.004-3.004l-5.01 5.012a2 2 0 0 0-.506.854l-.837 2.87a.5.5 0 0 0 .62.62l2.87-.837a2 2 0 0 0 .854-.506z"[31m
            [36m/>[31m
            [36m<path[31m
              [33md[31m=[32m"M8 22H6a2 2 0 0 1-2-2V6a2 2 0 0 1 2-2h2"[31m
            [36m/>[31m
            [36m<rect[31m
              [33mheight[31m=[32m"4"[31m
              [33mrx[31m=[32m"1"[31m
              [33mwidth[31m=[32m"8"[31m
              [33mx[31m=[32m"8"[31m
              [33my[31m=[32m"2"[31m
            [36m/>[31m
          [36m</svg>[31m
          [36m<span[31m
            [33mclass[31m=[32m"select-none whitespace-nowrap shrink-0 "[31m
          [36m>[31m
            [0mQUICK CAPTURE[0m
          [36m</span>[31m
        [36m</div>[31m
        [36m<div[31m
          [33mclass[31m=[32m"bg-red-950 border border-red-600 text-red-300 text-sm font-semibold px-3 py-2 flex items-center gap-2"[31m
          [33mrole[31m=[32m"alert"[31m
        [36m>[31m
          [36m<svg[31m
            [33maria-hidden[31m=[32m"true"[31m
            [33mclass[31m=[32m"lucide lucide-triangle-alert w-4 h-4 shrink-0"[31m
            [33mfill[31m=[32m"none"[31m
            [33mheight[31m=[32m"24"[31m
            [33mstroke[31m=[32m"currentColor"[31m
            [33mstroke-linecap[31m=[32m"round"[31m
            [33mstroke-linejoin[31m=[32m"round"[31m
            [33mstroke-width[31m=[32m"2"[31m
            [33mviewBox[31m=[32m"0 0 24 24"[31m
            [33mwidth[31m=[32m"24"[31m
            [33mxmlns[31m=[32m"http://www.w3.org/2000/svg"[31m
          [36m>[31m
            [36m<path[31m
              [33md[31m=[32m"m21.73 18-8-14a2 2 0 0 0-3.48 0l-8 14A2 2 0 0 0 4 21h16a2 2 0 0 0 1.73-3"[31m
            [36m/>[31m
            [36m<path[31m
              [33md[31m=[32m"M12 9v4"[31m
            [36m/>[31m
            [36m<path[31m
              [33md[31m=[32m"M12 17h.01"[31m
            [36m/>[31m
          [36m</svg>[31m
          [36m<span>[31m
            [0mActive warrant W-4 ΓÇö FTA[0m
          [36m</span>[31m
        [36m</div>[31m
        [36m<div[31m
          [33mclass[31m=[32m"border border-border-default text-[11px] text-rmpg-400 px-3 py-1 flex flex-wrap items-center gap-3"[31m
        [36m>[31m
          [36m<span>[31m
            [0mFI logged[0m
            [0m ┬╖ FI #9[0m
          [36m</span>[31m
          [36m<a[31m
            [33mclass[31m=[32m"text-brand-400 hover:underline inline-flex items-center gap-1"[31m
            [33mdata-discover[31m=[32m"true"[31m
            [33mhref[31m=[32m"/intel/person/12"[31m
          [36m>[31m
            [0mOpen dossier [0m
            [36m<svg[31m
              [33maria-hidden[31m=[32m"true"[31m
              [33mclass[31m=[32m"lucide lucide-arrow-right w-3 h-3"[31m
              [33mfill[31m=[32m"none"[31m
              [33mheight[31m=[32m"24"[31m
              [33mstroke[31m=[32m"currentColor"[31m
              [33mstroke-linecap[31m=[32m"round"[31m
              [33mstroke-linejoin[31m=[32m"round"[31m
              [33mstroke-width[31m=[32m"2"[31m
              [33mviewBox[31m=[32m"0 0 24 24"[31m
              [33mwidth[31m=[32m"24"[31m
              [33mxmlns[31m=[32m"http://www.w3.org/2000/svg"[31m
            [36m>[31m
              [36m<path[31m
                [33md[31m=[32m"M5 12h14"[31m
              [36m/>[31m
              [36m<path[31m
                [33md[31m=[32m"m12 5 7 7-7 7"[31m
              [36m/>[31m
            [36m</svg>[31m
          [36m</a>[31m
          [36m<button[31m
            [33mclass[31m=[32m"inline-flex items-center gap-1 text-brand-400 hover:underline disabled:opacity-50"[31m
            [33mtype[31m=[32m"button"[31m
          [36m>[31m
            [0mPrint FI[0m
          [36m</button>[31m
        [36m</div>[31m
        [36m<div[31m
          [33mclass[31m=[32m"grid grid-cols-2 gap-2"[31m
        [36m>[31m
          [36m<input[31m
            [33mclass[31m=[32m"w-full bg-surface-overlay border border-border-default px-2 py-2 text-sm text-rmpg-200 placeholder:text-rmpg-500 focus:border-brand-400 outline-none"[31m
            [33mplaceholder[31m=[32m"First name"[31m
            [33mvalue[31m=[32m""[31m
          [36m/>[31m
          [36m<input[31m
            [33mclass[31m=[32m"w-full bg-surface-overlay border border-border-default px-2 py-2 text-sm text-rmpg-200 placeholder:text-rmpg-500 focus:border-brand-400 outline-none"[31m
            [33mplaceholder[31m=[32m"Last name"[31m
            [33mvalue[31m=[32m""[31m
          [36m/>[31m
        [36m</div>[31m
        [36m<div[31m
          [33mclass[31m=[32m"grid grid-cols-2 gap-2"[31m
        [36m>[31m
          [36m<div[31m
            [33mclass[31m=[32m"relative"[31m
          [36m>[31m
            [36m<input[31m
              [33mautocomplete[31m=[32m"off"[31m
              [33mclass[31m=[32m"w-full bg-surface-overlay border border-border-default px-2 py-2 text-sm text-rmpg-200 placeholder:text-rmpg-500 focus:border-brand-400 outline-none pr-8"[31m
              [33mplaceholder[31m=[32m"DOB (YYYY-MM-DD)"[31m
              [33mspellcheck[31m=[32m"false"[31m
              [33mvalue[31m=[32m""[31m
            [36m/>[31m
          [36m</div>[31m
          [36m<input[31m
            [33mclass[31m=[32m"w-full bg-surface-overlay border border-border-default px-2 py-2 text-sm text-rmpg-200 placeholder:text-rmpg-500 focus:border-brand-400 outline-none uppercase"[31m
            [33mplaceholder[31m=[32m"Plate"[31m
            [33mvalue[31m=[32m""[3...[39m
[90mstderr[2m | src/pages/__tests__/DashboardPage.test.tsx[2m > [22m[2mDashboardPage[2m > [22m[2mrenders the 
dashboard title after loading
[22m[39mThe tag <stop> is unrecognized in this browser. If you meant to render a React component, start its name 
with an uppercase letter.
<linearGradient /> is using incorrect casing. Use PascalCase for React components, or lowercase for HTML elements.
The tag <linearGradient> is unrecognized in this browser. If you meant to render a React component, start its name 
with an uppercase letter.
The tag <defs> is unrecognized in this browser. If you meant to render a React component, start its name with an 
uppercase letter.
<linearGradient /> is using incorrect casing. Use PascalCase for React components, or lowercase for HTML elements.

 [32mΓ£ô[39m src/pages/__tests__/QuickCapturePage.test.tsx[2m > [22mQuickCapturePage[2m > [22mrenders the linked-context chip when ?call_id= is in the URL[32m 110[2mms[22m[39m
 [32mΓ£ô[39m src/pages/__tests__/QuickCapturePage.test.tsx[2m > [22mQuickCapturePage[2m > [22mhandles ?incident_id= deep-link[32m 73[2mms[22m[39m
 [32mΓ£ô[39m src/pages/__tests__/QuickCapturePage.test.tsx[2m > [22mQuickCapturePage[2m > [22mN shortcut focuses first name when not typing[32m 119[2mms[22m[39m
 [32mΓ£ô[39m src/pages/__tests__/QuickCapturePage.test.tsx[2m > [22mQuickCapturePage[2m > [22mEsc clears typed-but-unsaved form[32m 67[2mms[22m[39m
[90mstderr[2m | src/pages/__tests__/DashboardPage.test.tsx[2m > [22m[2mDashboardPage[2m > [22m[2mrenders stat 
cards with API data
[22m[39m<linearGradient /> is using incorrect casing. Use PascalCase for React components, or lowercase for HTML 
elements.
<linearGradient /> is using incorrect casing. Use PascalCase for React components, or lowercase for HTML elements.

 [32mΓ£ô[39m src/pages/__tests__/DashboardPage.test.tsx[2m > [22mDashboardPage[2m > [22mrenders the dashboard title after loading[33m 1636[2mms[22m[39m
[90mstderr[2m | src/pages/__tests__/DashboardPage.test.tsx[2m > [22m[2mDashboardPage[2m > [22m[2mrenders the 
Status Summary row with secondary metrics
[22m[39m<linearGradient /> is using incorrect casing. Use PascalCase for React components, or lowercase for HTML 
elements.
<linearGradient /> is using incorrect casing. Use PascalCase for React components, or lowercase for HTML elements.

 [31m├ù[39m src/pages/__tests__/DashboardPage.test.tsx[2m > [22mDashboardPage[2m > [22mrenders stat cards with API data[33m 992[2mms[22m[39m
[31m   ΓåÆ Found multiple elements with the text: 5

Here are the matching elements:

Ignored nodes: comments, script, style
[36m<p[31m
  [33mclass[31m=[32m"text-2xl font-black font-mono tabular-nums text-red-400"[31m
  [33mstyle[31m=[32m"text-shadow: 0 0 12px color-mix(in srgb, var(--stat-accent-red) 25%, transparent), 0 1px 2px rgba(0,0,0,0.5); line-height: 1;"[31m
[36m>[31m
  [0m5[0m
[36m</p>[31m

Ignored nodes: comments, script, style
[36m<span[31m
  [33mclass[31m=[32m"text-[9px] font-mono font-bold text-rmpg-200 ml-auto tabular-nums"[31m
[36m>[31m
  [0m5[0m
[36m</span>[31m

(If this is intentional, then use the `*AllBy*` variant of the query (like `queryAllByText`, `getAllByText`, or `findAllByText`)).

Ignored nodes: comments, script, style
[36m<body>[31m
  [36m<div>[31m
    [36m<div[31m
      [33maria-label[31m=[32m"Command and Control Dashboard"[31m
      [33mclass[31m=[32m"dashboard-page p-4 space-y-4 animate-fade-in"[31m
      [33mrole[31m=[32m"main"[31m
    [36m>[31m
      [36m<div[31m
        [33mclass[31m=[32m"spm-screen-title"[31m
      [36m>[31m
        [36m<span[31m
          [33maria-hidden[31m=[32m"true"[31m
          [33mclass[31m=[32m"led-dot led-green"[31m
        [36m/>[31m
        [0mCommand & Control ΓÇö [0m
        [0mOperational[0m
        [36m<span[31m
          [33mclass[31m=[32m"ml-auto text-[10px] font-mono text-rmpg-500 tabular-nums"[31m
          [33mtitle[31m=[32m"6/29/2026, 11:39:40 PM"[31m
        [36m>[31m
          [0mSynced 11:39 PM[0m
        [36m</span>[31m
      [36m</div>[31m
      [36m<div[31m
        [33maria-label[31m=[32m"Dashboard actions"[31m
        [33mclass[31m=[32m"spm-screen-toolbar"[31m
        [33mrole[31m=[32m"toolbar"[31m
      [36m>[31m
        [36m<div[31m
          [33maria-label[31m=[32m"Dashboard view"[31m
          [33mclass[31m=[32m"spm-view-seg"[31m
          [33mrole[31m=[32m"group"[31m
        [36m>[31m
          [36m<span[31m
            [33mclass[31m=[32m"spm-view-seg-label"[31m
          [36m>[31m
            [0mView:[0m
          [36m</span>[31m
          [36m<button[31m
            [33maria-pressed[31m=[32m"false"[31m
            [33mclass[31m=[32m"spm-view-seg-btn"[31m
            [33mtype[31m=[32m"button"[31m
          [36m>[31m
            [0mDispatch[0m
          [36m</button>[31m
          [36m<button[31m
            [33maria-pressed[31m=[32m"false"[31m
            [33mclass[31m=[32m"spm-view-seg-btn"[31m
            [33mtype[31m=[32m"button"[31m
          [36m>[31m
            [0mPatrol[0m
          [36m</button>[31m
          [36m<button[31m
            [33maria-pressed[31m=[32m"true"[31m
            [33mclass[31m=[32m"spm-view-seg-btn on"[31m
            [33mtype[31m=[32m"button"[31m
          [36m>[31m
            [0mAdmin[0m
          [36m</button>[31m
        [36m</div>[31m
        [36m<button[31m
          [33mclass[31m=[32m"spm-toolbtn"[31m
          [33mtype[31m=[32m"button"[31m
        [36m>[31m
          [0mNew Call[0m
        [36m</button>[31m
        [36m<button[31m
          [33mclass[31m=[32m"spm-toolbtn"[31m
          [33mtype[31m=[32m"button"[31m
        [36m>[31m
          [0mNew Incident[0m
        [36m</button>[31m
        [36m<button[31m
          [33mclass[31m=[32m"spm-toolbtn"[31m
          [33mtype[31m=[32m"button"[31m
        [36m>[31m
          [0mNew Citation[0m
        [36m</button>[31m
        [36m<button[31m
          [33mclass[31m=[32m"spm-toolbtn"[31m
          [33mtype[31m=[32m"button"[31m
        [36m>[31m
          [0mStart Patrol[0m
        [36m</button>[31m
        [36m<button[31m
          [33mclass[31m=[32m"spm-toolbtn"[31m
          [33mtype[31m=[32m"button"[31m
        [36m>[31m
          [0mProcess Server[0m
        [36m</button>[31m
        [36m<button[31m
          [33mclass[31m=[32m"spm-toolbtn"[31m
          [33mtype[31m=[32m"button"[31m
        [36m>[31m
          [0mQuick Capture[0m
        [36m</button>[31m
        [36m<button[31m
          [33mclass[31m=[32m"spm-toolbtn"[31m
          [33mtype[31m=[32m"button"[31m
        [36m>[31m
          [0mField Camera[0m
        [36m</button>[31m
        [36m<button[31m
          [33mclass[31m=[32m"spm-toolbtn"[31m
          [33mtype[31m=[32m"button"[31m
        [36m>[31m
          [0mTasks[0m
        [36m</button>[31m
        [36m<button[31m
          [33mclass[31m=[32m"spm-toolbtn spacer"[31m
          [33mtype[31m=[32m"button"[31m
        [36m>[31m
          [0mPrint[0m
        [36m</button>[31m
        [36m<button[31m
          [33mclass[31m=[32m"spm-toolbtn"[31m
          [33mtype[31m=[32m"button"[31m
        [36m>[31m
          [0mRefresh[0m
        [36m</button>[31m
      [36m</div>[31m
      [36m<div[31m
        [33mclass[31m=[32m"panel-beveled bg-surface-base overflow-hidden shadow-lg shadow-black/20"[31m
      [36m>[31m
        [36m<div[31m
          [33mclass[31m=[32m"flex items-center gap-4 px-4 py-3 relative"[31m
        [36m>[31m
          [36m<div[31m
            [33mclass[31m=[32m"absolute top-0 left-0 right-0 h-[2px]"[31m
            [33mstyle[31m=[32m"background: linear-gradient(90deg, var(--spm-border), var(--spm-text-muted) 30%, var(--spm-text-muted) 70%, var(--spm-border));"[31m
          [36m/>[31m
          [36m<img[31m
            [33malt[31m=[32m"Rocky Mountain Protective Group ΓÇö RMPG Flex"[31m
            [33mclass[31m=[32m"flex-shrink-0 "[31m
            [33mdraggable[31m=[32m"false"[31m
            [33msrc[31m=[32m"/rmpg flex.png"[31m
            [33mstyle[31m=[32m"height: 68px; object-fit: contain;"[31m
          [36m/>[31m
          [36m<div[31m
            [33mclass[31m=[32m"flex-1 min-w-0"[31m
          [36m>[31m
            [36m<div[31m
              [33mclass[31m=[32m"flex items-center gap-3"[31m
            [36m>[31m
              [36m<h1[31m
                [33mclass[31m=[32m"text-sm font-bold tracking-wider uppercase text-rmpg-200 select-none"[31m
              [36m>[31m
                [0mCommand & Control Dashboard[0m
              [36m</h1>[31m
              [36m<div[31m
                [33maria-label[31m=[32m"System status: operational"[31m
                [33mclass[31m=[32m"hidden sm:flex items-center gap-1.5"[31m
                [33mrole[31m=[32m"status"[31m
              [36m>[31m
                [36m<span[31m
                  [33maria-hidden[31m=[32m"true"[31m
                  [33mclass[31m=[32m"led-dot led-green animate-led-pulse"[31m
                [36m/>[31m
                [36m<span[31m
                  [33mclass[31m=[32m"text-[9px] font-mono font-bold text-green-500 tracking-wider select-none"[31m
                [36m>[31m
                  [0mOPERATIONAL[0m
                [36m</span>[31m
              [36m</div>[31m
            [36m</div>[31m
            [36m<p[31m
              [33mclass[31m=[32m"text-[9px] tracking-wide mt-0.5 text-rmpg-600 truncate"[31m
            [36m>[31m
              [0mRocky Mountain Protective Group, LLC ΓÇö Resolving todayΓÇÖs concerns, to ensure tomorrowΓÇÖs solutions.[0m
            [36m</p>[31m
          [36m</div>[31m
          [36m<div[31m
            [33mclass[31m=[32m"hidden md:flex items-center gap-3 text-[9px] font-mono text-rmpg-600 flex-shrink-0"[31m
          [36m>[31m
            [36m<button[31m
              [33mclass[31m=[32m"toolbar-btn "[31m
              [33mtitle[31m=[32m"Print...[39m
 [32mΓ£ô[39m src/pages/__tests__/DashboardPage.test.tsx[2m > [22mDashboardPage[2m > [22mrenders the Status Summary row with secondary metrics[33m 852[2mms[22m[39m
 [32mΓ£ô[39m src/pages/__tests__/DashboardPage.test.tsx[2m > [22mDashboardPage[2m > [22mshows loading skeleton initially[32m 116[2mms[22m[39m
 [31m├ù[39m src/utils/pdf/v2/__tests__/citation3Copy.snapshot.test.ts[2m > [22mcitation 3-copy snapshots[2m > [22mempty record[32m 251[2mms[22m[39m
[31m   ΓåÆ PDF bytes changed for snapshot citation_3copy.empty. Re-run with UPDATE_SNAPSHOTS=1 if intentional.: expected '894cf980033a967d676c26e84154ceb5f354dΓÇª' to be '834d331b971c629a958676f7eff68836b0efdΓÇª' // Object.is equality[39m
 [31m├ù[39m src/utils/pdf/v2/__tests__/citation3Copy.snapshot.test.ts[2m > [22mcitation 3-copy snapshots[2m > [22mtwo violations (compact layout)[32m 134[2mms[22m[39m
[31m   ΓåÆ PDF bytes changed for snapshot citation_3copy.two_violations. Re-run with UPDATE_SNAPSHOTS=1 if intentional.: expected '5e10fed88b4fbce93936e28badb1bc24bda0eΓÇª' to be '9e08651a10b6c23a06d905e991eea43c2c67cΓÇª' // Object.is equality[39m
 [31m├ù[39m src/utils/pdf/v2/__tests__/citation3Copy.snapshot.test.ts[2m > [22mcitation 3-copy snapshots[2m > [22mfive violations (stacked layout)[32m 127[2mms[22m[39m
[31m   ΓåÆ PDF bytes changed for snapshot citation_3copy.five_violations. Re-run with UPDATE_SNAPSHOTS=1 if intentional.: expected '77372205e01acc82732044fa27cdc58d09cbcΓÇª' to be '4806ddb2de0c011e762c4ffff87bb87896f56ΓÇª' // Object.is equality[39m
 [31m├ù[39m src/utils/pdf/v2/forms/__tests__/tripLog.test.ts[2m > [22mtrip_log (FORM PS-211)[2m > [22mrenders to stable bytes (baseline)[32m 297[2mms[22m[39m
[31m   ΓåÆ PDF bytes changed for snapshot trip_log.populated. If intentional, re-run with UPDATE_SNAPSHOTS=1.: expected '804c0da0d6b3cc949e162c9c871eff5e4f1e0ΓÇª' to be '75704fce797e363967ebf69cb834b16eca615ΓÇª' // Object.is equality[39m
 [31m├ù[39m src/utils/pdf/v2/blankForms/__tests__/citationBlank.test.ts[2m > [22mcitation_blank[2m > [22mrenders to stable bytes (baseline)[32m 205[2mms[22m[39m
[31m   ΓåÆ PDF bytes changed for snapshot citation_blank.empty. If intentional, re-run with UPDATE_SNAPSHOTS=1.: expected '183ae74cca7136dd1fa0e3ce277633421c6c9ΓÇª' to be 'b273038ab358e1ecf58095d2bd03eb71bae9bΓÇª' // Object.is equality[39m
 [31m├ù[39m src/utils/pdf/v2/blankForms/__tests__/personBlank.test.ts[2m > [22mperson_blank[2m > [22mrenders to stable bytes (baseline)[32m 182[2mms[22m[39m
[31m   ΓåÆ PDF bytes changed for snapshot person_blank.empty. If intentional, re-run with UPDATE_SNAPSHOTS=1.: expected '3e1de6a3540eefe1d9fd88ef81b8d07d7a418ΓÇª' to be '494826423869738ed2da59c29a963479e8bf9ΓÇª' // Object.is equality[39m
 [31m├ù[39m src/utils/pdf/v2/blankForms/__tests__/incidentBlank.test.ts[2m > [22mincident_blank[2m > [22mrenders to stable bytes (baseline)[32m 177[2mms[22m[39m
[31m   ΓåÆ PDF bytes changed for snapshot incident_blank.empty. If intentional, re-run with UPDATE_SNAPSHOTS=1.: expected 'a2b6074af835b270b934338607becd10f1840ΓÇª' to be '4c3a7010ee37c551fa95ff697e76a5204ea67ΓÇª' // Object.is equality[39m
 [31m├ù[39m src/utils/pdf/v2/blankForms/__tests__/propertyBlank.test.ts[2m > [22mproperty_blank[2m > [22mrenders to stable bytes (baseline)[32m 180[2mms[22m[39m
[31m   ΓåÆ PDF bytes changed for snapshot property_blank.empty. If intentional, re-run with UPDATE_SNAPSHOTS=1.: expected '6232875584599f2053cae6a2c4e562404d940ΓÇª' to be '659fa43eea4a7acdbd06f3c971afce3df5a0eΓÇª' // Object.is equality[39m
 [31m├ù[39m src/utils/pdf/v2/blankForms/__tests__/fieldInterviewBlank.test.ts[2m > [22mfield_interview_blank[2m > [22mrenders to stable bytes (baseline)[32m 197[2mms[22m[39m
[31m   ΓåÆ PDF bytes changed for snapshot field_interview_blank.empty. If intentional, re-run with UPDATE_SNAPSHOTS=1.: expected '89e803e756f6da3563cdf609b99b0f89fab52ΓÇª' to be '0e11243e85c643746deaf4d020a9c61becbd3ΓÇª' // Object.is equality[39m
 [31m├ù[39m src/utils/pdf/v2/blankForms/__tests__/vehicleBlank.test.ts[2m > [22mvehicle_blank[2m > [22mrenders to stable bytes (baseline)[32m 291[2mms[22m[39m
[31m   ΓåÆ PDF bytes changed for snapshot vehicle_blank.empty. If intentional, re-run with UPDATE_SNAPSHOTS=1.: expected 'da4a15ce6790d5b4024f034e630adbf4f4563ΓÇª' to be '75c74a4bbbd03dd52a0693bfab88db9755d41ΓÇª' // Object.is equality[39m
 [32mΓ£ô[39m src/utils/__tests__/notificationRouting.test.ts[2m > [22mnotificationRouting[2m > [22mrouteForEntity[2m > [22mprefers entity_type+entity_id over type when both are present[32m 7[2mms[22m[39m
 [32mΓ£ô[39m src/utils/__tests__/notificationRouting.test.ts[2m > [22mnotificationRouting[2m > [22mrouteForEntity[2m > [22mbuilds /dispatch?call_id= for call entity_type[32m 1[2mms[22m[39m
 [32mΓ£ô[39m src/utils/__tests__/notificationRouting.test.ts[2m > [22mnotificationRouting[2m > [22mrouteForEntity[2m > [22mbuilds /warrants?warrant_id= for warrant entity_type[32m 1[2mms[22m[39m
 [32mΓ£ô[39m src/utils/__tests__/notificationRouting.test.ts[2m > [22mnotificationRouting[2m > [22mrouteForEntity[2m > [22mbuilds /serve?job_id= for serve_job entity_type[32m 1[2mms[22m[39m
 [32mΓ£ô[39m src/utils/__tests__/notificationRouting.test.ts[2m > [22mnotificationRouting[2m > [22mrouteForEntity[2m > [22mbuilds /communications?tab=bolos&bolo_id= for bolo entity_type[32m 1[2mms[22m[39m
 [31m├ù[39m src/utils/__tests__/notificationRouting.test.ts[2m > [22mnotificationRouting[2m > [22mrouteForEntity[2m > [22mbuilds /arrest-records?arrest_id= for arrest_record entity_type[32m 29[2mms[22m[39m
[31m   ΓåÆ expected '/' to be '/arrest-records?arrest_id=250' // Object.is equality[39m
 [31m├ù[39m src/utils/__tests__/notificationRouting.test.ts[2m > [22mnotificationRouting[2m > [22mrouteForEntity[2m > [22mbuilds /web-research?research_id= for research_result entity_type[32m 9[2mms[22m[39m
[31m   ΓåÆ expected '/' to be '/web-research?research_id=17' // Object.is equality[39m
 [32mΓ£ô[39m src/utils/__tests__/notificationRouting.test.ts[2m > [22mnotificationRouting[2m > [22mrouteForEntity[2m > [22mfalls back to type-default when entity_type is unknown[32m 1[2mms[22m[39m
 [32mΓ£ô[39m src/utils/__tests__/notificationRouting.test.ts[2m > [22mnotificationRouting[2m > [22mrouteForEntity[2m > [22mfalls back to type-default when entity_id is missing[32m 5[2mms[22m[39m
 [32mΓ£ô[39m src/utils/__tests__/notificationRouting.test.ts[2m > [22mnotificationRouting[2m > [22mrouteForEntity[2m > [22mreturns null for an unknown type with no entity[32m 1[2mms[22m[39m
 [32mΓ£ô[39m src/utils/__tests__/notificationRouting.test.ts[2m > [22mnotificationRouting[2m > [22mrouteForEntity[2m > [22mroutes message ΓåÆ /communications?tab=messages[32m 1[2mms[22m[39m
 [32mΓ£ô[39m src/utils/__tests__/notificationRouting.test.ts[2m > [22mnotificationRouting[2m > [22mrouteForEntity[2m > [22mroutes credential_expiry ΓåÆ /personnel[32m 1[2mms[22m[39m
 [32mΓ£ô[39m src/utils/__tests__/notificationRouting.test.ts[2m > [22mnotificationRouting[2m > [22mrouteForEntity[2m > [22mroutes patrol_missed ΓåÆ /patrol[32m 0[2mms[22m[39m
 [32mΓ£ô[39m src/utils/__tests__/notificationRouting.test.ts[2m > [22mnotificationRouting[2m > [22mrouteForEntity[2m > [22mbuilds /affairs?complaint_id= for ia_complaint entity_type[32m 1[2mms[22m[39m
 [32mΓ£ô[39m src/utils/__tests__/notificationRouting.test.ts[2m > [22mnotificationRouting[2m > [22mrouteForEntity[2m > [22mbuilds /affairs?investigation_id= for ia_investigation entity_type[32m 1[2mms[22m[39m
 [32mΓ£ô[39m src/utils/__tests__/notificationRouting.test.ts[2m > [22mnotificationRouting[2m > [22mrouteForEntity[2m > [22murl-encodes the entity id (guards against an id like "1/2")[32m 0[2mms[22m[39m
 [32mΓ£ô[39m src/utils/__tests__/notificationRouting.test.ts[2m > [22mnotificationRouting[2m > [22mhasDeepLink[2m > [22mreturns true when an entity route is known[32m 1[2mms[22m[39m
 [32mΓ£ô[39m src/utils/__tests__/notificationRouting.test.ts[2m > [22mnotificationRouting[2m > [22mhasDeepLink[2m > [22mreturns true when only the type route is known[32m 0[2mms[22m[39m
 [32mΓ£ô[39m src/utils/__tests__/notificationRouting.test.ts[2m > [22mnotificationRouting[2m > [22mhasDeepLink[2m > [22mreturns false when nothing is known[32m 0[2mms[22m[39m
 [31m├ù[39m src/pages/__tests__/InteractionRecorderPage.test.tsx[2m > [22mInteractionRecorderPage[2m > [22mrenders recordings and starts a recording on click[32m 95[2mms[22m[39m
[31m   ΓåÆ useAuth must be used within an AuthProvider[39m
[90mstderr[2m | src/pages/__tests__/ConnectionsPage.test.tsx[2m > [22m[2mConnectionsPage[2m > [22m[2mrenders 
the page title
[22m[39museContextMenu used outside a ContextMenuProvider ΓÇö right-click menus are inert here.

 [32mΓ£ô[39m src/pages/__tests__/ConnectionsPage.test.tsx[2m > [22mConnectionsPage[2m > [22mrenders the page title[32m 256[2mms[22m[39m
 [32mΓ£ô[39m src/pages/__tests__/ConnectionsPage.test.tsx[2m > [22mConnectionsPage[2m > [22mrenders the seed search input[32m 42[2mms[22m[39m
 [32mΓ£ô[39m src/pages/__tests__/ConnectionsPage.test.tsx[2m > [22mConnectionsPage[2m > [22mdoes not render the canvas before a seed is selected[32m 40[2mms[22m[39m
 [32mΓ£ô[39m src/pages/__tests__/ConnectionsPage.test.tsx[2m > [22mConnectionsPage - search[2m > [22mcalls /connections/search when user types[33m 318[2mms[22m[39m
 [32mΓ£ô[39m src/pages/__tests__/ConnectionsPage.test.tsx[2m > [22mConnectionsPage - search[2m > [22mrenders dropdown results[33m 355[2mms[22m[39m
 [32mΓ£ô[39m src/pages/__tests__/ConnectionsPage.test.tsx[2m > [22mConnectionsPage - search[2m > [22mclicking a result sets it as the seed and hides the dropdown[33m 456[2mms[22m[39m
 [32mΓ£ô[39m src/pages/__tests__/ConnectionsPage.test.tsx[2m > [22mConnectionsPage - search[2m > [22mdoes not call search for input < 2 chars (avoids noise)[33m 446[2mms[22m[39m
 [32mΓ£ô[39m src/pages/__tests__/ConnectionsPage.test.tsx[2m > [22mConnectionsPage - graph fetch & render[2m > [22mfetches /connections/graph when a seed is picked[33m 496[2mms[22m[39m
 [32mΓ£ô[39m src/utils/__tests__/speakQueue.test.ts[2m > [22mspeakQueue[2m > [22mspeaks a single enqueued item[32m 39[2mms[22m[39m
 [32mΓ£ô[39m src/utils/__tests__/speakQueue.test.ts[2m > [22mspeakQueue[2m > [22msorts so major preempts minor when enqueued together[32m 57[2mms[22m[39m
 [32mΓ£ô[39m src/utils/__tests__/speakQueue.test.ts[2m > [22mspeakQueue[2m > [22mdrops a dup inside the cooldown window[32m 30[2mms[22m[39m
 [32mΓ£ô[39m src/pages/__tests__/ConnectionsPage.test.tsx[2m > [22mConnectionsPage - graph fetch & render[2m > [22mrenders SVG nodes for each returned node[33m 390[2mms[22m[39m
 [32mΓ£ô[39m src/pages/__tests__/ConnectionsPage.test.tsx[2m > [22mConnectionsPage - graph fetch & render[2m > [22mshows loading state while fetching graph[33m 400[2mms[22m[39m
 [32mΓ£ô[39m src/pages/__tests__/ConnectionsPage.test.tsx[2m > [22mConnectionsPage - graph fetch & render[2m > [22mshows "no connections" message for graph with only the seed node[33m 427[2mms[22m[39m
[90mstderr[2m | src/pages/__tests__/SettingsPage.test.tsx[2m > [22m[2mSettingsPage[2m > [22m[2mrenders the 
Display & Theme section with all three theme choices
[22m[39mAn update to SettingsPage inside a test was not wrapped in act(...).

When testing, code that causes React state updates should be wrapped into act(...):

act(() => {
  /* fire events that update state */
});
/* assert on the output */

This ensures that you're testing the behavior the user would see in the browser. Learn more at 
https://react.dev/link/wrap-tests-with-act

[90mstderr[2m | src/pages/__tests__/SettingsPage.test.tsx[2m > [22m[2mSettingsPage[2m > [22m[2mrenders the 
Display & Theme section with all three theme choices
[22m[39mAn update to SettingsPage inside a test was not wrapped in act(...).

When testing, code that causes React state updates should be wrapped into act(...):

act(() => {
  /* fire events that update state */
});
/* assert on the output */

This ensures that you're testing the behavior the user would see in the browser. Learn more at 
https://react.dev/link/wrap-tests-with-act

 [32mΓ£ô[39m src/pages/__tests__/ConnectionsPage.test.tsx[2m > [22mConnectionsPage - pan/zoom[2m > [22mapplies a transform to the graph group when zoom fires[33m 412[2mms[22m[39m
 [32mΓ£ô[39m src/utils/__tests__/dispatchGuidePdfGenerator.smoke.test.ts[2m > [22mdispatchGuidePdfGenerator smoke tests[2m > [22mfetch failure path ΓÇö falls back to hardcoded tables[33m 1535[2mms[22m[39m
 [32mΓ£ô[39m src/components/__tests__/PdfReviewModal.test.tsx[2m > [22mPdfReviewModal[2m > [22mrenders section title and editable input for labeled field[33m 327[2mms[22m[39m
 [32mΓ£ô[39m src/components/__tests__/PdfReviewModal.test.tsx[2m > [22mPdfReviewModal[2m > [22mdoes not render when open=false[32m 18[2mms[22m[39m
 [32mΓ£ô[39m src/utils/__tests__/dispatchGuidePdfGenerator.smoke.test.ts[2m > [22mdispatchGuidePdfGenerator smoke tests[2m > [22mnon-ok response path ΓÇö treats as no live data[33m 1116[2mms[22m[39m
 [32mΓ£ô[39m src/pages/__tests__/SettingsPage.test.tsx[2m > [22mSettingsPage[2m > [22mrenders the Display & Theme section with all three theme choices[33m 2702[2mms[22m[39m
 [32mΓ£ô[39m src/pages/__tests__/MdtPage.test.tsx[2m > [22mMdtPage ΓÇö duty boundary routing[2m > [22mmodule loads[33m 2507[2mms[22m[39m
 [32mΓ£ô[39m src/pages/__tests__/ConnectionsPage.test.tsx[2m > [22mConnectionsPage - pan/zoom[2m > [22mrenders reset view button that is clickable[33m 2460[2mms[22m[39m
 [32mΓ£ô[39m src/utils/__tests__/dispatchGuidePdfGenerator.smoke.test.ts[2m > [22mdispatchGuidePdfGenerator smoke tests[2m > [22mnon-array response path ΓÇö treats as no live data[33m 912[2mms[22m[39m
 [32mΓ£ô[39m src/components/__tests__/PdfReviewModal.test.tsx[2m > [22mPdfReviewModal[2m > [22mcalls onClose when Cancel button is clicked[33m 1846[2mms[22m[39m
 [32mΓ£ô[39m src/pages/__tests__/ConnectionsPage.test.tsx[2m > [22mConnectionsPage - type filter[2m > [22mrenders a checkbox for each node type present in the graph[33m 406[2mms[22m[39m
 [32mΓ£ô[39m src/pages/__tests__/ConnectionsPage.test.tsx[2m > [22mConnectionsPage - type filter[2m > [22munchecking a type hides those nodes AND their edges[33m 491[2mms[22m[39m
 [32mΓ£ô[39m src/pages/__tests__/SettingsPage.test.tsx[2m > [22mSettingsPage[2m > [22mpersists the theme override to localStorage when a manual theme is picked[33m 1903[2mms[22m[39m
 [32mΓ£ô[39m src/utils/__tests__/dispatchGuidePdfGenerator.smoke.test.ts[2m > [22mdispatchGuidePdfGenerator smoke tests[2m > [22mlive-codes success path ΓÇö renders live rows[33m 1152[2mms[22m[39m
 [32mΓ£ô[39m src/components/__tests__/PdfReviewModal.test.tsx[2m > [22mPdfReviewModal[2m > [22mcalls onCommit with updated data after user types in a labeled field[33m 1152[2mms[22m[39m
 [32mΓ£ô[39m src/pages/__tests__/ConnectionsPage.test.tsx[2m > [22mConnectionsPage - type filter[2m > [22malways keeps the seed node visible even if its type is unchecked[33m 444[2mms[22m[39m
 [32mΓ£ô[39m src/pages/__tests__/MdtPage.test.tsx[2m > [22mMdtPage ΓÇö duty boundary routing[2m > [22mOFF ΓåÆ ConfirmDialog ΓåÆ POST /dispatch/duty/end (clock out + release vehicle), not legacy status[33m 3978[2mms[22m[39m
 [32mΓ£ô[39m src/pages/__tests__/ConnectionsPage.test.tsx[2m > [22mConnectionsPage - depth slider[2m > [22mrenders a depth slider that defaults to 2[33m 395[2mms[22m[39m
 [32mΓ£ô[39m src/components/__tests__/PdfReviewModal.test.tsx[2m > [22mPdfReviewModal[2m > [22mrenders a live PDF iframe after the debounce window[33m 600[2mms[22m[39m
 [32mΓ£ô[39m src/utils/__tests__/speakQueue.test.ts[2m > [22mspeakQueue[2m > [22mdifferent entityKey bypasses the cooldown[33m 6110[2mms[22m[39m
 [32mΓ£ô[39m src/pages/__tests__/ConnectionsPage.test.tsx[2m > [22mConnectionsPage - depth slider[2m > [22mchanging the slider refetches the graph with the new depth[33m 403[2mms[22m[39m
 [32mΓ£ô[39m src/components/__tests__/PdfReviewModal.test.tsx[2m > [22mPdfReviewModal[2m > [22mrenders checkbox, narrative, and table editors for their field kinds[32m 98[2mms[22m[39m
 [32mΓ£ô[39m src/utils/__tests__/speakQueue.test.ts[2m > [22mspeakQueue[2m > [22mmajor does NOT incur the global non-major rate limit[32m 54[2mms[22m[39m
 [32mΓ£ô[39m src/utils/__tests__/dispatchGuidePdfGenerator.smoke.test.ts[2m > [22mdispatchGuidePdfGenerator smoke tests[2m > [22mlive codes with missing optional fields ΓÇö does not crash[33m 872[2mms[22m[39m
 [32mΓ£ô[39m src/pages/__tests__/MdtPage.test.tsx[2m > [22mMdtPage ΓÇö duty boundary routing[2m > [22mAVAIL while off_duty ΓåÆ POST /dispatch/duty/start (clock in + assign vehicle)[33m 595[2mms[22m[39m
 [32mΓ£ô[39m src/components/__tests__/PdfReviewModal.test.tsx[2m > [22mPdfReviewModal[2m > [22mtoggling a checkbox propagates to onCommit[33m 619[2mms[22m[39m
 [32mΓ£ô[39m src/pages/__tests__/MdtPage.test.tsx[2m > [22mMdtPage ΓÇö duty boundary routing[2m > [22mAVAIL mid-shift (not off_duty) stays on the legacy status path[33m 573[2mms[22m[39m
 [32mΓ£ô[39m src/utils/__tests__/dispatchGuidePdfGenerator.smoke.test.ts[2m > [22mdispatchGuidePdfGenerator smoke tests[2m > [22mempty live-codes array ΓÇö falls back to hardcoded tables silently[33m 767[2mms[22m[39m
 [32mΓ£ô[39m src/pages/__tests__/ConnectionsPage.test.tsx[2m > [22mConnectionsPage - shortest path[2m > [22mselecting a node shows a "Start path" action[33m 819[2mms[22m[39m
 [32mΓ£ô[39m src/pages/__tests__/MdtPage.test.tsx[2m > [22mMdtPage ΓÇö duty boundary routing[2m > [22moperational statuses (ENROUTE) stay on the legacy status path[33m 653[2mms[22m[39m
[90mstderr[2m | src/pages/__tests__/SettingsPage.test.tsx[2m > [22m[2mSettingsPage[2m > [22m[2mtoggles the 
legacy black kill-switch via localStorage
[22m[39mAn update to SettingsPage inside a test was not wrapped in act(...).

When testing, code that causes React state updates should be wrapped into act(...):

act(() => {
  /* fire events that update state */
});
/* assert on the output */

This ensures that you're testing the behavior the user would see in the browser. Learn more at 
https://react.dev/link/wrap-tests-with-act

[90mstderr[2m | src/pages/__tests__/SettingsPage.test.tsx[2m > [22m[2mSettingsPage[2m > [22m[2mtoggles the 
legacy black kill-switch via localStorage
[22m[39mAn update to SettingsPage inside a test was not wrapped in act(...).

When testing, code that causes React state updates should be wrapped into act(...):

act(() => {
  /* fire events that update state */
});
/* assert on the output */

This ensures that you're testing the behavior the user would see in the browser. Learn more at 
https://react.dev/link/wrap-tests-with-act

 [32mΓ£ô[39m src/pages/__tests__/SettingsPage.test.tsx[2m > [22mSettingsPage[2m > [22mclears the override when Auto is chosen[33m 1814[2mms[22m[39m
 [32mΓ£ô[39m src/pages/__tests__/MdtPage.test.tsx[2m > [22mMdtPage ΓÇö duty boundary routing[2m > [22m409 NEEDS_VEHICLE on going on duty directs the officer to the Shift card[33m 545[2mms[22m[39m
 [32mΓ£ô[39m src/utils/__tests__/dispatchGuidePdfGenerator.smoke.test.ts[2m > [22mdispatchGuidePdfGenerator smoke tests[2m > [22mreturns a promise[33m 794[2mms[22m[39m
 [32mΓ£ô[39m src/pages/__tests__/ConnectionsPage.test.tsx[2m > [22mConnectionsPage - shortest path[2m > [22mpath mode: clicking a second node calls /connections/path and highlights[33m 963[2mms[22m[39m
Not implemented: navigation to another Document
 [32mΓ£ô[39m src/components/__tests__/PdfReviewModal.test.tsx[2m > [22mPdfReviewModal[2m > [22madding a table row and editing it propagates on commit[33m 1497[2mms[22m[39m
 [32mΓ£ô[39m src/components/__tests__/PdfReviewModal.test.tsx[2m > [22mPdfReviewModal[2m > [22msignature field renders a placeholder[32m 30[2mms[22m[39m
 [32mΓ£ô[39m src/pages/__tests__/SettingsPage.test.tsx[2m > [22mSettingsPage[2m > [22mtoggles the legacy black kill-switch via localStorage[33m 2364[2mms[22m[39m
 [32mΓ£ô[39m src/utils/__tests__/dispatchGuidePdfGenerator.smoke.test.ts[2m > [22mdispatchGuidePdfGenerator smoke tests[2m > [22mproduces a multi-page document[33m 756[2mms[22m[39m
 [32mΓ£ô[39m src/pages/__tests__/SettingsPage.test.tsx[2m > [22mSettingsPage[2m > [22mscrolls to the requested section when ?section= is set[33m 659[2mms[22m[39m
 [32mΓ£ô[39m src/pages/__tests__/SettingsPage.test.tsx[2m > [22mSettingsPage[2m > [22mignores unknown ?section= values without scrolling[33m 418[2mms[22m[39m
 [32mΓ£ô[39m src/pages/__tests__/ConnectionsPage.test.tsx[2m > [22mConnectionsPage - shortest path[2m > [22mClear path exits path mode[33m 1128[2mms[22m[39m
 [32mΓ£ô[39m src/components/__tests__/PdfReviewModal.test.tsx[2m > [22mPdfReviewModal[2m > [22mattach action[2m > [22muploads blob to /api/pdf-artifacts when attach is chosen[33m 1068[2mms[22m[39m
 [32mΓ£ô[39m src/pages/__tests__/ConnectionsPage.test.tsx[2m > [22mConnectionsPage - save investigation[2m > [22mshows SAVE INVESTIGATION button that is disabled without a seed[32m 181[2mms[22m[39m
 [32mΓ£ô[39m src/pages/__tests__/ConnectionsPage.test.tsx[2m > [22mConnectionsPage - save investigation[2m > [22mopens the save modal when clicked[33m 972[2mms[22m[39m
 [32mΓ£ô[39m src/pages/admin/__tests__/AdminGodModeTab.bulkReassign.test.tsx[2m > [22mAdminGodModeTab ΓÇö Bulk Reassign Calls[2m > [22mposts to the real dispatch handler with { call_ids, unit_id }[33m 3411[2mms[22m[39m
 [32mΓ£ô[39m src/components/__tests__/PdfReviewModal.test.tsx[2m > [22mPdfReviewModal[2m > [22mattach action[2m > [22mopens the email dialog, sends, and reports success[33m 2028[2mms[22m[39m
 [32mΓ£ô[39m src/pages/__tests__/ConnectionsPage.test.tsx[2m > [22mConnectionsPage - save investigation[2m > [22mPOSTs the investigation with seed_nodes and pinned_layout[33m 1257[2mms[22m[39m
 [32mΓ£ô[39m src/components/__tests__/PdfReviewModal.test.tsx[2m > [22mPdfReviewModal[2m > [22mattach action[2m > [22mshows error status when attach fails[33m 963[2mms[22m[39m
 [32mΓ£ô[39m src/components/__tests__/PdfReviewModal.test.tsx[2m > [22memailBlob[2m > [22mposts to /pdf-engine/email via apiPostForm with record fields[32m 7[2mms[22m[39m
 [32mΓ£ô[39m src/components/__tests__/PdfReviewModal.test.tsx[2m > [22memailBlob[2m > [22momits record fields when not provided[32m 2[2mms[22m[39m
 [32mΓ£ô[39m src/pages/admin/__tests__/AdminGodModeTab.bulkReassign.test.tsx[2m > [22mAdminGodModeTab ΓÇö Bulk Reassign Calls[2m > [22msurfaces the reassigned count and target unit from the server response[33m 1764[2mms[22m[39m
 [32mΓ£ô[39m src/pages/__tests__/ConnectionsPage.test.tsx[2m > [22mConnectionsPage - save investigation[2m > [22mcloses the modal on successful save[33m 1481[2mms[22m[39m
 [32mΓ£ô[39m src/pages/__tests__/ConnectionsPage.test.tsx[2m > [22mConnectionsPage - save investigation[2m > [22mCancel closes the modal without calling the API[33m 1177[2mms[22m[39m
 [32mΓ£ô[39m src/pages/__tests__/ConnectionsPage.test.tsx[2m > [22mConnectionsPage - load investigation[2m > [22mlists saved investigations in a dropdown[32m 191[2mms[22m[39m
 [32mΓ£ô[39m src/pages/__tests__/ConnectionsPage.test.tsx[2m > [22mConnectionsPage - load investigation[2m > [22mopening an investigation sets the seed and requests the graph[32m 205[2mms[22m[39m
 [32mΓ£ô[39m src/pages/__tests__/ConnectionsPage.test.tsx[2m > [22mConnectionsPage - load investigation[2m > [22mapplies pinned_layout to nodes after loading[32m 246[2mms[22m[39m
 [32mΓ£ô[39m src/pages/__tests__/ConnectionsPage.test.tsx[2m > [22mConnectionsPage - annotations[2m > [22mselecting a node shows an Add note action; saving stores the annotation[33m 1140[2mms[22m[39m
 [32mΓ£ô[39m src/pages/__tests__/ConnectionsPage.test.tsx[2m > [22mConnectionsPage - annotations[2m > [22mannotated nodes show a visual indicator[33m 1225[2mms[22m[39m
 [32mΓ£ô[39m src/pages/__tests__/ConnectionsPage.test.tsx[2m > [22mConnectionsPage - annotations[2m > [22mSAVE INVESTIGATION includes annotations in payload[33m 1910[2mms[22m[39m
 [32mΓ£ô[39m src/pages/__tests__/ConnectionsPage.test.tsx[2m > [22mConnectionsPage - annotations[2m > [22mLOAD INVESTIGATION restores annotations[32m 226[2mms[22m[39m
 [32mΓ£ô[39m src/pages/__tests__/ConnectionsPage.test.tsx[2m > [22mConnectionsPage - PNG export[2m > [22mEXPORT PNG button is disabled without a seed[32m 148[2mms[22m[39m
 [32mΓ£ô[39m src/pages/serve/__tests__/serveFolder.test.tsx[2m > [22mderiveServeFolder[2m > [22mreturns "served" for a served job (regardless of closed_at)[32m 6[2mms[22m[39m
 [32mΓ£ô[39m src/pages/serve/__tests__/serveFolder.test.tsx[2m > [22mderiveServeFolder[2m > [22mreturns "served" for a served job even when closed_at is null[32m 1[2mms[22m[39m
 [32mΓ£ô[39m src/pages/serve/__tests__/serveFolder.test.tsx[2m > [22mderiveServeFolder[2m > [22mreturns "failed" for a failed job (regardless of closed_at)[32m 1[2mms[22m[39m
 [32mΓ£ô[39m src/pages/serve/__tests__/serveFolder.test.tsx[2m > [22mderiveServeFolder[2m > [22mreturns "failed" for a failed job even when closed_at is null[32m 1[2mms[22m[39m
 [32mΓ£ô[39m src/pages/serve/__tests__/serveFolder.test.tsx[2m > [22mderiveServeFolder[2m > [22mreturns "in_progress" for an in-progress job[32m 1[2mms[22m[39m
 [32mΓ£ô[39m src/pages/serve/__tests__/serveFolder.test.tsx[2m > [22mderiveServeFolder[2m > [22mreturns "pending" for a pending job[32m 1[2mms[22m[39m
 [32mΓ£ô[39m src/pages/serve/__tests__/serveFolder.test.tsx[2m > [22mderiveServeFolder[2m > [22mreturns "archived" for a skipped job (catch-all)[32m 1[2mms[22m[39m
 [32mΓ£ô[39m src/pages/serve/__tests__/serveFolder.test.tsx[2m > [22mderiveServeFolder[2m > [22mreturns "archived" for an archived job[32m 1[2mms[22m[39m
 [32mΓ£ô[39m src/pages/serve/__tests__/serveFolder.test.tsx[2m > [22mderiveServeFolder[2m > [22mfolder order matches SERVE_FOLDER_CONFIG order property[32m 1[2mms[22m[39m
 [32mΓ£ô[39m src/pages/serve/__tests__/serveFolder.test.tsx[2m > [22mderiveServeFolder[2m > [22mmaps every supported status to a valid ServeFolder key[32m 2[2mms[22m[39m
 [32mΓ£ô[39m src/pages/serve/__tests__/serveFolder.test.tsx[2m > [22mattemptResultToStatus[2m > [22mserved result[2m > [22mreturns "served" on first attempt[32m 1[2mms[22m[39m
 [32mΓ£ô[39m src/pages/serve/__tests__/serveFolder.test.tsx[2m > [22mattemptResultToStatus[2m > [22mserved result[2m > [22mreturns "served" even when at max attempts[32m 1[2mms[22m[39m
 [32mΓ£ô[39m src/pages/serve/__tests__/serveFolder.test.tsx[2m > [22mattemptResultToStatus[2m > [22mserved result[2m > [22mreturns "served" even beyond max attempts[32m 1[2mms[22m[39m
 [32mΓ£ô[39m src/pages/serve/__tests__/serveFolder.test.tsx[2m > [22mattemptResultToStatus[2m > [22mserved result[2m > [22mreturns "served" on max_attempts=1, attempt_count=0[32m 0[2mms[22m[39m
 [32mΓ£ô[39m src/pages/serve/__tests__/serveFolder.test.tsx[2m > [22mattemptResultToStatus[2m > [22mno_answer with remaining attempts[2m > [22mreturns "in_progress" when count(0) < max(3) ΓÇö first failed knock[32m 1[2mms[22m[39m
 [32mΓ£ô[39m src/pages/serve/__tests__/serveFolder.test.tsx[2m > [22mattemptResultToStatus[2m > [22mno_answer with remaining attempts[2m > [22mreturns "in_progress" when count(1) < max(3) ΓÇö second failed knock[32m 1[2mms[22m[39m
 [32mΓ£ô[39m src/pages/serve/__tests__/serveFolder.test.tsx[2m > [22mattemptResultToStatus[2m > [22mno_answer with remaining attempts[2m > [22mreturns "in_progress" when count(0) < max(5)[32m 1[2mms[22m[39m
 [32mΓ£ô[39m src/pages/serve/__tests__/serveFolder.test.tsx[2m > [22mattemptResultToStatus[2m > [22mno_answer at max attempts[2m > [22mreturns "failed" when count(2) hits max(3)[32m 0[2mms[22m[39m
 [32mΓ£ô[39m src/pages/serve/__tests__/serveFolder.test.tsx[2m > [22mattemptResultToStatus[2m > [22mno_answer at max attempts[2m > [22mreturns "failed" when count is already beyond max[32m 0[2mms[22m[39m
 [32mΓ£ô[39m src/pages/serve/__tests__/serveFolder.test.tsx[2m > [22mattemptResultToStatus[2m > [22mno_answer at max attempts[2m > [22mreturns "failed" on max_attempts=1, count=0 (single-shot jobs)[32m 0[2mms[22m[39m
 [32mΓ£ô[39m src/pages/serve/__tests__/serveFolder.test.tsx[2m > [22mattemptResultToStatus[2m > [22mno_answer at max attempts[2m > [22mreturns "failed" when count(4) hits max(5)[32m 0[2mms[22m[39m
 [32mΓ£ô[39m src/pages/serve/__tests__/serveFolder.test.tsx[2m > [22mattemptResultToStatus[2m > [22mother non-served results[2m > [22m"refused" below max ΓåÆ in_progress[32m 0[2mms[22m[39m
 [32mΓ£ô[39m src/pages/serve/__tests__/serveFolder.test.tsx[2m > [22mattemptResultToStatus[2m > [22mother non-served results[2m > [22m"refused" at max ΓåÆ failed[32m 0[2mms[22m[39m
 [32mΓ£ô[39m src/pages/serve/__tests__/serveFolder.test.tsx[2m > [22mattemptResultToStatus[2m > [22mother non-served results[2m > [22m"wrong_address" below max ΓåÆ in_progress[32m 0[2mms[22m[39m
 [32mΓ£ô[39m src/pages/serve/__tests__/serveFolder.test.tsx[2m > [22mattemptResultToStatus[2m > [22mother non-served results[2m > [22m"wrong_address" at max ΓåÆ failed[32m 0[2mms[22m[39m
 [32mΓ£ô[39m src/pages/serve/__tests__/serveFolder.test.tsx[2m > [22mattemptResultToStatus[2m > [22mother non-served results[2m > [22m"moved" below max ΓåÆ in_progress[32m 0[2mms[22m[39m
 [32mΓ£ô[39m src/pages/serve/__tests__/serveFolder.test.tsx[2m > [22mattemptResultToStatus[2m > [22mother non-served results[2m > [22m"moved" at max ΓåÆ failed[32m 0[2mms[22m[39m
 [32mΓ£ô[39m src/pages/serve/__tests__/serveFolder.test.tsx[2m > [22mattemptResultToStatus[2m > [22mother non-served results[2m > [22m"other" below max ΓåÆ in_progress[32m 0[2mms[22m[39m
 [32mΓ£ô[39m src/pages/serve/__tests__/serveFolder.test.tsx[2m > [22mattemptResultToStatus[2m > [22mother non-served results[2m > [22m"other" at max ΓåÆ failed[32m 0[2mms[22m[39m
 [32mΓ£ô[39m src/pages/__tests__/ConnectionsPage.test.tsx[2m > [22mConnectionsPage - PNG export[2m > [22mEXPORT PNG button is enabled once the graph has nodes[33m 693[2mms[22m[39m
 [32mΓ£ô[39m src/pages/__tests__/ConnectionsPage.test.tsx[2m > [22mConnectionsPage - PDF export[2m > [22mEXPORT PDF button is disabled without a seed[32m 134[2mms[22m[39m
 [32mΓ£ô[39m src/pages/serve/__tests__/serveFolder.test.tsx[2m > [22mServeStatusFolder[2m > [22mrendering[2m > [22mdisplays the folder label[32m 269[2mms[22m[39m
 [32mΓ£ô[39m src/pages/serve/__tests__/serveFolder.test.tsx[2m > [22mServeStatusFolder[2m > [22mrendering[2m > [22mdisplays the correct count in the badge[32m 25[2mms[22m[39m
 [32mΓ£ô[39m src/pages/serve/__tests__/serveFolder.test.tsx[2m > [22mServeStatusFolder[2m > [22mrendering[2m > [22mdisplays count=0 correctly[32m 33[2mms[22m[39m
 [32mΓ£ô[39m src/pages/serve/__tests__/serveFolder.test.tsx[2m > [22mServeStatusFolder[2m > [22mrendering[2m > [22mdisplays large counts[32m 16[2mms[22m[39m
Not implemented: HTMLCanvasElement's getContext() method: without installing the canvas npm package
 [32mΓ£ô[39m src/pages/__tests__/ConnectionsPage.test.tsx[2m > [22mConnectionsPage - PDF export[2m > [22mEXPORT PDF button is enabled once a graph has loaded[33m 848[2mms[22m[39m
 [32mΓ£ô[39m src/pages/serve/__tests__/serveFolder.test.tsx[2m > [22mServeStatusFolder[2m > [22mrendering[2m > [22mrenders the folder header as an accessible button[33m 895[2mms[22m[39m
 [32mΓ£ô[39m src/utils/__tests__/recordPdfGenerator.smoke.test.ts[2m > [22mrecordPdfGenerator smoke tests[2m > [22mgenerates a call PDF from minimal data[33m 487[2mms[22m[39m
 [32mΓ£ô[39m src/pages/serve/__tests__/serveFolder.test.tsx[2m > [22mServeStatusFolder[2m > [22mrendering[2m > [22mheader aria-expanded reflects open state[32m 185[2mms[22m[39m
 [32mΓ£ô[39m src/pages/serve/__tests__/serveFolder.test.tsx[2m > [22mServeStatusFolder[2m > [22mrendering[2m > [22mheader aria-expanded is false when defaultOpen=false[32m 94[2mms[22m[39m
Not implemented: HTMLCanvasElement's getContext() method: without installing the canvas npm package
 [32mΓ£ô[39m src/utils/__tests__/recordPdfGenerator.smoke.test.ts[2m > [22mrecordPdfGenerator smoke tests[2m > [22mgenerates a call PDF with serve_queue_id (QR path)[32m 132[2mms[22m[39m
 [32mΓ£ô[39m src/pages/serve/__tests__/serveFolder.test.tsx[2m > [22mServeStatusFolder[2m > [22mrendering[2m > [22mrenders children when open[32m 31[2mms[22m[39m
 [32mΓ£ô[39m src/pages/serve/__tests__/serveFolder.test.tsx[2m > [22mServeStatusFolder[2m > [22mrendering[2m > [22mrenders multiple children[32m 26[2mms[22m[39m
 [32mΓ£ô[39m src/pages/serve/__tests__/serveFolder.test.tsx[2m > [22mServeStatusFolder[2m > [22mempty state[2m > [22mshows empty text for pending folder when count=0[32m 15[2mms[22m[39m
 [32mΓ£ô[39m src/pages/serve/__tests__/serveFolder.test.tsx[2m > [22mServeStatusFolder[2m > [22mempty state[2m > [22mshows empty text for in_progress folder when count=0[32m 22[2mms[22m[39m
Not implemented: HTMLCanvasElement's getContext() method: without installing the canvas npm package
 [32mΓ£ô[39m src/utils/__tests__/recordPdfGenerator.smoke.test.ts[2m > [22mrecordPdfGenerator smoke tests[2m > [22mgenerates a call PDF when QR key is missing (no serve_queue_id, blank call_number)[32m 105[2mms[22m[39m
 [32mΓ£ô[39m src/pages/serve/__tests__/serveFolder.test.tsx[2m > [22mServeStatusFolder[2m > [22mempty state[2m > [22mshows empty text for served folder when count=0[32m 27[2mms[22m[39m
 [32mΓ£ô[39m src/pages/serve/__tests__/serveFolder.test.tsx[2m > [22mServeStatusFolder[2m > [22mempty state[2m > [22mshows empty text for failed folder when count=0[32m 55[2mms[22m[39m
 [32mΓ£ô[39m src/pages/serve/__tests__/serveFolder.test.tsx[2m > [22mServeStatusFolder[2m > [22mempty state[2m > [22mshows empty text for archived folder when count=0[32m 24[2mms[22m[39m
 [32mΓ£ô[39m src/pages/serve/__tests__/serveFolder.test.tsx[2m > [22mServeStatusFolder[2m > [22mempty state[2m > [22mrenders empty placeholder instead of children when count=0[32m 10[2mms[22m[39m
Not implemented: HTMLCanvasElement's getContext() method: without installing the canvas npm package
Not implemented: HTMLCanvasElement's getContext() method: without installing the canvas npm package
 [32mΓ£ô[39m src/utils/__tests__/recordPdfGenerator.smoke.test.ts[2m > [22mrecordPdfGenerator smoke tests[2m > [22mgenerates a person PDF from minimal data[32m 94[2mms[22m[39m
 [32mΓ£ô[39m src/utils/__tests__/recordPdfGenerator.smoke.test.ts[2m > [22mrecordPdfGenerator smoke tests[2m > [22mgenerates a vehicle PDF from minimal data[32m 79[2mms[22m[39m
Not implemented: HTMLCanvasElement's getContext() method: without installing the canvas npm package
Not implemented: HTMLCanvasElement's getContext() method: without installing the canvas npm package
 [32mΓ£ô[39m src/pages/serve/__tests__/serveFolder.test.tsx[2m > [22mServeStatusFolder[2m > [22mcollapse/expand toggle[2m > [22mcollapses when header is clicked while open[32m 146[2mms[22m[39m
 [32mΓ£ô[39m src/pages/serve/__tests__/serveFolder.test.tsx[2m > [22mServeStatusFolder[2m > [22mcollapse/expand toggle[2m > [22mexpands when header is clicked while collapsed[32m 87[2mms[22m[39m
 [32mΓ£ô[39m src/utils/__tests__/recordPdfGenerator.smoke.test.ts[2m > [22mrecordPdfGenerator smoke tests[2m > [22mgenerates a warrant PDF from minimal data[32m 75[2mms[22m[39m
 [32mΓ£ô[39m src/utils/__tests__/recordPdfGenerator.smoke.test.ts[2m > [22mrecordPdfGenerator smoke tests[2m > [22mrenders with all new Phase 1 fields populated[32m 171[2mms[22m[39m
Not implemented: HTMLCanvasElement's getContext() method: without installing the canvas npm package
 [32mΓ£ô[39m src/pages/serve/__tests__/serveFolder.test.tsx[2m > [22mServeStatusFolder[2m > [22mcollapse/expand toggle[2m > [22mtoggles back on double-click: open ΓåÆ close ΓåÆ open[32m 120[2mms[22m[39m
 [32mΓ£ô[39m src/pages/serve/__tests__/serveFolder.test.tsx[2m > [22mServeStatusFolder[2m > [22mcollapse/expand toggle[2m > [22mtoggles via Enter key[32m 89[2mms[22m[39m
 [32mΓ£ô[39m src/utils/__tests__/recordPdfGenerator.smoke.test.ts[2m > [22mrecordPdfGenerator smoke tests[2m > [22mrenders EXPIRED watermark for past expires_at[32m 127[2mms[22m[39m
 [32mΓ£ô[39m src/components/__tests__/AllPickers.shared.test.tsx[2m > [22m'OfficerPicker' (shared picker invariants)[2m > [22mrenders a combobox input with proper ARIA[33m 953[2mms[22m[39m
Not implemented: HTMLCanvasElement's getContext() method: without installing the canvas npm package
 [32mΓ£ô[39m src/utils/__tests__/recordPdfGenerator.smoke.test.ts[2m > [22mrecordPdfGenerator smoke tests[2m > [22membeds the Arial font (record headers/body use embedded Arial)[32m 112[2mms[22m[39m
Not implemented: HTMLCanvasElement's getContext() method: without installing the canvas npm package
 [32mΓ£ô[39m src/components/__tests__/AllPickers.shared.test.tsx[2m > [22m'OfficerPicker' (shared picker invariants)[2m > [22mself-heals: when value is set but no displayValue, the picker fills the input from the loaded list[32m 158[2mms[22m[39m
 [32mΓ£ô[39m src/pages/serve/__tests__/serveFolder.test.tsx[2m > [22mServeStatusFolder[2m > [22mcollapse/expand toggle[2m > [22mtoggles via Space key[32m 109[2mms[22m[39m
 [32mΓ£ô[39m src/pages/serve/__tests__/serveFolder.test.tsx[2m > [22mServeStatusFolder[2m > [22mcollapse/expand toggle[2m > [22mdoes not toggle via Tab key[32m 81[2mms[22m[39m
Not implemented: HTMLCanvasElement's getContext() method: without installing the canvas npm package
 [32mΓ£ô[39m src/utils/__tests__/recordPdfGenerator.smoke.test.ts[2m > [22mrecordPdfGenerator smoke tests[2m > [22mrenders ARCHIVED watermark when archived_at set[32m 73[2mms[22m[39m
 [32mΓ£ô[39m src/utils/__tests__/recordPdfGenerator.smoke.test.ts[2m > [22mrecordPdfGenerator smoke tests[2m > [22mhandles Unicode subject name[32m 74[2mms[22m[39m
Not implemented: HTMLCanvasElement's getContext() method: without installing the canvas npm package
 [32mΓ£ô[39m src/pages/serve/__tests__/serveFolder.test.tsx[2m > [22mServeStatusFolder[2m > [22mlocalStorage persistence[2m > [22mpersists collapsed state to localStorage on toggle[32m 89[2mms[22m[39m
 [32mΓ£ô[39m src/pages/serve/__tests__/serveFolder.test.tsx[2m > [22mServeStatusFolder[2m > [22mlocalStorage persistence[2m > [22mpersists expanded state to localStorage on toggle[32m 79[2mms[22m[39m
Not implemented: HTMLCanvasElement's getContext() method: without installing the canvas npm package
 [32mΓ£ô[39m src/components/__tests__/AllPickers.shared.test.tsx[2m > [22m'OfficerPicker' (shared picker invariants)[2m > [22mexposes a clear button that resets the selection[32m 153[2mms[22m[39m
 [32mΓ£ô[39m src/utils/__tests__/recordPdfGenerator.smoke.test.ts[2m > [22mrecordPdfGenerator smoke tests[2m > [22mgenerates an evidence PDF from minimal data[32m 68[2mms[22m[39m
 [32mΓ£ô[39m src/utils/__tests__/recordPdfGenerator.smoke.test.ts[2m > [22mrecordPdfGenerator smoke tests[2m > [22mgenerates a fleet PDF from minimal data[32m 86[2mms[22m[39m
Not implemented: HTMLCanvasElement's getContext() method: without installing the canvas npm package
 [32mΓ£ô[39m src/pages/serve/__tests__/serveFolder.test.tsx[2m > [22mServeStatusFolder[2m > [22mlocalStorage persistence[2m > [22mrestores collapsed state from localStorage on mount[32m 91[2mms[22m[39m
 [32mΓ£ô[39m src/pages/serve/__tests__/serveFolder.test.tsx[2m > [22mServeStatusFolder[2m > [22mlocalStorage persistence[2m > [22mrestores expanded state from localStorage on mount[32m 70[2mms[22m[39m
Not implemented: HTMLCanvasElement's getContext() method: without installing the canvas npm package
 [32mΓ£ô[39m src/utils/__tests__/recordPdfGenerator.smoke.test.ts[2m > [22mrecordPdfGenerator smoke tests[2m > [22mgenerates a personnel PDF from minimal data[32m 74[2mms[22m[39m
 [32mΓ£ô[39m src/utils/__tests__/recordPdfGenerator.smoke.test.ts[2m > [22mrecordPdfGenerator smoke tests[2m > [22mgenerates a property PDF from minimal data[32m 70[2mms[22m[39m
Not implemented: HTMLCanvasElement's getContext() method: without installing the canvas npm package
 [32mΓ£ô[39m src/pages/serve/__tests__/serveFolder.test.tsx[2m > [22mServeStatusFolder[2m > [22mlocalStorage persistence[2m > [22muses separate localStorage keys per status[32m 57[2mms[22m[39m
 [32mΓ£ô[39m src/pages/serve/__tests__/serveFolder.test.tsx[2m > [22mServeStatusFolder[2m > [22mlocalStorage persistence[2m > [22mupdates localStorage on every toggle[32m 91[2mms[22m[39m
Not implemented: HTMLCanvasElement's getContext() method: without installing the canvas npm package
 [32mΓ£ô[39m src/components/__tests__/AllPickers.shared.test.tsx[2m > [22m'OfficerPicker' (shared picker invariants)[2m > [22mdropdown becomes role=listbox when opened, items become role=option[33m 361[2mms[22m[39m
 [32mΓ£ô[39m src/utils/__tests__/recordPdfGenerator.smoke.test.ts[2m > [22mrecordPdfGenerator smoke tests[2m > [22mgenerates a citation PDF from minimal data[32m 82[2mms[22m[39m
 [32mΓ£ô[39m src/utils/__tests__/recordPdfGenerator.smoke.test.ts[2m > [22mrecordPdfGenerator smoke tests[2m > [22mgenerates a case PDF from minimal data[32m 101[2mms[22m[39m
 [32mΓ£ô[39m src/pages/serve/__tests__/serveFolder.test.tsx[2m > [22mServeStatusFolder[2m > [22mforceOpen controlled prop[2m > [22mforceOpen=true overrides defaultOpen=false[32m 97[2mms[22m[39m
 [32mΓ£ô[39m src/pages/serve/__tests__/serveFolder.test.tsx[2m > [22mServeStatusFolder[2m > [22mforceOpen controlled prop[2m > [22mforceOpen=false overrides defaultOpen=true[32m 50[2mms[22m[39m
Not implemented: HTMLCanvasElement's getContext() method: without installing the canvas npm package
 [32mΓ£ô[39m src/components/__tests__/AllPickers.shared.test.tsx[2m > [22m'IncidentPickerInline' (shared picker invariants)[2m > [22mrenders a combobox input with proper ARIA[32m 180[2mms[22m[39m
Not implemented: HTMLCanvasElement's getContext() method: without installing the canvas npm package
 [32mΓ£ô[39m src/utils/__tests__/recordPdfGenerator.smoke.test.ts[2m > [22mrecordPdfGenerator smoke tests[2m > [22mgenerates a case PDF with all linked-record appendices populated[32m 84[2mms[22m[39m
 [32mΓ£ô[39m src/utils/__tests__/recordPdfGenerator.smoke.test.ts[2m > [22mrecordPdfGenerator smoke tests[2m > [22mgenerates a field_interview PDF from minimal data[32m 62[2mms[22m[39m
 [32mΓ£ô[39m src/pages/serve/__tests__/serveFolder.test.tsx[2m > [22mServeStatusFolder[2m > [22mforceOpen controlled prop[2m > [22mwhen forceOpen is supplied, clicking header does not toggle state[32m 72[2mms[22m[39m
 [32mΓ£ô[39m src/pages/serve/__tests__/serveFolder.test.tsx[2m > [22mServeStatusFolder[2m > [22maccessibility[2m > [22mcontent region has aria-label referencing the folder label[32m 66[2mms[22m[39m
Not implemented: HTMLCanvasElement's getContext() method: without installing the canvas npm package
 [32mΓ£ô[39m src/components/__tests__/AllPickers.shared.test.tsx[2m > [22m'IncidentPickerInline' (shared picker invariants)[2m > [22mself-heals: when value is set but no displayValue, the picker fills the input from the loaded list[32m 100[2mms[22m[39m
 [32mΓ£ô[39m src/components/__tests__/AllPickers.shared.test.tsx[2m > [22m'IncidentPickerInline' (shared picker invariants)[2m > [22mexposes a clear button that resets the selection[32m 30[2mms[22m[39m
Not implemented: HTMLCanvasElement's getContext() method: without installing the canvas npm package
 [32mΓ£ô[39m src/pages/serve/__tests__/serveFolder.test.tsx[2m > [22mServeStatusFolder[2m > [22maccessibility[2m > [22mheader has tabIndex=0 for keyboard navigation[32m 62[2mms[22m[39m
 [32mΓ£ô[39m src/pages/serve/__tests__/serveFolder.test.tsx[2m > [22mServeStatusFolder[2m > [22maccessibility[2m > [22mcontent region has aria-hidden when collapsed[32m 9[2mms[22m[39m
 [32mΓ£ô[39m src/pages/serve/__tests__/serveFolder.test.tsx[2m > [22mQueue tab folder view (integration)[2m > [22mjobs grouped correctly by status[2m > [22mplaces a pending job into the Queue folder[32m 33[2mms[22m[39m
 [32mΓ£ô[39m src/pages/serve/__tests__/serveFolder.test.tsx[2m > [22mQueue tab folder view (integration)[2m > [22mjobs grouped correctly by status[2m > [22mplaces an in_progress job into In Progress folder[32m 29[2mms[22m[39m
 [32mΓ£ô[39m src/utils/__tests__/recordPdfGenerator.smoke.test.ts[2m > [22mrecordPdfGenerator smoke tests[2m > [22mgenerates a field_interview PDF with subject + vehicle + narrative[32m 97[2mms[22m[39m
 [32mΓ£ô[39m src/utils/__tests__/recordPdfGenerator.smoke.test.ts[2m > [22mrecordPdfGenerator smoke tests[2m > [22mgenerates a court_event PDF from minimal data[32m 67[2mms[22m[39m
Not implemented: HTMLCanvasElement's getContext() method: without installing the canvas npm package
 [32mΓ£ô[39m src/pages/serve/__tests__/serveFolder.test.tsx[2m > [22mQueue tab folder view (integration)[2m > [22mjobs grouped correctly by status[2m > [22mplaces a served job into Served folder[32m 49[2mms[22m[39m
 [32mΓ£ô[39m src/pages/serve/__tests__/serveFolder.test.tsx[2m > [22mQueue tab folder view (integration)[2m > [22mjobs grouped correctly by status[2m > [22mplaces a failed job into Non-Service folder[32m 28[2mms[22m[39m
 [32mΓ£ô[39m src/pages/serve/__tests__/serveFolder.test.tsx[2m > [22mQueue tab folder view (integration)[2m > [22mjobs grouped correctly by status[2m > [22mplaces a skipped job into Archived folder[32m 24[2mms[22m[39m
 [32mΓ£ô[39m src/pages/serve/__tests__/serveFolder.test.tsx[2m > [22mQueue tab folder view (integration)[2m > [22mjobs grouped correctly by status[2m > [22mplaces an archived job into Archived folder[32m 22[2mms[22m[39m
Not implemented: HTMLCanvasElement's getContext() method: without installing the canvas npm package
 [32mΓ£ô[39m src/components/__tests__/AllPickers.shared.test.tsx[2m > [22m'IncidentPickerInline' (shared picker invariants)[2m > [22mdropdown becomes role=listbox when opened, items become role=option[32m 224[2mms[22m[39m
 [32mΓ£ô[39m src/utils/__tests__/recordPdfGenerator.smoke.test.ts[2m > [22mrecordPdfGenerator smoke tests[2m > [22mgenerates a court_event PDF with full hearing + outcome populated[32m 63[2mms[22m[39m
 [32mΓ£ô[39m src/utils/__tests__/recordPdfGenerator.smoke.test.ts[2m > [22mrecordPdfGenerator smoke tests[2m > [22mgenerates a jail_booking PDF from minimal data[32m 59[2mms[22m[39m
Not implemented: HTMLCanvasElement's getContext() method: without installing the canvas npm package
Not implemented: HTMLCanvasElement's getContext() method: without installing the canvas npm package
 [32mΓ£ô[39m src/components/__tests__/AllPickers.shared.test.tsx[2m > [22m'UnitPicker' (shared picker invariants)[2m > [22mrenders a combobox input with proper ARIA[32m 112[2mms[22m[39m
 [32mΓ£ô[39m src/components/__tests__/AllPickers.shared.test.tsx[2m > [22m'UnitPicker' (shared picker invariants)[2m > [22mself-heals: when value is set but no displayValue, the picker fills the input from the loaded list[32m 81[2mms[22m[39m
 [32mΓ£ô[39m src/utils/__tests__/recordPdfGenerator.smoke.test.ts[2m > [22mrecordPdfGenerator smoke tests[2m > [22mgenerates a jail_booking PDF with parsed charges from free text[32m 68[2mms[22m[39m
 [32mΓ£ô[39m src/utils/__tests__/recordPdfGenerator.smoke.test.ts[2m > [22mrecordPdfGenerator smoke tests[2m > [22mgenerates a jail_booking PDF using charge_lines array[32m 60[2mms[22m[39m
Not implemented: HTMLCanvasElement's getContext() method: without installing the canvas npm package
 [32mΓ£ô[39m src/pages/serve/__tests__/serveFolder.test.tsx[2m > [22mQueue tab folder view (integration)[2m > [22mjobs grouped correctly by status[2m > [22mgroups multiple jobs of different statuses into correct folders[32m 39[2mms[22m[39m
 [32mΓ£ô[39m src/pages/serve/__tests__/serveFolder.test.tsx[2m > [22mQueue tab folder view (integration)[2m > [22mjobs grouped correctly by status[2m > [22meach folder shows the correct count for multiple same-status jobs[32m 29[2mms[22m[39m
 [32mΓ£ô[39m src/pages/serve/__tests__/serveFolder.test.tsx[2m > [22mQueue tab folder view (integration)[2m > [22mjobs grouped correctly by status[2m > [22mshows 5 folders even when all jobs are in one status[32m 42[2mms[22m[39m
 [32mΓ£ô[39m src/components/__tests__/AllPickers.shared.test.tsx[2m > [22m'UnitPicker' (shared picker invariants)[2m > [22mexposes a clear button that resets the selection[32m 38[2mms[22m[39m
 [32mΓ£ô[39m src/components/__tests__/AllPickers.shared.test.tsx[2m > [22m'UnitPicker' (shared picker invariants)[2m > [22mdropdown becomes role=listbox when opened, items become role=option[32m 80[2mms[22m[39m
Not implemented: HTMLCanvasElement's getContext() method: without installing the canvas npm package
 [32mΓ£ô[39m src/utils/__tests__/recordPdfGenerator.smoke.test.ts[2m > [22mrecordPdfGenerator smoke tests[2m > [22mrejects unknown record types[32m 16[2mms[22m[39m
 [32mΓ£ô[39m src/utils/__tests__/recordPdfGenerator.smoke.test.ts[2m > [22mrecordPdfGenerator smoke tests[2m > [22mgenerates a BOLO PDF with a single subject[32m 52[2mms[22m[39m
 [32mΓ£ô[39m src/utils/__tests__/recordPdfGenerator.smoke.test.ts[2m > [22mrecordPdfGenerator smoke tests[2m > [22mgenerates a BOLO PDF with multiple subjects and warrants[32m 80[2mms[22m[39m
Not implemented: HTMLCanvasElement's getContext() method: without installing the canvas npm package
 [32mΓ£ô[39m src/pages/serve/__tests__/serveFolder.test.tsx[2m > [22mQueue tab folder view (integration)[2m > [22mjobs grouped correctly by status[2m > [22mrenders all folders even when jobs array is empty[32m 157[2mms[22m[39m
 [32mΓ£ô[39m src/pages/serve/__tests__/serveFolder.test.tsx[2m > [22mQueue tab folder view (integration)[2m > [22msearch filters across all folders[2m > [22mreturns all jobs when search query is empty[32m 41[2mms[22m[39m
 [32mΓ£ô[39m src/pages/serve/__tests__/serveFolder.test.tsx[2m > [22mQueue tab folder view (integration)[2m > [22msearch filters across all folders[2m > [22mfilters by recipient_name across folders[32m 27[2mms[22m[39m
 [32mΓ£ô[39m src/pages/serve/__tests__/serveFolder.test.tsx[2m > [22mQueue tab folder view (integration)[2m > [22msearch filters across all folders[2m > [22mfilters by case_number[32m 30[2mms[22m[39m
Not implemented: HTMLCanvasElement's getContext() method: without installing the canvas npm package
 [32mΓ£ô[39m src/components/__tests__/AllPickers.shared.test.tsx[2m > [22m'CallPicker' (shared picker invariants)[2m > [22mrenders a combobox input with proper ARIA[32m 102[2mms[22m[39m
 [32mΓ£ô[39m src/utils/__tests__/recordPdfGenerator.smoke.test.ts[2m > [22mrecordPdfGenerator smoke tests[2m > [22mgenerates a warrant summary PDF from an empty-period dataset[32m 67[2mms[22m[39m
 [32mΓ£ô[39m src/utils/__tests__/recordPdfGenerator.smoke.test.ts[2m > [22mrecordPdfGenerator smoke tests[2m > [22mgenerates a warrant summary PDF from a populated dataset[32m 60[2mms[22m[39m
Not implemented: HTMLCanvasElement's getContext() method: without installing the canvas npm package
 [32mΓ£ô[39m src/pages/serve/__tests__/serveFolder.test.tsx[2m > [22mQueue tab folder view (integration)[2m > [22msearch filters across all folders[2m > [22mfilters by client_name[32m 33[2mms[22m[39m
 [32mΓ£ô[39m src/pages/serve/__tests__/serveFolder.test.tsx[2m > [22mQueue tab folder view (integration)[2m > [22msearch filters across all folders[2m > [22mfilters by recipient_address[32m 24[2mms[22m[39m
 [32mΓ£ô[39m src/pages/serve/__tests__/serveFolder.test.tsx[2m > [22mQueue tab folder view (integration)[2m > [22msearch filters across all folders[2m > [22msearch is case-insensitive[32m 23[2mms[22m[39m
 [32mΓ£ô[39m src/pages/serve/__tests__/serveFolder.test.tsx[2m > [22mQueue tab folder view (integration)[2m > [22msearch filters across all folders[2m > [22mreturns no jobs when query matches nothing[32m 23[2mms[22m[39m
 [32mΓ£ô[39m src/pages/serve/__tests__/serveFolder.test.tsx[2m > [22mQueue tab folder view (integration)[2m > [22msearch filters across all folders[2m > [22mreturns jobs from multiple folders when query matches several[32m 26[2mms[22m[39m
 [32mΓ£ô[39m src/components/__tests__/AllPickers.shared.test.tsx[2m > [22m'CallPicker' (shared picker invariants)[2m > [22mself-heals: when value is set but no displayValue, the picker fills the input from the loaded list[32m 88[2mms[22m[39m
 [32mΓ£ô[39m src/components/__tests__/AllPickers.shared.test.tsx[2m > [22m'CallPicker' (shared picker invariants)[2m > [22mexposes a clear button that resets the selection[32m 36[2mms[22m[39m
Not implemented: HTMLCanvasElement's getContext() method: without installing the canvas npm package
 [32mΓ£ô[39m src/pages/serve/__tests__/serveFolder.test.tsx[2m > [22mQueue tab folder view (integration)[2m > [22msearch filters across all folders[2m > [22mupdates folder counts after filtering[32m 33[2mms[22m[39m
 [32mΓ£ô[39m src/pages/serve/__tests__/serveFolder.test.tsx[2m > [22mQueue tab folder view (integration)[2m > [22mstatus change moves job to correct folder[2m > [22mmoving a job from pending ΓåÆ in_progress shifts it to In Progress folder[32m 40[2mms[22m[39m
 [32mΓ£ô[39m src/pages/serve/__tests__/serveFolder.test.tsx[2m > [22mQueue tab folder view (integration)[2m > [22mstatus change moves job to correct folder[2m > [22mmoving a job from in_progress ΓåÆ served shifts it to Served folder[32m 38[2mms[22m[39m
 [32mΓ£ô[39m src/utils/__tests__/recordPdfGenerator.smoke.test.ts[2m > [22mrecordPdfGenerator smoke tests[2m > [22mmobile printTarget produces a PDF with the same page count but different bytes[32m 201[2mms[22m[39m
Not implemented: HTMLCanvasElement's getContext() method: without installing the canvas npm package
Not implemented: HTMLCanvasElement's getContext() method: without installing the canvas npm package
 [32mΓ£ô[39m src/components/__tests__/AllPickers.shared.test.tsx[2m > [22m'CallPicker' (shared picker invariants)[2m > [22mdropdown becomes role=listbox when opened, items become role=option[32m 117[2mms[22m[39m
 [32mΓ£ô[39m src/components/__tests__/AllPickers.shared.test.tsx[2m > [22m'CasePicker' (shared picker invariants)[2m > [22mrenders a combobox input with proper ARIA[32m 70[2mms[22m[39m
 [32mΓ£ô[39m src/pages/serve/__tests__/serveFolder.test.tsx[2m > [22mQueue tab folder view (integration)[2m > [22mstatus change moves job to correct folder[2m > [22mmoving a job from in_progress ΓåÆ failed shifts it to Non-Service folder[32m 43[2mms[22m[39m
 [32mΓ£ô[39m src/pages/serve/__tests__/serveFolder.test.tsx[2m > [22mQueue tab folder view (integration)[2m > [22mstatus change moves job to correct folder[2m > [22mfolder counts update correctly after a status change[32m 47[2mms[22m[39m
 [32mΓ£ô[39m src/pages/serve/__tests__/serveFolder.test.tsx[2m > [22mQueue tab folder view (integration)[2m > [22mstatus change moves job to correct folder[2m > [22ma job that gets archived disappears from Queue and appears in Archived[32m 40[2mms[22m[39m
 [32mΓ£ô[39m src/utils/__tests__/recordPdfGenerator.smoke.test.ts[2m > [22mrecordPdfGenerator smoke tests[2m > [22mmobile printTarget on BOLO and Warrant Summary completes without throwing[32m 118[2mms[22m[39m
 [32mΓ£ô[39m src/utils/__tests__/recordPdfGenerator.smoke.test.ts[2m > [22mrecordPdfGenerator smoke tests[2m > [22msetActiveOfficerSignature accepts undefined and a signature payload[32m 2[2mms[22m[39m
 [32mΓ£ô[39m src/pages/serve/__tests__/serveFolder.test.tsx[2m > [22mQueue tab folder view (integration)[2m > [22mstatus change moves job to correct folder[2m > [22ma skipped job appears in Archived folder (not its own folder)[32m 40[2mms[22m[39m
 [32mΓ£ô[39m src/pages/serve/__tests__/serveFolder.test.tsx[2m > [22mQueue tab folder view (integration)[2m > [22mderiveServeFolder and folder config consistency[2m > [22mevery ServeFolder key has a corresponding SERVE_FOLDER_CONFIG entry[32m 2[2mms[22m[39m
 [32mΓ£ô[39m src/pages/serve/__tests__/serveFolder.test.tsx[2m > [22mQueue tab folder view (integration)[2m > [22mderiveServeFolder and folder config consistency[2m > [22mSERVE_FOLDER_CONFIG.in_progress has defaultOpen=true[32m 1[2mms[22m[39m
 [32mΓ£ô[39m src/pages/serve/__tests__/serveFolder.test.tsx[2m > [22mQueue tab folder view (integration)[2m > [22mderiveServeFolder and folder config consistency[2m > [22mSERVE_FOLDER_CONFIG.pending has defaultOpen=true[32m 0[2mms[22m[39m
 [32mΓ£ô[39m src/pages/serve/__tests__/serveFolder.test.tsx[2m > [22mQueue tab folder view (integration)[2m > [22mderiveServeFolder and folder config consistency[2m > [22mSERVE_FOLDER_CONFIG.served has defaultOpen=false[32m 0[2mms[22m[39m
 [32mΓ£ô[39m src/pages/serve/__tests__/serveFolder.test.tsx[2m > [22mQueue tab folder view (integration)[2m > [22mderiveServeFolder and folder config consistency[2m > [22mSERVE_FOLDER_CONFIG.failed has defaultOpen=false[32m 1[2mms[22m[39m
 [32mΓ£ô[39m src/pages/serve/__tests__/serveFolder.test.tsx[2m > [22mQueue tab folder view (integration)[2m > [22mderiveServeFolder and folder config consistency[2m > [22mSERVE_FOLDER_CONFIG.archived has defaultOpen=false[32m 0[2mms[22m[39m
 [32mΓ£ô[39m src/components/__tests__/AllPickers.shared.test.tsx[2m > [22m'CasePicker' (shared picker invariants)[2m > [22mself-heals: when value is set but no displayValue, the picker fills the input from the loaded list[32m 86[2mms[22m[39m
 [32mΓ£ô[39m src/components/__tests__/AllPickers.shared.test.tsx[2m > [22m'CasePicker' (shared picker invariants)[2m > [22mexposes a clear button that resets the selection[32m 30[2mms[22m[39m
 [32mΓ£ô[39m src/components/__tests__/AllPickers.shared.test.tsx[2m > [22m'CasePicker' (shared picker invariants)[2m > [22mdropdown becomes role=listbox when opened, items become role=option[32m 83[2mms[22m[39m
 [32mΓ£ô[39m src/components/__tests__/AllPickers.shared.test.tsx[2m > [22m'ClientPicker' (shared picker invariants)[2m > [22mrenders a combobox input with proper ARIA[32m 97[2mms[22m[39m
 [32mΓ£ô[39m src/components/__tests__/AllPickers.shared.test.tsx[2m > [22m'ClientPicker' (shared picker invariants)[2m > [22mself-heals: when value is set but no displayValue, the picker fills the input from the loaded list[32m 82[2mms[22m[39m
 [32mΓ£ô[39m src/components/__tests__/AllPickers.shared.test.tsx[2m > [22m'ClientPicker' (shared picker invariants)[2m > [22mexposes a clear button that resets the selection[32m 29[2mms[22m[39m
 [32mΓ£ô[39m src/components/__tests__/AllPickers.shared.test.tsx[2m > [22m'ClientPicker' (shared picker invariants)[2m > [22mdropdown becomes role=listbox when opened, items become role=option[32m 140[2mms[22m[39m
 [32mΓ£ô[39m src/components/__tests__/AllPickers.shared.test.tsx[2m > [22m'ContractPicker' (shared picker invariants)[2m > [22mrenders a combobox input with proper ARIA[32m 86[2mms[22m[39m
 [32mΓ£ô[39m src/components/__tests__/AllPickers.shared.test.tsx[2m > [22m'ContractPicker' (shared picker invariants)[2m > [22mself-heals: when value is set but no displayValue, the picker fills the input from the loaded list[32m 84[2mms[22m[39m
 [32mΓ£ô[39m src/components/__tests__/AllPickers.shared.test.tsx[2m > [22m'ContractPicker' (shared picker invariants)[2m > [22mexposes a clear button that resets the selection[32m 48[2mms[22m[39m
 [32mΓ£ô[39m src/components/__tests__/AllPickers.shared.test.tsx[2m > [22m'ContractPicker' (shared picker invariants)[2m > [22mdropdown becomes role=listbox when opened, items become role=option[32m 80[2mms[22m[39m
 [32mΓ£ô[39m src/components/__tests__/AllPickers.shared.test.tsx[2m > [22m'ArrestPicker' (shared picker invariants)[2m > [22mrenders a combobox input with proper ARIA[32m 133[2mms[22m[39m
 [32mΓ£ô[39m src/components/__tests__/AllPickers.shared.test.tsx[2m > [22m'ArrestPicker' (shared picker invariants)[2m > [22mself-heals: when value is set but no displayValue, the picker fills the input from the loaded list[32m 77[2mms[22m[39m
 [32mΓ£ô[39m src/components/__tests__/AllPickers.shared.test.tsx[2m > [22m'ArrestPicker' (shared picker invariants)[2m > [22mexposes a clear button that resets the selection[32m 42[2mms[22m[39m
 [32mΓ£ô[39m src/components/__tests__/AllPickers.shared.test.tsx[2m > [22m'ArrestPicker' (shared picker invariants)[2m > [22mdropdown becomes role=listbox when opened, items become role=option[32m 101[2mms[22m[39m
 [32mΓ£ô[39m src/pages/admin/__tests__/AdminGodModeTab.forceClose.test.tsx[2m > [22mAdminGodModeTab ΓÇö Force Close ALL Open Calls[2m > [22mposts to the real dispatch handler with the chosen disposition[33m 1918[2mms[22m[39m
 [32mΓ£ô[39m src/pages/admin/__tests__/AdminRadioSettings.test.tsx[2m > [22mAdminRadioSettings[2m > [22mrenders dropdowns from the server-provided options (single source of truth)[33m 1471[2mms[22m[39m
[90mstderr[2m | src/pages/fleet/v2/__tests__/InsightsRoute.test.tsx[2m > [22m[2m<InsightsRoute>[2m > 
[22m[2mrenders the section header + period chips
[22m[39mAn update to KpiRibbonFleetIo inside a test was not wrapped in act(...).

When testing, code that causes React state updates should be wrapped into act(...):

act(() => {
  /* fire events that update state */
});
/* assert on the output */

This ensures that you're testing the behavior the user would see in the browser. Learn more at 
https://react.dev/link/wrap-tests-with-act
An update to FleetMapCard inside a test was not wrapped in act(...).

When testing, code that causes React state updates should be wrapped into act(...):

act(() => {
  /* fire events that update state */
});
/* assert on the output */

This ensures that you're testing the behavior the user would see in the browser. Learn more at 
https://react.dev/link/wrap-tests-with-act
An update to FleetMapCard inside a test was not wrapped in act(...).

When testing, code that causes React state updates should be wrapped into act(...):

act(() => {
  /* fire events that update state */
});
/* assert on the output */

This ensures that you're testing the behavior the user would see in the browser. Learn more at 
https://react.dev/link/wrap-tests-with-act
An update to ReadinessCard inside a test was not wrapped in act(...).

When testing, code that causes React state updates should be wrapped into act(...):

act(() => {
  /* fire events that update state */
});
/* assert on the output */

This ensures that you're testing the behavior the user would see in the browser. Learn more at 
https://react.dev/link/wrap-tests-with-act
An update to CallsPerGallonCard inside a test was not wrapped in act(...).

When testing, code that causes React state updates should be wrapped into act(...):

act(() => {
  /* fire events that update state */
});
/* assert on the output */

This ensures that you're testing the behavior the user would see in the browser. Learn more at 
https://react.dev/link/wrap-tests-with-act
An update to MpgByOfficerScatterCard inside a test was not wrapped in act(...).

When testing, code that causes React state updates should be wrapped into act(...):

act(() => {
  /* fire events that update state */
});
/* assert on the output */

This ensures that you're testing the behavior the user would see in the browser. Learn more at 
https://react.dev/link/wrap-tests-with-act
An update to CostPerMileStackCard inside a test was not wrapped in act(...).

When testing, code that causes React state updates should be wrapped into act(...):

act(() => {
  /* fire events that update state */
});
/* assert on the output */

This ensures that you're testing the behavior the user would see in the browser. Learn more at 
https://react.dev/link/wrap-tests-with-act
An update to FuelAnomaliesCard inside a test was not wrapped in act(...).

When testing, code that causes React state updates should be wrapped into act(...):

act(() => {
  /* fire events that update state */
});
/* assert on the output */

This ensures that you're testing the behavior the user would see in the browser. Learn more at 
https://react.dev/link/wrap-tests-with-act
An update to PmUpcomingCard inside a test was not wrapped in act(...).

When testing, code that causes React state updates should be wrapped into act(...):

act(() => {
  /* fire events that update state */
});
/* assert on the output */

This ensures that you're testing the behavior the user would see in the browser. Learn more at 
https://react.dev/link/wrap-tests-with-act
An update to WorkOrderFlowCard inside a test was not wrapped in act(...).

When testing, code that causes React state updates should be wrapped into act(...):

act(() => {
  /* fire events that update state */
});
/* assert on the output */

This ensures that you're testing the behavior the user would see in the browser. Learn more at 
https://react.dev/link/wrap-tests-with-act
An update to PmTimelineCard inside a test was not wrapped in act(...).

When testing, code that causes React state updates should be wrapped into act(...):

act(() => {
  /* fire events that update state */
});
/* assert on the output */

This ensures that you're testing the behavior the user would see in the browser. Learn more at 
https://react.dev/link/wrap-tests-with-act

 [32mΓ£ô[39m src/pages/admin/__tests__/AdminGodModeTab.forceClose.test.tsx[2m > [22mAdminGodModeTab ΓÇö Force Close ALL Open Calls[2m > [22msurfaces the closed count from the server response[33m 921[2mms[22m[39m
 [32mΓ£ô[39m src/pages/admin/__tests__/AdminRadioSettings.test.tsx[2m > [22mAdminRadioSettings[2m > [22msaves via PUT /radio/settings with the current settings[33m 1472[2mms[22m[39m
 [32mΓ£ô[39m src/pages/fleet/v2/__tests__/InsightsRoute.test.tsx[2m > [22m<InsightsRoute>[2m > [22mrenders the section header + period chips[33m 1681[2mms[22m[39m
 [32mΓ£ô[39m src/pages/fleet/v2/__tests__/InsightsRoute.test.tsx[2m > [22m<InsightsRoute>[2m > [22mrenders the KPI ribbon with values from /fleet-viz/kpi[33m 344[2mms[22m[39m
 [32mΓ£ô[39m src/pages/fleet/v2/__tests__/InsightsRoute.test.tsx[2m > [22m<InsightsRoute>[2m > [22mrenders the readiness board with vehicle rows[32m 194[2mms[22m[39m
 [32mΓ£ô[39m src/pages/fleet/v2/__tests__/InsightsRoute.test.tsx[2m > [22m<InsightsRoute>[2m > [22mrenders the new V2/V5/V8 cards (PR 9b)[32m 222[2mms[22m[39m
 [32mΓ£ô[39m src/pages/fleet/v2/__tests__/InsightsRoute.test.tsx[2m > [22m<InsightsRoute>[2m > [22mrenders the Fleet Map card (PR 8c) with the readiness summary[32m 101[2mms[22m[39m
 [32mΓ£ô[39m src/pages/fleet/v2/__tests__/InsightsRoute.test.tsx[2m > [22m<InsightsRoute>[2m > [22mpersists the selected period to localStorage (saved view, PR 9b)[32m 3[2mms[22m[39m
 [32mΓ£ô[39m src/pages/fleet/v2/__tests__/InsightsRoute.test.tsx[2m > [22m<InsightsRoute>[2m > [22mscopes the saved period per user and migrates from the shared key[32m 2[2mms[22m[39m
 [32mΓ£ô[39m src/pages/fleet/v2/__tests__/InsightsRoute.test.tsx[2m > [22m<InsightsRoute>[2m > [22mrenders the new V3/V4/V6 cards (PR 8b)[32m 98[2mms[22m[39m
 [32mΓ£ô[39m src/pages/fleet/v2/__tests__/InsightsRoute.test.tsx[2m > [22m<InsightsRoute>[2m > [22mrenders the calls-per-gallon moat with officer rows ranked by ratio[32m 124[2mms[22m[39m
 [32mΓ£ô[39m src/components/__tests__/Combobox.test.tsx[2m > [22mCombobox (sync)[2m > [22mrenders the current value label in the input[32m 120[2mms[22m[39m
 [32mΓ£ô[39m src/components/__tests__/Combobox.test.tsx[2m > [22mCombobox (sync)[2m > [22mopens dropdown and filters by typed query (case-insensitive)[33m 628[2mms[22m[39m
 [32mΓ£ô[39m src/components/__tests__/Combobox.test.tsx[2m > [22mCombobox (sync)[2m > [22mcalls onChange with selected option on click[32m 144[2mms[22m[39m
 [32mΓ£ô[39m src/components/__tests__/Combobox.test.tsx[2m > [22mCombobox (sync)[2m > [22mclears value when user empties the input and blurs[32m 101[2mms[22m[39m
 [32mΓ£ô[39m src/components/__tests__/Combobox.test.tsx[2m > [22mCombobox (async fetcher)[2m > [22mcalls fetcher with debounced query and renders results[33m 401[2mms[22m[39m
 [32mΓ£ô[39m src/components/__tests__/Combobox.test.tsx[2m > [22mCombobox (async fetcher)[2m > [22mdoes not call fetcher when query shorter than minQueryLength[33m 511[2mms[22m[39m
 [32mΓ£ô[39m src/components/__tests__/Combobox.test.tsx[2m > [22mCombobox (keyboard nav)[2m > [22mArrowDown moves highlight, Enter selects[32m 127[2mms[22m[39m
 [32mΓ£ô[39m src/components/__tests__/Combobox.test.tsx[2m > [22mCombobox (keyboard nav)[2m > [22mEscape closes the dropdown[32m 177[2mms[22m[39m
 [32mΓ£ô[39m src/pages/fleet/v2/__tests__/Sidebar.test.tsx[2m > [22mSIDEBAR_SECTIONS config[2m > [22mhas 16 items: 11 Fleet.io-mirrored + 5 RMPG-only[32m 7[2mms[22m[39m
 [32mΓ£ô[39m src/pages/fleet/v2/__tests__/Sidebar.test.tsx[2m > [22mSIDEBAR_SECTIONS config[2m > [22mhas 3 empty sections (issues / documents / parts) ΓÇö work-orders graduated in PR 5b[32m 3[2mms[22m[39m
 [32mΓ£ô[39m src/pages/fleet/v2/__tests__/Sidebar.test.tsx[2m > [22mSIDEBAR_SECTIONS config[2m > [22mevery section has a unique id and a route path under /fleet/v2[32m 2[2mms[22m[39m
 [32mΓ£ô[39m src/pages/fleet/v2/__tests__/Sidebar.test.tsx[2m > [22m<Sidebar>[2m > [22mrenders all 16 section labels[33m 566[2mms[22m[39m
 [32mΓ£ô[39m src/pages/fleet/v2/__tests__/VehiclesListRoute.test.tsx[2m > [22m<VehiclesListRoute>[2m > [22mfetches /api/fleet and renders seeded rows[33m 418[2mms[22m[39m
 [32mΓ£ô[39m src/components/AssessorSuggestionPanel.test.tsx[2m > [22mAssessorSuggestionPanel[2m > [22mrenders nothing when parcels is null[32m 61[2mms[22m[39m
 [32mΓ£ô[39m src/components/AssessorSuggestionPanel.test.tsx[2m > [22mAssessorSuggestionPanel[2m > [22mrenders nothing when parcels is empty[32m 8[2mms[22m[39m
 [32mΓ£ô[39m src/pages/fleet/v2/__tests__/VehiclesListRoute.test.tsx[2m > [22m<VehiclesListRoute>[2m > [22msearch input filters by name (client-side prefilter)[32m 127[2mms[22m[39m
 [32mΓ£ô[39m src/components/AssessorSuggestionPanel.test.tsx[2m > [22mAssessorSuggestionPanel[2m > [22msingle parcel auto-selects, Apply enabled[33m 1193[2mms[22m[39m
 [32mΓ£ô[39m src/pages/fleet/v2/__tests__/Sidebar.test.tsx[2m > [22m<Sidebar>[2m > [22mrenders the gold RMPG ONLY divider[32m 134[2mms[22m[39m
 [32mΓ£ô[39m src/components/AssessorSuggestionPanel.test.tsx[2m > [22mAssessorSuggestionPanel[2m > [22mmulti parcel requires pick before Apply[33m 444[2mms[22m[39m
 [32mΓ£ô[39m src/components/AssessorSuggestionPanel.test.tsx[2m > [22mAssessorSuggestionPanel[2m > [22mdismiss closes panel[32m 190[2mms[22m[39m
 [32mΓ£ô[39m src/pages/fleet/v2/__tests__/VehiclesListRoute.test.tsx[2m > [22m<VehiclesListRoute>[2m > [22mtoggles between card and table view[33m 1277[2mms[22m[39m
 [32mΓ£ô[39m src/components/AssessorSuggestionPanel.test.tsx[2m > [22mAssessorSuggestionPanel[2m > [22mno-match panel shows manual search link when code=no_match[32m 164[2mms[22m[39m
 [32mΓ£ô[39m src/components/AssessorSuggestionPanel.test.tsx[2m > [22mAssessorSuggestionPanel[2m > [22merror state shows retry button when onRetry provided[32m 134[2mms[22m[39m
 [32mΓ£ô[39m src/components/AssessorSuggestionPanel.test.tsx[2m > [22mAssessorSuggestionPanel[2m > [22mdegraded picker shows stale-data warning[32m 29[2mms[22m[39m
 [32mΓ£ô[39m src/pages/fleet/v2/__tests__/Sidebar.test.tsx[2m > [22m<Sidebar>[2m > [22mmarks empty sections with "coming soon" in the accessible label[33m 1665[2mms[22m[39m
 [32mΓ£ô[39m src/pages/fleet/v2/__tests__/VehiclesListRoute.test.tsx[2m > [22m<VehiclesListRoute>[2m > [22mvehicle link goes to /fleet/v2/vehicles/:id[33m 527[2mms[22m[39m
 [32mΓ£ô[39m src/pages/fleet/v2/__tests__/Sidebar.test.tsx[2m > [22m<Sidebar>[2m > [22mmarks RMPG-only sections with "(RMPG only)" in the accessible label[33m 664[2mms[22m[39m
 [32mΓ£ô[39m src/pages/fleet/v2/__tests__/VehiclesListRoute.test.tsx[2m > [22m<VehiclesListRoute>[2m > [22mthe "New Vehicle" header button opens the modal (was previously a dead button)[33m 441[2mms[22m[39m
 [32mΓ£ô[39m src/components/spillman/__tests__/SpillmanStatusGrid.test.tsx[2m > [22mSpillmanStatusGrid[2m > [22mrenders title, badge, a header per column and a row per item[33m 815[2mms[22m[39m
 [32mΓ£ô[39m src/components/spillman/__tests__/SpillmanStatusGrid.test.tsx[2m > [22mSpillmanStatusGrid[2m > [22mfires onSelect on row click and onActivate on double-click[32m 84[2mms[22m[39m
 [32mΓ£ô[39m src/components/spillman/__tests__/SpillmanStatusGrid.test.tsx[2m > [22mSpillmanStatusGrid[2m > [22mfires onSort when a header is clicked[32m 32[2mms[22m[39m
 [32mΓ£ô[39m src/pages/mobile/cards/__tests__/ShiftCard.test.tsx[2m > [22mShiftCard (smoke)[2m > [22mmodule loads[33m 471[2mms[22m[39m
 [32mΓ£ô[39m src/pages/mobile/cards/__tests__/ShiftCard.test.tsx[2m > [22mShiftCard ΓÇö integrated Start/End Shift[2m > [22mshows Start Shift when off duty[33m 873[2mms[22m[39m
 [32mΓ£ô[39m src/components/spillman/__tests__/SpillmanStatusGrid.test.tsx[2m > [22mSpillmanStatusGrid[2m > [22mapplies rowColor as inline text color[32m 188[2mms[22m[39m
 [32mΓ£ô[39m src/pages/mobile/cards/__tests__/ShiftCard.test.tsx[2m > [22mShiftCard ΓÇö integrated Start/End Shift[2m > [22mshows End Shift + unit + vehicle when on duty[32m 135[2mms[22m[39m
 [32mΓ£ô[39m src/components/spillman/__tests__/SpillmanStatusGrid.test.tsx[2m > [22mSpillmanStatusGrid[2m > [22msorts rows when sortKey is provided[33m 408[2mms[22m[39m
 [32mΓ£ô[39m src/components/spillman/__tests__/SpillmanStatusGrid.test.tsx[2m > [22mSpillmanStatusGrid[2m > [22mrow is draggable when onDragStartRow is provided[32m 16[2mms[22m[39m
 [32mΓ£ô[39m src/components/spillman/__tests__/SpillmanStatusGrid.test.tsx[2m > [22mSpillmanStatusGrid[2m > [22mfires onDragStartRow with the row on dragstart[32m 25[2mms[22m[39m
 [32mΓ£ô[39m src/components/spillman/__tests__/SpillmanStatusGrid.test.tsx[2m > [22mSpillmanStatusGrid[2m > [22mfires onDropRow with the row on drop[32m 12[2mms[22m[39m
 [32mΓ£ô[39m src/components/spillman/__tests__/SpillmanStatusGrid.test.tsx[2m > [22mSpillmanStatusGrid[2m > [22mrow is NOT draggable when onDragStartRow is omitted[32m 13[2mms[22m[39m
 [32mΓ£ô[39m src/pages/mobile/cards/__tests__/ShiftCard.test.tsx[2m > [22mShiftCard ΓÇö integrated Start/End Shift[2m > [22mauto-resolves the take-home vehicle and routes through the starting-mileage prompt[32m 173[2mms[22m[39m
 [32mΓ£ô[39m src/pages/mobile/cards/__tests__/ShiftCard.test.tsx[2m > [22mShiftCard ΓÇö integrated Start/End Shift[2m > [22mprompts for a vehicle when no take-home is set[32m 146[2mms[22m[39m
[90mstderr[2m | src/pages/fleet/v2/__tests__/FleetShell.test.tsx[2m > [22m[2m<FleetShell>[2m > [22m[2mrenders 
sidebar at 1440x900 (desktop)
[22m[39mAn update to KpiRibbon inside a test was not wrapped in act(...).

When testing, code that causes React state updates should be wrapped into act(...):

act(() => {
  /* fire events that update state */
});
/* assert on the output */

This ensures that you're testing the behavior the user would see in the browser. Learn more at 
https://react.dev/link/wrap-tests-with-act

 [32mΓ£ô[39m src/pages/fleet/v2/__tests__/FleetShell.test.tsx[2m > [22m<FleetShell>[2m > [22mrenders sidebar at 1440x900 (desktop)[33m 344[2mms[22m[39m
[90mstderr[2m | src/pages/fleet/v2/__tests__/FleetShell.test.tsx[2m > [22m[2m<FleetShell>[2m > [22m[2mrenders 
the mobile menu button at 375x667
[22m[39mAn update to KpiRibbon inside a test was not wrapped in act(...).

When testing, code that causes React state updates should be wrapped into act(...):

act(() => {
  /* fire events that update state */
});
/* assert on the output */

This ensures that you're testing the behavior the user would see in the browser. Learn more at 
https://react.dev/link/wrap-tests-with-act

 [32mΓ£ô[39m src/utils/__tests__/voiceAlerts.terseness.test.ts[2m > [22mvoiceAlerts honors terseness[2m > [22mterse mode produces a short spoken line with P# shorthand[33m 567[2mms[22m[39m
 [32mΓ£ô[39m src/pages/fleet/v2/__tests__/FleetShell.test.tsx[2m > [22m<FleetShell>[2m > [22mrenders the mobile menu button at 375x667[33m 614[2mms[22m[39m
[90mstderr[2m | src/pages/fleet/v2/__tests__/FleetShell.test.tsx[2m > [22m[2m<FleetShell>[2m > [22m[2mrenders 
the Dashboard child route by default
[22m[39mAn update to KpiRibbon inside a test was not wrapped in act(...).

When testing, code that causes React state updates should be wrapped into act(...):

act(() => {
  /* fire events that update state */
});
/* assert on the output */

This ensures that you're testing the behavior the user would see in the browser. Learn more at 
https://react.dev/link/wrap-tests-with-act

 [32mΓ£ô[39m src/pages/fleet/v2/__tests__/FleetShell.test.tsx[2m > [22m<FleetShell>[2m > [22mrenders the Dashboard child route by default[33m 436[2mms[22m[39m
[90mstderr[2m | src/pages/fleet/v2/__tests__/FleetShell.test.tsx[2m > [22m[2m<FleetShell>[2m > [22m[2mmounts 
the noindex meta tag (V2_SOAK_ACTIVE=true)
[22m[39mAn update to KpiRibbon inside a test was not wrapped in act(...).

When testing, code that causes React state updates should be wrapped into act(...):

act(() => {
  /* fire events that update state */
});
/* assert on the output */

This ensures that you're testing the behavior the user would see in the browser. Learn more at 
https://react.dev/link/wrap-tests-with-act

 [32mΓ£ô[39m src/pages/fleet/v2/__tests__/FleetShell.test.tsx[2m > [22m<FleetShell>[2m > [22mmounts the noindex meta tag (V2_SOAK_ACTIVE=true)[32m 117[2mms[22m[39m
 [32mΓ£ô[39m src/utils/__tests__/voiceAlerts.terseness.test.ts[2m > [22mvoiceAlerts honors terseness[2m > [22mnarrative mode produces a richer "New call / priority one" line[33m 468[2mms[22m[39m
 [32mΓ£ô[39m src/utils/__tests__/voiceAlerts.terseness.test.ts[2m > [22mvoiceAlerts honors terseness[2m > [22mstandard mode keeps the existing multi-phrase cadence[33m 457[2mms[22m[39m
 [32mΓ£ô[39m src/pages/fleet/v2/__tests__/DashboardRoute.test.tsx[2m > [22m<DashboardRoute>[2m > [22mrenders the section header "Dashboard"[33m 1007[2mms[22m[39m
 [32mΓ£ô[39m src/pages/fleet/v2/__tests__/DashboardRoute.test.tsx[2m > [22m<DashboardRoute>[2m > [22mrenders the KPI ribbon[32m 63[2mms[22m[39m
 [32mΓ£ô[39m src/pages/fleet/v2/__tests__/DashboardRoute.test.tsx[2m > [22m<DashboardRoute>[2m > [22mrenders 3 cards: Upcoming Service, Recent Fuel, Inspection Issues[32m 284[2mms[22m[39m
 [32mΓ£ô[39m src/pages/fleet/v2/__tests__/DashboardRoute.test.tsx[2m > [22m<DashboardRoute>[2m > [22meach card has a "View all" link to its full section[32m 264[2mms[22m[39m
 [32mΓ£ô[39m src/components/__tests__/ViolationStack.test.tsx[2m > [22mViolationStack[2m > [22mrenders one card per draft[32m 210[2mms[22m[39m
 [32mΓ£ô[39m src/components/__tests__/ViolationStack.test.tsx[2m > [22mViolationStack[2m > [22m"+ Add Violation" appends a new empty card[33m 788[2mms[22m[39m
 [32mΓ£ô[39m src/components/__tests__/ViolationStack.test.tsx[2m > [22mViolationStack[2m > [22m"Remove" deletes the targeted card[32m 228[2mms[22m[39m
 [32mΓ£ô[39m src/components/__tests__/ViolationStack.test.tsx[2m > [22mViolationStack[2m > [22mrenders running total of fine amounts[32m 27[2mms[22m[39m
 [32mΓ£ô[39m src/components/__tests__/ViolationStack.test.tsx[2m > [22mViolationStack[2m > [22mtyping in description input fires onChange with patched draft[32m 19[2mms[22m[39m
 [32mΓ£ô[39m src/components/__tests__/ViolationStack.test.tsx[2m > [22mViolationStack[2m > [22mselecting a statute applies auto-fill via applyStatuteAutofill[33m 318[2mms[22m[39m
 [32mΓ£ô[39m src/pages/mobile/cards/__tests__/QuickActionsCard.test.tsx[2m > [22mQuickActionsCard (smoke)[2m > [22mmodule loads[33m 366[2mms[22m[39m
 [32mΓ£ô[39m src/pages/mobile/cards/__tests__/QuickActionsCard.test.tsx[2m > [22mQuickActionsCard[2m > [22mnavigates on each button click[33m 1202[2mms[22m[39m
Not implemented: HTMLCanvasElement's getContext() method: without installing the canvas npm package
 [32mΓ£ô[39m src/utils/__tests__/pdfGenerator.smoke.test.ts[2m > [22mpdfGenerator smoke tests[2m > [22mgenerates a incident report from minimal data[33m 374[2mms[22m[39m
Not implemented: HTMLCanvasElement's getContext() method: without installing the canvas npm package
 [32mΓ£ô[39m src/utils/__tests__/pdfGenerator.smoke.test.ts[2m > [22mpdfGenerator smoke tests[2m > [22mgenerates a trespass report from minimal data[32m 117[2mms[22m[39m
Not implemented: HTMLCanvasElement's getContext() method: without installing the canvas npm package
 [32mΓ£ô[39m src/utils/__tests__/pdfGenerator.smoke.test.ts[2m > [22mpdfGenerator smoke tests[2m > [22mgenerates a accident report from minimal data[32m 105[2mms[22m[39m
Not implemented: HTMLCanvasElement's getContext() method: without installing the canvas npm package
 [32mΓ£ô[39m src/utils/__tests__/pdfGenerator.smoke.test.ts[2m > [22mpdfGenerator smoke tests[2m > [22mgenerates a medical report from minimal data[32m 125[2mms[22m[39m
Not implemented: HTMLCanvasElement's getContext() method: without installing the canvas npm package
 [32mΓ£ô[39m src/utils/__tests__/pdfGenerator.smoke.test.ts[2m > [22mpdfGenerator smoke tests[2m > [22mgenerates a use_of_force report from minimal data[32m 135[2mms[22m[39m
Not implemented: HTMLCanvasElement's getContext() method: without installing the canvas npm package
 [32mΓ£ô[39m src/utils/__tests__/pdfGenerator.smoke.test.ts[2m > [22mpdfGenerator smoke tests[2m > [22mgenerates a daily_activity report from minimal data[32m 117[2mms[22m[39m
Not implemented: HTMLCanvasElement's getContext() method: without installing the canvas npm package
 [32mΓ£ô[39m src/utils/__tests__/pdfGenerator.smoke.test.ts[2m > [22mpdfGenerator smoke tests[2m > [22mgenerates a arrest report from minimal data[32m 129[2mms[22m[39m
Not implemented: HTMLCanvasElement's getContext() method: without installing the canvas npm package
 [32mΓ£ô[39m src/utils/__tests__/pdfGenerator.smoke.test.ts[2m > [22mpdfGenerator smoke tests[2m > [22mgenerates a process_service report from minimal data[32m 131[2mms[22m[39m
Not implemented: HTMLCanvasElement's getContext() method: without installing the canvas npm package
 [32mΓ£ô[39m src/utils/__tests__/pdfGenerator.smoke.test.ts[2m > [22mpdfGenerator smoke tests[2m > [22mgenerates a report with populated optional fields without throwing[32m 115[2mms[22m[39m
[90mstderr[2m | src/pages/fleet/v2/__tests__/WorkOrdersRoute.test.tsx[2m > [22m[2m<WorkOrdersRoute>[2m > 
[22m[2mrenders the New Work Order button and opens the modal on click
[22m[39mAn update to VmrsPicker inside a test was not wrapped in act(...).

When testing, code that causes React state updates should be wrapped into act(...):

act(() => {
  /* fire events that update state */
});
/* assert on the output */

This ensures that you're testing the behavior the user would see in the browser. Learn more at 
https://react.dev/link/wrap-tests-with-act
An update to VmrsPicker inside a test was not wrapped in act(...).

When testing, code that causes React state updates should be wrapped into act(...):

act(() => {
  /* fire events that update state */
});
/* assert on the output */

This ensures that you're testing the behavior the user would see in the browser. Learn more at 
https://react.dev/link/wrap-tests-with-act
An update to VmrsPicker inside a test was not wrapped in act(...).

When testing, code that causes React state updates should be wrapped into act(...):

act(() => {
  /* fire events that update state */
});
/* assert on the output */

This ensures that you're testing the behavior the user would see in the browser. Learn more at 
https://react.dev/link/wrap-tests-with-act

 [32mΓ£ô[39m src/pages/fleet/v2/__tests__/WorkOrdersRoute.test.tsx[2m > [22m<WorkOrdersRoute>[2m > [22mfetches /api/work-orders and renders the rows with status badges[33m 466[2mms[22m[39m
[90mstderr[2m | src/pages/fleet/v2/__tests__/WorkOrdersRoute.test.tsx[2m > [22m[2m<WorkOrdersRoute>[2m > 
[22m[2mrenders the New Work Order button and opens the modal on click
[22m[39mAn update to VmrsPicker inside a test was not wrapped in act(...).

When testing, code that causes React state updates should be wrapped into act(...):

act(() => {
  /* fire events that update state */
});
/* assert on the output */

This ensures that you're testing the behavior the user would see in the browser. Learn more at 
https://react.dev/link/wrap-tests-with-act

 [32mΓ£ô[39m src/pages/fleet/v2/__tests__/WorkOrdersRoute.test.tsx[2m > [22m<WorkOrdersRoute>[2m > [22mrenders the New Work Order button and opens the modal on click[33m 915[2mms[22m[39m
 [32mΓ£ô[39m src/pages/fleet/v2/__tests__/WorkOrdersRoute.test.tsx[2m > [22m<WorkOrdersRoute>[2m > [22mshows the empty state when no work orders exist[32m 85[2mms[22m[39m
[90mstderr[2m | src/pages/fleet/v2/__tests__/WorkOrdersRoute.test.tsx[2m > [22m[2m<WorkOrdersRoute>[2m > 
[22m[2mfilter dropdown is wired and updates its visible value
[22m[39mAn update to WorkOrdersRoute inside a test was not wrapped in act(...).

When testing, code that causes React state updates should be wrapped into act(...):

act(() => {
  /* fire events that update state */
});
/* assert on the output */

This ensures that you're testing the behavior the user would see in the browser. Learn more at 
https://react.dev/link/wrap-tests-with-act
An update to WorkOrdersRoute inside a test was not wrapped in act(...).

When testing, code that causes React state updates should be wrapped into act(...):

act(() => {
  /* fire events that update state */
});
/* assert on the output */

This ensures that you're testing the behavior the user would see in the browser. Learn more at 
https://react.dev/link/wrap-tests-with-act

 [32mΓ£ô[39m src/pages/fleet/v2/__tests__/WorkOrdersRoute.test.tsx[2m > [22m<WorkOrdersRoute>[2m > [22mfilter dropdown is wired and updates its visible value[32m 61[2mms[22m[39m
 [32mΓ£ô[39m src/components/__tests__/CitationPdfPreview.test.tsx[2m > [22mCitationPdfPreview[2m > [22mrenders nothing visible in modal mode until Preview button clicked[32m 102[2mms[22m[39m
 [32mΓ£ô[39m src/components/__tests__/CitationPdfPreview.test.tsx[2m > [22mCitationPdfPreview[2m > [22mPreview button opens modal iframe[33m 732[2mms[22m[39m
 [32mΓ£ô[39m src/components/__tests__/CitationPdfPreview.test.tsx[2m > [22mCitationPdfPreview[2m > [22mside mode renders iframe inline (always visible)[32m 33[2mms[22m[39m
 [32mΓ£ô[39m src/components/__tests__/CitationPdfPreview.test.tsx[2m > [22mCitationPdfPreview[2m > [22mmode toggle buttons call onModeChange[32m 247[2mms[22m[39m
 [32mΓ£ô[39m src/components/spillman/__tests__/SpillmanMenuBar.test.tsx[2m > [22mSpillmanMenuBar (generic)[2m > [22mrenders only menus that have at least one actionable item[32m 175[2mms[22m[39m
 [32mΓ£ô[39m src/components/spillman/__tests__/SpillmanMenuBar.test.tsx[2m > [22mSpillmanMenuBar (generic)[2m > [22mopens a dropdown and fires the item handler, then closes[33m 604[2mms[22m[39m
 [32mΓ£ô[39m src/components/spillman/__tests__/SpillmanMenuBar.test.tsx[2m > [22mSpillmanMenuBar (generic)[2m > [22mdismisses open menu on Escape keydown[32m 195[2mms[22m[39m
 [32mΓ£ô[39m src/components/spillman/__tests__/SpillmanMenuBar.test.tsx[2m > [22mSpillmanMenuBar (generic)[2m > [22mdismisses open menu on click outside[32m 154[2mms[22m[39m
 [32mΓ£ô[39m tests/fleet-v2-reuse/VehicleFormModal.contract.test.tsx[2m > [22mVehicleFormModal ΓÇö contract test (reused by /fleet/v2)[2m > [22mmounts inside MemoryRouter without throwing when closed[32m 99[2mms[22m[39m
 [32mΓ£ô[39m tests/fleet-v2-reuse/VehicleFormModal.contract.test.tsx[2m > [22mVehicleFormModal ΓÇö contract test (reused by /fleet/v2)[2m > [22mmounts open inside MemoryRouter; onClose fires when the close affordance is clicked[33m 1383[2mms[22m[39m
 [32mΓ£ô[39m src/pages/dashboard/__tests__/DashboardViewSelector.test.tsx[2m > [22mDashboardViewSelector[2m > [22mrenders nothing when the user cannot switch[32m 58[2mms[22m[39m
 [32mΓ£ô[39m src/pages/admin/__tests__/AdminInspectionTemplatesTab.test.tsx[2m > [22m<AdminInspectionTemplatesTab>[2m > [22mfetches /inspection-templates and renders the template list[32m 285[2mms[22m[39m
 [32mΓ£ô[39m src/pages/admin/__tests__/AdminInspectionTemplatesTab.test.tsx[2m > [22m<AdminInspectionTemplatesTab>[2m > [22mshows empty state when no templates exist[32m 28[2mms[22m[39m
 [32mΓ£ô[39m src/pages/admin/__tests__/AdminInspectionTemplatesTab.test.tsx[2m > [22m<AdminInspectionTemplatesTab>[2m > [22mopens the New Template modal on button click[33m 1081[2mms[22m[39m
 [32mΓ£ô[39m src/pages/dashboard/__tests__/DashboardViewSelector.test.tsx[2m > [22mDashboardViewSelector[2m > [22mrenders all three view buttons when switching is allowed[33m 790[2mms[22m[39m
 [32mΓ£ô[39m src/pages/dashboard/__tests__/DashboardViewSelector.test.tsx[2m > [22mDashboardViewSelector[2m > [22mmarks the active view with aria-pressed[32m 179[2mms[22m[39m
 [32mΓ£ô[39m src/pages/dashboard/__tests__/DashboardViewSelector.test.tsx[2m > [22mDashboardViewSelector[2m > [22mcalls onChange with the clicked view[32m 201[2mms[22m[39m
 [32mΓ£ô[39m src/pages/records/spillman/__tests__/SpillmanFormTabs.test.tsx[2m > [22mSpillmanFormTabs[2m > [22mrenders a tab for every section when all anchors are present[33m 685[2mms[22m[39m
 [32mΓ£ô[39m src/pages/records/spillman/__tests__/SpillmanFormTabs.test.tsx[2m > [22mSpillmanFormTabs[2m > [22mprunes tabs whose section did not render in the detail panel[32m 115[2mms[22m[39m
 [32mΓ£ô[39m src/pages/records/spillman/__tests__/SpillmanFormTabs.test.tsx[2m > [22mSpillmanFormTabs[2m > [22mfalls back to the full list when no anchors are present at all[32m 131[2mms[22m[39m
 [32mΓ£ô[39m src/pages/records/spillman/__tests__/SpillmanFormTabs.test.tsx[2m > [22mSpillmanFormTabs[2m > [22mrenders nothing when there are no sections[32m 6[2mms[22m[39m
 [32mΓ£ô[39m src/components/__tests__/ConnectionsGraphPanel.test.tsx[2m > [22mConnectionsGraphPanel[2m > [22mcalls /connections/graph with the person id[32m 292[2mms[22m[39m
 [32mΓ£ô[39m src/components/__tests__/ConnectionsGraphPanel.test.tsx[2m > [22mConnectionsGraphPanel[2m > [22mrenders warrant node with distinct color[33m 727[2mms[22m[39m
 [32mΓ£ô[39m src/components/__tests__/CommitDropdown.test.tsx[2m > [22mCommitDropdown[2m > [22mshows the primary action label on the main button[32m 112[2mms[22m[39m
 [32mΓ£ô[39m src/components/__tests__/CommitDropdown.test.tsx[2m > [22mCommitDropdown[2m > [22mfires onSelect with the primary action when main button is clicked[33m 658[2mms[22m[39m
 [32mΓ£ô[39m src/components/__tests__/CommitDropdown.test.tsx[2m > [22mCommitDropdown[2m > [22mopens the menu and fires onSelect for secondary actions[32m 266[2mms[22m[39m
 [32mΓ£ô[39m src/pages/fleet/v2/shell/__tests__/LegacyActionLink.test.tsx[2m > [22m<LegacyActionLink>[2m > [22mrenders an anchor pointing at the legacy path[33m 704[2mms[22m[39m
 [32mΓ£ô[39m src/pages/fleet/v2/shell/__tests__/LegacyActionLink.test.tsx[2m > [22m<LegacyActionLink>[2m > [22mopens in a new tab with safe rel attributes[32m 111[2mms[22m[39m
 [32mΓ£ô[39m src/pages/fleet/v2/shell/__tests__/LegacyActionLink.test.tsx[2m > [22m<LegacyActionLink>[2m > [22muses the label in the visible text + aria-label[32m 119[2mms[22m[39m
 [32mΓ£ô[39m src/pages/fleet/v2/shell/__tests__/LegacyActionLink.test.tsx[2m > [22m<LegacyActionLink>[2m > [22mrespects an explicit aria-label override[32m 98[2mms[22m[39m
 [32mΓ£ô[39m src/pages/fleet/v2/shell/__tests__/LegacyActionLink.test.tsx[2m > [22m<LegacyActionLink>[2m > [22mshows the small "(legacy)" hint text on wider viewports[32m 24[2mms[22m[39m
 [32mΓ£ô[39m src/components/spillman/__tests__/SpillmanToolbar.test.tsx[2m > [22mSpillmanToolbar[2m > [22mrenders a button per entry with accessible labels[33m 973[2mms[22m[39m
 [32mΓ£ô[39m src/components/spillman/__tests__/SpillmanToolbar.test.tsx[2m > [22mSpillmanToolbar[2m > [22mfires onClick and respects disabled[32m 159[2mms[22m[39m
 [32mΓ£ô[39m src/components/spillman/__tests__/SpillmanToolbar.test.tsx[2m > [22mSpillmanToolbar[2m > [22mrenders the leading slot[32m 29[2mms[22m[39m
 [32mΓ£ô[39m src/pages/fleet/v2/shell/__tests__/FleetListShell.test.tsx[2m > [22m<FleetListShell>[2m > [22mrenders title, search input, action slot, and children[33m 1018[2mms[22m[39m
 [32mΓ£ô[39m src/pages/fleet/v2/shell/__tests__/FleetListShell.test.tsx[2m > [22m<FleetListShell>[2m > [22mfires onSearchChange on input[32m 65[2mms[22m[39m
 [32mΓ£ô[39m src/pages/records/spillman/__tests__/SpillmanRecordTabs.test.tsx[2m > [22mSpillmanRecordTabs[2m > [22mmarks the active tab selected and shows its count[33m 1058[2mms[22m[39m
 [32mΓ£ô[39m src/pages/records/spillman/__tests__/SpillmanRecordTabs.test.tsx[2m > [22mSpillmanRecordTabs[2m > [22mfires onSelect with the clicked tab id[32m 260[2mms[22m[39m
[90mstderr[2m | src/pages/fleet/v2/__tests__/AnalysisFormsRoute.test.tsx[2m > [22m[2m<AnalysisFormsRoute>[2m > 
[22m[2mrenders the placeholder card with a link to v1
[22m[39m[API] POST /api/audit-emit ΓåÆ network error, retrying in 2s (1/3)...

 [32mΓ£ô[39m src/pages/fleet/v2/__tests__/AnalysisFormsRoute.test.tsx[2m > [22m<AnalysisFormsRoute>[2m > [22mrenders the placeholder card with a link to v1[33m 958[2mms[22m[39m
[90mstderr[2m | src/pages/mobile/cards/__tests__/UnitStatusCard.test.tsx[2m > [22m[2mUnitStatusCard[2m > 
[22m[2mclicks 10-7 button ΓåÆ PUT status change, then refetch
[22m[39museContextMenu used outside a ContextMenuProvider ΓÇö right-click menus are inert here.

 [32mΓ£ô[39m src/pages/mobile/cards/__tests__/UnitStatusCard.test.tsx[2m > [22mUnitStatusCard[2m > [22mmodule loads with a default export[32m 6[2mms[22m[39m
 [32mΓ£ô[39m src/pages/mobile/cards/__tests__/UnitStatusCard.test.tsx[2m > [22mUnitStatusCard[2m > [22mclicks 10-7 button ΓåÆ PUT status change, then refetch[33m 772[2mms[22m[39m
 [32mΓ£ô[39m src/pages/document-writer/extensions/__tests__/tableFormatting.test.ts[2m > [22mTableFormatting[2m > [22mwrites table spacing/sizing as inline CSS vars that round-trip[33m 652[2mms[22m[39m
 [32mΓ£ô[39m src/pages/document-writer/extensions/__tests__/tableFormatting.test.ts[2m > [22mTableFormatting[2m > [22mpersists cell shading + vertical align (shading was a no-op before)[32m 116[2mms[22m[39m
 [32mΓ£ô[39m src/hooks/__tests__/useCitationPreview.test.ts[2m > [22museCitationPreview[2m > [22mreturns null blobUrl until refresh() called (modal mode)[32m 66[2mms[22m[39m
[90mstderr[2m | src/pages/mobile/cards/__tests__/BolosCard.test.tsx[2m > [22m[2mBolosCard[2m > [22m[2mrenders 
a BOLO row and a premise alert row in the merged feed
[22m[39museContextMenu used outside a ContextMenuProvider ΓÇö right-click menus are inert here.

 [32mΓ£ô[39m src/pages/mobile/cards/__tests__/BolosCard.test.tsx[2m > [22mBolosCard (smoke)[2m > [22mmodule loads[33m 559[2mms[22m[39m
 [32mΓ£ô[39m src/pages/mobile/cards/__tests__/BolosCard.test.tsx[2m > [22mBolosCard[2m > [22mrenders a BOLO row and a premise alert row in the merged feed[32m 183[2mms[22m[39m
[90mstderr[2m | src/hooks/__tests__/useCitationPreview.test.ts[2m > [22m[2museCitationPreview[2m > 
[22m[2mauto-refreshes in side mode after form changes (debounced)
[22m[39mAn update to TestComponent inside a test was not wrapped in act(...).

When testing, code that causes React state updates should be wrapped into act(...):

act(() => {
  /* fire events that update state */
});
/* assert on the output */

This ensures that you're testing the behavior the user would see in the browser. Learn more at 
https://react.dev/link/wrap-tests-with-act

[90mstderr[2m | src/hooks/__tests__/useCitationPreview.test.ts[2m > [22m[2museCitationPreview[2m > 
[22m[2mauto-refreshes in side mode after form changes (debounced)
[22m[39mAn update to TestComponent inside a test was not wrapped in act(...).

When testing, code that causes React state updates should be wrapped into act(...):

act(() => {
  /* fire events that update state */
});
/* assert on the output */

This ensures that you're testing the behavior the user would see in the browser. Learn more at 
https://react.dev/link/wrap-tests-with-act
An update to TestComponent inside a test was not wrapped in act(...).

When testing, code that causes React state updates should be wrapped into act(...):

act(() => {
  /* fire events that update state */
});
/* assert on the output */

This ensures that you're testing the behavior the user would see in the browser. Learn more at 
https://react.dev/link/wrap-tests-with-act

 [32mΓ£ô[39m src/hooks/__tests__/useCitationPreview.test.ts[2m > [22museCitationPreview[2m > [22mauto-refreshes in side mode after form changes (debounced)[33m 762[2mms[22m[39m
 [32mΓ£ô[39m src/pages/fleet/v2/shell/__tests__/SectionHeader.test.tsx[2m > [22mSectionHeader[2m > [22mrenders title + optional action slot[33m 719[2mms[22m[39m
 [32mΓ£ô[39m src/pages/fleet/v2/shell/__tests__/SectionHeader.test.tsx[2m > [22mSectionHeader[2m > [22mrenders title alone (no action slot)[32m 92[2mms[22m[39m
 [32mΓ£ô[39m src/pages/__tests__/PersonDossierPage.test.tsx[2m > [22mPersonDossierPage[2m > [22mrenders identity, flags, timeline, associates, vehicles[33m 454[2mms[22m[39m
 [32mΓ£ô[39m src/pages/__tests__/PersonDossierPage.test.tsx[2m > [22mPersonDossierPage[2m > [22mrenders Linked Intelligence section when server returns linked_intel[32m 145[2mms[22m[39m
 [32mΓ£ô[39m src/pages/__tests__/PersonDossierPage.test.tsx[2m > [22mPersonDossierPage[2m > [22mrenders escalation chip with hover detail[32m 110[2mms[22m[39m
 [32mΓ£ô[39m src/pages/__tests__/PersonDossierPage.test.tsx[2m > [22mPersonDossierPage[2m > [22mrenders distinct "not found" empty state on 404[32m 24[2mms[22m[39m
 [32mΓ£ô[39m src/pages/__tests__/PersonDossierPage.test.tsx[2m > [22mPersonDossierPage[2m > [22mEsc key fires a navigation handler (no error / no crash)[32m 109[2mms[22m[39m
 [32mΓ£ô[39m src/components/__tests__/PersonPicker.test.tsx[2m > [22mPersonPicker[2m > [22mrenders the displayValue when editing an existing record[32m 153[2mms[22m[39m
 [32mΓ£ô[39m src/components/__tests__/PersonPicker.test.tsx[2m > [22mPersonPicker[2m > [22mdoes not query the server until input is >= 2 chars[32m 59[2mms[22m[39m
 [32mΓ£ô[39m src/components/__tests__/PersonPicker.test.tsx[2m > [22mPersonPicker[2m > [22mdebounces 300ms then calls /records/persons/search?q=ΓÇª[32m 237[2mms[22m[39m
 [32mΓ£ô[39m src/components/__tests__/PersonPicker.test.tsx[2m > [22mPersonPicker[2m > [22mcoalesces rapid keystrokes into a single query (true debounce)[32m 62[2mms[22m[39m
 [32mΓ£ô[39m src/components/__tests__/PersonPicker.test.tsx[2m > [22mPersonPicker[2m > [22mrenders matching people and emits the FK id + person object on selection[32m 73[2mms[22m[39m
 [32mΓ£ô[39m src/components/__tests__/PersonPicker.test.tsx[2m > [22mPersonPicker[2m > [22mthe clear button resets to no selection[32m 36[2mms[22m[39m
 [32mΓ£ô[39m src/components/__tests__/PersonPicker.test.tsx[2m > [22mPersonPicker[2m > [22mclears the selection when the user re-types after picking[32m 30[2mms[22m[39m
 [32mΓ£ô[39m src/components/__tests__/PersonPicker.test.tsx[2m > [22mPersonPicker[2m > [22mshows "No matches" only after >= 2 chars and a completed fetch[32m 31[2mms[22m[39m
 [32mΓ£ô[39m src/components/__tests__/PersonPicker.test.tsx[2m > [22mPersonPicker[2m > [22mfalls back to "Person #<id>" when first/last name are missing[32m 48[2mms[22m[39m
 [32mΓ£ô[39m src/pages/fleet/v2/shell/__tests__/EmptyStateCard.test.tsx[2m > [22mEmptyStateCard[2m > [22mrenders title + plannedPr line + fleetioUrl button[33m 804[2mms[22m[39m
 [32mΓ£ô[39m src/pages/fleet/v2/shell/__tests__/EmptyStateCard.test.tsx[2m > [22mEmptyStateCard[2m > [22mrenders without fleetioUrl (no link, no crash)[32m 14[2mms[22m[39m
 [32mΓ£ô[39m src/utils/__tests__/ncicReferencePdf.test.ts[2m > [22mgenerateNcicReferencePdf[2m > [22mbuilds the guide without throwing and returns a multi-page jsPDF[32m 247[2mms[22m[39m
 [32mΓ£ô[39m src/utils/__tests__/ncicReferencePdf.test.ts[2m > [22mgenerateNcicReferencePdf[2m > [22membeds the Arial font (Identity-H CID font with ToUnicode)[32m 223[2mms[22m[39m
 [32mΓ£ô[39m src/utils/__tests__/ncicReferencePdf.test.ts[2m > [22mgenerateNcicReferencePdf[2m > [22mdoes not throw with the default (now) argument[32m 136[2mms[22m[39m
 [32mΓ£ô[39m src/utils/__tests__/ncicReferencePdf.test.ts[2m > [22mlayout helpers[2m > [22mcolsForTable scales with row count[32m 2[2mms[22m[39m
 [32mΓ£ô[39m src/utils/__tests__/ncicReferencePdf.test.ts[2m > [22mlayout helpers[2m > [22mcolumnXs / columnWidth partition the content width[32m 5[2mms[22m[39m
 [32mΓ£ô[39m src/utils/__tests__/ncicReferencePdf.test.ts[2m > [22mlayout helpers[2m > [22mchunkColumns is column-major and covers all items[32m 4[2mms[22m[39m
 [32mΓ£ô[39m src/components/__tests__/InstallCoachingModal.test.tsx[2m > [22mInstallCoachingModal[2m > [22mrenders for iOS Safari mobile when not standalone and not dismissed[32m 134[2mms[22m[39m
 [32mΓ£ô[39m src/components/__tests__/InstallCoachingModal.test.tsx[2m > [22mInstallCoachingModal[2m > [22mdoes not render when already dismissed within 30 days[32m 10[2mms[22m[39m
 [32mΓ£ô[39m src/components/__tests__/InstallCoachingModal.test.tsx[2m > [22mInstallCoachingModal[2m > [22mpersists dismissal on close click[33m 747[2mms[22m[39m
[90mstderr[2m | src/pages/mobile/cards/__tests__/ActiveCallsCard.test.tsx[2m > [22m[2mActiveCallsCard[2m > 
[22m[2mrenders P1 and P2 counts from fetched calls
[22m[39museContextMenu used outside a ContextMenuProvider ΓÇö right-click menus are inert here.

 [32mΓ£ô[39m src/pages/admin/__tests__/AdminDevSettingsTab.test.tsx[2m > [22mrenders only for admin role[32m 250[2mms[22m[39m
 [32mΓ£ô[39m src/pages/mobile/cards/__tests__/ActiveCallsCard.test.tsx[2m > [22mActiveCallsCard (smoke)[2m > [22mmodule loads[33m 410[2mms[22m[39m
 [32mΓ£ô[39m src/pages/mobile/cards/__tests__/ActiveCallsCard.test.tsx[2m > [22mActiveCallsCard[2m > [22mrenders P1 and P2 counts from fetched calls[32m 235[2mms[22m[39m
 [32mΓ£ô[39m src/pages/admin/__tests__/AdminDevSettingsTab.test.tsx[2m > [22mrenders all flag toggles for admin[32m 153[2mms[22m[39m
 [32mΓ£ô[39m src/pages/admin/__tests__/AdminDevSettingsTab.test.tsx[2m > [22mclicking a toggle calls PUT /admin/dev/feature-flags[33m 523[2mms[22m[39m
 [32mΓ£ô[39m src/pages/records/spillman/__tests__/SpillmanMenuBar.test.tsx[2m > [22mSpillmanMenuBar[2m > [22mrenders the standard Spillman menus (Window removed ΓÇö SPA has no window management)[32m 158[2mms[22m[39m
 [32mΓ£ô[39m src/pages/records/spillman/__tests__/SpillmanMenuBar.test.tsx[2m > [22mSpillmanMenuBar[2m > [22mfires onNew when the File menu New action is clicked[33m 681[2mms[22m[39m
 [32mΓ£ô[39m src/utils/__tests__/forensicCasePdf.test.ts[2m > [22mwrapText (forensic pdf)[2m > [22mreturns a single empty entry for empty input[32m 10[2mms[22m[39m
 [32mΓ£ô[39m src/utils/__tests__/forensicCasePdf.test.ts[2m > [22mwrapText (forensic pdf)[2m > [22mwraps at word boundaries[32m 2[2mms[22m[39m
 [32mΓ£ô[39m src/utils/__tests__/forensicCasePdf.test.ts[2m > [22mwrapText (forensic pdf)[2m > [22mpreserves explicit newlines as paragraph breaks[32m 1[2mms[22m[39m
 [32mΓ£ô[39m src/utils/__tests__/forensicCasePdf.test.ts[2m > [22mfmtTimestamp (forensic pdf)[2m > [22mreturns em-dash for missing input[32m 2[2mms[22m[39m
 [32mΓ£ô[39m src/utils/__tests__/forensicCasePdf.test.ts[2m > [22mfmtTimestamp (forensic pdf)[2m > [22mformats a UTC timestamp in Mountain Time with MT suffix[32m 87[2mms[22m[39m
 [32mΓ£ô[39m src/utils/__tests__/forensicCasePdf.test.ts[2m > [22mfmtDate (forensic pdf)[2m > [22mreturns em-dash for missing input[32m 1[2mms[22m[39m
 [32mΓ£ô[39m src/utils/__tests__/forensicCasePdf.test.ts[2m > [22mfmtDate (forensic pdf)[2m > [22mformats an ISO date in Mountain Time[32m 3[2mms[22m[39m
 [32mΓ£ô[39m src/utils/__tests__/forensicCasePdf.test.ts[2m > [22mparseChain[2m > [22mreturns [] for nullish or empty input[32m 2[2mms[22m[39m
 [32mΓ£ô[39m src/utils/__tests__/forensicCasePdf.test.ts[2m > [22mparseChain[2m > [22mreturns the array unchanged when already parsed[32m 1[2mms[22m[39m
 [32mΓ£ô[39m src/utils/__tests__/forensicCasePdf.test.ts[2m > [22mparseChain[2m > [22mparses a JSON string[32m 5[2mms[22m[39m
 [32mΓ£ô[39m src/utils/__tests__/forensicCasePdf.test.ts[2m > [22mparseChain[2m > [22mfalls back to [] on malformed JSON instead of throwing[32m 1[2mms[22m[39m
 [32mΓ£ô[39m src/utils/__tests__/forensicCasePdf.test.ts[2m > [22mparseChain[2m > [22mfalls back to [] when the parsed JSON is not an array[32m 2[2mms[22m[39m
 [32mΓ£ô[39m src/utils/__tests__/forensicCasePdf.test.ts[2m > [22mprettyLabel[2m > [22mreturns empty string for missing input[32m 1[2mms[22m[39m
 [32mΓ£ô[39m src/utils/__tests__/forensicCasePdf.test.ts[2m > [22mprettyLabel[2m > [22mconverts snake_case to Title Case[32m 1[2mms[22m[39m
 [32mΓ£ô[39m src/utils/__tests__/forensicCasePdf.test.ts[2m > [22mprettyLabel[2m > [22mpreserves single-word labels[32m 1[2mms[22m[39m
 [32mΓ£ô[39m src/utils/__tests__/forensicCasePdf.test.ts[2m > [22mgenerateForensicCasePdf[2m > [22mproduces a valid jsPDF with at least one page for a minimal case[32m 128[2mms[22m[39m
 [32mΓ£ô[39m src/utils/__tests__/forensicCasePdf.test.ts[2m > [22mgenerateForensicCasePdf[2m > [22mrenders a full case with exhibits, analyses, and a payload hash[32m 107[2mms[22m[39m
 [32mΓ£ô[39m src/utils/__tests__/forensicCasePdf.test.ts[2m > [22mgenerateForensicCasePdf[2m > [22mdoes not crash when payload hash is omitted[32m 41[2mms[22m[39m
 [32mΓ£ô[39m src/utils/__tests__/forensicCasePdf.test.ts[2m > [22mgenerateForensicCasePdf[2m > [22mpaginates when given many exhibits (sanity, no crash)[32m 186[2mms[22m[39m
 [32mΓ£ô[39m src/utils/__tests__/forensicCasePdf.test.ts[2m > [22mgenerateForensicCasePdf[2m > [22mhandles an empty chain_of_custody on an exhibit without throwing[32m 23[2mms[22m[39m
 [32mΓ£ô[39m src/utils/__tests__/forensicCasePdf.test.ts[2m > [22mgenerateForensicCasePdf[2m > [22mrenders the case-level findings + conclusion when present[32m 31[2mms[22m[39m
 [32mΓ£ô[39m src/utils/__tests__/forensicCasePdf.test.ts[2m > [22mgenerateForensicCasePdf[2m > [22mshows the overdue alert when due_date is past and case is not completed[32m 70[2mms[22m[39m
Not implemented: HTMLCanvasElement's getContext() method: without installing the canvas npm package
 [32mΓ£ô[39m src/utils/__tests__/psoNoticePdfGenerator.smoke.test.ts[2m > [22mbuildNoticeOfCommunicationFromCall[2m > [22mpopulates the payload from the failed CFS row[32m 15[2mms[22m[39m
 [32mΓ£ô[39m src/utils/__tests__/psoNoticePdfGenerator.smoke.test.ts[2m > [22mbuildNoticeOfCommunicationFromCall[2m > [22msurfaces the respondent + legal matter from the linked serve job[32m 2[2mms[22m[39m
 [32mΓ£ô[39m src/utils/__tests__/psoNoticePdfGenerator.smoke.test.ts[2m > [22mgenerateNoticeOfCommunication[2m > [22memits a real PDF document with content (not a blank shell)[33m 441[2mms[22m[39m
Not implemented: HTMLCanvasElement's getContext() method: without installing the canvas npm package
 [32mΓ£ô[39m src/utils/__tests__/psoNoticePdfGenerator.smoke.test.ts[2m > [22mgenerateNoticeOfCommunication[2m > [22mrenders without a serve job (occupant fallback)[32m 190[2mms[22m[39m
 [32mΓ£ô[39m src/utils/__tests__/psoNoticePdfGenerator.smoke.test.ts[2m > [22mpsoResultLabel[2m > [22mmaps the live disposition codes to respondent-readable text[32m 3[2mms[22m[39m
 [32mΓ£ô[39m src/pages/radio/tabs/__tests__/SettingsTab.test.tsx[2m > [22mradio console SettingsTab ΓÇö org settings gating[2m > [22malways shows the per-device preferences[33m 369[2mms[22m[39m
[90mstderr[2m | src/pages/mobile/cards/__tests__/QuickSearchCard.test.tsx[2m > [22m[2mQuickSearchCard[2m > 
[22m[2mshows result after submit
[22m[39museContextMenu used outside a ContextMenuProvider ΓÇö right-click menus are inert here.

 [32mΓ£ô[39m src/pages/mobile/cards/__tests__/QuickSearchCard.test.tsx[2m > [22mQuickSearchCard (smoke)[2m > [22mmodule loads[33m 440[2mms[22m[39m
 [32mΓ£ô[39m src/pages/radio/tabs/__tests__/SettingsTab.test.tsx[2m > [22mradio console SettingsTab ΓÇö org settings gating[2m > [22mhides org settings for a non-privileged operator[32m 108[2mms[22m[39m
 [32mΓ£ô[39m src/pages/radio/tabs/__tests__/SettingsTab.test.tsx[2m > [22mradio console SettingsTab ΓÇö org settings gating[2m > [22mshows org settings for supervisor[32m 92[2mms[22m[39m
 [32mΓ£ô[39m src/pages/mobile/cards/__tests__/QuickSearchCard.test.tsx[2m > [22mQuickSearchCard[2m > [22mshows result after submit[32m 213[2mms[22m[39m
 [32mΓ£ô[39m src/pages/radio/tabs/__tests__/SettingsTab.test.tsx[2m > [22mradio console SettingsTab ΓÇö org settings gating[2m > [22mshows org settings for manager[32m 102[2mms[22m[39m
 [32mΓ£ô[39m src/pages/radio/tabs/__tests__/SettingsTab.test.tsx[2m > [22mradio console SettingsTab ΓÇö org settings gating[2m > [22mshows org settings for admin[32m 89[2mms[22m[39m
[90mstderr[2m | src/pages/mobile/cards/__tests__/MessagesCard.test.tsx[2m > [22m[2mMessagesCard[2m > 
[22m[2mrenders unread count
[22m[39museContextMenu used outside a ContextMenuProvider ΓÇö right-click menus are inert here.

 [32mΓ£ô[39m src/pages/mobile/cards/__tests__/MessagesCard.test.tsx[2m > [22mMessagesCard (smoke)[2m > [22mmodule loads[33m 418[2mms[22m[39m
 [32mΓ£ô[39m src/pages/mobile/cards/__tests__/MessagesCard.test.tsx[2m > [22mMessagesCard[2m > [22mrenders unread count[32m 182[2mms[22m[39m
 [32mΓ£ô[39m src/utils/__tests__/affairsComplaintPdf.test.ts[2m > [22mwrapText (affairs pdf)[2m > [22mreturns a single empty entry for empty input[32m 9[2mms[22m[39m
 [32mΓ£ô[39m src/utils/__tests__/affairsComplaintPdf.test.ts[2m > [22mwrapText (affairs pdf)[2m > [22mwraps at word boundaries[32m 1[2mms[22m[39m
 [32mΓ£ô[39m src/utils/__tests__/affairsComplaintPdf.test.ts[2m > [22mwrapText (affairs pdf)[2m > [22mpreserves explicit newlines as paragraph breaks[32m 1[2mms[22m[39m
 [32mΓ£ô[39m src/utils/__tests__/affairsComplaintPdf.test.ts[2m > [22mfmtTimestamp (affairs pdf)[2m > [22mreturns em-dash for missing input[32m 2[2mms[22m[39m
 [32mΓ£ô[39m src/utils/__tests__/affairsComplaintPdf.test.ts[2m > [22mfmtTimestamp (affairs pdf)[2m > [22mformats a UTC timestamp in Mountain Time with MT suffix[32m 77[2mms[22m[39m
 [32mΓ£ô[39m src/utils/__tests__/affairsComplaintPdf.test.ts[2m > [22mfmtDate (affairs pdf)[2m > [22mreturns em-dash for missing input[32m 1[2mms[22m[39m
 [32mΓ£ô[39m src/utils/__tests__/affairsComplaintPdf.test.ts[2m > [22mfmtDate (affairs pdf)[2m > [22mformats an ISO date in Mountain Time[32m 4[2mms[22m[39m
 [32mΓ£ô[39m src/utils/__tests__/affairsComplaintPdf.test.ts[2m > [22mprettyLabel (affairs pdf)[2m > [22mreturns em-dash for missing input[32m 2[2mms[22m[39m
 [32mΓ£ô[39m src/utils/__tests__/affairsComplaintPdf.test.ts[2m > [22mprettyLabel (affairs pdf)[2m > [22muppercases first letter of each word and replaces underscores[32m 1[2mms[22m[39m
 [32mΓ£ô[39m src/utils/__tests__/affairsComplaintPdf.test.ts[2m > [22misOverdue (affairs pdf)[2m > [22mis false when complaint has a closed_date[32m 1[2mms[22m[39m
 [32mΓ£ô[39m src/utils/__tests__/affairsComplaintPdf.test.ts[2m > [22misOverdue (affairs pdf)[2m > [22mis false when status is a closed disposition[32m 1[2mms[22m[39m
 [32mΓ£ô[39m src/utils/__tests__/affairsComplaintPdf.test.ts[2m > [22misOverdue (affairs pdf)[2m > [22mis false when complaint is open but <90 days old[32m 2[2mms[22m[39m
 [32mΓ£ô[39m src/utils/__tests__/affairsComplaintPdf.test.ts[2m > [22misOverdue (affairs pdf)[2m > [22mis true when complaint is open and >90 days old[32m 1[2mms[22m[39m
 [32mΓ£ô[39m src/utils/__tests__/affairsComplaintPdf.test.ts[2m > [22misOverdue (affairs pdf)[2m > [22mis false when created_at is missing (cannot compute)[32m 1[2mms[22m[39m
 [32mΓ£ô[39m src/utils/__tests__/affairsComplaintPdf.test.ts[2m > [22mgenerateAffairsComplaintPdf ΓÇö smoke[2m > [22mgenerates a PDF with no investigations (zero-investigation path)[32m 141[2mms[22m[39m
[90mstderr[2m | src/pages/fleet/v2/__tests__/ReportsRoute.test.tsx[2m > [22m[2m<ReportsRoute>[2m > 
[22m[2mrenders all 8 KPI cards
[22m[39mAn update to HealthScoresCard inside a test was not wrapped in act(...).

When testing, code that causes React state updates should be wrapped into act(...):

act(() => {
  /* fire events that update state */
});
/* assert on the output */

This ensures that you're testing the behavior the user would see in the browser. Learn more at 
https://react.dev/link/wrap-tests-with-act
An update to MaintenanceScheduleCard inside a test was not wrapped in act(...).

When testing, code that causes React state updates should be wrapped into act(...):

act(() => {
  /* fire events that update state */
});
/* assert on the output */

This ensures that you're testing the behavior the user would see in the browser. Learn more at 
https://react.dev/link/wrap-tests-with-act
An update to ServiceAlertsCard inside a test was not wrapped in act(...).

When testing, code that causes React state updates should be wrapped into act(...):

act(() => {
  /* fire events that update state */
});
/* assert on the output */

This ensures that you're testing the behavior the user would see in the browser. Learn more at 
https://react.dev/link/wrap-tests-with-act
An update to OverdueInspectionsCard inside a test was not wrapped in act(...).

When testing, code that causes React state updates should be wrapped into act(...):

act(() => {
  /* fire events that update state */
});
/* assert on the output */

This ensures that you're testing the behavior the user would see in the browser. Learn more at 
https://react.dev/link/wrap-tests-with-act
An update to CostTrendsCard inside a test was not wrapped in act(...).

When testing, code that causes React state updates should be wrapped into act(...):

act(() => {
  /* fire events that update state */
});
/* assert on the output */

This ensures that you're testing the behavior the user would see in the browser. Learn more at 
https://react.dev/link/wrap-tests-with-act
An update to MonthlySpendCard inside a test was not wrapped in act(...).

When testing, code that causes React state updates should be wrapped into act(...):

act(() => {
  /* fire events that update state */
});
/* assert on the output */

This ensures that you're testing the behavior the user would see in the browser. Learn more at 
https://react.dev/link/wrap-tests-with-act
An update to DriverPerformanceCard inside a test was not wrapped in act(...).

When testing, code that causes React state updates should be wrapped into act(...):

act(() => {
  /* fire events that update state */
});
/* assert on the output */

This ensures that you're testing the behavior the user would see in the browser. Learn more at 
https://react.dev/link/wrap-tests-with-act
An update to LifecycleCard inside a test was not wrapped in act(...).

When testing, code that causes React state updates should be wrapped into act(...):

act(() => {
  /* fire events that update state */
});
/* assert on the output */

This ensures that you're testing the behavior the user would see in the browser. Learn more at 
https://react.dev/link/wrap-tests-with-act

 [32mΓ£ô[39m src/utils/__tests__/affairsComplaintPdf.test.ts[2m > [22mgenerateAffairsComplaintPdf ΓÇö smoke[2m > [22mgenerates a PDF with multiple investigations[32m 37[2mms[22m[39m
 [32mΓ£ô[39m src/utils/__tests__/affairsComplaintPdf.test.ts[2m > [22mgenerateAffairsComplaintPdf ΓÇö smoke[2m > [22mgenerates a PDF with finding + discipline (closed disposition)[32m 46[2mms[22m[39m
 [32mΓ£ô[39m src/utils/__tests__/affairsComplaintPdf.test.ts[2m > [22mgenerateAffairsComplaintPdf ΓÇö smoke[2m > [22mgenerates a PDF that paginates with a very long allegation[32m 75[2mms[22m[39m
 [32mΓ£ô[39m src/pages/fleet/v2/__tests__/ReportsRoute.test.tsx[2m > [22m<ReportsRoute>[2m > [22mrenders all 8 KPI cards[33m 306[2mms[22m[39m
 [32mΓ£ô[39m src/utils/__tests__/affairsComplaintPdf.test.ts[2m > [22mgenerateAffairsComplaintPdf ΓÇö smoke[2m > [22mhandles missing complainant_name + null fields gracefully (no throw)[32m 23[2mms[22m[39m
 [32mΓ£ô[39m src/utils/__tests__/affairsComplaintPdf.test.ts[2m > [22mgenerateAffairsComplaintPdf ΓÇö smoke[2m > [22membeds payload hash when provided[32m 35[2mms[22m[39m
 [32mΓ£ô[39m src/utils/__tests__/affairsComplaintPdf.test.ts[2m > [22mgenerateAffairsComplaintPdf ΓÇö smoke[2m > [22mdoes not embed payload hash placeholder when omitted[32m 26[2mms[22m[39m
 [32mΓ£ô[39m src/utils/__tests__/affairsComplaintPdf.test.ts[2m > [22mgenerateAffairsComplaintPdf ΓÇö smoke[2m > [22muses complaint_number as labelOrId when present, falls back to IA-<id>[32m 43[2mms[22m[39m
 [32mΓ£ô[39m src/pages/fleet/v2/__tests__/ReportsRoute.test.tsx[2m > [22m<ReportsRoute>[2m > [22mpopulates cards from their respective endpoints[32m 248[2mms[22m[39m
 [32mΓ£ô[39m src/pages/intel/__tests__/IntelSearch.test.tsx[2m > [22mIntelSearch[2m > [22mruns a query and renders result cards[33m 542[2mms[22m[39m
 [32mΓ£ô[39m src/pages/intel/__tests__/NewIntelReportPage.test.tsx[2m > [22mNewIntelReportPage[2m > [22mprefills title from ?from + label[32m 276[2mms[22m[39m
 [32mΓ£ô[39m src/pages/intel/__tests__/NewIntelReportPage.test.tsx[2m > [22mNewIntelReportPage[2m > [22msubmits a report and navigates to its detail[32m 168[2mms[22m[39m
 [32mΓ£ô[39m src/pages/intel/__tests__/NewIntelReportPage.test.tsx[2m > [22mNewIntelReportPage[2m > [22mauto-links the entity when launched from a dossier[32m 69[2mms[22m[39m
 [32mΓ£ô[39m src/utils/pdf/v2/forms/__tests__/citationUtahMaster.test.ts[2m > [22mcitationUtahMasterSchema layout[2m > [22mhas exactly one fixed-layout section (form); strip is page-anchored[32m 9[2mms[22m[39m
 [32mΓ£ô[39m src/utils/pdf/v2/forms/__tests__/citationUtahMaster.test.ts[2m > [22mcitationUtahMasterSchema layout[2m > [22mmaster form section is 250mm tall (spans usable content area)[32m 2[2mms[22m[39m
 [32mΓ£ô[39m src/utils/pdf/v2/forms/__tests__/citationUtahMaster.test.ts[2m > [22mcitationUtahMasterSchema layout[2m > [22mevery field with a path has an accessor[32m 6[2mms[22m[39m
 [32mΓ£ô[39m src/utils/pdf/v2/forms/__tests__/citationUtahMaster.test.ts[2m > [22mcitationUtahMasterSchema layout[2m > [22mcitation_number, person_name, statute_citation, court_name paths are present[32m 3[2mms[22m[39m
 [32mΓ£ô[39m src/utils/pdf/v2/forms/__tests__/citationUtahMaster.test.ts[2m > [22mcitationUtahMasterSchema layout[2m > [22mall field coordinates fit within the 195.9mm content width[32m 8[2mms[22m[39m
 [32mΓ£ô[39m src/utils/pdf/v2/forms/__tests__/citationUtahMaster.test.ts[2m > [22mcitationUtahMasterSchema layout[2m > [22mall field y-coordinates fit within the declared section height[32m 8[2mms[22m[39m
 [32mΓ£ô[39m src/utils/pdf/v2/forms/__tests__/citationUtahMaster.test.ts[2m > [22mcitationUtahMasterCanonicalData[2m > [22mextracts every path-bearing field from the fixture[32m 4[2mms[22m[39m
 [32mΓ£ô[39m src/utils/pdf/v2/forms/__tests__/citationUtahMaster.test.ts[2m > [22mcitationUtahMasterCanonicalData[2m > [22momits the per-page __copyKind from the canonical bag[32m 1[2mms[22m[39m
 [32mΓ£ô[39m src/utils/pdf/v2/forms/__tests__/citationUtahMaster.test.ts[2m > [22mcitationUtahMasterCanonicalData[2m > [22mincludes the violations array when populated[32m 1[2mms[22m[39m
 [32mΓ£ô[39m src/utils/pdf/v2/forms/__tests__/citationUtahMaster.test.ts[2m > [22mrenderUtahMasterMultiCopyBytes[2m > [22mrenders 4 pages by default (one per copy variant)[32m 182[2mms[22m[39m
 [32mΓ£ô[39m src/utils/pdf/v2/forms/__tests__/citationUtahMaster.test.ts[2m > [22mrenderUtahMasterMultiCopyBytes[2m > [22membeds a sidecar that round-trips back to citation data[32m 147[2mms[22m[39m
 [32mΓ£ô[39m src/utils/pdf/v2/forms/__tests__/citationUtahMaster.test.ts[2m > [22mrenderUtahMasterCopyBlobs[2m > [22myields one Blob per copy variant[32m 102[2mms[22m[39m
 [32mΓ£ô[39m src/utils/pdf/v2/forms/__tests__/citationUtahMaster.test.ts[2m > [22mrenderUtahMasterCopyBlobs[2m > [22mhonors copyKinds subset (e.g., defendant only for on-scene print)[32m 22[2mms[22m[39m
 [32mΓ£ô[39m src/utils/pdf/v2/forms/__tests__/citationUtahMaster.test.ts[2m > [22mtype-aware section visibility[2m > [22mhides the Court Appearance block on type=warning[32m 2[2mms[22m[39m
 [32mΓ£ô[39m src/utils/pdf/v2/forms/__tests__/citationUtahMaster.test.ts[2m > [22mtype-aware section visibility[2m > [22mhides the Promise to Appear block on type=warning[32m 1[2mms[22m[39m
 [32mΓ£ô[39m src/utils/webResearchReportPdf.test.ts[2m > [22mwebResearchReportPdf[2m > [22mrenders an all-filter corpus with a mix of search + scrape rows[32m 250[2mms[22m[39m
 [32mΓ£ô[39m src/pages/map/components/__tests__/DrawGeofenceTool.test.tsx[2m > [22mrenders shape, color, zone name, zone type controls[32m 251[2mms[22m[39m
 [32mΓ£ô[39m src/utils/webResearchReportPdf.test.ts[2m > [22mwebResearchReportPdf[2m > [22mrenders rows with operator notes + linked entities[32m 56[2mms[22m[39m
 [32mΓ£ô[39m src/utils/webResearchReportPdf.test.ts[2m > [22mwebResearchReportPdf[2m > [22mtruncates a very large scraped excerpt without throwing[32m 54[2mms[22m[39m
 [32mΓ£ô[39m src/pages/map/components/__tests__/DrawGeofenceTool.test.tsx[2m > [22mshows error when saving without zone name[32m 116[2mms[22m[39m
 [32mΓ£ô[39m src/pages/map/components/__tests__/DrawGeofenceTool.test.tsx[2m > [22mcalls POST /geofences and onClose on successful save[32m 70[2mms[22m[39m
 [32mΓ£ô[39m src/utils/webResearchReportPdf.test.ts[2m > [22mwebResearchReportPdf[2m > [22mrenders an empty corpus as a documented "nothing matched" page[32m 80[2mms[22m[39m
 [32mΓ£ô[39m src/utils/webResearchReportPdf.test.ts[2m > [22mwebResearchReportPdf[2m > [22maccepts optional officer + case attribution without throwing[32m 27[2mms[22m[39m
 [32mΓ£ô[39m src/utils/webResearchReportPdf.test.ts[2m > [22mwebResearchReportPdf[2m > [22mtolerates rows with missing optional fields (degraded server payload)[32m 21[2mms[22m[39m
 [32mΓ£ô[39m src/pages/__tests__/IntelSearchPage.test.tsx[2m > [22mIntelSearchPage[2m > [22mrenders grouped results with flags after typing a query[33m 465[2mms[22m[39m
 [32mΓ£ô[39m src/pages/__tests__/PlateLogPage.test.tsx[2m > [22mPlateLogPage[2m > [22mlogs a plate and renders the critical hit banner + recent sightings[33m 527[2mms[22m[39m
 [32mΓ£ô[39m src/pages/fleet/v2/__tests__/FuelEntriesRoute.test.tsx[2m > [22m<FuelEntriesRoute>[2m > [22mfans out fetches across all vehicles and renders combined rows[33m 457[2mms[22m[39m
 [32mΓ£ô[39m src/pages/fleet/v2/__tests__/FuelEntriesRoute.test.tsx[2m > [22m<FuelEntriesRoute>[2m > [22mrenders empty state when fleet has no fuel entries[32m 52[2mms[22m[39m
 [32mΓ£ô[39m src/utils/__tests__/emailThreadPdf.test.ts[2m > [22mwrapText (email thread)[2m > [22mreturns a single empty entry for an empty input[32m 16[2mms[22m[39m
 [32mΓ£ô[39m src/utils/__tests__/emailThreadPdf.test.ts[2m > [22mwrapText (email thread)[2m > [22mkeeps short strings as one line[32m 1[2mms[22m[39m
 [32mΓ£ô[39m src/utils/__tests__/emailThreadPdf.test.ts[2m > [22mwrapText (email thread)[2m > [22mwraps at word boundaries[32m 1[2mms[22m[39m
 [32mΓ£ô[39m src/utils/__tests__/emailThreadPdf.test.ts[2m > [22mwrapText (email thread)[2m > [22mpreserves explicit newlines as paragraph breaks[32m 1[2mms[22m[39m
 [32mΓ£ô[39m src/utils/__tests__/emailThreadPdf.test.ts[2m > [22mwrapText (email thread)[2m > [22mdoes not lose long unbreakable tokens (URLs, hashes)[32m 1[2mms[22m[39m
 [32mΓ£ô[39m src/utils/__tests__/emailThreadPdf.test.ts[2m > [22mstripHtmlForText[2m > [22mreturns an empty string for null / undefined / empty[32m 3[2mms[22m[39m
 [32mΓ£ô[39m src/utils/__tests__/emailThreadPdf.test.ts[2m > [22mstripHtmlForText[2m > [22mstrips simple tags but keeps text[32m 2[2mms[22m[39m
 [32mΓ£ô[39m src/utils/__tests__/emailThreadPdf.test.ts[2m > [22mstripHtmlForText[2m > [22mturns <br> into newlines[32m 1[2mms[22m[39m
 [32mΓ£ô[39m src/utils/__tests__/emailThreadPdf.test.ts[2m > [22mstripHtmlForText[2m > [22mdecodes &amp; &nbsp; &quot; &#39; ΓÇö entity-encoded tags are stripped as tags[32m 2[2mms[22m[39m
 [32mΓ£ô[39m src/utils/__tests__/emailThreadPdf.test.ts[2m > [22mstripHtmlForText[2m > [22mstrips HTML-encoded script tags ΓÇö content becomes plain text (safe for PDF)[32m 1[2mms[22m[39m
 [32mΓ£ô[39m src/utils/__tests__/emailThreadPdf.test.ts[2m > [22mstripHtmlForText[2m > [22mcollapses runs of blank lines but keeps a single paragraph break[32m 1[2mms[22m[39m
 [32mΓ£ô[39m src/utils/__tests__/emailThreadPdf.test.ts[2m > [22mhighestImportance[2m > [22mreturns normal for an empty thread[32m 1[2mms[22m[39m
 [32mΓ£ô[39m src/utils/__tests__/emailThreadPdf.test.ts[2m > [22mhighestImportance[2m > [22mreturns normal when every message is normal[32m 1[2mms[22m[39m
 [32mΓ£ô[39m src/utils/__tests__/emailThreadPdf.test.ts[2m > [22mhighestImportance[2m > [22mreturns high when any message is high (beats normal + low)[32m 1[2mms[22m[39m
 [32mΓ£ô[39m src/utils/__tests__/emailThreadPdf.test.ts[2m > [22mhighestImportance[2m > [22mreturns low only when all are low or normal and at least one is low[32m 1[2mms[22m[39m
 [32mΓ£ô[39m src/utils/__tests__/emailThreadPdf.test.ts[2m > [22mparticipantsOf[2m > [22mreturns first-seen order, dedups by email (case-insensitive)[32m 1[2mms[22m[39m
 [32mΓ£ô[39m src/utils/__tests__/emailThreadPdf.test.ts[2m > [22mparticipantsOf[2m > [22mreturns an empty array when there are no messages[32m 1[2mms[22m[39m
 [32mΓ£ô[39m src/utils/__tests__/emailThreadPdf.test.ts[2m > [22mparticipantsOf[2m > [22momits empty addresses[32m 1[2mms[22m[39m
 [32mΓ£ô[39m src/utils/__tests__/emailThreadPdf.test.ts[2m > [22mparticipantsOf[2m > [22muses bare email when name is identical to email[32m 1[2mms[22m[39m
 [32mΓ£ô[39m src/utils/__tests__/emailThreadPdf.test.ts[2m > [22mgenerateEmailThreadPdf (smoke)[2m > [22mdoes not throw on a populated single-message thread[32m 216[2mms[22m[39m
 [32mΓ£ô[39m src/utils/__tests__/emailThreadPdf.test.ts[2m > [22mgenerateEmailThreadPdf (smoke)[2m > [22mdoes not throw on an empty messages array (banner + summary still render)[32m 22[2mms[22m[39m
 [32mΓ£ô[39m src/utils/__tests__/emailThreadPdf.test.ts[2m > [22mgenerateEmailThreadPdf (smoke)[2m > [22mdoes not throw on a long body with no spaces (URL/hash tail)[32m 20[2mms[22m[39m
 [32mΓ£ô[39m src/utils/__tests__/emailThreadPdf.test.ts[2m > [22mgenerateEmailThreadPdf (smoke)[2m > [22mdoes not throw on a 60-message thread (page break exercised)[32m 131[2mms[22m[39m
 [32mΓ£ô[39m src/utils/__tests__/emailThreadPdf.test.ts[2m > [22mgenerateEmailThreadPdf (smoke)[2m > [22mdoes not throw when an attachment list is provided per message[32m 19[2mms[22m[39m
 [32mΓ£ô[39m src/utils/__tests__/emailThreadPdf.test.ts[2m > [22mgenerateEmailThreadPdf (smoke)[2m > [22mdoes not throw when high-importance + flagged + unread tags coincide[32m 18[2mms[22m[39m
 [32mΓ£ô[39m src/utils/__tests__/taskPdf.test.ts[2m > [22mwrapText (task pdf)[2m > [22mreturns a single empty entry for empty input[32m 8[2mms[22m[39m
 [32mΓ£ô[39m src/utils/__tests__/taskPdf.test.ts[2m > [22mwrapText (task pdf)[2m > [22mkeeps short strings as one line[32m 1[2mms[22m[39m
 [32mΓ£ô[39m src/utils/__tests__/taskPdf.test.ts[2m > [22mwrapText (task pdf)[2m > [22mwraps at word boundaries[32m 1[2mms[22m[39m
 [32mΓ£ô[39m src/utils/__tests__/taskPdf.test.ts[2m > [22mwrapText (task pdf)[2m > [22mpreserves explicit newlines as paragraph breaks[32m 1[2mms[22m[39m
 [32mΓ£ô[39m src/utils/__tests__/taskPdf.test.ts[2m > [22mdescribeFilters (task pdf)[2m > [22mdescribes an empty filter set as unfiltered[32m 1[2mms[22m[39m
 [32mΓ£ô[39m src/utils/__tests__/taskPdf.test.ts[2m > [22mdescribeFilters (task pdf)[2m > [22mjoins active filters with commas[32m 1[2mms[22m[39m
 [32mΓ£ô[39m src/utils/__tests__/taskPdf.test.ts[2m > [22mdescribeFilters (task pdf)[2m > [22mfalls back to assignee_id when only the numeric id is known[32m 1[2mms[22m[39m
 [32mΓ£ô[39m src/utils/__tests__/taskPdf.test.ts[2m > [22mdescribeFilters (task pdf)[2m > [22mprefers the resolved name over the numeric id when both are present[32m 1[2mms[22m[39m
 [32mΓ£ô[39m src/utils/__tests__/taskPdf.test.ts[2m > [22mdescribeFilters (task pdf)[2m > [22mrenders the overdue-only flag as overdue=only[32m 1[2mms[22m[39m
 [32mΓ£ô[39m src/utils/__tests__/taskPdf.test.ts[2m > [22mdescribeFilters (task pdf)[2m > [22mskips empty fields[32m 1[2mms[22m[39m
 [32mΓ£ô[39m src/utils/__tests__/taskPdf.test.ts[2m > [22mfmtTimestamp (task pdf)[2m > [22mreturns em-dash for empty input[32m 1[2mms[22m[39m
 [32mΓ£ô[39m src/utils/__tests__/taskPdf.test.ts[2m > [22mfmtTimestamp (task pdf)[2m > [22mformats a UTC timestamp in Mountain Time with the MT suffix[32m 78[2mms[22m[39m
 [32mΓ£ô[39m src/utils/__tests__/taskPdf.test.ts[2m > [22mgenerateTasksPdf[2m > [22mproduces a jsPDF document even with zero tasks[32m 110[2mms[22m[39m
 [32mΓ£ô[39m src/utils/__tests__/taskPdf.test.ts[2m > [22mgenerateTasksPdf[2m > [22mproduces a non-trivial document for a single task[32m 71[2mms[22m[39m
 [32mΓ£ô[39m src/utils/__tests__/taskPdf.test.ts[2m > [22mgenerateTasksPdf[2m > [22mpaginates when given many tasks[32m 126[2mms[22m[39m
 [32mΓ£ô[39m src/utils/__tests__/taskPdf.test.ts[2m > [22mgenerateTasksPdf[2m > [22mdoes not crash when tasks omit optional fields[32m 19[2mms[22m[39m
 [32mΓ£ô[39m src/utils/__tests__/taskPdf.test.ts[2m > [22mgenerateTasksPdf[2m > [22mdoes not crash when the due_date is past (overdue accent path)[32m 17[2mms[22m[39m
 [32mΓ£ô[39m src/utils/knowledgeBaseSearchPdf.test.ts[2m > [22mknowledgeBaseSearchPdf ΓÇö helpers[2m > [22mellipsize[2m > [22mreturns the string unchanged when it fits[32m 7[2mms[22m[39m
 [32mΓ£ô[39m src/utils/knowledgeBaseSearchPdf.test.ts[2m > [22mknowledgeBaseSearchPdf ΓÇö helpers[2m > [22mellipsize[2m > [22mtruncates with an ellipsis when too long[32m 1[2mms[22m[39m
 [32mΓ£ô[39m src/utils/knowledgeBaseSearchPdf.test.ts[2m > [22mknowledgeBaseSearchPdf ΓÇö helpers[2m > [22mellipsize[2m > [22mhandles undefined / null gracefully[32m 1[2mms[22m[39m
 [32mΓ£ô[39m src/utils/knowledgeBaseSearchPdf.test.ts[2m > [22mknowledgeBaseSearchPdf ΓÇö helpers[2m > [22mgroupByType[2m > [22mgroups by type while preserving rank order[32m 4[2mms[22m[39m
 [32mΓ£ô[39m src/utils/knowledgeBaseSearchPdf.test.ts[2m > [22mknowledgeBaseSearchPdf ΓÇö helpers[2m > [22mgroupByType[2m > [22mreturns an empty array for an empty input[32m 1[2mms[22m[39m
 [32mΓ£ô[39m src/utils/knowledgeBaseSearchPdf.test.ts[2m > [22mknowledgeBaseSearchPdf ΓÇö generator[2m > [22mrenders an empty-results report without throwing[32m 210[2mms[22m[39m
 [32mΓ£ô[39m src/utils/knowledgeBaseSearchPdf.test.ts[2m > [22mknowledgeBaseSearchPdf ΓÇö generator[2m > [22mrenders a mixed-type result set[32m 73[2mms[22m[39m
 [32mΓ£ô[39m src/utils/knowledgeBaseSearchPdf.test.ts[2m > [22mknowledgeBaseSearchPdf ΓÇö generator[2m > [22mpaginates when many rows of a single type push past one page[32m 74[2mms[22m[39m
 [32mΓ£ô[39m src/utils/knowledgeBaseSearchPdf.test.ts[2m > [22mknowledgeBaseSearchPdf ΓÇö generator[2m > [22mreflects the active type filter in the header[32m 52[2mms[22m[39m
 [32mΓ£ô[39m src/utils/knowledgeBaseSearchPdf.test.ts[2m > [22mknowledgeBaseSearchPdf ΓÇö generator[2m > [22mrenders without officer attribution[32m 15[2mms[22m[39m
 [32mΓ£ô[39m src/utils/knowledgeBaseSearchPdf.test.ts[2m > [22mknowledgeBaseSearchPdf ΓÇö generator[2m > [22mincludes a case number when provided[32m 43[2mms[22m[39m
Not implemented: HTMLCanvasElement's getContext() method: without installing the canvas npm package
 [32mΓ£ô[39m src/utils/pdf/v2/engine/__tests__/multiCopy.sidecar.test.ts[2m > [22mmultiCopy + sidecar round-trip[2m > [22membeds canonical citation data with violations[] and round-trips[32m 191[2mms[22m[39m
 [32mΓ£ô[39m src/utils/__tests__/noticeOfAttempt.layout.test.ts[2m > [22mgenerateNoticeOfAttempt ΓÇö single-page layout[2m > [22mrenders the disclaimer block on the first page (lead band + body + signature)[33m 521[2mms[22m[39m
 [32mΓ£ô[39m src/utils/pdf/v2/engine/__tests__/multiCopy.sidecar.test.ts[2m > [22mmultiCopy + sidecar round-trip[2m > [22membeds exactly one sidecar across the 3-page output (Info dict)[32m 148[2mms[22m[39m
 [32mΓ£ô[39m src/pages/intel/__tests__/BoloBoard.test.tsx[2m > [22mBoloBoard[2m > [22mrenders bolos grouped by priority[32m 271[2mms[22m[39m
 [32mΓ£ô[39m src/pages/intel/__tests__/BoloBoard.test.tsx[2m > [22mBoloBoard[2m > [22mcancel BOLO opens a confirm dialog before calling DELETE (v1047)[32m 198[2mms[22m[39m
 [32mΓ£ô[39m src/pages/intel/__tests__/BoloBoard.test.tsx[2m > [22mBoloBoard[2m > [22mshows empty state with N hint when no active BOLOs (v1047)[32m 52[2mms[22m[39m
 [32mΓ£ô[39m src/utils/skipTracerReportPdf.test.ts[2m > [22mskipTracerReportPdf[2m > [22mrenders a subject with the legacy Microbilt envelope[32m 288[2mms[22m[39m
 [32mΓ£ô[39m src/utils/skipTracerReportPdf.test.ts[2m > [22mskipTracerReportPdf[2m > [22mrenders a lower_snake local person row[32m 86[2mms[22m[39m
 [32mΓ£ô[39m src/utils/skipTracerReportPdf.test.ts[2m > [22mskipTracerReportPdf[2m > [22mrenders an empty / unknown subject without throwing[32m 81[2mms[22m[39m
 [32mΓ£ô[39m src/utils/skipTracerReportPdf.test.ts[2m > [22mskipTracerReportPdf[2m > [22mtolerates mixed-shape arrays (strings + objects)[32m 52[2mms[22m[39m
 [32mΓ£ô[39m src/utils/skipTracerReportPdf.test.ts[2m > [22mskipTracerReportPdf[2m > [22mincludes officer attribution in the footer when supplied[32m 17[2mms[22m[39m
 [32mΓ£ô[39m src/utils/__tests__/statutePdfGenerator.test.ts[2m > [22mstatute PDF generator[2m > [22mrenders a single-section document[32m 214[2mms[22m[39m
 [32mΓ£ô[39m src/utils/__tests__/statutePdfGenerator.test.ts[2m > [22mstatute PDF generator[2m > [22mpaginates a long chapter without throwing[32m 193[2mms[22m[39m
 [32mΓ£ô[39m src/utils/__tests__/statutePdfGenerator.test.ts[2m > [22mstatute PDF generator[2m > [22mhandles a section with no plain-language summary[32m 17[2mms[22m[39m
 [32mΓ£ô[39m src/utils/__tests__/auditLogPdf.test.ts[2m > [22mwrapText (audit pdf)[2m > [22mreturns a single empty entry for empty input[32m 9[2mms[22m[39m
 [32mΓ£ô[39m src/utils/__tests__/auditLogPdf.test.ts[2m > [22mwrapText (audit pdf)[2m > [22mkeeps short strings as one line[32m 1[2mms[22m[39m
 [32mΓ£ô[39m src/utils/__tests__/auditLogPdf.test.ts[2m > [22mwrapText (audit pdf)[2m > [22mwraps at word boundaries[32m 1[2mms[22m[39m
 [32mΓ£ô[39m src/utils/__tests__/auditLogPdf.test.ts[2m > [22mwrapText (audit pdf)[2m > [22mpreserves explicit newlines as paragraph breaks[32m 2[2mms[22m[39m
 [32mΓ£ô[39m src/utils/__tests__/auditLogPdf.test.ts[2m > [22mwrapText (audit pdf)[2m > [22mkeeps a single oversize word intact (does not slice it)[32m 1[2mms[22m[39m
 [32mΓ£ô[39m src/utils/__tests__/auditLogPdf.test.ts[2m > [22mdescribeFilters[2m > [22mdescribes an empty filter set as unfiltered[32m 1[2mms[22m[39m
 [32mΓ£ô[39m src/utils/__tests__/auditLogPdf.test.ts[2m > [22mdescribeFilters[2m > [22mjoins active filters with commas[32m 1[2mms[22m[39m
 [32mΓ£ô[39m src/utils/__tests__/auditLogPdf.test.ts[2m > [22mdescribeFilters[2m > [22mquotes the search term so it is visually distinct[32m 1[2mms[22m[39m
 [32mΓ£ô[39m src/utils/__tests__/auditLogPdf.test.ts[2m > [22mdescribeFilters[2m > [22mskips empty fields[32m 1[2mms[22m[39m
 [32mΓ£ô[39m src/utils/__tests__/auditLogPdf.test.ts[2m > [22mfmtTimestamp[2m > [22mreturns em-dash for empty input[32m 1[2mms[22m[39m
 [32mΓ£ô[39m src/utils/__tests__/auditLogPdf.test.ts[2m > [22mfmtTimestamp[2m > [22mformats a UTC timestamp in Mountain Time with the MT suffix[32m 130[2mms[22m[39m
 [32mΓ£ô[39m src/utils/__tests__/auditLogPdf.test.ts[2m > [22mgenerateAuditLogPdf[2m > [22mproduces a jsPDF document with at least one page when no entries match[32m 93[2mms[22m[39m
 [32mΓ£ô[39m src/utils/__tests__/auditLogPdf.test.ts[2m > [22mgenerateAuditLogPdf[2m > [22mproduces a multi-row document for a single entry[32m 109[2mms[22m[39m
 [32mΓ£ô[39m src/pages/fleet/v2/__tests__/VendorsRoute.test.tsx[2m > [22m<VendorsRoute>[2m > [22mrenders vendor rows sorted by price[33m 568[2mms[22m[39m
 [32mΓ£ô[39m src/pages/fleet/v2/__tests__/VendorsRoute.test.tsx[2m > [22m<VendorsRoute>[2m > [22msearch filters by name[32m 170[2mms[22m[39m
 [32mΓ£ô[39m src/utils/__tests__/auditLogPdf.test.ts[2m > [22mgenerateAuditLogPdf[2m > [22mpaginates when given many entries (sanity, no crash)[33m 333[2mms[22m[39m
 [32mΓ£ô[39m src/utils/__tests__/auditLogPdf.test.ts[2m > [22mgenerateAuditLogPdf[2m > [22mdoes not crash when entries omit optional fields[32m 18[2mms[22m[39m
 [32mΓ£ô[39m src/utils/__tests__/blankFormGenerator.serviceComms.test.ts[2m > [22mblank service + communications forms[2m > [22mregisters each new form with a category and a form number[32m 12[2mms[22m[39m
 [32mΓ£ô[39m src/utils/__tests__/blankFormGenerator.serviceComms.test.ts[2m > [22mblank service + communications forms[2m > [22mgenerates a non-empty PDF for every new form without throwing[33m 777[2mms[22m[39m
 [32mΓ£ô[39m src/utils/__tests__/documentIntakePdf.test.ts[2m > [22mwrapText (document intake pdf)[2m > [22mreturns a single empty entry for empty input[32m 13[2mms[22m[39m
 [32mΓ£ô[39m src/utils/__tests__/documentIntakePdf.test.ts[2m > [22mwrapText (document intake pdf)[2m > [22mkeeps short strings as one line[32m 4[2mms[22m[39m
 [32mΓ£ô[39m src/utils/__tests__/documentIntakePdf.test.ts[2m > [22mwrapText (document intake pdf)[2m > [22mwraps at word boundaries[32m 1[2mms[22m[39m
 [32mΓ£ô[39m src/utils/__tests__/documentIntakePdf.test.ts[2m > [22mwrapText (document intake pdf)[2m > [22mpreserves explicit newlines as paragraph breaks[32m 1[2mms[22m[39m
 [32mΓ£ô[39m src/utils/__tests__/documentIntakePdf.test.ts[2m > [22mconfidenceBand (document intake pdf)[2m > [22mclassifies a high-confidence read[32m 3[2mms[22m[39m
 [32mΓ£ô[39m src/utils/__tests__/documentIntakePdf.test.ts[2m > [22mconfidenceBand (document intake pdf)[2m > [22mclassifies a mid-confidence read[32m 1[2mms[22m[39m
 [32mΓ£ô[39m src/utils/__tests__/documentIntakePdf.test.ts[2m > [22mconfidenceBand (document intake pdf)[2m > [22mclassifies a low-confidence read[32m 1[2mms[22m[39m
 [32mΓ£ô[39m src/utils/__tests__/documentIntakePdf.test.ts[2m > [22mconfidenceBand (document intake pdf)[2m > [22mmarks zero as not-found with an em-dash percent[32m 1[2mms[22m[39m
 [32mΓ£ô[39m src/utils/__tests__/documentIntakePdf.test.ts[2m > [22mconfidenceBand (document intake pdf)[2m > [22muses 0.80 as the inclusive HIGH boundary[32m 1[2mms[22m[39m
 [32mΓ£ô[39m src/utils/__tests__/documentIntakePdf.test.ts[2m > [22mconfidenceBand (document intake pdf)[2m > [22muses 0.50 as the inclusive MEDIUM boundary[32m 1[2mms[22m[39m
 [32mΓ£ô[39m src/utils/__tests__/documentIntakePdf.test.ts[2m > [22mfmtTimestamp (document intake pdf)[2m > [22mreturns em-dash for empty input[32m 1[2mms[22m[39m
 [32mΓ£ô[39m src/utils/__tests__/documentIntakePdf.test.ts[2m > [22mfmtTimestamp (document intake pdf)[2m > [22mformats an ISO timestamp in Mountain time[32m 75[2mms[22m[39m
 [32mΓ£ô[39m src/utils/__tests__/documentIntakePdf.test.ts[2m > [22mfmtTimestamp (document intake pdf)[2m > [22mdoes not throw on garbage input and returns either the raw string or a stamp[32m 2[2mms[22m[39m
 [32mΓ£ô[39m src/utils/__tests__/documentIntakePdf.test.ts[2m > [22msuggestFilename (document intake pdf)[2m > [22mbuilds a filename of intake-<kind>-<stem>-<ymd>.pdf[32m 2[2mms[22m[39m
 [32mΓ£ô[39m src/utils/__tests__/documentIntakePdf.test.ts[2m > [22msuggestFilename (document intake pdf)[2m > [22msanitizes unsafe characters in both segments[32m 1[2mms[22m[39m
 [32mΓ£ô[39m src/utils/__tests__/documentIntakePdf.test.ts[2m > [22msuggestFilename (document intake pdf)[2m > [22mcaps the kind and stem at 24 chars each[32m 2[2mms[22m[39m
 [32mΓ£ô[39m src/utils/__tests__/documentIntakePdf.test.ts[2m > [22msuggestFilename (document intake pdf)[2m > [22mfalls back to "unknown"/"document" when given empty inputs[32m 1[2mms[22m[39m
 [32mΓ£ô[39m src/utils/__tests__/documentIntakePdf.test.ts[2m > [22mgenerateDocumentIntakePdf[2m > [22mproduces a non-empty PDF buffer for a typical extraction[32m 140[2mms[22m[39m
 [32mΓ£ô[39m src/utils/__tests__/documentIntakePdf.test.ts[2m > [22mgenerateDocumentIntakePdf[2m > [22mrenders without crashing when fields is empty[32m 41[2mms[22m[39m
 [32mΓ£ô[39m src/utils/__tests__/documentIntakePdf.test.ts[2m > [22mgenerateDocumentIntakePdf[2m > [22mrenders without crashing when rawTextPreview is omitted[32m 49[2mms[22m[39m
 [32mΓ£ô[39m src/utils/__tests__/documentIntakePdf.test.ts[2m > [22mgenerateDocumentIntakePdf[2m > [22mhandles a long raw-text preview without throwing[32m 71[2mms[22m[39m
 [32mΓ£ô[39m src/utils/__tests__/conversationTranscriptPdf.test.ts[2m > [22mwrapText (conversation transcript)[2m > [22mreturns a single empty entry for an empty input[32m 8[2mms[22m[39m
 [32mΓ£ô[39m src/utils/__tests__/conversationTranscriptPdf.test.ts[2m > [22mwrapText (conversation transcript)[2m > [22mkeeps short strings as one line[32m 1[2mms[22m[39m
 [32mΓ£ô[39m src/utils/__tests__/conversationTranscriptPdf.test.ts[2m > [22mwrapText (conversation transcript)[2m > [22mwraps at word boundaries[32m 1[2mms[22m[39m
 [32mΓ£ô[39m src/utils/__tests__/conversationTranscriptPdf.test.ts[2m > [22mwrapText (conversation transcript)[2m > [22mpreserves explicit newlines as paragraph breaks[32m 1[2mms[22m[39m
 [32mΓ£ô[39m src/utils/__tests__/conversationTranscriptPdf.test.ts[2m > [22mwrapText (conversation transcript)[2m > [22mdoes not lose data when a single word is longer than the budget[32m 2[2mms[22m[39m
 [32mΓ£ô[39m src/utils/__tests__/conversationTranscriptPdf.test.ts[2m > [22mhighestPriority[2m > [22mreturns normal for an empty array[32m 1[2mms[22m[39m
 [32mΓ£ô[39m src/utils/__tests__/conversationTranscriptPdf.test.ts[2m > [22mhighestPriority[2m > [22mreturns normal when every message is normal[32m 1[2mms[22m[39m
 [32mΓ£ô[39m src/utils/__tests__/conversationTranscriptPdf.test.ts[2m > [22mhighestPriority[2m > [22mreturns urgent when any message is urgent[32m 1[2mms[22m[39m
 [32mΓ£ô[39m src/utils/__tests__/conversationTranscriptPdf.test.ts[2m > [22mhighestPriority[2m > [22mreturns emergency when any message is emergency (beats urgent)[32m 1[2mms[22m[39m
 [32mΓ£ô[39m src/utils/__tests__/conversationTranscriptPdf.test.ts[2m > [22mparticipantsOf[2m > [22mreturns first-seen order with no duplicates[32m 1[2mms[22m[39m
 [32mΓ£ô[39m src/utils/__tests__/conversationTranscriptPdf.test.ts[2m > [22mparticipantsOf[2m > [22momits empty / undefined recipient (e.g. raw broadcasts)[32m 1[2mms[22m[39m
 [32mΓ£ô[39m src/utils/__tests__/conversationTranscriptPdf.test.ts[2m > [22mparticipantsOf[2m > [22mreturns an empty array for no messages[32m 0[2mms[22m[39m
 [32mΓ£ô[39m src/utils/__tests__/conversationTranscriptPdf.test.ts[2m > [22mgenerateConversationTranscriptPdf (smoke)[2m > [22mdoes not throw on a populated thread[32m 151[2mms[22m[39m
 [32mΓ£ô[39m src/utils/__tests__/conversationTranscriptPdf.test.ts[2m > [22mgenerateConversationTranscriptPdf (smoke)[2m > [22mdoes not throw on an empty messages array (header still renders)[32m 18[2mms[22m[39m
 [32mΓ£ô[39m src/utils/__tests__/conversationTranscriptPdf.test.ts[2m > [22mgenerateConversationTranscriptPdf (smoke)[2m > [22mdoes not throw when bodies contain very long words (no spaces)[32m 22[2mms[22m[39m
 [32mΓ£ô[39m src/utils/__tests__/conversationTranscriptPdf.test.ts[2m > [22mgenerateConversationTranscriptPdf (smoke)[2m > [22mdoes not throw on a thread with 50+ messages (page break exercised)[32m 92[2mms[22m[39m
 [32mΓ£ô[39m src/utils/__tests__/conversationTranscriptPdf.test.ts[2m > [22mgenerateConversationTranscriptPdf (smoke)[2m > [22mdoes not throw when a broadcast emergency thread is rendered[32m 19[2mms[22m[39m
 [32mΓ£ô[39m src/pages/fleet/v2/__tests__/DashCamerasRoute.test.tsx[2m > [22m<DashCamerasRoute>[2m > [22mrenders camera units + recent videos[33m 354[2mms[22m[39m
 [32mΓ£ô[39m src/pages/fleet/v2/__tests__/InspectionsRoute.test.tsx[2m > [22m<InspectionsRoute>[2m > [22mrenders both PASS and FAIL inspections across the fleet[33m 415[2mms[22m[39m
 [32mΓ£ô[39m src/utils/pdf/v2/engine/__tests__/sidecar.test.ts[2m > [22msidecar canonicalize[2m > [22msorts object keys recursively[32m 10[2mms[22m[39m
 [32mΓ£ô[39m src/utils/pdf/v2/engine/__tests__/sidecar.test.ts[2m > [22msidecar canonicalize[2m > [22mpreserves array order[32m 1[2mms[22m[39m
 [32mΓ£ô[39m src/utils/pdf/v2/engine/__tests__/sidecar.test.ts[2m > [22msidecar canonicalize[2m > [22mproduces stable hash for equivalent objects[32m 11[2mms[22m[39m
 [32mΓ£ô[39m src/utils/pdf/v2/engine/__tests__/sidecar.test.ts[2m > [22msidecar embed/extract round-trip[2m > [22membeds and extracts the same payload via Keywords path[32m 113[2mms[22m[39m
 [32mΓ£ô[39m src/utils/pdf/v2/engine/__tests__/sidecar.test.ts[2m > [22msidecar embed/extract round-trip[2m > [22mreturns null when no sidecar embedded[32m 87[2mms[22m[39m
 [32mΓ£ô[39m src/utils/pdf/v2/engine/__tests__/sidecar.test.ts[2m > [22msidecar embed/extract round-trip[2m > [22msurvives if Keywords entry is stripped (post-EOF fallback)[32m 70[2mms[22m[39m
 [32mΓ£ô[39m src/utils/pdf/v2/engine/__tests__/sidecar.test.ts[2m > [22msidecar embed/extract round-trip[2m > [22mhandles UTF-8 in data values (names with non-ASCII)[32m 49[2mms[22m[39m
 [32mΓ£ô[39m src/utils/__tests__/useOfForceReportPdf.test.ts[2m > [22museOfForceReportPdf ΓÇö pure helpers[2m > [22mfmtDate[2m > [22mreturns em-dash for empty input[32m 7[2mms[22m[39m
 [32mΓ£ô[39m src/utils/__tests__/useOfForceReportPdf.test.ts[2m > [22museOfForceReportPdf ΓÇö pure helpers[2m > [22mfmtDate[2m > [22mformats an ISO date in Mountain Time[32m 74[2mms[22m[39m
 [32mΓ£ô[39m src/utils/__tests__/useOfForceReportPdf.test.ts[2m > [22museOfForceReportPdf ΓÇö pure helpers[2m > [22mfmtDateTime[2m > [22mappends MT timezone marker on valid input[32m 2[2mms[22m[39m
 [32mΓ£ô[39m src/utils/__tests__/useOfForceReportPdf.test.ts[2m > [22museOfForceReportPdf ΓÇö pure helpers[2m > [22mfmtDateTime[2m > [22mreturns em-dash for empty input[32m 1[2mms[22m[39m
 [32mΓ£ô[39m src/utils/__tests__/useOfForceReportPdf.test.ts[2m > [22museOfForceReportPdf ΓÇö pure helpers[2m > [22mfmtDuration[2m > [22mformats seconds as HH:MM:SS[32m 2[2mms[22m[39m
 [32mΓ£ô[39m src/utils/__tests__/useOfForceReportPdf.test.ts[2m > [22museOfForceReportPdf ΓÇö pure helpers[2m > [22mfmtDuration[2m > [22mreturns em-dash for nullish, clamps negative[32m 6[2mms[22m[39m
 [32mΓ£ô[39m src/utils/__tests__/useOfForceReportPdf.test.ts[2m > [22museOfForceReportPdf ΓÇö pure helpers[2m > [22mprettyLabel[2m > [22mreturns empty string for empty[32m 1[2mms[22m[39m
 [32mΓ£ô[39m src/utils/__tests__/useOfForceReportPdf.test.ts[2m > [22museOfForceReportPdf ΓÇö pure helpers[2m > [22mprettyLabel[2m > [22mconverts snake_case to Title Case[32m 1[2mms[22m[39m
 [32mΓ£ô[39m src/utils/__tests__/useOfForceReportPdf.test.ts[2m > [22museOfForceReportPdf ΓÇö pure helpers[2m > [22mhasInjuries[2m > [22mfalse when both fields are empty / "none"[32m 2[2mms[22m[39m
 [32mΓ£ô[39m src/utils/__tests__/useOfForceReportPdf.test.ts[2m > [22museOfForceReportPdf ΓÇö pure helpers[2m > [22mhasInjuries[2m > [22mtrue when either field has real content[32m 1[2mms[22m[39m
 [32mΓ£ô[39m src/utils/__tests__/useOfForceReportPdf.test.ts[2m > [22museOfForceReportPdf ΓÇö pure helpers[2m > [22misLethalForce[2m > [22mtrue for firearm force_type[32m 1[2mms[22m[39m
 [32mΓ£ô[39m src/utils/__tests__/useOfForceReportPdf.test.ts[2m > [22museOfForceReportPdf ΓÇö pure helpers[2m > [22misLethalForce[2m > [22mtrue for Life-Threatening force_level[32m 1[2mms[22m[39m
 [32mΓ£ô[39m src/utils/__tests__/useOfForceReportPdf.test.ts[2m > [22museOfForceReportPdf ΓÇö pure helpers[2m > [22misLethalForce[2m > [22mfalse for non-lethal force[32m 1[2mms[22m[39m
 [32mΓ£ô[39m src/utils/__tests__/useOfForceReportPdf.test.ts[2m > [22museOfForceReportPdf ΓÇö pure helpers[2m > [22mfmtWitnesses[2m > [22mreturns em-dash for empty[32m 1[2mms[22m[39m
 [32mΓ£ô[39m src/utils/__tests__/useOfForceReportPdf.test.ts[2m > [22museOfForceReportPdf ΓÇö pure helpers[2m > [22mfmtWitnesses[2m > [22mparses JSON arrays[32m 1[2mms[22m[39m
 [32mΓ£ô[39m src/utils/__tests__/useOfForceReportPdf.test.ts[2m > [22museOfForceReportPdf ΓÇö pure helpers[2m > [22mfmtWitnesses[2m > [22mreturns the empty case for an empty JSON array[32m 0[2mms[22m[39m
 [32mΓ£ô[39m src/utils/__tests__/useOfForceReportPdf.test.ts[2m > [22museOfForceReportPdf ΓÇö pure helpers[2m > [22mfmtWitnesses[2m > [22mfalls through to the raw string for comma-separated input[32m 0[2mms[22m[39m
 [32mΓ£ô[39m src/utils/__tests__/useOfForceReportPdf.test.ts[2m > [22museOfForceReportPdf ΓÇö pure helpers[2m > [22mfmtWitnesses[2m > [22mfalls through to the raw string for malformed JSON[32m 0[2mms[22m[39m
 [32mΓ£ô[39m src/utils/__tests__/useOfForceReportPdf.test.ts[2m > [22museOfForceReportPdf ΓÇö pure helpers[2m > [22mfmtSubject[2m > [22mreturns em-dash when no name parts[32m 1[2mms[22m[39m
 [32mΓ£ô[39m src/utils/__tests__/useOfForceReportPdf.test.ts[2m > [22museOfForceReportPdf ΓÇö pure helpers[2m > [22mfmtSubject[2m > [22mconcatenates first + last when both present[32m 0[2mms[22m[39m
 [32mΓ£ô[39m src/utils/__tests__/useOfForceReportPdf.test.ts[2m > [22museOfForceReportPdf ΓÇö pure helpers[2m > [22mfmtSubject[2m > [22muses single name part when only one present[32m 1[2mms[22m[39m
 [32mΓ£ô[39m src/utils/__tests__/useOfForceReportPdf.test.ts[2m > [22museOfForceReportPdf ΓÇö pure helpers[2m > [22mfmtSubject[2m > [22mappends DOB chip when present[32m 1[2mms[22m[39m
 [32mΓ£ô[39m src/utils/__tests__/useOfForceReportPdf.test.ts[2m > [22mgenerateUseOfForceReportPdf ΓÇö smoke[2m > [22mdoes not throw on a null-everything report[32m 78[2mms[22m[39m
 [32mΓ£ô[39m src/utils/__tests__/useOfForceReportPdf.test.ts[2m > [22mgenerateUseOfForceReportPdf ΓÇö smoke[2m > [22mdoes not throw on a populated lethal-force report with injuries + footage[32m 59[2mms[22m[39m
 [32mΓ£ô[39m src/utils/__tests__/useOfForceReportPdf.test.ts[2m > [22mgenerateUseOfForceReportPdf ΓÇö smoke[2m > [22mdoes not throw with no injuries / no footage / no review (draft report)[32m 23[2mms[22m[39m
 [32mΓ£ô[39m src/utils/__tests__/useOfForceReportPdf.test.ts[2m > [22mgenerateUseOfForceReportPdf ΓÇö smoke[2m > [22mdoes not throw with very long narrative + witness list (paging)[32m 42[2mms[22m[39m
 [32mΓ£ô[39m src/pages/fleet/v2/shell/__tests__/KpiRibbon.test.tsx[2m > [22m<KpiRibbon>[2m > [22mrenders cells against the real /api/fleet/analytics shape (status_breakdown + fleet_summary + cost_per_mile_ranking)[32m 269[2mms[22m[39m
 [32mΓ£ô[39m src/pages/fleet/v2/shell/__tests__/KpiRibbon.test.tsx[2m > [22m<KpiRibbon>[2m > [22mrenders gracefully when an endpoint 404s (shows em-dashes)[32m 28[2mms[22m[39m
 [32mΓ£ô[39m src/pages/fleet/v2/__tests__/ServiceRoute.test.tsx[2m > [22m<ServiceRoute>[2m > [22mfans out across vehicles and renders combined service entries[33m 385[2mms[22m[39m
 [32mΓ£ô[39m src/utils/__tests__/courtAppearancePdf.test.ts[2m > [22mcourtAppearancePdf helpers[2m > [22mprosecutorDisplayName[2m > [22mhandles bare string (legacy shape)[32m 8[2mms[22m[39m
 [32mΓ£ô[39m src/utils/__tests__/courtAppearancePdf.test.ts[2m > [22mcourtAppearancePdf helpers[2m > [22mprosecutorDisplayName[2m > [22mhandles {name,...} JSON object[32m 1[2mms[22m[39m
 [32mΓ£ô[39m src/utils/__tests__/courtAppearancePdf.test.ts[2m > [22mcourtAppearancePdf helpers[2m > [22mprosecutorDisplayName[2m > [22mhandles JSON-stringified object[32m 1[2mms[22m[39m
 [32mΓ£ô[39m src/utils/__tests__/courtAppearancePdf.test.ts[2m > [22mcourtAppearancePdf helpers[2m > [22mprosecutorDisplayName[2m > [22mfalls back to the raw string when JSON has no name[32m 1[2mms[22m[39m
 [32mΓ£ô[39m src/utils/__tests__/courtAppearancePdf.test.ts[2m > [22mcourtAppearancePdf helpers[2m > [22mprosecutorDisplayName[2m > [22mreturns em-dash on null/undefined/empty[32m 1[2mms[22m[39m
 [32mΓ£ô[39m src/utils/__tests__/courtAppearancePdf.test.ts[2m > [22mcourtAppearancePdf helpers[2m > [22mdaysUntilEvent[2m > [22mreturns PAST when event has elapsed[32m 2[2mms[22m[39m
 [32mΓ£ô[39m src/utils/__tests__/courtAppearancePdf.test.ts[2m > [22mcourtAppearancePdf helpers[2m > [22mdaysUntilEvent[2m > [22mreturns TODAY for an event on the current day[32m 4[2mms[22m[39m
 [32mΓ£ô[39m src/utils/__tests__/courtAppearancePdf.test.ts[2m > [22mcourtAppearancePdf helpers[2m > [22mdaysUntilEvent[2m > [22mreturns "N days" for far-future events[32m 1[2mms[22m[39m
 [32mΓ£ô[39m src/utils/__tests__/courtAppearancePdf.test.ts[2m > [22mcourtAppearancePdf helpers[2m > [22mdaysUntilEvent[2m > [22mreturns em-dash for missing date[32m 1[2mms[22m[39m
 [32mΓ£ô[39m src/utils/__tests__/courtAppearancePdf.test.ts[2m > [22mcourtAppearancePdf helpers[2m > [22mgenerateCourtAppearancePdf[2m > [22mproduces a jsPDF without throwing on a minimal payload[32m 193[2mms[22m[39m
 [32mΓ£ô[39m src/utils/__tests__/courtAppearancePdf.test.ts[2m > [22mcourtAppearancePdf helpers[2m > [22mgenerateCourtAppearancePdf[2m > [22mhandles a full payload with JSON-stringified collections[32m 96[2mms[22m[39m
 [32mΓ£ô[39m src/utils/__tests__/courtAppearancePdf.test.ts[2m > [22mcourtAppearancePdf helpers[2m > [22mgenerateCourtAppearancePdf[2m > [22msurvives malformed JSON in witnesses/court_fees/continuance_log[32m 38[2mms[22m[39m
 [32mΓ£ô[39m src/pages/fleet/v2/__tests__/PersonnelRoute.test.tsx[2m > [22m<PersonnelRoute>[2m > [22mrenders assignments with ACTIVE badge on the open one[33m 382[2mms[22m[39m
 [32mΓ£ô[39m src/pages/map/components/__tests__/BufferRingTool.test.tsx[2m > [22mrenders radius input and unit toggle[32m 217[2mms[22m[39m
 [32mΓ£ô[39m src/pages/map/components/__tests__/BufferRingTool.test.tsx[2m > [22munit toggle switches between ft and mi[32m 73[2mms[22m[39m
 [32mΓ£ô[39m src/pages/map/components/__tests__/BufferRingTool.test.tsx[2m > [22mClear All button exists[32m 17[2mms[22m[39m
 [32mΓ£ô[39m src/pages/fleet/v2/__tests__/GpsTrackingRoute.test.tsx[2m > [22m<GpsTrackingRoute>[2m > [22mrenders live positions with device id + coords + speed[33m 386[2mms[22m[39m
 [32mΓ£ô[39m src/pages/fleet/v2/vehicleDetail/__tests__/FuelTab.test.tsx[2m > [22m<FuelTab>[2m > [22mrenders fuel entries with MPG[32m 293[2mms[22m[39m
 [32mΓ£ô[39m src/pages/fleet/v2/vehicleDetail/__tests__/FuelTab.test.tsx[2m > [22m<FuelTab>[2m > [22mshows average MPG header when entries have mpg values[32m 36[2mms[22m[39m
 [32mΓ£ô[39m src/pages/fleet/v2/vehicleDetail/__tests__/FuelTab.test.tsx[2m > [22m<FuelTab>[2m > [22mrenders empty state[32m 24[2mms[22m[39m
 [32mΓ£ô[39m src/pages/intel/__tests__/IntelDashboard.test.tsx[2m > [22mIntelDashboard[2m > [22mrenders tiles and widgets from the overview[33m 351[2mms[22m[39m
 [32mΓ£ô[39m src/pages/fleet/v2/vehicleDetail/__tests__/TiresTab.test.tsx[2m > [22m<TiresTab>[2m > [22mrenders tire records with brand + tread depth[32m 267[2mms[22m[39m
 [32mΓ£ô[39m src/pages/fleet/v2/vehicleDetail/__tests__/TiresTab.test.tsx[2m > [22m<TiresTab>[2m > [22mrenders empty state[32m 20[2mms[22m[39m
 [32mΓ£ô[39m src/utils/shiftPlanPdf.test.ts[2m > [22mgenerateShiftPlanPdf[2m > [22mreturns a non-empty PDF for the empty-plan case[33m 465[2mms[22m[39m
 [32mΓ£ô[39m src/utils/shiftPlanPdf.test.ts[2m > [22mgenerateShiftPlanPdf[2m > [22mrenders multiple assignments without throwing[32m 88[2mms[22m[39m
 [32mΓ£ô[39m src/utils/shiftPlanPdf.test.ts[2m > [22mgenerateShiftPlanPdf[2m > [22mhandles the warnings + conflicts blocks together[32m 49[2mms[22m[39m
 [32mΓ£ô[39m src/utils/shiftPlanPdf.test.ts[2m > [22mgenerateShiftPlanPdf[2m > [22mfalls back to the custom-shift label when an unknown shiftType slips through[32m 63[2mms[22m[39m
 [32mΓ£ô[39m src/utils/shiftPlanPdf.test.ts[2m > [22mgenerateShiftPlanPdf[2m > [22mlong officer-name wrap does not blow the row off the page[32m 21[2mms[22m[39m
 [32mΓ£ô[39m src/utils/__tests__/mapMarkers.test.ts[2m > [22munitStatusColor[2m > [22mmaps known statuses to theme colors[32m 7[2mms[22m[39m
 [32mΓ£ô[39m src/utils/__tests__/mapMarkers.test.ts[2m > [22munitStatusColor[2m > [22mfalls back to neutral for unknown status[32m 1[2mms[22m[39m
 [32mΓ£ô[39m src/utils/__tests__/mapMarkers.test.ts[2m > [22mcallPriorityColor[2m > [22mmaps high priority to red, low to neutral[32m 1[2mms[22m[39m
 [32mΓ£ô[39m src/utils/__tests__/mapMarkers.test.ts[2m > [22mcallPriorityColor[2m > [22mfalls back to gold for unknown priority[32m 1[2mms[22m[39m
 [32mΓ£ô[39m src/utils/__tests__/mapMarkers.test.ts[2m > [22mbuildUnitMarker[2m > [22mreturns an HTMLElement with the status ring color and label text[32m 199[2mms[22m[39m
 [32mΓ£ô[39m src/utils/__tests__/mapMarkers.test.ts[2m > [22mbuildUnitMarker[2m > [22mdoes not use innerHTML injection for the label (text is escaped)[32m 30[2mms[22m[39m
 [32mΓ£ô[39m src/utils/__tests__/mapMarkers.test.ts[2m > [22mbuildCallMarker[2m > [22mreturns an HTMLElement colored by priority[32m 17[2mms[22m[39m
 [32mΓ£ô[39m src/utils/__tests__/mapMarkers.test.ts[2m > [22mbuildDotMarker[2m > [22mreturns a colored dot element[32m 15[2mms[22m[39m
 [32mΓ£ô[39m src/utils/__tests__/mapMarkers.test.ts[2m > [22misValidLngLat[2m > [22maccepts a real Utah position[32m 1[2mms[22m[39m
 [32mΓ£ô[39m src/utils/__tests__/mapMarkers.test.ts[2m > [22misValidLngLat[2m > [22mrejects the exact (0, 0) ClearPath no-fix signature[32m 1[2mms[22m[39m
 [32mΓ£ô[39m src/utils/__tests__/mapMarkers.test.ts[2m > [22misValidLngLat[2m > [22maccepts coordinates close to but not exactly (0, 0)[32m 1[2mms[22m[39m
 [32mΓ£ô[39m src/utils/__tests__/mapMarkers.test.ts[2m > [22misValidLngLat[2m > [22mrejects NaN / Infinity / -Infinity[32m 3[2mms[22m[39m
 [32mΓ£ô[39m src/utils/__tests__/mapMarkers.test.ts[2m > [22misValidLngLat[2m > [22mrejects null / undefined / non-number types[32m 2[2mms[22m[39m
 [32mΓ£ô[39m src/utils/__tests__/mapMarkers.test.ts[2m > [22misValidLngLat[2m > [22mrejects out-of-globe values[32m 1[2mms[22m[39m
Not implemented: HTMLCanvasElement's toDataURL() method: without installing the canvas npm package
 [32mΓ£ô[39m src/utils/__tests__/graphToPdf.test.ts[2m > [22mgraphToPdf[2m > [22mproduces a Blob whose type indicates a PDF[32m 255[2mms[22m[39m
Not implemented: HTMLCanvasElement's toDataURL() method: without installing the canvas npm package
 [32mΓ£ô[39m src/utils/__tests__/graphToPdf.test.ts[2m > [22mgraphToPdf[2m > [22mhandles empty node list[32m 65[2mms[22m[39m
 [32mΓ£ô[39m src/pages/intel/__tests__/IntelSearch.chips.test.tsx[2m > [22mIntelSearch chips[2m > [22mshows a saved-search chip and applies it on click[33m 358[2mms[22m[39m
 [32mΓ£ô[39m src/utils/__tests__/offenderRegistrationCardPdf.test.ts[2m > [22mformatSubjectName[2m > [22mrenders LAST, FIRST MIDDLE with last name upper-cased[32m 7[2mms[22m[39m
 [32mΓ£ô[39m src/utils/__tests__/offenderRegistrationCardPdf.test.ts[2m > [22mformatSubjectName[2m > [22momits middle name when blank[32m 1[2mms[22m[39m
 [32mΓ£ô[39m src/utils/__tests__/offenderRegistrationCardPdf.test.ts[2m > [22mformatSubjectName[2m > [22mreturns just the last name when no first/middle[32m 1[2mms[22m[39m
 [32mΓ£ô[39m src/utils/__tests__/offenderRegistrationCardPdf.test.ts[2m > [22mformatSubjectName[2m > [22mreturns em-dash when no name parts are present[32m 1[2mms[22m[39m
 [32mΓ£ô[39m src/utils/__tests__/offenderRegistrationCardPdf.test.ts[2m > [22mformatSubjectName[2m > [22mtrims whitespace on inputs[32m 1[2mms[22m[39m
 [32mΓ£ô[39m src/utils/__tests__/offenderRegistrationCardPdf.test.ts[2m > [22mformatAddress[2m > [22mjoins address, city, "STATE ZIP"[32m 1[2mms[22m[39m
 [32mΓ£ô[39m src/utils/__tests__/offenderRegistrationCardPdf.test.ts[2m > [22mformatAddress[2m > [22momits empty components[32m 1[2mms[22m[39m
 [32mΓ£ô[39m src/utils/__tests__/offenderRegistrationCardPdf.test.ts[2m > [22mformatAddress[2m > [22mreturns em-dash when every component is blank[32m 1[2mms[22m[39m
 [32mΓ£ô[39m src/utils/__tests__/offenderRegistrationCardPdf.test.ts[2m > [22mformatAddress[2m > [22mhandles zip-only / state-only as a single component[32m 1[2mms[22m[39m
 [32mΓ£ô[39m src/utils/__tests__/offenderRegistrationCardPdf.test.ts[2m > [22mclassificationBanner[2m > [22mreturns the red CONFIRMED banner for confirmed[32m 1[2mms[22m[39m
 [32mΓ£ô[39m src/utils/__tests__/offenderRegistrationCardPdf.test.ts[2m > [22mclassificationBanner[2m > [22mreturns the amber POSSIBLE banner for possible[32m 1[2mms[22m[39m
 [32mΓ£ô[39m src/utils/__tests__/offenderRegistrationCardPdf.test.ts[2m > [22mclassificationBanner[2m > [22mreturns the grey EXCLUDED banner for excluded[32m 1[2mms[22m[39m
 [32mΓ£ô[39m src/utils/__tests__/offenderRegistrationCardPdf.test.ts[2m > [22mclassificationBanner[2m > [22mfalls back to a neutral OFFENDER RECORD banner for null/unknown[32m 1[2mms[22m[39m
 [32mΓ£ô[39m src/utils/__tests__/offenderRegistrationCardPdf.test.ts[2m > [22mwrapText[2m > [22mreturns [""] for empty input[32m 2[2mms[22m[39m
 [32mΓ£ô[39m src/utils/__tests__/offenderRegistrationCardPdf.test.ts[2m > [22mwrapText[2m > [22mkeeps short text on a single line[32m 1[2mms[22m[39m
 [32mΓ£ô[39m src/utils/__tests__/offenderRegistrationCardPdf.test.ts[2m > [22mwrapText[2m > [22mwraps long text without splitting words[32m 1[2mms[22m[39m
 [32mΓ£ô[39m src/utils/__tests__/offenderRegistrationCardPdf.test.ts[2m > [22mwrapText[2m > [22mpreserves explicit line breaks[32m 1[2mms[22m[39m
 [32mΓ£ô[39m src/utils/__tests__/offenderRegistrationCardPdf.test.ts[2m > [22mgenerateOffenderRegistrationCardPdf[2m > [22mproduces a jsPDF document with at least one page[32m 143[2mms[22m[39m
 [32mΓ£ô[39m src/utils/__tests__/offenderRegistrationCardPdf.test.ts[2m > [22mgenerateOffenderRegistrationCardPdf[2m > [22mdoes not throw when classification / score / reason are absent[32m 36[2mms[22m[39m
 [32mΓ£ô[39m src/utils/__tests__/offenderRegistrationCardPdf.test.ts[2m > [22mgenerateOffenderRegistrationCardPdf[2m > [22mdoes not throw when every offender field is null/empty[32m 18[2mms[22m[39m
 [32mΓ£ô[39m src/utils/__tests__/offenderRegistrationCardPdf.test.ts[2m > [22mgenerateOffenderRegistrationCardPdf[2m > [22mdoes not throw when photoDataUrl is a broken data URL (falls back to placeholder)[32m 30[2mms[22m[39m
[90mstderr[2m | src/pages/map/components/__tests__/AnnotationTool.test.tsx[2m > [22m[2mrenders annotation form 
fields
[22m[39mAn update to AnnotationTool inside a test was not wrapped in act(...).

When testing, code that causes React state updates should be wrapped into act(...):

act(() => {
  /* fire events that update state */
});
/* assert on the output */

This ensures that you're testing the behavior the user would see in the browser. Learn more at 
https://react.dev/link/wrap-tests-with-act

[90mstderr[2m | src/pages/map/components/__tests__/AnnotationTool.test.tsx[2m > [22m[2mshows error when title is 
empty on save
[22m[39mAn update to AnnotationTool inside a test was not wrapped in act(...).

When testing, code that causes React state updates should be wrapped into act(...):

act(() => {
  /* fire events that update state */
});
/* assert on the output */

This ensures that you're testing the behavior the user would see in the browser. Learn more at 
https://react.dev/link/wrap-tests-with-act

 [32mΓ£ô[39m src/pages/map/components/__tests__/AnnotationTool.test.tsx[2m > [22mrenders annotation form fields[32m 215[2mms[22m[39m
 [32mΓ£ô[39m src/pages/map/components/__tests__/AnnotationTool.test.tsx[2m > [22mloads existing annotations on mount[32m 58[2mms[22m[39m
 [32mΓ£ô[39m src/pages/map/components/__tests__/AnnotationTool.test.tsx[2m > [22mshows error when title is empty on save[32m 59[2mms[22m[39m
[90mstderr[2m | src/pages/intel/search/__tests__/searchBar.test.tsx[2m > [22m[2mSearchBar[2m > [22m[2mrenders 
input and fires onChange
[22m[39mAn update to SearchBar inside a test was not wrapped in act(...).

When testing, code that causes React state updates should be wrapped into act(...):

act(() => {
  /* fire events that update state */
});
/* assert on the output */

This ensures that you're testing the behavior the user would see in the browser. Learn more at 
https://react.dev/link/wrap-tests-with-act
An update to SearchBar inside a test was not wrapped in act(...).

When testing, code that causes React state updates should be wrapped into act(...):

act(() => {
  /* fire events that update state */
});
/* assert on the output */

This ensures that you're testing the behavior the user would see in the browser. Learn more at 
https://react.dev/link/wrap-tests-with-act

[90mstderr[2m | src/pages/intel/search/__tests__/searchBar.test.tsx[2m > [22m[2mSearchBar[2m > [22m[2mshows 
the operator hint
[22m[39mAn update to SearchBar inside a test was not wrapped in act(...).

When testing, code that causes React state updates should be wrapped into act(...):

act(() => {
  /* fire events that update state */
});
/* assert on the output */

This ensures that you're testing the behavior the user would see in the browser. Learn more at 
https://react.dev/link/wrap-tests-with-act
An update to SearchBar inside a test was not wrapped in act(...).

When testing, code that causes React state updates should be wrapped into act(...):

act(() => {
  /* fire events that update state */
});
/* assert on the output */

This ensures that you're testing the behavior the user would see in the browser. Learn more at 
https://react.dev/link/wrap-tests-with-act

[90mstderr[2m | src/pages/intel/search/__tests__/searchBar.test.tsx[2m > [22m[2mSearchBar[2m > [22m[2mopens 
the inline save-name popover and submits the name (v1047)
[22m[39mAn update to SearchBar inside a test was not wrapped in act(...).

When testing, code that causes React state updates should be wrapped into act(...):

act(() => {
  /* fire events that update state */
});
/* assert on the output */

This ensures that you're testing the behavior the user would see in the browser. Learn more at 
https://react.dev/link/wrap-tests-with-act
An update to SearchBar inside a test was not wrapped in act(...).

When testing, code that causes React state updates should be wrapped into act(...):

act(() => {
  /* fire events that update state */
});
/* assert on the output */

This ensures that you're testing the behavior the user would see in the browser. Learn more at 
https://react.dev/link/wrap-tests-with-act

 [32mΓ£ô[39m src/pages/intel/search/__tests__/searchBar.test.tsx[2m > [22mSearchBar[2m > [22mrenders input and fires onChange[32m 194[2mms[22m[39m
 [32mΓ£ô[39m src/pages/intel/search/__tests__/searchBar.test.tsx[2m > [22mSearchBar[2m > [22mshows the operator hint[32m 31[2mms[22m[39m
[90mstderr[2m | src/pages/intel/search/__tests__/searchBar.test.tsx[2m > [22m[2mSearchBar[2m > [22m[2msave 
popover refuses empty names (v1047)
[22m[39mAn update to SearchBar inside a test was not wrapped in act(...).

When testing, code that causes React state updates should be wrapped into act(...):

act(() => {
  /* fire events that update state */
});
/* assert on the output */

This ensures that you're testing the behavior the user would see in the browser. Learn more at 
https://react.dev/link/wrap-tests-with-act
An update to SearchBar inside a test was not wrapped in act(...).

When testing, code that causes React state updates should be wrapped into act(...):

act(() => {
  /* fire events that update state */
});
/* assert on the output */

This ensures that you're testing the behavior the user would see in the browser. Learn more at 
https://react.dev/link/wrap-tests-with-act

 [32mΓ£ô[39m src/pages/intel/search/__tests__/searchBar.test.tsx[2m > [22mSearchBar[2m > [22mopens the inline save-name popover and submits the name (v1047)[32m 69[2mms[22m[39m
 [32mΓ£ô[39m src/pages/intel/search/__tests__/searchBar.test.tsx[2m > [22mSearchBar[2m > [22msave popover refuses empty names (v1047)[32m 33[2mms[22m[39m
 [32mΓ£ô[39m src/pages/fleet/v2/vehicleDetail/__tests__/AssignmentsTab.test.tsx[2m > [22m<AssignmentsTab>[2m > [22mrenders assignment history with ACTIVE badge for the current one[32m 249[2mms[22m[39m
 [32mΓ£ô[39m src/pages/fleet/v2/vehicleDetail/__tests__/AssignmentsTab.test.tsx[2m > [22m<AssignmentsTab>[2m > [22mrenders empty state[32m 28[2mms[22m[39m
 [32mΓ£ô[39m src/pages/fleet/v2/vehicleDetail/__tests__/RecallsTab.test.tsx[2m > [22m<RecallsTab>[2m > [22mrenders recalls with OPEN / RESOLVED badges[32m 274[2mms[22m[39m
 [32mΓ£ô[39m src/pages/fleet/v2/vehicleDetail/__tests__/RecallsTab.test.tsx[2m > [22m<RecallsTab>[2m > [22mrenders empty state[32m 21[2mms[22m[39m
 [32mΓ£ô[39m src/utils/pdf/v2/engine/__tests__/renderer.test.ts[2m > [22mrenderPdfV2[2m > [22mproduces a non-empty PDF blob for valid schema + data[32m 139[2mms[22m[39m
 [32mΓ£ô[39m src/utils/pdf/v2/engine/__tests__/renderer.test.ts[2m > [22mrenderPdfV2[2m > [22mskips sections when visibleIf returns false[32m 111[2mms[22m[39m
 [32mΓ£ô[39m src/utils/pdf/v2/engine/__tests__/renderer.test.ts[2m > [22mrenderPdfV2[2m > [22mdoes not print "undefined" anywhere even with null-heavy data[32m 44[2mms[22m[39m
 [32mΓ£ô[39m src/pages/intel/__tests__/IntelContextPanel.aisummary.test.tsx[2m > [22mIntelContextPanel AI summary[2m > [22mrequests a Claude summary and renders it[32m 260[2mms[22m[39m
 [32mΓ£ô[39m src/utils/__tests__/bodycamVideoCustodyPdf.test.ts[2m > [22mbodycamVideoCustodyPdf ΓÇö pure helpers[2m > [22mfmtDate[2m > [22mreturns em-dash for empty input[32m 7[2mms[22m[39m
 [32mΓ£ô[39m src/utils/__tests__/bodycamVideoCustodyPdf.test.ts[2m > [22mbodycamVideoCustodyPdf ΓÇö pure helpers[2m > [22mfmtDate[2m > [22mformats an ISO date in Mountain Time[32m 80[2mms[22m[39m
 [32mΓ£ô[39m src/utils/__tests__/bodycamVideoCustodyPdf.test.ts[2m > [22mbodycamVideoCustodyPdf ΓÇö pure helpers[2m > [22mfmtDateTime[2m > [22mappends MT timezone marker on valid input[32m 2[2mms[22m[39m
 [32mΓ£ô[39m src/utils/__tests__/bodycamVideoCustodyPdf.test.ts[2m > [22mbodycamVideoCustodyPdf ΓÇö pure helpers[2m > [22mfmtDateTime[2m > [22mreturns em-dash for empty input[32m 1[2mms[22m[39m
 [32mΓ£ô[39m src/utils/__tests__/bodycamVideoCustodyPdf.test.ts[2m > [22mbodycamVideoCustodyPdf ΓÇö pure helpers[2m > [22mfmtDuration[2m > [22mformats seconds as HH:MM:SS[32m 1[2mms[22m[39m
 [32mΓ£ô[39m src/utils/__tests__/bodycamVideoCustodyPdf.test.ts[2m > [22mbodycamVideoCustodyPdf ΓÇö pure helpers[2m > [22mfmtDuration[2m > [22mclamps negative and returns em-dash for nullish[32m 1[2mms[22m[39m
 [32mΓ£ô[39m src/utils/__tests__/bodycamVideoCustodyPdf.test.ts[2m > [22mbodycamVideoCustodyPdf ΓÇö pure helpers[2m > [22mfmtDuration[2m > [22mhandles fractional seconds (floors)[32m 1[2mms[22m[39m
 [32mΓ£ô[39m src/utils/__tests__/bodycamVideoCustodyPdf.test.ts[2m > [22mbodycamVideoCustodyPdf ΓÇö pure helpers[2m > [22mfmtFileSize[2m > [22mreturns em-dash for nullish[32m 1[2mms[22m[39m
 [32mΓ£ô[39m src/pages/fleet/v2/vehicleDetail/__tests__/DamageTab.test.tsx[2m > [22m<DamageTab>[2m > [22mrenders damage reports with severity + estimated cost[32m 260[2mms[22m[39m
 [32mΓ£ô[39m src/pages/fleet/v2/vehicleDetail/__tests__/DamageTab.test.tsx[2m > [22m<DamageTab>[2m > [22mrenders empty state[32m 30[2mms[22m[39m
 [32mΓ£ô[39m src/utils/__tests__/bodycamVideoCustodyPdf.test.ts[2m > [22mbodycamVideoCustodyPdf ΓÇö pure helpers[2m > [22mfmtFileSize[2m > [22mformats bytes by magnitude[32m 4[2mms[22m[39m
 [32mΓ£ô[39m src/utils/__tests__/bodycamVideoCustodyPdf.test.ts[2m > [22mbodycamVideoCustodyPdf ΓÇö pure helpers[2m > [22mprettyAction[2m > [22mreturns empty string for empty[32m 2[2mms[22m[39m
 [32mΓ£ô[39m src/utils/__tests__/bodycamVideoCustodyPdf.test.ts[2m > [22mbodycamVideoCustodyPdf ΓÇö pure helpers[2m > [22mprettyAction[2m > [22mconverts snake_case to Title Case[32m 1[2mms[22m[39m
 [32mΓ£ô[39m src/utils/__tests__/bodycamVideoCustodyPdf.test.ts[2m > [22mbodycamVideoCustodyPdf ΓÇö pure helpers[2m > [22mchainEntryActor[2m > [22mprefers by_name over by[32m 1[2mms[22m[39m
 [32mΓ£ô[39m src/utils/__tests__/bodycamVideoCustodyPdf.test.ts[2m > [22mbodycamVideoCustodyPdf ΓÇö pure helpers[2m > [22mchainEntryActor[2m > [22mfalls back to by when by_name is missing or blank[32m 1[2mms[22m[39m
 [32mΓ£ô[39m src/utils/__tests__/bodycamVideoCustodyPdf.test.ts[2m > [22mbodycamVideoCustodyPdf ΓÇö pure helpers[2m > [22mchainEntryActor[2m > [22mreturns em-dash when both are absent[32m 1[2mms[22m[39m
 [32mΓ£ô[39m src/utils/__tests__/bodycamVideoCustodyPdf.test.ts[2m > [22mbodycamVideoCustodyPdf ΓÇö pure helpers[2m > [22misEvidenceHold[2m > [22mflags hold-class retention statuses[32m 1[2mms[22m[39m
 [32mΓ£ô[39m src/utils/__tests__/bodycamVideoCustodyPdf.test.ts[2m > [22mbodycamVideoCustodyPdf ΓÇö pure helpers[2m > [22misEvidenceHold[2m > [22mdoes not flag routine statuses[32m 1[2mms[22m[39m
 [32mΓ£ô[39m src/utils/__tests__/bodycamVideoCustodyPdf.test.ts[2m > [22mgenerateBodycamVideoCustodyPdf ΓÇö smoke[2m > [22mdoes not throw on a null-everything video row[32m 80[2mms[22m[39m
 [32mΓ£ô[39m src/utils/__tests__/bodycamVideoCustodyPdf.test.ts[2m > [22mgenerateBodycamVideoCustodyPdf ΓÇö smoke[2m > [22mdoes not throw with a populated row + custody timeline[32m 29[2mms[22m[39m
 [32mΓ£ô[39m src/utils/__tests__/bodycamVideoCustodyPdf.test.ts[2m > [22mgenerateBodycamVideoCustodyPdf ΓÇö smoke[2m > [22mdoes not throw when custody list is empty[32m 17[2mms[22m[39m
 [32mΓ£ô[39m src/utils/__tests__/bodycamVideoCustodyPdf.test.ts[2m > [22mgenerateBodycamVideoCustodyPdf ΓÇö smoke[2m > [22mdoes not throw with very long title / notes (ellipsization)[32m 31[2mms[22m[39m
 [32mΓ£ô[39m src/pages/fleet/v2/vehicleDetail/__tests__/ActivityTab.test.tsx[2m > [22m<ActivityTab>[2m > [22mrenders audit_log rows with their action labels[32m 268[2mms[22m[39m
 [32mΓ£ô[39m src/pages/fleet/v2/vehicleDetail/__tests__/ActivityTab.test.tsx[2m > [22m<ActivityTab>[2m > [22mrenders empty state when no rows[32m 28[2mms[22m[39m
 [32mΓ£ô[39m src/utils/pdf/v2/engine/__tests__/multiCopy.test.ts[2m > [22mrenderMultiCopyPdfV2[2m > [22mproduces ΓëÑ3 pages (one per copy variant, more if continuation needed)[32m 182[2mms[22m[39m
 [32mΓ£ô[39m src/utils/pdf/v2/engine/__tests__/multiCopy.test.ts[2m > [22mrenderMultiCopyPdfV2[2m > [22memits each copy banner on the page where its copy begins[32m 80[2mms[22m[39m
 [32mΓ£ô[39m src/utils/pdf/v2/engine/__tests__/multiCopy.test.ts[2m > [22mrenderMultiCopyPdfV2[2m > [22mrenders footers with PAGE N OF M reflecting total page count[32m 52[2mms[22m[39m
 [32mΓ£ô[39m src/pages/intel/__tests__/IntelPortalLayout.test.tsx[2m > [22mIntelPortalLayout[2m > [22mrenders rail, child outlet, and context panel[33m 342[2mms[22m[39m
 [32mΓ£ô[39m src/components/__tests__/OnFootBadge.test.tsx[2m > [22mOnFootBadge[2m > [22mrenders ON FOOT with elapsed minutes[32m 227[2mms[22m[39m
 [32mΓ£ô[39m src/components/__tests__/OnFootBadge.test.tsx[2m > [22mOnFootBadge[2m > [22mrenders without elapsed when since is missing[32m 32[2mms[22m[39m
 [32mΓ£ô[39m src/components/__tests__/OnFootBadge.test.tsx[2m > [22mOnFootBadge[2m > [22mfires onClick[32m 32[2mms[22m[39m
 [32mΓ£ô[39m src/utils/pdf/v2/engine/__tests__/watermark.test.ts[2m > [22mwatermark variants[2m > [22mblank-form mode produces different bytes than no watermark[32m 162[2mms[22m[39m
 [32mΓ£ô[39m src/utils/pdf/v2/engine/__tests__/watermark.test.ts[2m > [22mwatermark variants[2m > [22mdraft mode produces different bytes than blank-form[32m 81[2mms[22m[39m
[90mstderr[2m | src/pages/map/components/__tests__/GpsReplayTool.test.tsx[2m > [22m[2mrenders unit selector and 
playback controls
[22m[39mAn update to GpsReplayTool inside a test was not wrapped in act(...).

When testing, code that causes React state updates should be wrapped into act(...):

act(() => {
  /* fire events that update state */
});
/* assert on the output */

This ensures that you're testing the behavior the user would see in the browser. Learn more at 
https://react.dev/link/wrap-tests-with-act

 [32mΓ£ô[39m src/pages/map/components/__tests__/GpsReplayTool.test.tsx[2m > [22mrenders unit selector and playback controls[32m 184[2mms[22m[39m
 [32mΓ£ô[39m src/pages/map/components/__tests__/GpsReplayTool.test.tsx[2m > [22mloads unit list on mount[32m 59[2mms[22m[39m
 [32mΓ£ô[39m src/pages/map/components/__tests__/GpsReplayTool.test.tsx[2m > [22mshows empty state when no positions[32m 53[2mms[22m[39m
 [32mΓ£ô[39m src/pages/intel/bolo/__tests__/BoloCreateModal.test.tsx[2m > [22mBoloCreateModal[2m > [22msubmits the entered fields[32m 204[2mms[22m[39m
 [32mΓ£ô[39m src/pages/intel/bolo/__tests__/BoloCreateModal.test.tsx[2m > [22mBoloCreateModal[2m > [22mdoes not submit without a title[32m 39[2mms[22m[39m
 [32mΓ£ô[39m src/pages/intel/__tests__/IntelRail.test.tsx[2m > [22mIntelRail[2m > [22mrenders section links and badge counts[32m 219[2mms[22m[39m
 [32mΓ£ô[39m src/hooks/__tests__/useVoicePersona.test.ts[2m > [22museVoicePersona[2m > [22mloads from server and writes through to localStorage[32m 66[2mms[22m[39m
 [32mΓ£ô[39m src/hooks/__tests__/useVoicePersona.test.ts[2m > [22museVoicePersona[2m > [22moptimistically updates localStorage on setPersona[32m 20[2mms[22m[39m
 [32mΓ£ô[39m src/hooks/__tests__/useVoicePersona.test.ts[2m > [22museVoicePersona[2m > [22mPUT is sent with mapped server field names (voice_* not camelCase)[32m 24[2mms[22m[39m
 [32mΓ£ô[39m src/hooks/__tests__/useVoicePersona.test.ts[2m > [22museVoicePersona[2m > [22mfalls back to localStorage if server GET fails[32m 7[2mms[22m[39m
 [32mΓ£ô[39m src/hooks/__tests__/useVoicePersona.test.ts[2m > [22museVoicePersona[2m > [22mmount-GET does not clobber a concurrent user edit[32m 11[2mms[22m[39m
 [32mΓ£ô[39m src/hooks/__tests__/useVoicePersona.test.ts[2m > [22museVoicePersona[2m > [22mmount-GET resolving after unmount does not write to localStorage[32m 8[2mms[22m[39m
 [32mΓ£ô[39m src/hooks/__tests__/useVoicePersona.test.ts[2m > [22museVoicePersona[2m > [22mgarbage terseness in localStorage falls back to default[32m 4[2mms[22m[39m
 [32mΓ£ô[39m src/hooks/__tests__/useVoicePersona.test.ts[2m > [22museVoicePersona[2m > [22mbrainEnabled defaults to false when server returns 0[32m 5[2mms[22m[39m
 [32mΓ£ô[39m src/hooks/__tests__/useVoicePersona.test.ts[2m > [22museVoicePersona[2m > [22mbrainEnabled reflects server value when enabled[32m 78[2mms[22m[39m
 [32mΓ£ô[39m src/hooks/__tests__/useVoicePersona.test.ts[2m > [22museVoicePersona[2m > [22msetPersona({brainEnabled: true}) sends voice_brain_enabled: 1 to server[32m 12[2mms[22m[39m
 [32mΓ£ô[39m src/pages/dashboard/__tests__/SpmGroup.test.tsx[2m > [22mSpmGroup[2m > [22mrenders the title and children[32m 182[2mms[22m[39m
 [32mΓ£ô[39m src/pages/dashboard/__tests__/SpmGroup.test.tsx[2m > [22mSpmGroup[2m > [22mapplies the tone class to the header[32m 44[2mms[22m[39m
 [32mΓ£ô[39m src/pages/dashboard/__tests__/SpmGroup.test.tsx[2m > [22mSpmGroup[2m > [22mdefaults to steel tone[32m 13[2mms[22m[39m
 [32mΓ£ô[39m src/pages/intel/__tests__/useBolos.test.tsx[2m > [22museBolos[2m > [22mloads bolos from /comms/bolos[32m 123[2mms[22m[39m
 [32mΓ£ô[39m src/pages/intel/__tests__/useBolos.test.tsx[2m > [22museBolos[2m > [22mcreate POSTs to /comms/bolos then reloads[32m 102[2mms[22m[39m
[90mstderr[2m | src/hooks/useLinkOptions.test.ts[2m > [22m[2museLinkOptions[2m > [22m[2mfalls back to defaults 
when the fetch rejects
[22m[39m[useLinkOptions] falling back to default link options

 [32mΓ£ô[39m src/pages/intel/__tests__/IntelContextPanel.associates.test.tsx[2m > [22mIntelContextPanel associates[2m > [22mrenders associates and shows shared count[32m 222[2mms[22m[39m
 [32mΓ£ô[39m src/hooks/useLinkOptions.test.ts[2m > [22museLinkOptions[2m > [22mfalls back to defaults when the fetch rejects[32m 126[2mms[22m[39m
 [32mΓ£ô[39m src/hooks/useLinkOptions.test.ts[2m > [22museLinkOptions[2m > [22mmerges DB rows over defaults[32m 82[2mms[22m[39m
 [32mΓ£ô[39m src/components/__tests__/MapToolbar.test.tsx[2m > [22mrenders toolbar icon buttons[32m 123[2mms[22m[39m
 [32mΓ£ô[39m src/components/__tests__/MapToolbar.test.tsx[2m > [22mclicking a tool shows its panel[32m 41[2mms[22m[39m
 [32mΓ£ô[39m src/components/__tests__/MapToolbar.test.tsx[2m > [22mclicking the same tool again closes the panel[32m 26[2mms[22m[39m
 [32mΓ£ô[39m src/components/__tests__/MapToolbar.test.tsx[2m > [22mtool close button deactivates panel[32m 31[2mms[22m[39m
 [32mΓ£ô[39m src/components/__tests__/MapToolbar.test.tsx[2m > [22mhides tools whose feature flag is false[32m 9[2mms[22m[39m
 [32mΓ£ô[39m src/components/__tests__/MapToolbar.test.tsx[2m > [22mreturns null when map is null[32m 4[2mms[22m[39m
 [32mΓ£ô[39m src/pages/map/components/__tests__/NavOverlayTool.test.tsx[2m > [22mrenders origin and destination inputs[32m 181[2mms[22m[39m
 [32mΓ£ô[39m src/pages/map/components/__tests__/NavOverlayTool.test.tsx[2m > [22mshows Get Route button[32m 25[2mms[22m[39m
 [32mΓ£ô[39m src/pages/map/components/__tests__/NavOverlayTool.test.tsx[2m > [22mcalls /mapbox/directions on route request[32m 74[2mms[22m[39m
 [32mΓ£ô[39m src/pages/intel/__tests__/IntelContextPanel.test.tsx[2m > [22mIntelContextPanel[2m > [22mshows empty hint, then a dossier peek after selection[33m 384[2mms[22m[39m
 [32mΓ£ô[39m src/pages/intel/search/__tests__/searchUi.test.tsx[2m > [22msearch UI[2m > [22mResultCard shows label, flags, linked badge and fires onSelect[32m 161[2mms[22m[39m
 [32mΓ£ô[39m src/pages/intel/search/__tests__/searchUi.test.tsx[2m > [22msearch UI[2m > [22mFacetSidebar lists type counts and fires onToggleType[32m 30[2mms[22m[39m
 [32mΓ£ô[39m src/utils/__tests__/dlSafetySheet.test.ts[2m > [22mgenerateSafetySheet[2m > [22mproduces a PDF with danger banner for a flagged subject[32m 216[2mms[22m[39m
 [32mΓ£ô[39m src/utils/__tests__/dlSafetySheet.test.ts[2m > [22mgenerateSafetySheet[2m > [22mproduces a clean sheet with no-flags banner when nothing returns[32m 9[2mms[22m[39m
 [32mΓ£ô[39m src/pages/fleet/v2/vehicleDetail/__tests__/CostsTab.test.tsx[2m > [22m<CostsTab>[2m > [22mrenders cost-per-mile header + insurance section[32m 222[2mms[22m[39m
 [32mΓ£ô[39m src/pages/fleet/v2/vehicleDetail/__tests__/CostsTab.test.tsx[2m > [22m<CostsTab>[2m > [22mrenders empty state when no costs at all[32m 21[2mms[22m[39m
 [32mΓ£ô[39m src/pages/fleet/v2/vehicleDetail/__tests__/InspectionsTab.test.tsx[2m > [22m<InspectionsTab>[2m > [22mrenders inspections with pass/fail badge[32m 213[2mms[22m[39m
 [32mΓ£ô[39m src/pages/fleet/v2/vehicleDetail/__tests__/InspectionsTab.test.tsx[2m > [22m<InspectionsTab>[2m > [22mrenders empty state[32m 25[2mms[22m[39m
 [32mΓ£ô[39m src/pages/fleet/v2/vehicleDetail/__tests__/ServiceTab.test.tsx[2m > [22m<ServiceTab>[2m > [22mrenders service entries with cost and vendor[32m 185[2mms[22m[39m
 [32mΓ£ô[39m src/pages/fleet/v2/vehicleDetail/__tests__/ServiceTab.test.tsx[2m > [22m<ServiceTab>[2m > [22mrenders empty state when no rows[32m 28[2mms[22m[39m
 [32mΓ£ô[39m src/pages/intel/__tests__/IntelContext.test.tsx[2m > [22mIntelContext[2m > [22mselecting an entity sets it and forces dossier mode + expands panel[32m 153[2mms[22m[39m
 [32mΓ£ô[39m src/pages/intel/__tests__/IntelContext.test.tsx[2m > [22mIntelContext[2m > [22mtogglePanel flips collapsed[32m 25[2mms[22m[39m
 [32mΓ£ô[39m src/pages/intel/__tests__/IntelContext.test.tsx[2m > [22mIntelContext[2m > [22mrenders without an AuthProvider (per-user key falls back to global)[32m 14[2mms[22m[39m
 [32mΓ£ô[39m src/utils/__tests__/uiClickSounds.test.ts[2m > [22muiClickSounds[2m > [22mdefaults to enabled and persists the toggle[32m 95[2mms[22m[39m
 [32mΓ£ô[39m src/utils/__tests__/uiClickSounds.test.ts[2m > [22muiClickSounds[2m > [22mplays the sampled click when enabled and audible[32m 13[2mms[22m[39m
 [32mΓ£ô[39m src/utils/__tests__/uiClickSounds.test.ts[2m > [22muiClickSounds[2m > [22mstays silent (no synth fallback) when the asset is not ready[32m 6[2mms[22m[39m
 [32mΓ£ô[39m src/utils/__tests__/uiClickSounds.test.ts[2m > [22muiClickSounds[2m > [22mthrottles rapid ticks[32m 6[2mms[22m[39m
 [32mΓ£ô[39m src/utils/__tests__/uiClickSounds.test.ts[2m > [22muiClickSounds[2m > [22mis silent when toggled off or in silent audio mode[32m 7[2mms[22m[39m
 [32mΓ£ô[39m src/utils/__tests__/uiClickSounds.test.ts[2m > [22muiClickSounds[2m > [22mdocument listener ticks for buttons but not plain divs[32m 70[2mms[22m[39m
 [32mΓ£ô[39m src/components/spillman/__tests__/SpillmanWindow.test.tsx[2m > [22mSpillmanWindow[2m > [22mrenders title, screen name and children[32m 120[2mms[22m[39m
 [32mΓ£ô[39m src/components/spillman/__tests__/SpillmanWindow.test.tsx[2m > [22mSpillmanWindow[2m > [22mrenders a status bar only when status content is provided[32m 43[2mms[22m[39m
 [32mΓ£ô[39m src/components/spillman/__tests__/SpillmanWindow.test.tsx[2m > [22mSpillmanWindow[2m > [22mcalls onClose when the close control is clicked[32m 33[2mms[22m[39m
 [32mΓ£ô[39m src/components/flexcam/FlexCamTripPlayer.test.tsx[2m > [22m<FlexCamTripPlayer>[2m > [22mrenders the active <video> pointing at the first clip[32m 139[2mms[22m[39m
 [32mΓ£ô[39m src/components/flexcam/FlexCamTripPlayer.test.tsx[2m > [22m<FlexCamTripPlayer>[2m > [22mshows "no footage" when manifest.clips is empty[32m 32[2mms[22m[39m
 [32mΓ£ô[39m src/components/flexcam/FlexCamTripPlayer.test.tsx[2m > [22m<FlexCamTripPlayer>[2m > [22madvances to next clip when active video fires onEnded[32m 55[2mms[22m[39m
 [32mΓ£ô[39m src/components/__tests__/ResolutionReviewPanel.test.tsx[2m > [22mResolutionReviewPanel[2m > [22mrenders pending suggestions with decide buttons[32m 142[2mms[22m[39m
 [32mΓ£ô[39m src/components/serve-intake/__tests__/DefendantsPicker.test.tsx[2m > [22m<DefendantsPicker>[2m > [22mrenders nothing when 0 defendants[32m 57[2mms[22m[39m
 [32mΓ£ô[39m src/components/serve-intake/__tests__/DefendantsPicker.test.tsx[2m > [22m<DefendantsPicker>[2m > [22mrenders nothing when exactly 1 defendant[32m 5[2mms[22m[39m
 [32mΓ£ô[39m src/pages/intel/bolo/__tests__/BoloCard.test.tsx[2m > [22mBoloCard[2m > [22mrenders title, number, priority, subject and fires resolve[32m 210[2mms[22m[39m
 [32mΓ£ô[39m src/pages/intel/bolo/__tests__/BoloCard.test.tsx[2m > [22mBoloCard[2m > [22mhides delete when canDelete is false[32m 20[2mms[22m[39m
 [32mΓ£ô[39m src/components/serve-intake/__tests__/DefendantsPicker.test.tsx[2m > [22m<DefendantsPicker>[2m > [22mrenders a checkbox per defendant when N >= 2[32m 86[2mms[22m[39m
 [32mΓ£ô[39m src/components/serve-intake/__tests__/DefendantsPicker.test.tsx[2m > [22m<DefendantsPicker>[2m > [22memits onChange with the toggled name when a box is clicked[32m 42[2mms[22m[39m
 [32mΓ£ô[39m src/pages/intel/widgets/__tests__/widgets.test.tsx[2m > [22mdashboard widgets[2m > [22mStatTiles renders the three counts[32m 118[2mms[22m[39m
 [32mΓ£ô[39m src/pages/intel/widgets/__tests__/widgets.test.tsx[2m > [22mdashboard widgets[2m > [22mEscalationLeaderboardWidget lists rows and fires onSelect[32m 56[2mms[22m[39m
 [32mΓ£ô[39m src/components/spillman/__tests__/SpillmanGroupBox.test.tsx[2m > [22mSpillmanGroupBox[2m > [22mrenders the title and children[32m 148[2mms[22m[39m
 [32mΓ£ô[39m src/components/spillman/__tests__/SpillmanGroupBox.test.tsx[2m > [22mSpillmanGroupBox[2m > [22mexposes the section anchor and column count[32m 48[2mms[22m[39m
 [32mΓ£ô[39m src/pages/intel/__tests__/ResultGroup.test.tsx[2m > [22mgroupByType[2m > [22mgroups and orders by group size desc[32m 11[2mms[22m[39m
 [32mΓ£ô[39m src/pages/intel/__tests__/ResultGroup.test.tsx[2m > [22mResultGroup[2m > [22mrenders the type label header with a count[32m 182[2mms[22m[39m
 [32mΓ£ô[39m src/constants/__tests__/ncicCodes.test.ts[2m > [22mperson descriptor codes[2m > [22mencodes stored race labels to NCIC codes[32m 8[2mms[22m[39m
 [32mΓ£ô[39m src/constants/__tests__/ncicCodes.test.ts[2m > [22mperson descriptor codes[2m > [22mdecodes a code back to its canonical label[32m 1[2mms[22m[39m
 [32mΓ£ô[39m src/constants/__tests__/ncicCodes.test.ts[2m > [22mperson descriptor codes[2m > [22mfmtCoded renders "CODE (LABEL)"[32m 2[2mms[22m[39m
 [32mΓ£ô[39m src/constants/__tests__/ncicCodes.test.ts[2m > [22mperson descriptor codes[2m > [22mfmtCoded accepts a value already in code form[32m 1[2mms[22m[39m
 [32mΓ£ô[39m src/constants/__tests__/ncicCodes.test.ts[2m > [22mperson descriptor codes[2m > [22mfmtCoded returns empty string for empty input[32m 1[2mms[22m[39m
 [32mΓ£ô[39m src/constants/__tests__/ncicCodes.test.ts[2m > [22mperson descriptor codes[2m > [22mfalls back to the raw uppercased value when there is no code[32m 1[2mms[22m[39m
 [32mΓ£ô[39m src/constants/__tests__/ncicCodes.test.ts[2m > [22mperson descriptor codes[2m > [22mtreats Hispanic as ethnicity, not race[32m 4[2mms[22m[39m
 [32mΓ£ô[39m src/constants/__tests__/ncicCodes.test.ts[2m > [22mperson descriptor codes[2m > [22mnormalizes height to NCIC 3-digit feet-inches[32m 2[2mms[22m[39m
 [32mΓ£ô[39m src/constants/__tests__/ncicCodes.test.ts[2m > [22mperson descriptor codes[2m > [22mnormalizes weight to NCIC 3-digit pounds[32m 2[2mms[22m[39m
 [32mΓ£ô[39m src/constants/__tests__/ncicCodes.test.ts[2m > [22mperson descriptor codes[2m > [22mdecode resolves a label input back to the canonical label[32m 1[2mms[22m[39m
 [32mΓ£ô[39m src/constants/__tests__/ncicCodes.test.ts[2m > [22mperson descriptor codes[2m > [22mdoes not treat non-Hispanic substrings as Hispanic[32m 1[2mms[22m[39m
 [32mΓ£ô[39m src/constants/__tests__/ncicCodes.test.ts[2m > [22mvehicle codes[2m > [22mencodes makes to NCIC VMA codes[32m 1[2mms[22m[39m
 [32mΓ£ô[39m src/constants/__tests__/ncicCodes.test.ts[2m > [22mvehicle codes[2m > [22mencodes newly added VMA codes from NIEM AutoCodeSimpleType[32m 1[2mms[22m[39m
 [32mΓ£ô[39m src/constants/__tests__/ncicCodes.test.ts[2m > [22mvehicle codes[2m > [22mdecodes newly added VMA codes back to canonical labels[32m 1[2mms[22m[39m
 [32mΓ£ô[39m src/constants/__tests__/ncicCodes.test.ts[2m > [22mvehicle codes[2m > [22mfmtCoded renders vehicle make/color/style[32m 1[2mms[22m[39m
 [32mΓ£ô[39m src/constants/__tests__/ncicCodes.test.ts[2m > [22mvehicle codes[2m > [22mmaps compound colors[32m 1[2mms[22m[39m
 [32mΓ£ô[39m src/constants/__tests__/ncicCodes.test.ts[2m > [22mvehicle codes[2m > [22mdecodes newly added NIEM VCO color codes[32m 1[2mms[22m[39m
 [32mΓ£ô[39m src/constants/__tests__/ncicCodes.test.ts[2m > [22mvehicle codes[2m > [22mencodes new VCO aliases[32m 1[2mms[22m[39m
 [32mΓ£ô[39m src/constants/__tests__/ncicCodes.test.ts[2m > [22mvehicle codes[2m > [22mdecodes newly added NIEM VST body style codes[32m 1[2mms[22m[39m
 [32mΓ£ô[39m src/constants/__tests__/ncicCodes.test.ts[2m > [22mvehicle codes[2m > [22mencodes new VST aliases[32m 1[2mms[22m[39m
 [32mΓ£ô[39m src/constants/__tests__/ncicCodes.test.ts[2m > [22mgeographic + DL codes[2m > [22mdecodes state codes to names and back[32m 1[2mms[22m[39m
 [32mΓ£ô[39m src/constants/__tests__/ncicCodes.test.ts[2m > [22mgeographic + DL codes[2m > [22mrenders Utah DL classes[32m 1[2mms[22m[39m
 [32mΓ£ô[39m src/constants/__tests__/ncicCodes.test.ts[2m > [22mgeographic + DL codes[2m > [22mrenders CDL endorsements[32m 0[2mms[22m[39m
 [32mΓ£ô[39m src/constants/__tests__/ncicCodes.test.ts[2m > [22mgeographic + DL codes[2m > [22mdecodes all newly added Canadian provinces/territories[32m 1[2mms[22m[39m
 [32mΓ£ô[39m src/constants/__tests__/ncicCodes.test.ts[2m > [22mgeographic + DL codes[2m > [22mencodes Canadian province names to codes[32m 1[2mms[22m[39m
 [32mΓ£ô[39m src/constants/__tests__/ncicCodes.test.ts[2m > [22mgeographic + DL codes[2m > [22mdecodes AAMVA DL restriction codes AΓÇôZ[32m 1[2mms[22m[39m
 [32mΓ£ô[39m src/constants/__tests__/ncicCodes.test.ts[2m > [22mgeographic + DL codes[2m > [22mencodes DL restriction aliases[32m 1[2mms[22m[39m
 [32mΓ£ô[39m src/constants/__tests__/ncicCodes.test.ts[2m > [22moffense codes[2m > [22mlooks up an exact offense[32m 1[2mms[22m[39m
 [32mΓ£ô[39m src/constants/__tests__/ncicCodes.test.ts[2m > [22moffense codes[2m > [22mmatches by keyword inside a longer charge string[32m 1[2mms[22m[39m
 [32mΓ£ô[39m src/constants/__tests__/ncicCodes.test.ts[2m > [22moffense codes[2m > [22mprefers the more specific offense[32m 1[2mms[22m[39m
 [32mΓ£ô[39m src/constants/__tests__/ncicCodes.test.ts[2m > [22moffense codes[2m > [22mfmtOffense annotates with statute, severity and NCIC code[32m 1[2mms[22m[39m
 [32mΓ£ô[39m src/constants/__tests__/ncicCodes.test.ts[2m > [22moffense codes[2m > [22mfmtOffense returns the raw charge when unmatched[32m 1[2mms[22m[39m
 [32mΓ£ô[39m src/constants/__tests__/ncicCodes.test.ts[2m > [22moffense codes[2m > [22mdoes not let generic THEFT shadow IDENTITY THEFT[32m 1[2mms[22m[39m
 [32mΓ£ô[39m src/constants/__tests__/ncicCodes.test.ts[2m > [22moffense codes[2m > [22maggravated robbery resolves to the agg-robbery statute not generic robbery[32m 1[2mms[22m[39m
 [32mΓ£ô[39m src/constants/__tests__/ncicCodes.test.ts[2m > [22moffense codes[2m > [22maggravated burglary resolves before generic burglary[32m 1[2mms[22m[39m
 [32mΓ£ô[39m src/constants/__tests__/ncicCodes.test.ts[2m > [22moffense codes[2m > [22msexual offense entries resolve correctly[32m 1[2mms[22m[39m
 [32mΓ£ô[39m src/constants/__tests__/ncicCodes.test.ts[2m > [22moffense codes[2m > [22mcontrolled substance distribution entry resolves with correct severity[32m 1[2mms[22m[39m
 [32mΓ£ô[39m src/constants/__tests__/ncicCodes.test.ts[2m > [22moffense codes[2m > [22mdrug paraphernalia resolves to 58-37a-5[32m 1[2mms[22m[39m
 [32mΓ£ô[39m src/constants/__tests__/ncicCodes.test.ts[2m > [22moffense codes[2m > [22mweapons offenses resolve to correct statutes[32m 1[2mms[22m[39m
 [32mΓ£ô[39m src/constants/__tests__/ncicCodes.test.ts[2m > [22moffense codes[2m > [22meluding resolves before generic failure to stop[32m 1[2mms[22m[39m
 [32mΓ£ô[39m src/constants/__tests__/ncicCodes.test.ts[2m > [22moffense codes[2m > [22mhit and run with injury resolves before plain hit and run[32m 1[2mms[22m[39m
 [32mΓ£ô[39m src/constants/__tests__/ncicCodes.test.ts[2m > [22moffense codes[2m > [22mstalking resolves to 76-5-106.5[32m 1[2mms[22m[39m
 [32mΓ£ô[39m src/constants/__tests__/ncicCodes.test.ts[2m > [22moffense codes[2m > [22mcommunications fraud resolves before generic fraud[32m 1[2mms[22m[39m
 [32mΓ£ô[39m src/constants/__tests__/ncicCodes.test.ts[2m > [22moffense codes[2m > [22mmoney laundering resolves correctly[32m 1[2mms[22m[39m
 [32mΓ£ô[39m src/constants/__tests__/ncicCodes.test.ts[2m > [22moffense codes[2m > [22mescape resolves to 76-8-309[32m 2[2mms[22m[39m
 [32mΓ£ô[39m src/constants/__tests__/ncicCodes.test.ts[2m > [22mlookupAnyCode (QZ decoder)[2m > [22mfinds a make by label[32m 1[2mms[22m[39m
 [32mΓ£ô[39m src/constants/__tests__/ncicCodes.test.ts[2m > [22mlookupAnyCode (QZ decoder)[2m > [22mfinds a make by code[32m 2[2mms[22m[39m
 [32mΓ£ô[39m src/constants/__tests__/ncicCodes.test.ts[2m > [22mlookupAnyCode (QZ decoder)[2m > [22mfinds a single-letter code across domains[32m 1[2mms[22m[39m
 [32mΓ£ô[39m src/constants/__tests__/ncicCodes.test.ts[2m > [22mlookupAnyCode (QZ decoder)[2m > [22mreturns empty for nonsense[32m 1[2mms[22m[39m
 [32mΓ£ô[39m src/constants/__tests__/ncicCodes.test.ts[2m > [22mrender-ready reference data (PDF source of truth)[2m > [22mgetReferenceTables returns all 12 code tables with non-empty titles[32m 55[2mms[22m[39m
 [32mΓ£ô[39m src/constants/__tests__/ncicCodes.test.ts[2m > [22mrender-ready reference data (PDF source of truth)[2m > [22mgetReferenceTables RACE table contains White (W) and is code-sorted[32m 2[2mms[22m[39m
 [32mΓ£ô[39m src/constants/__tests__/ncicCodes.test.ts[2m > [22mrender-ready reference data (PDF source of truth)[2m > [22mgetReferenceTables VMA table is the large make table (>100 entries)[32m 1[2mms[22m[39m
 [32mΓ£ô[39m src/constants/__tests__/ncicCodes.test.ts[2m > [22mrender-ready reference data (PDF source of truth)[2m > [22mgetReferenceOffenses returns >100 rows with 4-digit NCIC codes[32m 28[2mms[22m[39m
 [32mΓ£ô[39m src/components/flexcam/TripTimeline.test.tsx[2m > [22mresolveSeek[2m > [22mresolves a click in clip 0[32m 8[2mms[22m[39m
 [32mΓ£ô[39m src/components/flexcam/TripTimeline.test.tsx[2m > [22mresolveSeek[2m > [22mresolves a click on a gap by jumping to next clip start[32m 1[2mms[22m[39m
 [32mΓ£ô[39m src/components/flexcam/TripTimeline.test.tsx[2m > [22mresolveSeek[2m > [22mclamps past-end clicks to last clip last frame[32m 2[2mms[22m[39m
 [32mΓ£ô[39m src/components/flexcam/TripTimeline.test.tsx[2m > [22m<TripTimeline>[2m > [22mrenders one block per clip + one block per gap[32m 130[2mms[22m[39m
 [32mΓ£ô[39m src/components/flexcam/TripTimeline.test.tsx[2m > [22m<TripTimeline>[2m > [22mcalls onSeek with resolved (clipIndex, offsetMs)[32m 31[2mms[22m[39m
 [32mΓ£ô[39m src/components/flexcam/TripTimeline.test.tsx[2m > [22m<TripTimeline>[2m > [22mshows "no footage" when empty[32m 28[2mms[22m[39m
 [32mΓ£ô[39m src/components/__tests__/SuggestedLinksPanel.test.tsx[2m > [22mSuggestedLinksPanel[2m > [22mrenders pending suggestions with LINK/DISMISS actions[32m 159[2mms[22m[39m
 [32mΓ£ô[39m src/context/__tests__/FeatureFlagsContext.test.tsx[2m > [22mexposes default flags (all true except dev_diagnostics) before API resolves[32m 85[2mms[22m[39m
 [32mΓ£ô[39m src/context/__tests__/FeatureFlagsContext.test.tsx[2m > [22mdev_diagnostics defaults to false[32m 10[2mms[22m[39m
 [32mΓ£ô[39m src/context/__tests__/FeatureFlagsContext.test.tsx[2m > [22mmerges API response over defaults[32m 29[2mms[22m[39m
 [32mΓ£ô[39m src/context/__tests__/FeatureFlagsContext.test.tsx[2m > [22mkeeps defaults when API throws[32m 15[2mms[22m[39m
[90mstdout[2m | src/hooks/__tests__/useGpsTracking.heartbeat.test.ts[2m > [22m[2museGpsTracking ΓÇö stale-watch backoff (desktop console loop)[2m > [22m[2mbacks off restarts when watchPosition never delivers a callback
[22m[39m[GPS] No position callback in 30s (connection: unknown)
[GPS] No position callback in 60s (connection: unknown)
[GPS] No position callback in 120s (connection: unknown)
[GPS] No position callback in 240s (connection: unknown)
[GPS] No position callback in 300s (connection: unknown)
[GPS] No position callback in 300s (connection: unknown)

[90mstderr[2m | src/hooks/__tests__/useGpsTracking.heartbeat.test.ts[2m > [22m[2museGpsTracking ΓÇö stale-watch 
backoff (desktop console loop)[2m > [22m[2mbacks off restarts when watchPosition never delivers a callback
[22m[39m[GPS] No position callback in 30s (connection: unknown)
[GPS] No position callback in 30s (connection: unknown)
[GPS] No position callback in 30s (connection: unknown)
[GPS] No position callback in 30s (connection: unknown)
[GPS] No position callback in 30s (connection: unknown)

[90mstdout[2m | src/hooks/__tests__/useGpsTracking.heartbeat.test.ts[2m > [22m[2museGpsTracking ΓÇö stale-watch backoff (desktop console loop)[2m > [22m[2mresets to fast cadence after a successful fix arrives
[22m[39m[GPS] No position callback in 30s (connection: unknown)
[GPS] No position callback in 60s (connection: unknown)
[GPS] No position callback in 120s (connection: unknown)
[GPS] No position callback in 240s (connection: unknown)
[GPS] No position callback in 300s (connection: unknown)
[GPS] No position callback in 300s (connection: unknown)

[90mstderr[2m | src/hooks/__tests__/useGpsTracking.heartbeat.test.ts[2m > [22m[2museGpsTracking ΓÇö stale-watch 
backoff (desktop console loop)[2m > [22m[2mresets to fast cadence after a successful fix arrives
[22m[39m[GPS] No position callback in 30s (connection: unknown)
[GPS] No position callback in 30s (connection: unknown)
[GPS] No position callback in 30s (connection: unknown)
[GPS] No position callback in 30s (connection: unknown)
[GPS] No position callback in 30s (connection: unknown)

[90mstderr[2m | src/hooks/__tests__/useGpsTracking.heartbeat.test.ts[2m > [22m[2museGpsTracking ΓÇö stale-watch 
backoff (desktop console loop)[2m > [22m[2mresets to fast cadence after a successful fix arrives
[22m[39m[GPS] No position callback in 30s (connection: unknown)

 [32mΓ£ô[39m src/hooks/__tests__/useGpsTracking.heartbeat.test.ts[2m > [22museGpsTracking ΓÇö stale-watch backoff (desktop console loop)[2m > [22mbacks off restarts when watchPosition never delivers a callback[32m 122[2mms[22m[39m
 [32mΓ£ô[39m src/hooks/__tests__/useGpsTracking.heartbeat.test.ts[2m > [22museGpsTracking ΓÇö stale-watch backoff (desktop console loop)[2m > [22mresets to fast cadence after a successful fix arrives[32m 33[2mms[22m[39m
 [32mΓ£ô[39m src/pages/intel/__tests__/ResultCard.test.tsx[2m > [22mResultCard[2m > [22mshows a relevance bar and date[32m 138[2mms[22m[39m
 [32mΓ£ô[39m src/hooks/__tests__/useApi.test.ts[2m > [22mfetchWithTimeout[2m > [22mexports a sane default timeout[32m 8[2mms[22m[39m
 [32mΓ£ô[39m src/hooks/__tests__/useApi.test.ts[2m > [22mfetchWithTimeout[2m > [22mthrows TimeoutError when the request exceeds timeoutMs[32m 66[2mms[22m[39m
 [32mΓ£ô[39m src/hooks/__tests__/useApi.test.ts[2m > [22mfetchWithTimeout[2m > [22mTimeoutError carries the timeoutMs and url[32m 41[2mms[22m[39m
 [32mΓ£ô[39m src/hooks/__tests__/useApi.test.ts[2m > [22mfetchWithTimeout[2m > [22mreturns the response normally when fetch resolves before timeout[32m 9[2mms[22m[39m
 [32mΓ£ô[39m src/hooks/__tests__/useApi.test.ts[2m > [22mfetchWithTimeout[2m > [22mpropagates external AbortError without converting it to TimeoutError[32m 39[2mms[22m[39m
 [32mΓ£ô[39m src/pages/intel/__tests__/useIntelOverview.test.tsx[2m > [22museIntelOverview[2m > [22mloads the overview payload[32m 136[2mms[22m[39m
 [32mΓ£ô[39m src/hooks/__tests__/useTypeaheadKeyboard.test.ts[2m > [22museTypeaheadKeyboard[2m > [22mstarts with activeIndex = -1 when open[32m 57[2mms[22m[39m
 [32mΓ£ô[39m src/hooks/__tests__/useTypeaheadKeyboard.test.ts[2m > [22museTypeaheadKeyboard[2m > [22mArrowDown advances and wraps to 0 at the end[32m 13[2mms[22m[39m
 [32mΓ£ô[39m src/hooks/__tests__/useTypeaheadKeyboard.test.ts[2m > [22museTypeaheadKeyboard[2m > [22mArrowUp from -1 jumps to the last item; further ups walk backward[32m 9[2mms[22m[39m
 [32mΓ£ô[39m src/hooks/__tests__/useTypeaheadKeyboard.test.ts[2m > [22museTypeaheadKeyboard[2m > [22mHome jumps to first, End jumps to last[32m 10[2mms[22m[39m
 [32mΓ£ô[39m src/hooks/__tests__/useTypeaheadKeyboard.test.ts[2m > [22museTypeaheadKeyboard[2m > [22mEnter with no active index selects the FIRST item (top-hit behavior)[32m 12[2mms[22m[39m
 [32mΓ£ô[39m src/hooks/__tests__/useTypeaheadKeyboard.test.ts[2m > [22museTypeaheadKeyboard[2m > [22mEnter with an active index selects that item[32m 5[2mms[22m[39m
 [32mΓ£ô[39m src/hooks/__tests__/useTypeaheadKeyboard.test.ts[2m > [22museTypeaheadKeyboard[2m > [22mEnter on an empty list does nothing[32m 5[2mms[22m[39m
 [32mΓ£ô[39m src/hooks/__tests__/useTypeaheadKeyboard.test.ts[2m > [22museTypeaheadKeyboard[2m > [22mEscape closes the dropdown[32m 5[2mms[22m[39m
 [32mΓ£ô[39m src/hooks/__tests__/useTypeaheadKeyboard.test.ts[2m > [22museTypeaheadKeyboard[2m > [22mkeyboard nav is a no-op when closed (caller opens via onFocus instead)[32m 5[2mms[22m[39m
 [32mΓ£ô[39m src/hooks/__tests__/useTypeaheadKeyboard.test.ts[2m > [22museTypeaheadKeyboard[2m > [22mother keys (typed character) are pass-through ΓÇö preventDefault NOT called[32m 4[2mms[22m[39m
 [32mΓ£ô[39m src/hooks/__tests__/useTypeaheadKeyboard.test.ts[2m > [22museTypeaheadKeyboard[2m > [22mlistboxProps has role=listbox and a stable id derived from idPrefix[32m 3[2mms[22m[39m
 [32mΓ£ô[39m src/hooks/__tests__/useTypeaheadKeyboard.test.ts[2m > [22museTypeaheadKeyboard[2m > [22moptionProps marks the matching selected item and exposes role=option[32m 4[2mms[22m[39m
 [32mΓ£ô[39m src/hooks/__tests__/useTypeaheadKeyboard.test.ts[2m > [22museTypeaheadKeyboard[2m > [22mactiveDescendantId is the id of the focused option, null when none[32m 6[2mms[22m[39m
 [32mΓ£ô[39m src/hooks/__tests__/useTypeaheadKeyboard.test.ts[2m > [22museTypeaheadKeyboard[2m > [22mclamps activeIndex when items shrink[32m 4[2mms[22m[39m
 [32mΓ£ô[39m src/hooks/__tests__/useTypeaheadKeyboard.test.ts[2m > [22museTypeaheadKeyboard[2m > [22mresets activeIndex to -1 when open transitions to false[32m 12[2mms[22m[39m
 [32mΓ£ô[39m src/pages/mobile/cards/__tests__/MapSnippetCard.test.tsx[2m > [22mMapSnippetCard (smoke)[2m > [22mmodule loads[32m 34[2mms[22m[39m
 [32mΓ£ô[39m src/pages/mobile/cards/__tests__/MapSnippetCard.test.tsx[2m > [22mMapSnippetCard[2m > [22mrenders title and full-map link[32m 116[2mms[22m[39m
 [32mΓ£ô[39m src/components/serve-intake/__tests__/JudgeFlagChip.test.tsx[2m > [22m<JudgeFlagChip>[2m > [22mrenders nothing when verdict is ok[32m 55[2mms[22m[39m
 [32mΓ£ô[39m src/components/serve-intake/__tests__/JudgeFlagChip.test.tsx[2m > [22m<JudgeFlagChip>[2m > [22mrenders an amber chip with the reason when verdict is not ok[32m 75[2mms[22m[39m
 [32mΓ£ô[39m src/components/serve-intake/__tests__/JudgeFlagChip.test.tsx[2m > [22m<JudgeFlagChip>[2m > [22mshows the suggested value when the judge proposed one[32m 30[2mms[22m[39m
 [32mΓ£ô[39m src/hooks/__tests__/useSpeedLimit.test.ts[2m > [22mparseMaxspeedMph[2m > [22mparses numeric, mph and km/h forms; null otherwise[32m 15[2mms[22m[39m
 [32mΓ£ô[39m src/hooks/__tests__/useSpeedLimit.test.ts[2m > [22museSpeedLimit[2m > [22mdegrades to null when the endpoint has no maxspeed field[32m 59[2mms[22m[39m
 [32mΓ£ô[39m src/hooks/__tests__/useSpeedLimit.test.ts[2m > [22museSpeedLimit[2m > [22mdoes NOT re-query when movement is under the ~80m threshold[32m 70[2mms[22m[39m
 [32mΓ£ô[39m src/pages/fleet/v2/hooks/__tests__/useNoindexDuringSoak.test.tsx[2m > [22museNoindexDuringSoak[2m > [22madds <meta name="robots" content="noindex"> on mount when soak is active[32m 93[2mms[22m[39m
 [32mΓ£ô[39m src/pages/fleet/v2/hooks/__tests__/useNoindexDuringSoak.test.tsx[2m > [22museNoindexDuringSoak[2m > [22mremoves the meta on unmount (idempotent)[32m 17[2mms[22m[39m
 [32mΓ£ô[39m src/pages/fleet/v2/hooks/__tests__/useNoindexDuringSoak.test.tsx[2m > [22museNoindexDuringSoak[2m > [22mdoes not duplicate the meta if mounted twice[32m 33[2mms[22m[39m
 [32mΓ£ô[39m src/pages/document-writer/__tests__/docxExport.test.ts[2m > [22mhtmlToDocxBlob[2m > [22mproduces a structurally valid OOXML package[32m 54[2mms[22m[39m
 [32mΓ£ô[39m src/pages/document-writer/__tests__/docxExport.test.ts[2m > [22mhtmlToDocxBlob[2m > [22mwrites the text content into runs[32m 23[2mms[22m[39m
 [32mΓ£ô[39m src/pages/document-writer/__tests__/docxExport.test.ts[2m > [22mhtmlToDocxBlob[2m > [22mmaps headings to heading styles and bold/italic to run props[32m 21[2mms[22m[39m
 [32mΓ£ô[39m src/utils/renderFormatted.test.tsx[2m > [22mrenderFormattedText[2m > [22mapplies inline marks to spans[32m 104[2mms[22m[39m
 [32mΓ£ô[39m src/utils/renderFormatted.test.tsx[2m > [22mrenderFormattedText[2m > [22mrenderInline returns styled runs directly (shared by the document preview)[32m 13[2mms[22m[39m
 [32mΓ£ô[39m src/utils/renderFormatted.test.tsx[2m > [22mrenderFormattedText[2m > [22mrenders an outline list with computed numbers[32m 36[2mms[22m[39m
 [32mΓ£ô[39m src/utils/renderFormatted.test.tsx[2m > [22mrenderFormattedText[2m > [22mreturns the raw string for empty input[32m 1[2mms[22m[39m
 [32mΓ£ô[39m src/pages/document-writer/__tests__/docxExport.test.ts[2m > [22mhtmlToDocxBlob[2m > [22mrenders tables as w:tbl[32m 35[2mms[22m[39m
 [32mΓ£ô[39m src/pages/document-writer/__tests__/docxExport.test.ts[2m > [22mhtmlToDocxBlob[2m > [22mcarries page margins into sectPr as twips (px*15)[32m 9[2mms[22m[39m
 [32mΓ£ô[39m src/pages/document-writer/__tests__/docxExport.test.ts[2m > [22mhtmlToDocxBlob[2m > [22mswaps page dimensions for landscape[32m 10[2mms[22m[39m
 [32mΓ£ô[39m src/utils/__tests__/dispatchTones.test.ts[2m > [22mdispatchTones (sampled assets)[2m > [22mplays the sampled asset first and returns its stop handle[32m 51[2mms[22m[39m
 [32mΓ£ô[39m src/utils/__tests__/dispatchTones.test.ts[2m > [22mdispatchTones (sampled assets)[2m > [22mfalls back to the oscillator synth when no asset is ready[32m 9[2mms[22m[39m
 [32mΓ£ô[39m src/utils/__tests__/dispatchTones.test.ts[2m > [22mdispatchTones (sampled assets)[2m > [22mplayTone resolves the user slot map before choosing the asset[32m 8[2mms[22m[39m
 [32mΓ£ô[39m src/utils/__tests__/dispatchTones.test.ts[2m > [22mdispatchTones (sampled assets)[2m > [22mis fully silent when the master sound toggle is off[32m 4[2mms[22m[39m
 [32mΓ£ô[39m src/utils/__tests__/dispatchTones.test.ts[2m > [22mnotificationTones (Spillman library routing)[2m > [22mpriority critical plays the emergency_three console sound[32m 22[2mms[22m[39m
 [32mΓ£ô[39m src/utils/__tests__/dispatchTones.test.ts[2m > [22mnotificationTones (Spillman library routing)[2m > [22mpriority high plays the alert console sound[32m 4[2mms[22m[39m
 [32mΓ£ô[39m src/utils/__tests__/dispatchTones.test.ts[2m > [22mnotificationTones (Spillman library routing)[2m > [22mpriority undefined plays the info console sound[32m 4[2mms[22m[39m
 [32mΓ£ô[39m src/utils/__tests__/dispatchTones.test.ts[2m > [22mnotificationTones (Spillman library routing)[2m > [22mrespects its own enable toggle[32m 4[2mms[22m[39m
[90mstderr[2m | src/hooks/useFlexCamManifest.test.tsx[2m > [22m[2museFlexCamManifest[2m > [22m[2mfetches once 
and exposes the manifest
[22m[39mAn update to TestComponent inside a test was not wrapped in act(...).

When testing, code that causes React state updates should be wrapped into act(...):

act(() => {
  /* fire events that update state */
});
/* assert on the output */

This ensures that you're testing the behavior the user would see in the browser. Learn more at 
https://react.dev/link/wrap-tests-with-act

[90mstderr[2m | src/hooks/useFlexCamManifest.test.tsx[2m > [22m[2museFlexCamManifest[2m > [22m[2mpolls every 
10s while stillDownloading > 0, stops at 0
[22m[39mAn update to TestComponent inside a test was not wrapped in act(...).

When testing, code that causes React state updates should be wrapped into act(...):

act(() => {
  /* fire events that update state */
});
/* assert on the output */

This ensures that you're testing the behavior the user would see in the browser. Learn more at 
https://react.dev/link/wrap-tests-with-act

[90mstderr[2m | src/hooks/useFlexCamManifest.test.tsx[2m > [22m[2museFlexCamManifest[2m > [22m[2mpolls every 
10s while stillDownloading > 0, stops at 0
[22m[39mAn update to TestComponent inside a test was not wrapped in act(...).

When testing, code that causes React state updates should be wrapped into act(...):

act(() => {
  /* fire events that update state */
});
/* assert on the output */

This ensures that you're testing the behavior the user would see in the browser. Learn more at 
https://react.dev/link/wrap-tests-with-act

[90mstderr[2m | src/hooks/useFlexCamManifest.test.tsx[2m > [22m[2museFlexCamManifest[2m > [22m[2mpolls every 
10s while stillDownloading > 0, stops at 0
[22m[39mAn update to TestComponent inside a test was not wrapped in act(...).

When testing, code that causes React state updates should be wrapped into act(...):

act(() => {
  /* fire events that update state */
});
/* assert on the output */

This ensures that you're testing the behavior the user would see in the browser. Learn more at 
https://react.dev/link/wrap-tests-with-act

[90mstderr[2m | src/hooks/useFlexCamManifest.test.tsx[2m > [22m[2museFlexCamManifest[2m > [22m[2mpolls every 
10s while stillDownloading > 0, stops at 0
[22m[39mAn update to TestComponent inside a test was not wrapped in act(...).

When testing, code that causes React state updates should be wrapped into act(...):

act(() => {
  /* fire events that update state */
});
/* assert on the output */

This ensures that you're testing the behavior the user would see in the browser. Learn more at 
https://react.dev/link/wrap-tests-with-act

 [32mΓ£ô[39m src/hooks/useFlexCamManifest.test.tsx[2m > [22museFlexCamManifest[2m > [22mfetches once and exposes the manifest[32m 128[2mms[22m[39m
 [32mΓ£ô[39m src/hooks/useFlexCamManifest.test.tsx[2m > [22museFlexCamManifest[2m > [22mpolls every 10s while stillDownloading > 0, stops at 0[32m 18[2mms[22m[39m
 [32mΓ£ô[39m src/pages/map/components/__tests__/MapDiagnosticsOverlay.test.tsx[2m > [22mrenders zoom level[32m 125[2mms[22m[39m
 [32mΓ£ô[39m src/pages/map/components/__tests__/MapDiagnosticsOverlay.test.tsx[2m > [22mrenders layer count[32m 20[2mms[22m[39m
 [32mΓ£ô[39m src/utils/__tests__/trespassOrderPdf.test.ts[2m > [22mwrapText[2m > [22mreturns a single empty entry for empty input[32m 9[2mms[22m[39m
 [32mΓ£ô[39m src/utils/__tests__/trespassOrderPdf.test.ts[2m > [22mwrapText[2m > [22mkeeps short strings as one line[32m 1[2mms[22m[39m
 [32mΓ£ô[39m src/utils/__tests__/trespassOrderPdf.test.ts[2m > [22mwrapText[2m > [22mwraps at word boundaries[32m 2[2mms[22m[39m
 [32mΓ£ô[39m src/utils/__tests__/trespassOrderPdf.test.ts[2m > [22mwrapText[2m > [22mpreserves explicit newlines as paragraph breaks[32m 4[2mms[22m[39m
 [32mΓ£ô[39m src/utils/__tests__/trespassOrderPdf.test.ts[2m > [22mwrapText[2m > [22mdoes not lose data when a single word is longer than the budget[32m 1[2mms[22m[39m
 [32mΓ£ô[39m src/utils/__tests__/trespassOrderPdf.test.ts[2m > [22mexpirationLine[2m > [22mreturns "Permanent" when no expiration_date is set[32m 7[2mms[22m[39m
 [32mΓ£ô[39m src/utils/__tests__/trespassOrderPdf.test.ts[2m > [22mexpirationLine[2m > [22momits the relative callout for non-active orders[32m 94[2mms[22m[39m
 [32mΓ£ô[39m src/utils/__tests__/trespassOrderPdf.test.ts[2m > [22mexpirationLine[2m > [22mannotates active orders expiring within 30 days[32m 4[2mms[22m[39m
 [32mΓ£ô[39m src/utils/__tests__/trespassOrderPdf.test.ts[2m > [22mexpirationLine[2m > [22mdoes NOT annotate active orders more than 30 days out[32m 2[2mms[22m[39m
 [32mΓ£ô[39m src/utils/__tests__/trespassOrderPdf.test.ts[2m > [22mexpirationLine[2m > [22mmarks an active order as EXPIRED when the date is in the past[32m 3[2mms[22m[39m
 [32mΓ£ô[39m src/utils/__tests__/trespassOrderPdf.test.ts[2m > [22mexpirationLine[2m > [22muses singular "day" when exactly 1 day remains or has passed[32m 2[2mms[22m[39m
 [32mΓ£ô[39m src/utils/__tests__/trespassOrderPdf.test.ts[2m > [22mbannerStyleFor[2m > [22mrenders active and violated as red high-attention banners[32m 1[2mms[22m[39m
 [32mΓ£ô[39m src/utils/__tests__/trespassOrderPdf.test.ts[2m > [22mbannerStyleFor[2m > [22mrenders served as an amber mid-attention banner[32m 1[2mms[22m[39m
 [32mΓ£ô[39m src/utils/__tests__/trespassOrderPdf.test.ts[2m > [22mbannerStyleFor[2m > [22mrenders expired and lifted as muted closed-state banners[32m 1[2mms[22m[39m
 [32mΓ£ô[39m src/utils/__tests__/trespassOrderPdf.test.ts[2m > [22mbannerStyleFor[2m > [22msafely handles an unexpected status string (defensive)[32m 1[2mms[22m[39m
 [32mΓ£ô[39m src/utils/__tests__/trespassOrderPdf.test.ts[2m > [22mTrespassOrder fixture compatibility[2m > [22maccepts a minimum-shape TrespassOrder without throwing in pure helpers[32m 5[2mms[22m[39m
 [32mΓ£ô[39m src/pages/intel/__tests__/WatchlistSection.test.tsx[2m > [22mWatchlistSection empty-state[2m > [22mshows an All clear branded empty-state[32m 127[2mms[22m[39m
 [32mΓ£ô[39m src/pages/map/components/__tests__/RulerTool.test.tsx[2m > [22mrenders instruction text[32m 162[2mms[22m[39m
 [32mΓ£ô[39m src/pages/map/components/__tests__/RulerTool.test.tsx[2m > [22mshows Clear button[32m 15[2mms[22m[39m
 [32mΓ£ô[39m src/utils/helpQuickReferencePdf.test.ts[2m > [22mbuildHelpQuickReferencePdf[2m > [22mproduces a 2-page jsPDF document[32m 46[2mms[22m[39m
 [32mΓ£ô[39m src/utils/helpQuickReferencePdf.test.ts[2m > [22mbuildHelpQuickReferencePdf[2m > [22mreturns a valid PDF blob (non-empty bytes)[32m 21[2mms[22m[39m
 [32mΓ£ô[39m src/utils/helpQuickReferencePdf.test.ts[2m > [22mbuildHelpQuickReferencePdf[2m > [22mhandles odd-numbered shortcut groups (left/right column split)[32m 24[2mms[22m[39m
 [32mΓ£ô[39m src/utils/helpQuickReferencePdf.test.ts[2m > [22mbuildHelpQuickReferencePdf[2m > [22mhandles empty tables without throwing[32m 8[2mms[22m[39m
 [32mΓ£ô[39m src/hooks/__tests__/useNavGuidanceEngine.test.ts[2m > [22museNavGuidanceEngine[2m > [22mstartGuidance fetches a route and exposes destination + route + render data[32m 75[2mms[22m[39m
[90mstderr[2m | src/hooks/__tests__/useNavGuidanceEngine.test.ts[2m > [22m[2museNavGuidanceEngine[2m > 
[22m[2mrejects invalid coordinates without touching state
[22m[39m[navGuidance] startGuidance rejected: invalid coordinates

 [32mΓ£ô[39m src/hooks/__tests__/useNavGuidanceEngine.test.ts[2m > [22museNavGuidanceEngine[2m > [22mupdateOrigin advances progress with no map attached (works from any page)[32m 17[2mms[22m[39m
 [32mΓ£ô[39m src/hooks/__tests__/useNavGuidanceEngine.test.ts[2m > [22museNavGuidanceEngine[2m > [22mupdateOrigin is a no-op before a destination is set[32m 7[2mms[22m[39m
 [32mΓ£ô[39m src/hooks/__tests__/useNavGuidanceEngine.test.ts[2m > [22museNavGuidanceEngine[2m > [22mstopGuidance clears destination and all derived route state[32m 7[2mms[22m[39m
 [32mΓ£ô[39m src/hooks/__tests__/useNavGuidanceEngine.test.ts[2m > [22museNavGuidanceEngine[2m > [22mrejects invalid coordinates without touching state[32m 9[2mms[22m[39m
 [32mΓ£ô[39m src/hooks/__tests__/useNavGuidanceEngine.test.ts[2m > [22mbuildCongestionGradient[2m > [22mbuilds a step expression with strictly increasing stops[32m 1[2mms[22m[39m
 [32mΓ£ô[39m src/hooks/__tests__/useNavGuidanceEngine.test.ts[2m > [22mbuildCongestionGradient[2m > [22mreturns null when a valid step expr cannot be formed[32m 1[2mms[22m[39m
 [32mΓ£ô[39m src/utils/pdf/v2/engine/__tests__/primitives.test.ts[2m > [22mPrimitives ΓÇö labeledField[2m > [22mrenders a labeled field and advances cursor[32m 30[2mms[22m[39m
 [32mΓ£ô[39m src/utils/pdf/v2/engine/__tests__/primitives.test.ts[2m > [22mPrimitives ΓÇö labeledField[2m > [22mrenders em-dash for null values, never "undefined"[32m 11[2mms[22m[39m
 [32mΓ£ô[39m src/utils/pdf/v2/engine/__tests__/primitives.test.ts[2m > [22mPrimitives ΓÇö labeledField[2m > [22mrenders em-dash for empty string values[32m 4[2mms[22m[39m
 [32mΓ£ô[39m src/utils/pdf/v2/engine/__tests__/primitives.test.ts[2m > [22mPrimitives ΓÇö labeledField[2m > [22mrenders boolean true as Yes, false as No[32m 5[2mms[22m[39m
 [32mΓ£ô[39m src/utils/pdf/v2/engine/__tests__/primitives.test.ts[2m > [22mPrimitives ΓÇö checkboxRow[2m > [22mrenders a row of checkboxes with filled/unfilled states[32m 3[2mms[22m[39m
 [32mΓ£ô[39m src/utils/pdf/v2/engine/__tests__/primitives.test.ts[2m > [22mPrimitives ΓÇö spacer[2m > [22madvances cursor by given height[32m 2[2mms[22m[39m
 [32mΓ£ô[39m src/utils/pdf/v2/engine/__tests__/primitives.test.ts[2m > [22mPrimitives ΓÇö narrative[2m > [22mwraps long narrative text within page width[32m 9[2mms[22m[39m
 [32mΓ£ô[39m src/utils/pdf/v2/engine/__tests__/primitives.test.ts[2m > [22mPrimitives ΓÇö narrative[2m > [22mdraws empty lines when narrative is shorter than minLines[32m 5[2mms[22m[39m
 [32mΓ£ô[39m src/utils/pdf/v2/engine/__tests__/primitives.test.ts[2m > [22mPrimitives ΓÇö table[2m > [22mrenders header row + data rows, advances cursor proportional to rows[32m 7[2mms[22m[39m
 [32mΓ£ô[39m src/utils/pdf/v2/engine/__tests__/primitives.test.ts[2m > [22mPrimitives ΓÇö table[2m > [22mrenders "No records" placeholder when accessor returns empty array[32m 3[2mms[22m[39m
 [32mΓ£ô[39m src/utils/pdf/v2/engine/__tests__/primitives.test.ts[2m > [22mPrimitives ΓÇö signature[2m > [22mrenders a signature block with printed name and date[32m 4[2mms[22m[39m
 [32mΓ£ô[39m src/utils/pdf/v2/engine/__tests__/primitives.test.ts[2m > [22mPrimitives ΓÇö signature[2m > [22mrenders empty signature block when accessor returns undefined[32m 3[2mms[22m[39m
 [32mΓ£ô[39m src/utils/pdf/v2/engine/__tests__/primitives.test.ts[2m > [22mlabeledField (Spillman form-fill style)[2m > [22mwrites label in UPPERCASE and the value as-given[32m 5[2mms[22m[39m
 [32mΓ£ô[39m src/utils/pdf/v2/engine/__tests__/primitives.test.ts[2m > [22mlabeledField (Spillman form-fill style)[2m > [22mhandles missing/null/empty values without crashing or rendering "undefined"[32m 33[2mms[22m[39m
 [32mΓ£ô[39m src/utils/pdf/v2/engine/__tests__/primitives.test.ts[2m > [22mlabeledField (Spillman form-fill style)[2m > [22madvances the layout cursor when called without explicit x[32m 4[2mms[22m[39m
 [32mΓ£ô[39m src/utils/pdf/v2/engine/__tests__/primitives.test.ts[2m > [22mlabeledField (Spillman form-fill style)[2m > [22mdoes NOT advance the cursor when called with explicit x (multi-column case)[32m 5[2mms[22m[39m
 [32mΓ£ô[39m src/utils/pdf/v2/engine/__tests__/primitives.test.ts[2m > [22mtable (Spillman black-header zebra style)[2m > [22mrenders header text in UPPERCASE and emits all cell text[32m 6[2mms[22m[39m
 [32mΓ£ô[39m src/utils/pdf/v2/engine/__tests__/primitives.test.ts[2m > [22mtable (Spillman black-header zebra style)[2m > [22mhandles empty rows array without crashing[32m 11[2mms[22m[39m
 [32mΓ£ô[39m src/utils/pdf/v2/engine/__tests__/primitives.test.ts[2m > [22mtable (Spillman black-header zebra style)[2m > [22mcoerces null/undefined cell values to empty string[32m 4[2mms[22m[39m
[90mstderr[2m | src/pages/intel/__tests__/ReviewQueues.test.tsx[2m > [22m[2mReviewQueues[2m > [22m[2mrenders 
the section heading
[22m[39mAn update to SuggestedLinksPanel inside a test was not wrapped in act(...).

When testing, code that causes React state updates should be wrapped into act(...):

act(() => {
  /* fire events that update state */
});
/* assert on the output */

This ensures that you're testing the behavior the user would see in the browser. Learn more at 
https://react.dev/link/wrap-tests-with-act
An update to ResolutionReviewPanel inside a test was not wrapped in act(...).

When testing, code that causes React state updates should be wrapped into act(...):

act(() => {
  /* fire events that update state */
});
/* assert on the output */

This ensures that you're testing the behavior the user would see in the browser. Learn more at 
https://react.dev/link/wrap-tests-with-act

 [32mΓ£ô[39m src/pages/intel/__tests__/ReviewQueues.test.tsx[2m > [22mReviewQueues[2m > [22mrenders the section heading[32m 112[2mms[22m[39m
 [32mΓ£ô[39m src/utils/__tests__/soundAssets.test.ts[2m > [22msoundAssets[2m > [22mreturns false before decode, then plays the buffer once loaded[32m 25[2mms[22m[39m
 [32mΓ£ô[39m src/utils/__tests__/soundAssets.test.ts[2m > [22msoundAssets[2m > [22mfalls back permanently when the asset 404s[32m 21[2mms[22m[39m
 [32mΓ£ô[39m src/utils/__tests__/soundAssets.test.ts[2m > [22msoundAssets[2m > [22mpreloadSoundAssets fetches each asset once[32m 5[2mms[22m[39m
 [32mΓ£ô[39m src/utils/__tests__/soundAssets.test.ts[2m > [22msoundAssets[2m > [22mclamps requested gain to the hearing-safety ceiling[32m 19[2mms[22m[39m
 [32mΓ£ô[39m src/utils/__tests__/soundAssets.test.ts[2m > [22msoundAssets[2m > [22mstartSoundAsset returns a working stop handle once decoded[32m 10[2mms[22m[39m
 [32mΓ£ô[39m src/utils/__tests__/soundAssets.test.ts[2m > [22msoundAssets[2m > [22mnever throws when fetch or WebAudio are unavailable[32m 4[2mms[22m[39m
 [32mΓ£ô[39m src/utils/__tests__/themeLegacy.test.ts[2m > [22mlegacy escape hatch[2m > [22mis off by default[32m 8[2mms[22m[39m
 [32mΓ£ô[39m src/utils/__tests__/themeLegacy.test.ts[2m > [22mlegacy escape hatch[2m > [22mis on when the flag is set to "1"[32m 2[2mms[22m[39m
 [32mΓ£ô[39m src/utils/__tests__/themeLegacy.test.ts[2m > [22mchrome colors per theme[2m > [22mnight (dark) chrome is the steel-blue-charcoal base, day is the light chrome[32m 1[2mms[22m[39m
 [32mΓ£ô[39m src/utils/__tests__/themeLegacy.test.ts[2m > [22mnormalizeThemePreference[2m > [22mmaps unknown/legacy values to dark (night default)[32m 1[2mms[22m[39m
 [32mΓ£ô[39m src/utils/__tests__/themeLegacy.test.ts[2m > [22mlegacy kill-switch overrides day theme[2m > [22mforces dark color-scheme + black chrome even when theme is light[32m 92[2mms[22m[39m
 [32mΓ£ô[39m src/utils/__tests__/themeLegacy.test.ts[2m > [22mlegacy kill-switch overrides day theme[2m > [22mapplies the light color-scheme for day when legacy is off[32m 8[2mms[22m[39m
 [32mΓ£ô[39m tests/utils/formatters.test.ts[2m > [22mformatters[2m > [22mformatPhone[2m > [22mformats a 10-digit number[32m 9[2mms[22m[39m
 [32mΓ£ô[39m tests/utils/formatters.test.ts[2m > [22mformatters[2m > [22mformatPhone[2m > [22mformats an 11-digit number with leading 1[32m 3[2mms[22m[39m
 [32mΓ£ô[39m tests/utils/formatters.test.ts[2m > [22mformatters[2m > [22mformatPhone[2m > [22mstrips non-digit characters[32m 3[2mms[22m[39m
 [32mΓ£ô[39m tests/utils/formatters.test.ts[2m > [22mformatters[2m > [22mformatPhone[2m > [22mreturns raw value for non-10-digit numbers[32m 1[2mms[22m[39m
 [32mΓ£ô[39m tests/utils/formatters.test.ts[2m > [22mformatters[2m > [22mformatPhone[2m > [22mreturns empty string for null/undefined[32m 1[2mms[22m[39m
 [32mΓ£ô[39m tests/utils/formatters.test.ts[2m > [22mformatters[2m > [22mformatSSN[2m > [22mmasks SSN by default (***-**-1234)[32m 1[2mms[22m[39m
 [32mΓ£ô[39m tests/utils/formatters.test.ts[2m > [22mformatters[2m > [22mformatSSN[2m > [22mshows full SSN when requested[32m 1[2mms[22m[39m
 [32mΓ£ô[39m tests/utils/formatters.test.ts[2m > [22mformatters[2m > [22mformatSSN[2m > [22mhandles dashed input[32m 1[2mms[22m[39m
 [32mΓ£ô[39m tests/utils/formatters.test.ts[2m > [22mformatters[2m > [22mformatSSN[2m > [22mreturns raw value for invalid length[32m 1[2mms[22m[39m
 [32mΓ£ô[39m tests/utils/formatters.test.ts[2m > [22mformatters[2m > [22mformatSSN[2m > [22mreturns empty string for null/undefined[32m 1[2mms[22m[39m
 [32mΓ£ô[39m tests/utils/formatters.test.ts[2m > [22mformatters[2m > [22mformatCurrency[2m > [22mformats basic amounts[32m 73[2mms[22m[39m
 [32mΓ£ô[39m tests/utils/formatters.test.ts[2m > [22mformatters[2m > [22mformatCurrency[2m > [22mformats negative amounts[32m 2[2mms[22m[39m
 [32mΓ£ô[39m tests/utils/formatters.test.ts[2m > [22mformatters[2m > [22mformatCurrency[2m > [22mdefaults to $0.00 for null/undefined/NaN[32m 1[2mms[22m[39m
 [32mΓ£ô[39m tests/utils/formatters.test.ts[2m > [22mformatters[2m > [22mformatCurrency[2m > [22msupports custom decimal places[32m 1[2mms[22m[39m
 [32mΓ£ô[39m tests/utils/formatters.test.ts[2m > [22mformatters[2m > [22mformatCurrency[2m > [22msupports sign display[32m 2[2mms[22m[39m
 [32mΓ£ô[39m tests/utils/formatters.test.ts[2m > [22mformatters[2m > [22mformatFileSize[2m > [22mformats bytes[32m 2[2mms[22m[39m
 [32mΓ£ô[39m tests/utils/formatters.test.ts[2m > [22mformatters[2m > [22mformatFileSize[2m > [22mformats kilobytes[32m 1[2mms[22m[39m
 [32mΓ£ô[39m tests/utils/formatters.test.ts[2m > [22mformatters[2m > [22mformatFileSize[2m > [22mformats megabytes[32m 1[2mms[22m[39m
 [32mΓ£ô[39m tests/utils/formatters.test.ts[2m > [22mformatters[2m > [22mformatFileSize[2m > [22mformats gigabytes[32m 0[2mms[22m[39m
 [32mΓ£ô[39m tests/utils/formatters.test.ts[2m > [22mformatters[2m > [22mformatDuration[2m > [22mformats seconds[32m 1[2mms[22m[39m
 [32mΓ£ô[39m tests/utils/formatters.test.ts[2m > [22mformatters[2m > [22mformatDuration[2m > [22mformats minutes and seconds[32m 0[2mms[22m[39m
 [32mΓ£ô[39m tests/utils/formatters.test.ts[2m > [22mformatters[2m > [22mformatDuration[2m > [22mformats minutes without trailing zero seconds[32m 0[2mms[22m[39m
 [32mΓ£ô[39m tests/utils/formatters.test.ts[2m > [22mformatters[2m > [22mformatDuration[2m > [22mformats hours and minutes[32m 0[2mms[22m[39m
 [32mΓ£ô[39m tests/utils/formatters.test.ts[2m > [22mformatters[2m > [22mformatDuration[2m > [22mformats hours without trailing zero minutes[32m 0[2mms[22m[39m
 [32mΓ£ô[39m tests/utils/formatters.test.ts[2m > [22mformatters[2m > [22mformatDuration[2m > [22mhandles negative values as 0s[32m 0[2mms[22m[39m
 [32mΓ£ô[39m tests/utils/formatters.test.ts[2m > [22mformatters[2m > [22mformatShiftDuration[2m > [22mformats minutes as hours:minutes[32m 1[2mms[22m[39m
 [32mΓ£ô[39m tests/utils/formatters.test.ts[2m > [22mformatters[2m > [22mformatNumber[2m > [22mformats with comma separators[32m 1[2mms[22m[39m
 [32mΓ£ô[39m tests/utils/formatters.test.ts[2m > [22mformatters[2m > [22mformatNumber[2m > [22mreturns "0" for null/undefined/NaN[32m 1[2mms[22m[39m
 [32mΓ£ô[39m tests/utils/formatters.test.ts[2m > [22mformatters[2m > [22mformatPercent[2m > [22mformats with default 1 decimal[32m 1[2mms[22m[39m
 [32mΓ£ô[39m tests/utils/formatters.test.ts[2m > [22mformatters[2m > [22mformatPercent[2m > [22msupports custom decimal places[32m 1[2mms[22m[39m
 [32mΓ£ô[39m tests/utils/formatters.test.ts[2m > [22mformatters[2m > [22mformatVIN[2m > [22mformats a valid 17-character VIN[32m 1[2mms[22m[39m
 [32mΓ£ô[39m tests/utils/formatters.test.ts[2m > [22mformatters[2m > [22mformatVIN[2m > [22mreturns uppercase for non-17-char input[32m 1[2mms[22m[39m
 [32mΓ£ô[39m tests/utils/formatters.test.ts[2m > [22mformatters[2m > [22mformatVIN[2m > [22mreturns empty string for null/undefined[32m 0[2mms[22m[39m
 [32mΓ£ô[39m tests/utils/formatters.test.ts[2m > [22mformatters[2m > [22mformatPlate[2m > [22muppercases and trims[32m 1[2mms[22m[39m
 [32mΓ£ô[39m tests/utils/formatters.test.ts[2m > [22mformatters[2m > [22mformatPlate[2m > [22mreturns empty string for null/undefined[32m 0[2mms[22m[39m
 [32mΓ£ô[39m tests/utils/formatters.test.ts[2m > [22mformatters[2m > [22mformatName[2m > [22mcapitalizes and joins name parts[32m 1[2mms[22m[39m
 [32mΓ£ô[39m tests/utils/formatters.test.ts[2m > [22mformatters[2m > [22mformatName[2m > [22mhandles middle name[32m 1[2mms[22m[39m
 [32mΓ£ô[39m tests/utils/formatters.test.ts[2m > [22mformatters[2m > [22mformatName[2m > [22mskips null parts[32m 0[2mms[22m[39m
 [32mΓ£ô[39m tests/utils/formatters.test.ts[2m > [22mformatters[2m > [22mformatAddress[2m > [22mformats a full address[32m 1[2mms[22m[39m
 [32mΓ£ô[39m tests/utils/formatters.test.ts[2m > [22mformatters[2m > [22mformatAddress[2m > [22mhandles missing parts[32m 0[2mms[22m[39m
 [32mΓ£ô[39m tests/utils/formatters.test.ts[2m > [22mformatters[2m > [22mtruncate[2m > [22mtruncates with ellipsis when over limit[32m 1[2mms[22m[39m
 [32mΓ£ô[39m tests/utils/formatters.test.ts[2m > [22mformatters[2m > [22mtruncate[2m > [22mreturns original if within limit[32m 0[2mms[22m[39m
 [32mΓ£ô[39m tests/utils/formatters.test.ts[2m > [22mformatters[2m > [22mtoTitleCase[2m > [22mcapitalizes first letter of each word[32m 1[2mms[22m[39m
 [32mΓ£ô[39m tests/utils/formatters.test.ts[2m > [22mformatters[2m > [22mtoDisplayLabel[2m > [22mconverts snake_case to Title Case[32m 2[2mms[22m[39m
 [32mΓ£ô[39m tests/utils/formatters.test.ts[2m > [22mformatters[2m > [22mtoDisplayLabel[2m > [22mconverts kebab-case to Title Case[32m 1[2mms[22m[39m
 [32mΓ£ô[39m tests/utils/formatters.test.ts[2m > [22mformatters[2m > [22mtoDisplayLabel[2m > [22muppercases known law enforcement acronyms[32m 1[2mms[22m[39m
 [32mΓ£ô[39m tests/utils/formatters.test.ts[2m > [22mformatters[2m > [22mtoDisplayLabel[2m > [22mhandles mixed acronyms and regular words[32m 1[2mms[22m[39m
 [32mΓ£ô[39m tests/utils/formatters.test.ts[2m > [22mformatters[2m > [22mpluralize[2m > [22muses singular for count of 1[32m 1[2mms[22m[39m
 [32mΓ£ô[39m tests/utils/formatters.test.ts[2m > [22mformatters[2m > [22mpluralize[2m > [22muses default plural for other counts[32m 1[2mms[22m[39m
 [32mΓ£ô[39m tests/utils/formatters.test.ts[2m > [22mformatters[2m > [22mpluralize[2m > [22muses custom plural when provided[32m 1[2mms[22m[39m
 [32mΓ£ô[39m tests/utils/formatters.test.ts[2m > [22mformatters[2m > [22mformatCoordinates[2m > [22mformats coordinates with N/E for positive[32m 1[2mms[22m[39m
 [32mΓ£ô[39m tests/utils/formatters.test.ts[2m > [22mformatters[2m > [22mformatCoordinates[2m > [22mformats coordinates with S/W for negative[32m 1[2mms[22m[39m
 [32mΓ£ô[39m tests/utils/formatters.test.ts[2m > [22mformatters[2m > [22mformatDistance[2m > [22mformats short distances in meters[32m 1[2mms[22m[39m
 [32mΓ£ô[39m tests/utils/formatters.test.ts[2m > [22mformatters[2m > [22mformatDistance[2m > [22mformats medium distances in miles with 1 decimal[32m 0[2mms[22m[39m
 [32mΓ£ô[39m tests/utils/formatters.test.ts[2m > [22mformatters[2m > [22mformatDistance[2m > [22mformats long distances as rounded miles[32m 0[2mms[22m[39m
 [32mΓ£ô[39m src/utils/codeEnforcementPdf.test.ts[2m > [22mcodeEnforcementPdf helpers[2m > [22mfmtDate[2m > [22mreturns em-dash for empty / null / undefined[32m 11[2mms[22m[39m
 [32mΓ£ô[39m src/utils/codeEnforcementPdf.test.ts[2m > [22mcodeEnforcementPdf helpers[2m > [22mfmtDate[2m > [22mformats a valid ISO date[32m 128[2mms[22m[39m
 [32mΓ£ô[39m src/utils/codeEnforcementPdf.test.ts[2m > [22mcodeEnforcementPdf helpers[2m > [22mfmtDate[2m > [22mdoes NOT throw on unparseable input (defers to parseTimestamp tolerance)[32m 8[2mms[22m[39m
 [32mΓ£ô[39m src/utils/codeEnforcementPdf.test.ts[2m > [22mcodeEnforcementPdf helpers[2m > [22mfmtDateTime[2m > [22mreturns em-dash for empty input[32m 1[2mms[22m[39m
 [32mΓ£ô[39m src/utils/codeEnforcementPdf.test.ts[2m > [22mcodeEnforcementPdf helpers[2m > [22mfmtDateTime[2m > [22mappends MT timezone suffix to valid datetimes[32m 3[2mms[22m[39m
 [32mΓ£ô[39m src/utils/codeEnforcementPdf.test.ts[2m > [22mcodeEnforcementPdf helpers[2m > [22mfmtDateTime[2m > [22mdoes NOT crash on garbage input[32m 2[2mms[22m[39m
 [32mΓ£ô[39m src/utils/codeEnforcementPdf.test.ts[2m > [22mcodeEnforcementPdf helpers[2m > [22mfmtMoney[2m > [22mhandles null / undefined / empty string as em-dash[32m 1[2mms[22m[39m
 [32mΓ£ô[39m src/utils/codeEnforcementPdf.test.ts[2m > [22mcodeEnforcementPdf helpers[2m > [22mfmtMoney[2m > [22mformats positive numbers with two decimals[32m 1[2mms[22m[39m
 [32mΓ£ô[39m src/utils/codeEnforcementPdf.test.ts[2m > [22mcodeEnforcementPdf helpers[2m > [22mfmtMoney[2m > [22mreturns em-dash for NaN string[32m 1[2mms[22m[39m
 [32mΓ£ô[39m src/utils/codeEnforcementPdf.test.ts[2m > [22mcodeEnforcementPdf helpers[2m > [22mfmtMoney[2m > [22mhandles zero[32m 1[2mms[22m[39m
 [32mΓ£ô[39m src/utils/codeEnforcementPdf.test.ts[2m > [22mcodeEnforcementPdf helpers[2m > [22mwrapText[2m > [22mreturns one-element [empty] for empty input[32m 4[2mms[22m[39m
 [32mΓ£ô[39m src/utils/codeEnforcementPdf.test.ts[2m > [22mcodeEnforcementPdf helpers[2m > [22mwrapText[2m > [22mpreserves explicit newlines[32m 2[2mms[22m[39m
 [32mΓ£ô[39m src/utils/codeEnforcementPdf.test.ts[2m > [22mcodeEnforcementPdf helpers[2m > [22mwrapText[2m > [22mwraps long lines at the char boundary on word breaks[32m 2[2mms[22m[39m
 [32mΓ£ô[39m src/utils/codeEnforcementPdf.test.ts[2m > [22mcodeEnforcementPdf helpers[2m > [22mwrapText[2m > [22mhandles a single very-long word without splitting it[32m 3[2mms[22m[39m
 [32mΓ£ô[39m src/utils/codeEnforcementPdf.test.ts[2m > [22mcodeEnforcementPdf helpers[2m > [22mclassifySeverity[2m > [22mtreats critical/high/major as the critical-banner trigger[32m 2[2mms[22m[39m
 [32mΓ£ô[39m src/utils/codeEnforcementPdf.test.ts[2m > [22mcodeEnforcementPdf helpers[2m > [22mclassifySeverity[2m > [22mtreats low/medium/moderate/minor as non-critical[32m 2[2mms[22m[39m
 [32mΓ£ô[39m src/utils/codeEnforcementPdf.test.ts[2m > [22mcodeEnforcementPdf helpers[2m > [22mclassifySeverity[2m > [22mem-dashes empty / null / undefined and is not critical[32m 1[2mms[22m[39m
 [32mΓ£ô[39m src/utils/codeEnforcementPdf.test.ts[2m > [22mcodeEnforcementPdf helpers[2m > [22mclassifySeverity[2m > [22mtitle-cases arbitrary input rather than throwing[32m 0[2mms[22m[39m
 [32mΓ£ô[39m src/pages/mobile/__tests__/MobileHomePage.smoke.test.tsx[2m > [22mMobileHomePage (smoke)[2m > [22mmodule loads without throwing[32m 139[2mms[22m[39m
 [32mΓ£ô[39m src/utils/__tests__/nationalWarrantPdf.test.ts[2m > [22mformatWarrantName[2m > [22muppercases last name + appends first name when both present[32m 7[2mms[22m[39m
 [32mΓ£ô[39m src/utils/__tests__/nationalWarrantPdf.test.ts[2m > [22mformatWarrantName[2m > [22mreturns just the last name when no first name[32m 1[2mms[22m[39m
 [32mΓ£ô[39m src/utils/__tests__/nationalWarrantPdf.test.ts[2m > [22mformatWarrantName[2m > [22mfalls back to full_name when structured parts are missing[32m 6[2mms[22m[39m
 [32mΓ£ô[39m src/utils/__tests__/nationalWarrantPdf.test.ts[2m > [22mformatWarrantName[2m > [22mreturns UNKNOWN SUBJECT when nothing usable is provided[32m 1[2mms[22m[39m
 [32mΓ£ô[39m src/utils/__tests__/nationalWarrantPdf.test.ts[2m > [22mformatWarrantName[2m > [22mtrims whitespace from parts so "  doe  " does not produce an empty branch[32m 1[2mms[22m[39m
 [32mΓ£ô[39m src/utils/__tests__/nationalWarrantPdf.test.ts[2m > [22misActiveWarrant[2m > [22mreturns true for canonical lower-case "active"[32m 1[2mms[22m[39m
 [32mΓ£ô[39m src/utils/__tests__/nationalWarrantPdf.test.ts[2m > [22misActiveWarrant[2m > [22mreturns true for upper- and mixed-case "ACTIVE" / "Active "[32m 12[2mms[22m[39m
 [32mΓ£ô[39m src/utils/__tests__/nationalWarrantPdf.test.ts[2m > [22misActiveWarrant[2m > [22mreturns false for missing / empty / inactive statuses[32m 1[2mms[22m[39m
 [32mΓ£ô[39m src/utils/__tests__/nationalWarrantPdf.test.ts[2m > [22mformatBond[2m > [22mreturns dash for null/undefined/empty/zero/negative input (no bond shown)[32m 2[2mms[22m[39m
 [32mΓ£ô[39m src/utils/__tests__/nationalWarrantPdf.test.ts[2m > [22mformatBond[2m > [22mformats a positive number with grouping + dollar sign[32m 91[2mms[22m[39m
 [32mΓ£ô[39m src/utils/__tests__/nationalWarrantPdf.test.ts[2m > [22mformatBond[2m > [22maccepts string-typed numbers (upstream is inconsistent)[32m 1[2mms[22m[39m
 [32mΓ£ô[39m src/utils/__tests__/nationalWarrantPdf.test.ts[2m > [22mformatBond[2m > [22mreturns dash for non-numeric strings rather than throwing[32m 1[2mms[22m[39m
 [32mΓ£ô[39m src/utils/__tests__/nationalWarrantPdf.test.ts[2m > [22mwrapText[2m > [22mreturns a single empty entry for empty input[32m 3[2mms[22m[39m
 [32mΓ£ô[39m src/utils/__tests__/nationalWarrantPdf.test.ts[2m > [22mwrapText[2m > [22mwraps at word boundaries within the budget[32m 1[2mms[22m[39m
 [32mΓ£ô[39m src/utils/__tests__/nationalWarrantPdf.test.ts[2m > [22mwrapText[2m > [22mpreserves explicit newlines as paragraph breaks[32m 1[2mms[22m[39m
 [32mΓ£ô[39m src/utils/__tests__/nationalWarrantPdf.test.ts[2m > [22mwrapText[2m > [22moverflows rather than dropping when a single token is longer than the budget[32m 1[2mms[22m[39m
[90mstderr[2m | src/pages/fleet/v2/hooks/__tests__/useFleetV2Audit.test.tsx[2m > [22m[2museFleetV2View[2m > 
[22m[2mswallows fetch errors silently (fire-and-forget)
[22m[39m[API] POST /api/audit-emit ΓåÆ network error, retrying in 2s (1/3)...

 [32mΓ£ô[39m src/pages/fleet/v2/hooks/__tests__/useFleetV2Audit.test.tsx[2m > [22museFleetV2View[2m > [22mPOSTs FLEET_V2_VIEW to /api/audit-emit on mount with route + viewport_width[32m 132[2mms[22m[39m
 [32mΓ£ô[39m src/pages/fleet/v2/hooks/__tests__/useFleetV2Audit.test.tsx[2m > [22museFleetV2View[2m > [22mswallows fetch errors silently (fire-and-forget)[32m 37[2mms[22m[39m
 [32mΓ£ô[39m src/utils/__tests__/clearedSummaryPdf.test.ts[2m > [22mdispositionCounts[2m > [22mgroups by disposition + sorts descending by count[32m 13[2mms[22m[39m
 [32mΓ£ô[39m src/utils/__tests__/clearedSummaryPdf.test.ts[2m > [22mdispositionCounts[2m > [22mrenders missing dispositions as em-dash[32m 2[2mms[22m[39m
 [32mΓ£ô[39m src/utils/__tests__/clearedSummaryPdf.test.ts[2m > [22mdispositionCounts[2m > [22mreturns [] for an empty list[32m 1[2mms[22m[39m
 [32mΓ£ô[39m src/utils/__tests__/clearedSummaryPdf.test.ts[2m > [22mfilterClearedInWindow[2m > [22mkeeps cleared calls inside the window[32m 8[2mms[22m[39m
 [32mΓ£ô[39m src/utils/__tests__/clearedSummaryPdf.test.ts[2m > [22mfilterClearedInWindow[2m > [22mkeeps closed calls (closed is treated as cleared for the summary)[32m 1[2mms[22m[39m
 [32mΓ£ô[39m src/utils/__tests__/clearedSummaryPdf.test.ts[2m > [22mfilterClearedInWindow[2m > [22mdrops non-cleared statuses[32m 1[2mms[22m[39m
 [32mΓ£ô[39m src/utils/__tests__/clearedSummaryPdf.test.ts[2m > [22mfilterClearedInWindow[2m > [22mdrops cleared calls outside the window[32m 1[2mms[22m[39m
 [32mΓ£ô[39m src/utils/__tests__/clearedSummaryPdf.test.ts[2m > [22mfilterClearedInWindow[2m > [22mfalls back to created_at when cleared_at is missing[32m 1[2mms[22m[39m
 [32mΓ£ô[39m src/utils/__tests__/clearedSummaryPdf.test.ts[2m > [22mstartOfTodayMt / todayMtWindow[2m > [22mreturns a Date whose Mountain-Time hour reads as 00[32m 90[2mms[22m[39m
 [32mΓ£ô[39m src/utils/__tests__/clearedSummaryPdf.test.ts[2m > [22mstartOfTodayMt / todayMtWindow[2m > [22mtodayMtWindow.end is on or after .start[32m 7[2mms[22m[39m
 [32mΓ£ô[39m src/lib/rmpg-pdf-engine/native/writer/__tests__/resourceCopy.test.ts[2m > [22mnative writer ΓÇö /Resources indirect-ref copy[2m > [22msaves a PDF with an indirect font ref without falling back[32m 86[2mms[22m[39m
 [32mΓ£ô[39m src/hooks/__tests__/useGpsTracking.capture.test.ts[2m > [22museGpsTracking ΓÇö browser path captures the exportable session track[2m > [22mincrements capturedCount on accepted browser fixes when capture is enabled[32m 100[2mms[22m[39m
 [32mΓ£ô[39m src/hooks/__tests__/useGpsTracking.capture.test.ts[2m > [22museGpsTracking ΓÇö browser path captures the exportable session track[2m > [22mdoes NOT capture when capture is disabled (default consumer)[32m 17[2mms[22m[39m
 [32mΓ£ô[39m src/utils/__tests__/taskDueCountdown.test.ts[2m > [22mdescribeDueDate[2m > [22mreturns the em-dash sentinel for missing input[32m 10[2mms[22m[39m
 [32mΓ£ô[39m src/utils/__tests__/taskDueCountdown.test.ts[2m > [22mdescribeDueDate[2m > [22mmarks unknown when the input is not parseable as YYYY-MM-DD[32m 4[2mms[22m[39m
 [32mΓ£ô[39m src/utils/__tests__/taskDueCountdown.test.ts[2m > [22mdescribeDueDate[2m > [22mflags overdue dates with a day count[32m 97[2mms[22m[39m
 [32mΓ£ô[39m src/utils/__tests__/taskDueCountdown.test.ts[2m > [22mdescribeDueDate[2m > [22mflags the current day as "Due today"[32m 3[2mms[22m[39m
 [32mΓ£ô[39m src/utils/__tests__/taskDueCountdown.test.ts[2m > [22mdescribeDueDate[2m > [22mflags tomorrow as "Due tomorrow"[32m 2[2mms[22m[39m
 [32mΓ£ô[39m src/utils/__tests__/taskDueCountdown.test.ts[2m > [22mdescribeDueDate[2m > [22muses a "Due in Nd" label for dates within the next week[32m 2[2mms[22m[39m
 [32mΓ£ô[39m src/utils/__tests__/taskDueCountdown.test.ts[2m > [22mdescribeDueDate[2m > [22muses the absolute date for far-future tasks[32m 5[2mms[22m[39m
 [32mΓ£ô[39m src/utils/__tests__/taskDueCountdown.test.ts[2m > [22mdescribeDueDate[2m > [22mtolerates a full ISO timestamp (date portion only)[32m 3[2mms[22m[39m
 [32mΓ£ô[39m src/utils/__tests__/taskDueCountdown.test.ts[2m > [22mdescribeDueDate[2m > [22mtreats local-calendar day boundaries correctly in Mountain Time[32m 2[2mms[22m[39m
 [32mΓ£ô[39m src/utils/__tests__/taskDueCountdown.test.ts[2m > [22mdueToneTextClass[2m > [22mreturns a non-empty Tailwind token for every defined tone[32m 2[2mms[22m[39m
 [32mΓ£ô[39m src/utils/__tests__/taskDueCountdown.test.ts[2m > [22mdueToneTextClass[2m > [22mfalls back to a muted token for an unrecognised tone string[32m 1[2mms[22m[39m
 [32mΓ£ô[39m src/utils/__tests__/mountainTime.test.ts[2m > [22mmandatory Mountain Time display[2m > [22mrenders summer UTC timestamps in MDT (UTC-6)[32m 101[2mms[22m[39m
 [32mΓ£ô[39m src/utils/__tests__/mountainTime.test.ts[2m > [22mmandatory Mountain Time display[2m > [22mrenders winter UTC timestamps in MST (UTC-7)[32m 3[2mms[22m[39m
 [32mΓ£ô[39m src/utils/__tests__/mountainTime.test.ts[2m > [22mmandatory Mountain Time display[2m > [22mhandles ISO-with-Z and naive UTC identically[32m 2[2mms[22m[39m
 [32mΓ£ô[39m src/utils/__tests__/mountainTime.test.ts[2m > [22mdatetime-local edit round-trip (MT wall-clock <-> UTC)[2m > [22mrenders a stored UTC instant as an MT wall-clock input value[32m 2[2mms[22m[39m
 [32mΓ£ô[39m src/utils/__tests__/mountainTime.test.ts[2m > [22mdatetime-local edit round-trip (MT wall-clock <-> UTC)[2m > [22mconverts an MT wall-clock input back to UTC for storage[32m 3[2mms[22m[39m
 [32mΓ£ô[39m src/utils/__tests__/mountainTime.test.ts[2m > [22mdatetime-local edit round-trip (MT wall-clock <-> UTC)[2m > [22mis lossless to the minute: UTC -> MT input -> UTC[32m 2[2mms[22m[39m
 [32mΓ£ô[39m src/utils/__tests__/jailBookingSheetPdf.test.ts[2m > [22mformatHeight[2m > [22mconverts inches to feet-and-inches[32m 8[2mms[22m[39m
 [32mΓ£ô[39m src/utils/__tests__/jailBookingSheetPdf.test.ts[2m > [22mformatHeight[2m > [22maccepts string inputs[32m 1[2mms[22m[39m
 [32mΓ£ô[39m src/utils/__tests__/jailBookingSheetPdf.test.ts[2m > [22mformatHeight[2m > [22mreturns em-dash for missing / zero / non-numeric[32m 1[2mms[22m[39m
 [32mΓ£ô[39m src/utils/__tests__/jailBookingSheetPdf.test.ts[2m > [22mformatHeight[2m > [22mrenders sub-foot values raw rather than misrendering 7-inch infants[32m 1[2mms[22m[39m
 [32mΓ£ô[39m src/utils/__tests__/jailBookingSheetPdf.test.ts[2m > [22mformatWeight[2m > [22mappends lbs unit[32m 1[2mms[22m[39m
 [32mΓ£ô[39m src/utils/__tests__/jailBookingSheetPdf.test.ts[2m > [22mformatWeight[2m > [22mreturns em-dash for missing / zero[32m 1[2mms[22m[39m
 [32mΓ£ô[39m src/utils/__tests__/jailBookingSheetPdf.test.ts[2m > [22mformatBail[2m > [22mformats positive amounts as USD currency[32m 81[2mms[22m[39m
 [32mΓ£ô[39m src/utils/__tests__/jailBookingSheetPdf.test.ts[2m > [22mformatBail[2m > [22mflags zero as NO BAIL[32m 2[2mms[22m[39m
 [32mΓ£ô[39m src/utils/__tests__/jailBookingSheetPdf.test.ts[2m > [22mformatBail[2m > [22mreturns em-dash for missing / non-numeric[32m 3[2mms[22m[39m
 [32mΓ£ô[39m src/utils/__tests__/jailBookingSheetPdf.test.ts[2m > [22mprettyStatus[2m > [22muppercases snake_case status[32m 2[2mms[22m[39m
 [32mΓ£ô[39m src/utils/__tests__/jailBookingSheetPdf.test.ts[2m > [22mprettyStatus[2m > [22mreturns em-dash for missing[32m 1[2mms[22m[39m
 [32mΓ£ô[39m src/utils/__tests__/jailBookingSheetPdf.test.ts[2m > [22misInCustody[2m > [22mreturns true for live-housing states[32m 1[2mms[22m[39m
 [32mΓ£ô[39m src/utils/__tests__/jailBookingSheetPdf.test.ts[2m > [22misInCustody[2m > [22mreturns false for terminal states[32m 0[2mms[22m[39m
 [32mΓ£ô[39m src/utils/__tests__/jailBookingSheetPdf.test.ts[2m > [22misInCustody[2m > [22mhandles mixed case + missing[32m 1[2mms[22m[39m
 [32mΓ£ô[39m src/utils/__tests__/jailBookingSheetPdf.test.ts[2m > [22mbookingConsistencyAlert[2m > [22mreturns null for an internally consistent record[32m 1[2mms[22m[39m
 [32mΓ£ô[39m src/utils/__tests__/jailBookingSheetPdf.test.ts[2m > [22mbookingConsistencyAlert[2m > [22mflags release_date with an in-custody status[32m 1[2mms[22m[39m
 [32mΓ£ô[39m src/utils/__tests__/jailBookingSheetPdf.test.ts[2m > [22mbookingConsistencyAlert[2m > [22mflags released status with no release_date[32m 0[2mms[22m[39m
 [32mΓ£ô[39m src/utils/__tests__/jailBookingSheetPdf.test.ts[2m > [22mbookingConsistencyAlert[2m > [22mdoes not flag a released record with a recorded release date[32m 0[2mms[22m[39m
[90mstderr[2m | src/pages/intel/__tests__/useWatchToggle.test.ts[2m > [22m[2museWatchToggle[2m > [22m[2mrolls 
back on error and never rejects
[22m[39mAn update to TestComponent inside a test was not wrapped in act(...).

When testing, code that causes React state updates should be wrapped into act(...):

act(() => {
  /* fire events that update state */
});
/* assert on the output */

This ensures that you're testing the behavior the user would see in the browser. Learn more at 
https://react.dev/link/wrap-tests-with-act
An update to TestComponent inside a test was not wrapped in act(...).

When testing, code that causes React state updates should be wrapped into act(...):

act(() => {
  /* fire events that update state */
});
/* assert on the output */

This ensures that you're testing the behavior the user would see in the browser. Learn more at 
https://react.dev/link/wrap-tests-with-act

[90mstderr[2m | src/pages/intel/__tests__/useWatchToggle.test.ts[2m > [22m[2museWatchToggle[2m > [22m[2mrolls 
back on error and never rejects
[22m[39mAn update to TestComponent inside a test was not wrapped in act(...).

When testing, code that causes React state updates should be wrapped into act(...):

act(() => {
  /* fire events that update state */
});
/* assert on the output */

This ensures that you're testing the behavior the user would see in the browser. Learn more at 
https://react.dev/link/wrap-tests-with-act
An update to TestComponent inside a test was not wrapped in act(...).

When testing, code that causes React state updates should be wrapped into act(...):

act(() => {
  /* fire events that update state */
});
/* assert on the output */

This ensures that you're testing the behavior the user would see in the browser. Learn more at 
https://react.dev/link/wrap-tests-with-act

 [32mΓ£ô[39m src/pages/intel/__tests__/useWatchToggle.test.ts[2m > [22museWatchToggle[2m > [22moptimistically toggles on, calls POST[32m 95[2mms[22m[39m
 [32mΓ£ô[39m src/pages/intel/__tests__/useWatchToggle.test.ts[2m > [22museWatchToggle[2m > [22mtoggles off, calls DELETE[32m 10[2mms[22m[39m
 [32mΓ£ô[39m src/pages/intel/__tests__/useWatchToggle.test.ts[2m > [22museWatchToggle[2m > [22mrolls back on error and never rejects[32m 20[2mms[22m[39m
 [32mΓ£ô[39m src/utils/__tests__/photoStamp.test.ts[2m > [22mphotoStamp ΓÇö stamp lines[2m > [22mformats the timestamp MM-DD-YYYY at HH:MM:SS (TMZ)[32m 80[2mms[22m[39m
 [32mΓ£ô[39m src/utils/__tests__/photoStamp.test.ts[2m > [22mphotoStamp ΓÇö stamp lines[2m > [22mformats geo line with 6-decimal coords, or UNAVAILABLE[32m 2[2mms[22m[39m
 [32mΓ£ô[39m src/utils/__tests__/photoStamp.test.ts[2m > [22mphotoStamp ΓÇö stamp lines[2m > [22mformats the officer + context line[32m 1[2mms[22m[39m
 [32mΓ£ô[39m src/utils/__tests__/photoStamp.test.ts[2m > [22mphotoStamp ΓÇö stamp lines[2m > [22mderives context labels per entity type[32m 2[2mms[22m[39m
 [32mΓ£ô[39m src/utils/__tests__/photoStamp.test.ts[2m > [22mphotoStamp ΓÇö stamp lines[2m > [22mbuilds the full 3-line stamp set[32m 4[2mms[22m[39m
 [32mΓ£ô[39m src/hooks/__tests__/useDispatchTranscript.test.ts[2m > [22museDispatchTranscript[2m > [22mpushed entries appear in the subscriber hook[32m 70[2mms[22m[39m
 [32mΓ£ô[39m src/hooks/__tests__/useDispatchTranscript.test.ts[2m > [22museDispatchTranscript[2m > [22mcaps at 100 entries (oldest dropped)[32m 10[2mms[22m[39m
 [32mΓ£ô[39m src/hooks/__tests__/useDispatchTranscript.test.ts[2m > [22museDispatchTranscript[2m > [22massigns a unique id and timestamp to each entry[32m 9[2mms[22m[39m
 [32mΓ£ô[39m src/hooks/__tests__/useDispatchTranscript.test.ts[2m > [22museDispatchTranscript[2m > [22mclearTranscript empties the buffer and notifies subscribers[32m 7[2mms[22m[39m
 [32mΓ£ô[39m src/pages/mobile/hooks/__tests__/useGeolocation.test.ts[2m > [22museGeolocation[2m > [22mstarts in idle state[32m 82[2mms[22m[39m
 [32mΓ£ô[39m src/pages/mobile/hooks/__tests__/useGeolocation.test.ts[2m > [22museGeolocation[2m > [22mreports position when watch fires[32m 22[2mms[22m[39m
 [32mΓ£ô[39m src/pages/mobile/hooks/__tests__/useGeolocation.test.ts[2m > [22museGeolocation[2m > [22mreports denied error[32m 21[2mms[22m[39m
 [32mΓ£ô[39m src/utils/__tests__/nibrsHeaderRender.test.ts[2m > [22mdrawNibrsHeader (redesigned classic gov/police header)[2m > [22membeds the Arial-compatible font and returns a sane content Y in light mode[32m 85[2mms[22m[39m
 [32mΓ£ô[39m src/utils/__tests__/nibrsHeaderRender.test.ts[2m > [22mdrawNibrsHeader (redesigned classic gov/police header)[2m > [22mstill renders in dark mode without throwing[32m 18[2mms[22m[39m
 [32mΓ£ô[39m src/hooks/__tests__/apiUploadFiles.test.ts[2m > [22mapiUploadFiles auto-retry[2m > [22mretries a transient network failure, then succeeds[32m 46[2mms[22m[39m
 [32mΓ£ô[39m src/hooks/__tests__/apiUploadFiles.test.ts[2m > [22mapiUploadFiles auto-retry[2m > [22mdoes NOT retry a deterministic 4xx (e.g. file too large)[32m 10[2mms[22m[39m
 [32mΓ£ô[39m src/hooks/__tests__/apiUploadFiles.test.ts[2m > [22mapiUploadFiles auto-retry[2m > [22mretries 5xx server blips[32m 19[2mms[22m[39m
 [32mΓ£ô[39m src/hooks/__tests__/apiUploadFiles.test.ts[2m > [22mapiUploadFiles auto-retry[2m > [22mgives up after exhausting retries and throws the last error[32m 25[2mms[22m[39m
 [32mΓ£ô[39m src/hooks/__tests__/apiUploadFiles.test.ts[2m > [22mapiUploadFiles auto-retry[2m > [22mdefaults to a single attempt (backward compatible) when no retries requested[32m 3[2mms[22m[39m
 [32mΓ£ô[39m src/utils/buttonHealthAudit.test.ts[2m > [22mauditButtonHealth[2m > [22mreturns a well-formed report on an empty document[32m 51[2mms[22m[39m
 [32mΓ£ô[39m src/utils/buttonHealthAudit.test.ts[2m > [22mauditButtonHealth[2m > [22mnever throws even with disabled / aria-hidden controls present[32m 44[2mms[22m[39m
 [32mΓ£ô[39m src/utils/pdf/v2/engine/__tests__/context.test.ts[2m > [22msection header (Spillman style)[2m > [22mrenders title in UPPERCASE[32m 42[2mms[22m[39m
 [32mΓ£ô[39m src/utils/pdf/v2/engine/__tests__/context.test.ts[2m > [22msection header (Spillman style)[2m > [22madvances the layout cursor[32m 4[2mms[22m[39m
 [32mΓ£ô[39m src/utils/pdf/v2/engine/__tests__/context.test.ts[2m > [22msection header (Spillman style)[2m > [22mpreserves an already-uppercase title[32m 6[2mms[22m[39m
 [32mΓ£ô[39m src/hooks/__tests__/usePersistedPreviewMode.test.ts[2m > [22musePersistedPreviewMode[2m > [22mdefaults to "modal"[32m 62[2mms[22m[39m
 [32mΓ£ô[39m src/hooks/__tests__/usePersistedPreviewMode.test.ts[2m > [22musePersistedPreviewMode[2m > [22mpersists mode to localStorage and rehydrates[32m 17[2mms[22m[39m
 [32mΓ£ô[39m src/utils/pdf/v2/engine/__tests__/header.test.ts[2m > [22mSpillman header[2m > [22mreturns a content-start Y position below the header block[32m 30[2mms[22m[39m
 [32mΓ£ô[39m src/utils/pdf/v2/engine/__tests__/header.test.ts[2m > [22mSpillman header[2m > [22mrenders agency name + form title + form number[32m 23[2mms[22m[39m
 [32mΓ£ô[39m src/utils/pdf/v2/engine/__tests__/header.test.ts[2m > [22mSpillman header[2m > [22muppercases the title even when given in mixed case[32m 6[2mms[22m[39m
 [32mΓ£ô[39m src/utils/pdf/v2/engine/__tests__/header.test.ts[2m > [22mSpillman header[2m > [22mincludes case number when provided in context[32m 9[2mms[22m[39m
 [32mΓ£ô[39m src/utils/pdf/v2/engine/__tests__/header.test.ts[2m > [22mSpillman header[2m > [22mincludes page-of-pages when provided[32m 18[2mms[22m[39m
 [32mΓ£ô[39m src/utils/pdf/v2/engine/__tests__/fixedLayout.test.ts[2m > [22mrenderFixedLayoutSection[2m > [22madvances layout cursor by exactly section.height[32m 37[2mms[22m[39m
 [32mΓ£ô[39m src/utils/pdf/v2/engine/__tests__/fixedLayout.test.ts[2m > [22mrenderFixedLayoutSection[2m > [22mskips fields where visibleIf returns false[32m 8[2mms[22m[39m
 [32mΓ£ô[39m src/utils/pdf/v2/engine/__tests__/fixedLayout.test.ts[2m > [22mrenderFixedLayoutSection[2m > [22mpage-breaks BEFORE rendering when section is taller than remaining page[32m 26[2mms[22m[39m
 [32mΓ£ô[39m src/utils/pdf/v2/engine/__tests__/fixedLayout.test.ts[2m > [22mrenderFixedLayoutSection[2m > [22msupports all 9 field styles without throwing[32m 13[2mms[22m[39m
 [32mΓ£ô[39m src/utils/__tests__/aamvaParser.test.ts[2m > [22mlooksLikeAamva[2m > [22maccepts AAMVA payloads and rejects junk[32m 8[2mms[22m[39m
 [32mΓ£ô[39m src/utils/__tests__/aamvaParser.test.ts[2m > [22mparseAamva ΓÇö full field extraction[2m > [22mreads header (IIN, version, jurisdiction)[32m 1[2mms[22m[39m
 [32mΓ£ô[39m src/utils/__tests__/aamvaParser.test.ts[2m > [22mparseAamva ΓÇö full field extraction[2m > [22mreads identity fields[32m 1[2mms[22m[39m
 [32mΓ£ô[39m src/utils/__tests__/aamvaParser.test.ts[2m > [22mparseAamva ΓÇö full field extraction[2m > [22mreads physical descriptors with unit conversion[32m 1[2mms[22m[39m
 [32mΓ£ô[39m src/utils/__tests__/aamvaParser.test.ts[2m > [22mparseAamva ΓÇö full field extraction[2m > [22mreads address with zero plus-four ZIP cleanup[32m 1[2mms[22m[39m
 [32mΓ£ô[39m src/utils/__tests__/aamvaParser.test.ts[2m > [22mparseAamva ΓÇö full field extraction[2m > [22mreads license fields and strips NONE filler[32m 1[2mms[22m[39m
 [32mΓ£ô[39m src/utils/__tests__/aamvaParser.test.ts[2m > [22mparseAamva ΓÇö full field extraction[2m > [22mreads compliance flags[32m 1[2mms[22m[39m
 [32mΓ£ô[39m src/utils/__tests__/aamvaParser.test.ts[2m > [22mparseAamva ΓÇö full field extraction[2m > [22mpreserves every raw element including jurisdiction subfile[32m 1[2mms[22m[39m
 [32mΓ£ô[39m src/utils/__tests__/aamvaParser.test.ts[2m > [22mparseAamva ΓÇö version/format variants[2m > [22mparses CCYYMMDD dates for Canada[32m 2[2mms[22m[39m
 [32mΓ£ô[39m src/utils/__tests__/aamvaParser.test.ts[2m > [22mparseAamva ΓÇö version/format variants[2m > [22mrecovers CCYYMMDD encoded as if US when month is impossible[32m 1[2mms[22m[39m
 [32mΓ£ô[39m src/utils/__tests__/aamvaParser.test.ts[2m > [22mparseAamva ΓÇö version/format variants[2m > [22mparses v1 payloads (AAMVA prefix, DAA combined name, FII height)[32m 2[2mms[22m[39m
 [32mΓ£ô[39m src/utils/__tests__/aamvaParser.test.ts[2m > [22mparseAamva ΓÇö version/format variants[2m > [22mconverts metric height and weight[32m 3[2mms[22m[39m
 [32mΓ£ô[39m src/utils/__tests__/aamvaParser.test.ts[2m > [22mparseAamva ΓÇö version/format variants[2m > [22mthrows on non-AAMVA text[32m 4[2mms[22m[39m
 [32mΓ£ô[39m src/utils/__tests__/aamvaParser.test.ts[2m > [22massessAamva ΓÇö derived scan alerts[2m > [22mno alerts for a valid adult license[32m 4[2mms[22m[39m
 [32mΓ£ô[39m src/utils/__tests__/aamvaParser.test.ts[2m > [22massessAamva ΓÇö derived scan alerts[2m > [22mflags an expired license as danger[32m 2[2mms[22m[39m
 [32mΓ£ô[39m src/utils/__tests__/aamvaParser.test.ts[2m > [22massessAamva ΓÇö derived scan alerts[2m > [22mwarns when expiring within 30 days[32m 1[2mms[22m[39m
 [32mΓ£ô[39m src/utils/__tests__/aamvaParser.test.ts[2m > [22massessAamva ΓÇö derived scan alerts[2m > [22mflags minors (danger) and under-21 (warning) with correct ages[32m 2[2mms[22m[39m
 [32mΓ£ô[39m src/utils/__tests__/aamvaParser.test.ts[2m > [22massessAamva ΓÇö derived scan alerts[2m > [22mrespects birthday-not-yet-reached when computing age[32m 1[2mms[22m[39m
 [32mΓ£ô[39m src/utils/__tests__/aamvaParser.test.ts[2m > [22massessAamva ΓÇö derived scan alerts[2m > [22mflags ID-only cards and temporary documents[32m 3[2mms[22m[39m
 [32mΓ£ô[39m src/utils/__tests__/aamvaParser.test.ts[2m > [22mdescribeAamva ΓÇö English readout[2m > [22mtranslates every element with code dictionaries[32m 4[2mms[22m[39m
 [32mΓ£ô[39m src/utils/__tests__/aamvaParser.test.ts[2m > [22mformatLawEnforcement ΓÇö NCIC/NLETS fielded output[2m > [22mformats per NCIC conventions (NAM, CCYYMMDD dates, HGT digits, raw codes)[32m 6[2mms[22m[39m
 [32mΓ£ô[39m src/utils/__tests__/aamvaParser.test.ts[2m > [22mformatLawEnforcement ΓÇö NCIC/NLETS fielded output[2m > [22mmaps non-binary sex to U and omits absent fields[32m 1[2mms[22m[39m
 [32mΓ£ô[39m src/utils/__tests__/aamvaParser.test.ts[2m > [22mplain-English helpers for stored records[2m > [22mtranslates restriction codes to English (code preserved)[32m 2[2mms[22m[39m
 [32mΓ£ô[39m src/utils/__tests__/aamvaParser.test.ts[2m > [22mplain-English helpers for stored records[2m > [22mtranslates endorsement and class codes to English[32m 1[2mms[22m[39m
 [32mΓ£ô[39m src/utils/__tests__/aamvaParser.test.ts[2m > [22mplain-English helpers for stored records[2m > [22mreturns empty string for blank / filler values (not "None")[32m 1[2mms[22m[39m
 [32mΓ£ô[39m src/utils/__tests__/aamvaParser.test.ts[2m > [22mplain-English helpers for stored records[2m > [22mpasses already-translated values through unchanged (phone-relay round-trip)[32m 1[2mms[22m[39m
 [32mΓ£ô[39m src/utils/__tests__/aamvaParser.test.ts[2m > [22mplain-English helpers for stored records[2m > [22mleaves unknown codes intact rather than dropping them[32m 1[2mms[22m[39m
 [32mΓ£ô[39m src/pages/map/components/__tests__/BuildingsLayer.test.tsx[2m > [22mexposes enabled state, defaulting to stored pref (false)[32m 67[2mms[22m[39m
 [32mΓ£ô[39m src/pages/map/components/__tests__/BuildingsLayer.test.tsx[2m > [22mtoggle switches enabled to true[32m 14[2mms[22m[39m
 [32mΓ£ô[39m src/utils/__tests__/schedulerView.test.ts[2m > [22mdayRangeFromAnchor[2m > [22mreturns 7 sequential YYYY-MM-DD strings starting at the anchor[32m 11[2mms[22m[39m
 [32mΓ£ô[39m src/utils/__tests__/schedulerView.test.ts[2m > [22mdayRangeFromAnchor[2m > [22mhandles month rollover[32m 1[2mms[22m[39m
 [32mΓ£ô[39m src/utils/__tests__/schedulerView.test.ts[2m > [22mgroupByDay[2m > [22mgroups slots by scheduled_date and keeps order within a day[32m 54[2mms[22m[39m
 [32mΓ£ô[39m src/utils/__tests__/schedulerView.test.ts[2m > [22mgroupByDay[2m > [22mreturns an empty Map for an empty input[32m 2[2mms[22m[39m
 [32mΓ£ô[39m src/utils/__tests__/schedulerView.test.ts[2m > [22mformatDayHeader[2m > [22mreturns short weekday + day-of-month from a YYYY-MM-DD string[32m 1[2mms[22m[39m
 [32mΓ£ô[39m src/utils/__tests__/schedulerView.test.ts[2m > [22mformatDayHeader[2m > [22mhandles single-digit days[32m 1[2mms[22m[39m
 [32mΓ£ô[39m src/utils/__tests__/schedulerView.test.ts[2m > [22mcomputeChipBand[2m > [22mmaps an evening 17:00ΓÇô20:30 window to row 6, span 3[32m 2[2mms[22m[39m
 [32mΓ£ô[39m src/utils/__tests__/schedulerView.test.ts[2m > [22mcomputeChipBand[2m > [22mclamps a pre-dawn window 04:00ΓÇô05:00 to row 1[32m 4[2mms[22m[39m
 [32mΓ£ô[39m src/utils/__tests__/schedulerView.test.ts[2m > [22mcomputeChipBand[2m > [22mclamps a midnight-spanning window to the last visible band[32m 4[2mms[22m[39m
 [32mΓ£ô[39m src/hooks/__tests__/useStandalone.test.ts[2m > [22museStandalone[2m > [22mdetects standalone iOS phone viewport[32m 65[2mms[22m[39m
 [32mΓ£ô[39m src/hooks/__tests__/useStandalone.test.ts[2m > [22museStandalone[2m > [22mreturns false flags on desktop chrome[32m 9[2mms[22m[39m
 [32mΓ£ô[39m src/utils/__tests__/dlFunctions.test.ts[2m > [22mdlFunctions ΓÇö jurisdiction & IIN[2m > [22mmaps IIN Γåö state[32m 9[2mms[22m[39m
 [32mΓ£ô[39m src/utils/__tests__/dlFunctions.test.ts[2m > [22mdlFunctions ΓÇö jurisdiction & IIN[2m > [22mclassifies jurisdictions[32m 3[2mms[22m[39m
 [32mΓ£ô[39m src/utils/__tests__/dlFunctions.test.ts[2m > [22mdlFunctions ΓÇö jurisdiction & IIN[2m > [22mnormalizes free-form input[32m 2[2mms[22m[39m
 [32mΓ£ô[39m src/utils/__tests__/dlFunctions.test.ts[2m > [22mdlFunctions ΓÇö jurisdiction & IIN[2m > [22minfers country + validates IIN[32m 5[2mms[22m[39m
 [32mΓ£ô[39m src/utils/__tests__/dlFunctions.test.ts[2m > [22mdlFunctions ΓÇö DL number format[2m > [22mvalidates per-jurisdiction[32m 2[2mms[22m[39m
 [32mΓ£ô[39m src/utils/__tests__/dlFunctions.test.ts[2m > [22mdlFunctions ΓÇö DL number format[2m > [22mnormalizes + masks + matches[32m 3[2mms[22m[39m
 [32mΓ£ô[39m src/utils/__tests__/dlFunctions.test.ts[2m > [22mdlFunctions ΓÇö DL number format[2m > [22msuggests candidate jurisdictions[32m 7[2mms[22m[39m
 [32mΓ£ô[39m src/utils/__tests__/dlFunctions.test.ts[2m > [22mdlFunctions ΓÇö dates[2m > [22mparses + validates ISO[32m 3[2mms[22m[39m
 [32mΓ£ô[39m src/utils/__tests__/dlFunctions.test.ts[2m > [22mdlFunctions ΓÇö dates[2m > [22mcomputes expiry status[32m 3[2mms[22m[39m
 [32mΓ£ô[39m src/utils/__tests__/dlFunctions.test.ts[2m > [22mdlFunctions ΓÇö dates[2m > [22mformats + converts AAMVA dates[32m 3[2mms[22m[39m
 [32mΓ£ô[39m src/utils/__tests__/dlFunctions.test.ts[2m > [22mdlFunctions ΓÇö age & eligibility[2m > [22mcomputes age with birthday correctness[32m 3[2mms[22m[39m
 [32mΓ£ô[39m src/utils/__tests__/dlFunctions.test.ts[2m > [22mdlFunctions ΓÇö age & eligibility[2m > [22meligibility predicates[32m 2[2mms[22m[39m
 [32mΓ£ô[39m src/utils/__tests__/dlFunctions.test.ts[2m > [22mdlFunctions ΓÇö age & eligibility[2m > [22mbirthday math + flags[32m 3[2mms[22m[39m
 [32mΓ£ô[39m src/utils/__tests__/dlFunctions.test.ts[2m > [22mdlFunctions ΓÇö physical descriptors[2m > [22mheight conversions[32m 10[2mms[22m[39m
 [32mΓ£ô[39m src/utils/__tests__/dlFunctions.test.ts[2m > [22mdlFunctions ΓÇö physical descriptors[2m > [22mweight + colors + categories[32m 2[2mms[22m[39m
 [32mΓ£ô[39m src/utils/__tests__/dlFunctions.test.ts[2m > [22mdlFunctions ΓÇö codes[2m > [22mexpands + parses code sets[32m 5[2mms[22m[39m
 [32mΓ£ô[39m src/utils/__tests__/dlFunctions.test.ts[2m > [22mdlFunctions ΓÇö compliance + quality + bridge[2m > [22mcompliance labels[32m 6[2mms[22m[39m
 [32mΓ£ô[39m src/utils/__tests__/dlFunctions.test.ts[2m > [22mdlFunctions ΓÇö compliance + quality + bridge[2m > [22mquality + missing fields[32m 4[2mms[22m[39m
 [32mΓ£ô[39m src/utils/__tests__/dlFunctions.test.ts[2m > [22mdlFunctions ΓÇö compliance + quality + bridge[2m > [22mevaluateDl single-call bridge returns full derived set[32m 3[2mms[22m[39m
 [32mΓ£ô[39m src/utils/__tests__/dlFunctions.test.ts[2m > [22mdlFunctions ΓÇö compliance + quality + bridge[2m > [22msubjectSummaryLine handles partial data[32m 1[2mms[22m[39m
 [32mΓ£ô[39m src/utils/__tests__/patrolScan.test.ts[2m > [22mnormalizePlate[2m > [22muppercases and strips non-alphanumerics[32m 10[2mms[22m[39m
 [32mΓ£ô[39m src/utils/__tests__/patrolScan.test.ts[2m > [22mnormalizePlate[2m > [22mhandles null/undefined/empty[32m 1[2mms[22m[39m
 [32mΓ£ô[39m src/utils/__tests__/patrolScan.test.ts[2m > [22mshouldLogPlate[2m > [22mlogs a never-seen plate and records it[32m 1[2mms[22m[39m
 [32mΓ£ô[39m src/utils/__tests__/patrolScan.test.ts[2m > [22mshouldLogPlate[2m > [22msuppresses the same plate inside the dedup window[32m 1[2mms[22m[39m
 [32mΓ£ô[39m src/utils/__tests__/patrolScan.test.ts[2m > [22mshouldLogPlate[2m > [22mre-logs the same plate once the window has elapsed[32m 1[2mms[22m[39m
 [32mΓ£ô[39m src/utils/__tests__/patrolScan.test.ts[2m > [22mshouldLogPlate[2m > [22mtreats normalized variants as the same plate[32m 1[2mms[22m[39m
 [32mΓ£ô[39m src/utils/__tests__/patrolScan.test.ts[2m > [22mshouldLogPlate[2m > [22mnever logs empty / unreadable plates[32m 1[2mms[22m[39m
 [32mΓ£ô[39m src/utils/__tests__/patrolScan.test.ts[2m > [22mshouldLogPlate[2m > [22mhonors a custom window[32m 1[2mms[22m[39m
 [32mΓ£ô[39m src/utils/__tests__/patrolScan.test.ts[2m > [22mpatrolAlertText[2m > [22mreturns null when there are no critical hits[32m 2[2mms[22m[39m
 [32mΓ£ô[39m src/utils/__tests__/patrolScan.test.ts[2m > [22mpatrolAlertText[2m > [22mbuilds threat-led text with the plate for a critical hit[32m 4[2mms[22m[39m
 [32mΓ£ô[39m src/utils/__tests__/patrolScan.test.ts[2m > [22mpatrolAlertText[2m > [22mjoins multiple critical details[32m 2[2mms[22m[39m
 [32mΓ£ô[39m src/utils/__tests__/patrolScan.test.ts[2m > [22mpatrolAlertText[2m > [22mfalls back to a generic lead when detail is blank[32m 1[2mms[22m[39m
 [32mΓ£ô[39m src/utils/__tests__/patrolScan.test.ts[2m > [22mpatrolAlertText[2m > [22momits the plate clause when plate is unreadable[32m 1[2mms[22m[39m
 [32mΓ£ô[39m src/utils/__tests__/pdfIntegrity.test.ts[2m > [22mcanonicalJsonStringify[2m > [22msorts top-level keys alphabetically[32m 8[2mms[22m[39m
 [32mΓ£ô[39m src/utils/__tests__/pdfIntegrity.test.ts[2m > [22mcanonicalJsonStringify[2m > [22mdrops null and undefined fields[32m 1[2mms[22m[39m
 [32mΓ£ô[39m src/utils/__tests__/pdfIntegrity.test.ts[2m > [22mcanonicalJsonStringify[2m > [22mdrops the _officerSignature blob and other underscore fields in the blacklist[32m 1[2mms[22m[39m
 [32mΓ£ô[39m src/utils/__tests__/pdfIntegrity.test.ts[2m > [22mcanonicalJsonStringify[2m > [22mrecursively sorts nested objects[32m 1[2mms[22m[39m
 [32mΓ£ô[39m src/utils/__tests__/pdfIntegrity.test.ts[2m > [22mcanonicalJsonStringify[2m > [22mpreserves array order (semantic order matters)[32m 2[2mms[22m[39m
 [32mΓ£ô[39m src/utils/__tests__/pdfIntegrity.test.ts[2m > [22mcanonicalJsonStringify[2m > [22mproduces identical output for two equal records[32m 1[2mms[22m[39m
 [32mΓ£ô[39m src/utils/__tests__/pdfIntegrity.test.ts[2m > [22mcomputePayloadHash[2m > [22mreturns 64-char lowercase hex SHA-256[32m 6[2mms[22m[39m
 [32mΓ£ô[39m src/utils/__tests__/pdfIntegrity.test.ts[2m > [22mcomputePayloadHash[2m > [22mis deterministic for the same input[32m 2[2mms[22m[39m
 [32mΓ£ô[39m src/utils/__tests__/pdfIntegrity.test.ts[2m > [22mcomputePayloadHash[2m > [22mchanges when payload changes[32m 4[2mms[22m[39m
 [32mΓ£ô[39m src/utils/__tests__/pdfIntegrity.test.ts[2m > [22mcomputePayloadHash[2m > [22mdoes NOT change when only blacklisted fields change[32m 3[2mms[22m[39m
 [32mΓ£ô[39m src/utils/__tests__/pdfIntegrity.test.ts[2m > [22mformatHashGrouped[2m > [22mgroups 64-char hash into 4-char ├ù 4-col ├ù 4-row layout[32m 4[2mms[22m[39m
 [32mΓ£ô[39m src/utils/__tests__/pdfIntegrity.test.ts[2m > [22mformatHashGrouped[2m > [22mreturns empty array for empty input[32m 1[2mms[22m[39m
 [32mΓ£ô[39m src/utils/__tests__/pdfIntegrity.test.ts[2m > [22mformatSignatureGrouped[2m > [22mgroups 88-char base64 into 4-char ├ù 12-col ├ù ~2-row layout[32m 1[2mms[22m[39m
 [32mΓ£ô[39m src/utils/__tests__/pdfIntegrity.test.ts[2m > [22mactive state setters[2m > [22mpayload hash round-trips and lowercases[32m 1[2mms[22m[39m
 [32mΓ£ô[39m src/utils/__tests__/pdfIntegrity.test.ts[2m > [22mactive state setters[2m > [22msignature round-trips[32m 1[2mms[22m[39m
 [32mΓ£ô[39m src/utils/__tests__/pdfIntegrity.test.ts[2m > [22mfetchPdfSignature[2m > [22mreturns null and does not throw when server returns 503[32m 13[2mms[22m[39m
 [32mΓ£ô[39m src/utils/__tests__/pdfIntegrity.test.ts[2m > [22mfetchPdfSignature[2m > [22mreturns null on network error (graceful)[32m 2[2mms[22m[39m
 [32mΓ£ô[39m src/utils/__tests__/pdfIntegrity.test.ts[2m > [22mfetchPdfSignature[2m > [22mparses a 200 response into a PdfSignatureBundle[32m 7[2mms[22m[39m
 [32mΓ£ô[39m src/utils/__tests__/pdfIntegrity.test.ts[2m > [22mfetchPdfSignature[2m > [22mreturns null when 200 response is missing signature field[32m 2[2mms[22m[39m
 [32mΓ£ô[39m src/utils/caseSavedViews.test.ts[2m > [22mcaseSavedViews[2m > [22mupsert adds a new view, sorted by name[32m 57[2mms[22m[39m
 [32mΓ£ô[39m src/utils/caseSavedViews.test.ts[2m > [22mcaseSavedViews[2m > [22mupsert replaces an existing view by case-insensitive name[32m 4[2mms[22m[39m
 [32mΓ£ô[39m src/utils/caseSavedViews.test.ts[2m > [22mcaseSavedViews[2m > [22mupsert trims the stored name[32m 1[2mms[22m[39m
 [32mΓ£ô[39m src/utils/caseSavedViews.test.ts[2m > [22mcaseSavedViews[2m > [22mremoveView deletes case-insensitively and leaves the rest[32m 2[2mms[22m[39m
 [32mΓ£ô[39m src/utils/caseSavedViews.test.ts[2m > [22mcaseSavedViews[2m > [22mremoveView is a no-op for an unknown name[32m 1[2mms[22m[39m
 [32mΓ£ô[39m src/utils/pdf/v2/engine/__tests__/footer.test.ts[2m > [22mSpillman footer[2m > [22mrenders classification + revision + page numbers + form number[32m 62[2mms[22m[39m
 [32mΓ£ô[39m src/utils/pdf/v2/engine/__tests__/footer.test.ts[2m > [22mSpillman footer[2m > [22momits form number when not provided[32m 7[2mms[22m[39m
 [32mΓ£ô[39m src/utils/pdf/v2/engine/__tests__/footer.test.ts[2m > [22mSpillman footer[2m > [22mhandles totalPages = 1 cleanly[32m 8[2mms[22m[39m
 [32mΓ£ô[39m src/utils/__tests__/vehicleFunctions.test.ts[2m > [22mvehicleFunctions ΓÇö VIN[2m > [22mvalidates real VINs via ISO check digit[32m 10[2mms[22m[39m
 [32mΓ£ô[39m src/utils/__tests__/vehicleFunctions.test.ts[2m > [22mvehicleFunctions ΓÇö VIN[2m > [22mreports the validation error[32m 2[2mms[22m[39m
 [32mΓ£ô[39m src/utils/__tests__/vehicleFunctions.test.ts[2m > [22mvehicleFunctions ΓÇö VIN[2m > [22mdecodes WMI / year / country[32m 3[2mms[22m[39m
 [32mΓ£ô[39m src/utils/__tests__/vehicleFunctions.test.ts[2m > [22mvehicleFunctions ΓÇö VIN[2m > [22mnormalizes / masks / matches[32m 2[2mms[22m[39m
 [32mΓ£ô[39m src/utils/__tests__/vehicleFunctions.test.ts[2m > [22mvehicleFunctions ΓÇö plates[2m > [22mvalidates per state[32m 6[2mms[22m[39m
 [32mΓ£ô[39m src/utils/__tests__/vehicleFunctions.test.ts[2m > [22mvehicleFunctions ΓÇö plates[2m > [22mnormalizes / masks / matches[32m 6[2mms[22m[39m
 [32mΓ£ô[39m src/utils/__tests__/vehicleFunctions.test.ts[2m > [22mvehicleFunctions ΓÇö plates[2m > [22msplits combined state-plate[32m 3[2mms[22m[39m
 [32mΓ£ô[39m src/utils/__tests__/vehicleFunctions.test.ts[2m > [22mvehicleFunctions ΓÇö NCIC codes[2m > [22mexpands color / make / body[32m 4[2mms[22m[39m
 [32mΓ£ô[39m src/utils/__tests__/vehicleFunctions.test.ts[2m > [22mvehicleFunctions ΓÇö classification & registration[2m > [22mage + classic + category[32m 3[2mms[22m[39m
 [32mΓ£ô[39m src/utils/__tests__/vehicleFunctions.test.ts[2m > [22mvehicleFunctions ΓÇö classification & registration[2m > [22mregistration status[32m 3[2mms[22m[39m
 [32mΓ£ô[39m src/utils/__tests__/vehicleFunctions.test.ts[2m > [22mvehicleFunctions ΓÇö classification & registration[2m > [22mdescriptor[32m 1[2mms[22m[39m
 [32mΓ£ô[39m src/utils/__tests__/vehicleFunctions.test.ts[2m > [22mvehicleFunctions ΓÇö fleet units[2m > [22mnormalizes / formats / matches unit ids[32m 4[2mms[22m[39m
 [32mΓ£ô[39m src/utils/__tests__/vehicleFunctions.test.ts[2m > [22mvehicleFunctions ΓÇö fleet units[2m > [22mstolen-match + key[32m 1[2mms[22m[39m
 [32mΓ£ô[39m src/utils/__tests__/vehicleFunctions.test.ts[2m > [22mvehicleFunctions ΓÇö evaluateVehicle bridge[2m > [22mderives the full set in one call[32m 4[2mms[22m[39m
 [32mΓ£ô[39m src/utils/__tests__/vehicleFunctions.test.ts[2m > [22mvehicleFunctions ΓÇö ALPR / BOLO matching[2m > [22medit distance + similarity + fuzzy match[32m 6[2mms[22m[39m
 [32mΓ£ô[39m src/utils/__tests__/vehicleFunctions.test.ts[2m > [22mvehicleFunctions ΓÇö ALPR / BOLO matching[2m > [22mglyph confusion[32m 2[2mms[22m[39m
 [32mΓ£ô[39m src/utils/__tests__/vehicleFunctions.test.ts[2m > [22mvehicleFunctions ΓÇö ALPR / BOLO matching[2m > [22mwildcard + partial matching[32m 4[2mms[22m[39m
 [32mΓ£ô[39m src/utils/__tests__/vehicleFunctions.test.ts[2m > [22mvehicleFunctions ΓÇö ALPR / BOLO matching[2m > [22mcandidate ranking + best match[32m 3[2mms[22m[39m
 [32mΓ£ô[39m src/utils/__tests__/vehicleFunctions.test.ts[2m > [22mvehicleFunctions ΓÇö ALPR / BOLO matching[2m > [22mOCR cleanup + read quality[32m 3[2mms[22m[39m
 [32mΓ£ô[39m src/utils/__tests__/vehicleFunctions.test.ts[2m > [22mvehicleFunctions ΓÇö ALPR / BOLO matching[2m > [22mBOLO + hotlist matching[32m 4[2mms[22m[39m
 [32mΓ£ô[39m src/utils/pdf/v2/engine/__tests__/layout.test.ts[2m > [22mLayoutEngine[2m > [22mstarts at top margin[32m 20[2mms[22m[39m
 [32mΓ£ô[39m src/utils/pdf/v2/engine/__tests__/layout.test.ts[2m > [22mLayoutEngine[2m > [22madvances cursor on advance()[32m 3[2mms[22m[39m
 [32mΓ£ô[39m src/utils/pdf/v2/engine/__tests__/layout.test.ts[2m > [22mLayoutEngine[2m > [22madds a new page when requested height would overflow[32m 4[2mms[22m[39m
 [32mΓ£ô[39m src/utils/pdf/v2/engine/__tests__/layout.test.ts[2m > [22mLayoutEngine[2m > [22mreports usable content box[32m 8[2mms[22m[39m
 [32mΓ£ô[39m src/components/spillman/__tests__/gridSort.test.ts[2m > [22msortGridRows[2m > [22msorts numbers ascending by default[32m 14[2mms[22m[39m
 [32mΓ£ô[39m src/components/spillman/__tests__/gridSort.test.ts[2m > [22msortGridRows[2m > [22msorts numbers descending[32m 1[2mms[22m[39m
 [32mΓ£ô[39m src/components/spillman/__tests__/gridSort.test.ts[2m > [22msortGridRows[2m > [22msorts strings naturally[32m 58[2mms[22m[39m
 [32mΓ£ô[39m src/components/spillman/__tests__/gridSort.test.ts[2m > [22msortGridRows[2m > [22mkeeps equal-key rows in original order (stable)[32m 1[2mms[22m[39m
 [32mΓ£ô[39m src/components/spillman/__tests__/gridSort.test.ts[2m > [22msortGridRows[2m > [22mputs null/undefined keys last and does not mutate input[32m 2[2mms[22m[39m
 [32mΓ£ô[39m src/utils/__tests__/documentIntakeSaveHandlers.test.ts[2m > [22msplitPersonName[2m > [22msplits "LAST, FIRST" form[32m 10[2mms[22m[39m
 [32mΓ£ô[39m src/utils/__tests__/documentIntakeSaveHandlers.test.ts[2m > [22msplitPersonName[2m > [22msplits "FIRST LAST" form[32m 3[2mms[22m[39m
 [32mΓ£ô[39m src/utils/__tests__/documentIntakeSaveHandlers.test.ts[2m > [22msplitPersonName[2m > [22mhandles three-part names with comma form[32m 2[2mms[22m[39m
 [32mΓ£ô[39m src/utils/__tests__/documentIntakeSaveHandlers.test.ts[2m > [22msplitPersonName[2m > [22mhandles single-token names[32m 1[2mms[22m[39m
 [32mΓ£ô[39m src/utils/__tests__/documentIntakeSaveHandlers.test.ts[2m > [22msplitPersonName[2m > [22mreturns blanks for empty input[32m 2[2mms[22m[39m
 [32mΓ£ô[39m src/utils/__tests__/documentIntakeSaveHandlers.test.ts[2m > [22msplitPersonName[2m > [22mcollapses whitespace[32m 1[2mms[22m[39m
 [32mΓ£ô[39m src/utils/__tests__/documentIntakeSaveHandlers.test.ts[2m > [22mparseMoney[2m > [22mparses dollar-sign + commas[32m 1[2mms[22m[39m
 [32mΓ£ô[39m src/utils/__tests__/documentIntakeSaveHandlers.test.ts[2m > [22mparseMoney[2m > [22mparses bare numbers[32m 1[2mms[22m[39m
 [32mΓ£ô[39m src/utils/__tests__/documentIntakeSaveHandlers.test.ts[2m > [22mparseMoney[2m > [22mreturns null on garbage[32m 1[2mms[22m[39m
 [32mΓ£ô[39m src/utils/__tests__/documentIntakeSaveHandlers.test.ts[2m > [22mparseMoney[2m > [22mreturns null on empty[32m 1[2mms[22m[39m
 [32mΓ£ô[39m src/utils/__tests__/documentIntakeSaveHandlers.test.ts[2m > [22mnormalizeDate[2m > [22mconverts MM/DD/YYYY to ISO[32m 1[2mms[22m[39m
 [32mΓ£ô[39m src/utils/__tests__/documentIntakeSaveHandlers.test.ts[2m > [22mnormalizeDate[2m > [22mexpands 2-digit years[32m 1[2mms[22m[39m
 [32mΓ£ô[39m src/utils/__tests__/documentIntakeSaveHandlers.test.ts[2m > [22mnormalizeDate[2m > [22mpasses through unrecognized formats[32m 1[2mms[22m[39m
 [32mΓ£ô[39m src/utils/__tests__/documentIntakeSaveHandlers.test.ts[2m > [22mbuildWarrantPayload[2m > [22mclassifies bench warrant type[32m 5[2mms[22m[39m
 [32mΓ£ô[39m src/utils/__tests__/documentIntakeSaveHandlers.test.ts[2m > [22mbuildWarrantPayload[2m > [22mclassifies FTA warrant type[32m 1[2mms[22m[39m
 [32mΓ£ô[39m src/utils/__tests__/documentIntakeSaveHandlers.test.ts[2m > [22mbuildWarrantPayload[2m > [22mclassifies search warrant type[32m 1[2mms[22m[39m
 [32mΓ£ô[39m src/utils/__tests__/documentIntakeSaveHandlers.test.ts[2m > [22mbuildWarrantPayload[2m > [22mdefaults unknown type to arrest[32m 1[2mms[22m[39m
 [32mΓ£ô[39m src/utils/__tests__/documentIntakeSaveHandlers.test.ts[2m > [22mbuildWarrantPayload[2m > [22mfalls back to "(see notes)" when charges blank[32m 1[2mms[22m[39m
 [32mΓ£ô[39m src/utils/__tests__/documentIntakeSaveHandlers.test.ts[2m > [22mbuildFiPayload[2m > [22mbuilds full FI payload with split name + ISO dates[32m 2[2mms[22m[39m
 [32mΓ£ô[39m src/utils/__tests__/documentIntakeSaveHandlers.test.ts[2m > [22mbuildFiPayload[2m > [22mdefaults date to today when not in OCR[32m 1[2mms[22m[39m
 [32mΓ£ô[39m src/utils/__tests__/documentIntakeSaveHandlers.test.ts[2m > [22mbuildFiPayload[2m > [22mdefaults reason and disposition when blank[32m 1[2mms[22m[39m
 [32mΓ£ô[39m src/utils/__tests__/documentIntakeSaveHandlers.test.ts[2m > [22mbuildWitnessStatementSupplement[2m > [22mbuilds /incidents/:id/supplements payload with composed narrative[32m 2[2mms[22m[39m
 [32mΓ£ô[39m src/utils/__tests__/documentIntakeSaveHandlers.test.ts[2m > [22mbuildWitnessStatementSupplement[2m > [22mthrows when incidentId is missing[32m 3[2mms[22m[39m
 [32mΓ£ô[39m src/utils/__tests__/documentIntakeSaveHandlers.test.ts[2m > [22mbuildWitnessStatementSupplement[2m > [22muses "Unknown Witness" subject when name is blank[32m 1[2mms[22m[39m
 [32mΓ£ô[39m src/utils/__tests__/documentIntakeSaveHandlers.test.ts[2m > [22mbuildInfoFormSupplement[2m > [22mbuilds payload with reference number in subject when present[32m 1[2mms[22m[39m
 [32mΓ£ô[39m src/utils/__tests__/documentIntakeSaveHandlers.test.ts[2m > [22mbuildInfoFormSupplement[2m > [22mfalls back to subject-name in label when no reference number[32m 1[2mms[22m[39m
 [32mΓ£ô[39m src/utils/__tests__/documentIntakeSaveHandlers.test.ts[2m > [22mbuildInfoFormSupplement[2m > [22mthrows when incidentId is missing[32m 1[2mms[22m[39m
 [32mΓ£ô[39m src/utils/__tests__/documentIntakeSaveHandlers.test.ts[2m > [22mregistry[2m > [22mhasSaveHandler returns true for all registered kinds[32m 1[2mms[22m[39m
 [32mΓ£ô[39m src/utils/__tests__/documentIntakeSaveHandlers.test.ts[2m > [22mregistry[2m > [22mhasSaveHandler returns false for unregistered kinds[32m 1[2mms[22m[39m
 [32mΓ£ô[39m src/utils/__tests__/documentIntakeSaveHandlers.test.ts[2m > [22mregistry[2m > [22mrequiresIncident is true for witness_statement / info_form / supplemental_report[32m 1[2mms[22m[39m
 [32mΓ£ô[39m src/utils/__tests__/documentIntakeSaveHandlers.test.ts[2m > [22mregistry[2m > [22mrequiresIncident is false for direct-save kinds[32m 1[2mms[22m[39m
 [32mΓ£ô[39m src/utils/__tests__/documentIntakeSaveHandlers.test.ts[2m > [22mregistry[2m > [22mrequiresIncident is false for unregistered kinds[32m 1[2mms[22m[39m
 [32mΓ£ô[39m src/utils/__tests__/documentIntakeSaveHandlers.test.ts[2m > [22mregistry[2m > [22mgetSaveBuilder returns the right builder for each kind[32m 1[2mms[22m[39m
 [32mΓ£ô[39m src/utils/imageEnhance.test.ts[2m > [22mENHANCE_PRESETS[2m > [22mhas a stable "none" preset first and unique keys[32m 7[2mms[22m[39m
 [32mΓ£ô[39m src/utils/imageEnhance.test.ts[2m > [22mENHANCE_PRESETS[2m > [22mincludes the "plate-pop" letter-popping preset and a threshold preset[32m 3[2mms[22m[39m
 [32mΓ£ô[39m src/utils/imageEnhance.test.ts[2m > [22mENHANCE_PRESETS[2m > [22mevery preset carries a CSS filter string except none[32m 2[2mms[22m[39m
 [32mΓ£ô[39m src/utils/imageEnhance.test.ts[2m > [22mcssFilterFor[2m > [22mreturns the bare preset css with no adjustments[32m 1[2mms[22m[39m
 [32mΓ£ô[39m src/utils/imageEnhance.test.ts[2m > [22mcssFilterFor[2m > [22mappends brightness/contrast multipliers when adjusted[32m 1[2mms[22m[39m
 [32mΓ£ô[39m src/utils/imageEnhance.test.ts[2m > [22mcssFilterFor[2m > [22man unadjusted none preset yields an empty (no-op) filter[32m 1[2mms[22m[39m
 [32mΓ£ô[39m src/utils/imageEnhance.test.ts[2m > [22mgammaLUT[2m > [22mis identity-ish at gamma 1 and monotonic non-decreasing[32m 20[2mms[22m[39m
 [32mΓ£ô[39m src/utils/imageEnhance.test.ts[2m > [22mgammaLUT[2m > [22mgamma > 1 lifts shadows (midpoint brighter than linear)[32m 1[2mms[22m[39m
 [32mΓ£ô[39m src/utils/imageEnhance.test.ts[2m > [22mthresholdLUT[2m > [22mproduces a binary 0/255 LUT split at the cut point[32m 3[2mms[22m[39m
 [32mΓ£ô[39m src/utils/imageEnhance.test.ts[2m > [22mapplyPipeline (pure pixel ops on an RGBA buffer)[2m > [22mgrayscale collapses each pixel to r==g==b[32m 3[2mms[22m[39m
 [32mΓ£ô[39m src/utils/imageEnhance.test.ts[2m > [22mapplyPipeline (pure pixel ops on an RGBA buffer)[2m > [22minvert flips every channel (v -> 255-v)[32m 1[2mms[22m[39m
 [32mΓ£ô[39m src/utils/imageEnhance.test.ts[2m > [22mapplyPipeline (pure pixel ops on an RGBA buffer)[2m > [22mpreserves alpha and never throws on a 1px image[32m 4[2mms[22m[39m
 [32mΓ£ô[39m src/utils/__tests__/alprOverlay.test.ts[2m > [22malprOverlay ΓÇö classification[2m > [22mcaptureSource normalizes + defaults to manual[32m 8[2mms[22m[39m
 [32mΓ£ô[39m src/utils/__tests__/alprOverlay.test.ts[2m > [22malprOverlay ΓÇö classification[2m > [22msourceLabel renders short labels[32m 1[2mms[22m[39m
 [32mΓ£ô[39m src/utils/__tests__/alprOverlay.test.ts[2m > [22malprOverlay ΓÇö classification[2m > [22mconfidenceBand respects the explicit accepted flag, then the 0.85 gate[32m 1[2mms[22m[39m
 [32mΓ£ô[39m src/utils/__tests__/alprOverlay.test.ts[2m > [22malprOverlay ΓÇö classification[2m > [22mhitTone flags alerted captures[32m 1[2mms[22m[39m
 [32mΓ£ô[39m src/utils/__tests__/alprOverlay.test.ts[2m > [22malprOverlay ΓÇö detection geometry[2m > [22mcenter+size pixel detection scales to fractions of the natural size[32m 3[2mms[22m[39m
 [32mΓ£ô[39m src/utils/__tests__/alprOverlay.test.ts[2m > [22malprOverlay ΓÇö detection geometry[2m > [22malready-fractional coords are passed through (natural size ignored)[32m 1[2mms[22m[39m
 [32mΓ£ô[39m src/utils/__tests__/alprOverlay.test.ts[2m > [22malprOverlay ΓÇö detection geometry[2m > [22mcorner array bbox works[32m 1[2mms[22m[39m
 [32mΓ£ô[39m src/utils/__tests__/alprOverlay.test.ts[2m > [22malprOverlay ΓÇö detection geometry[2m > [22mclamps boxes that spill past the image edge[32m 1[2mms[22m[39m
 [32mΓ£ô[39m src/utils/__tests__/alprOverlay.test.ts[2m > [22malprOverlay ΓÇö detection geometry[2m > [22mreturns null for unusable detections[32m 1[2mms[22m[39m
 [32mΓ£ô[39m src/utils/__tests__/alprOverlay.test.ts[2m > [22malprOverlay ΓÇö detection geometry[2m > [22mdetectionBoxes drops the unusable ones[32m 3[2mms[22m[39m
 [32mΓ£ô[39m src/utils/__tests__/alprOverlay.test.ts[2m > [22malprOverlay ΓÇö detection geometry[2m > [22mraw-array bbox [x1,y1,x2,y2] is parsed (fractional + pixel-with-dims variants)[32m 2[2mms[22m[39m
 [32mΓ£ô[39m src/utils/__tests__/alprOverlay.test.ts[2m > [22malprOverlay ΓÇö detection geometry[2m > [22mpixel-space coords without natW/natH return null (no garbage full-frame box)[32m 1[2mms[22m[39m
 [32mΓ£ô[39m src/utils/__tests__/alprOverlay.test.ts[2m > [22malprOverlay ΓÇö detection geometry[2m > [22masFraction boundary: max coord == 1.0 is fractional, just-above-1.0 with dims is pixels[32m 1[2mms[22m[39m
 [32mΓ£ô[39m src/utils/__tests__/alprOverlay.test.ts[2m > [22malprOverlay ΓÇö filtering[2m > [22mfilters by source[32m 3[2mms[22m[39m
 [32mΓ£ô[39m src/utils/__tests__/alprOverlay.test.ts[2m > [22malprOverlay ΓÇö filtering[2m > [22mfilters by confidence band[32m 1[2mms[22m[39m
 [32mΓ£ô[39m src/utils/__tests__/alprOverlay.test.ts[2m > [22malprOverlay ΓÇö filtering[2m > [22mfilters by hits[32m 1[2mms[22m[39m
 [32mΓ£ô[39m src/utils/__tests__/alprOverlay.test.ts[2m > [22malprOverlay ΓÇö filtering[2m > [22mfilters by plate substring (normalized)[32m 1[2mms[22m[39m
 [32mΓ£ô[39m src/utils/__tests__/alprOverlay.test.ts[2m > [22malprOverlay ΓÇö filtering[2m > [22mfilters by date range[32m 1[2mms[22m[39m
 [32mΓ£ô[39m src/utils/__tests__/alprOverlay.test.ts[2m > [22malprOverlay ΓÇö filtering[2m > [22mcombines filters (AND)[32m 1[2mms[22m[39m
 [32mΓ£ô[39m src/utils/__tests__/alprOverlay.test.ts[2m > [22malprOverlay ΓÇö filtering[2m > [22meventTypeOptions returns distinct sorted types[32m 1[2mms[22m[39m
 [32mΓ£ô[39m src/utils/__tests__/alprOverlay.test.ts[2m > [22malprOverlay ΓÇö filtering[2m > [22mfilters by eventType substring (case-insensitive) and handles empty-string edges[32m 2[2mms[22m[39m
 [32mΓ£ô[39m src/utils/__tests__/dissolveAreas.test.ts[2m > [22mdissolveBeatsByArea[2m > [22mproduces one boundary linestring per area (2 areas ΓåÆ 2 boundaries)[32m 34[2mms[22m[39m
 [32mΓ£ô[39m src/utils/__tests__/dissolveAreas.test.ts[2m > [22mdissolveBeatsByArea[2m > [22mexcludes beats with no area_id from the dissolve[32m 4[2mms[22m[39m
 [32mΓ£ô[39m src/utils/__tests__/dissolveAreas.test.ts[2m > [22mdissolveBeatsByArea[2m > [22mreturns one outer-boundary linestring when all beats share an area[32m 8[2mms[22m[39m
 [32mΓ£ô[39m src/pages/dashboard/__tests__/dashboardViews.test.ts[2m > [22mdefaultViewForRole[2m > [22mmaps operational roles to their view[32m 9[2mms[22m[39m
 [32mΓ£ô[39m src/pages/dashboard/__tests__/dashboardViews.test.ts[2m > [22mdefaultViewForRole[2m > [22mfalls back to dispatch for non-operational/unknown roles[32m 2[2mms[22m[39m
 [32mΓ£ô[39m src/pages/dashboard/__tests__/dashboardViews.test.ts[2m > [22mcanSwitchView[2m > [22mallows only admin/manager/supervisor[32m 2[2mms[22m[39m
 [32mΓ£ô[39m src/pages/dashboard/__tests__/dashboardViews.test.ts[2m > [22mVIEW_PANELS[2m > [22monly references known panel ids[32m 4[2mms[22m[39m
 [32mΓ£ô[39m src/pages/dashboard/__tests__/dashboardViews.test.ts[2m > [22mVIEW_PANELS[2m > [22madmin shows the superset incl. statusSummary, officerActivity, alertsReminders[32m 5[2mms[22m[39m
 [32mΓ£ô[39m src/pages/dashboard/__tests__/dashboardViews.test.ts[2m > [22mVIEW_PANELS[2m > [22mdispatch omits admin-only panels[32m 2[2mms[22m[39m
 [32mΓ£ô[39m src/pages/dashboard/__tests__/dashboardViews.test.ts[2m > [22mVIEW_PANELS[2m > [22mpatrol is field-focused[32m 7[2mms[22m[39m
 [32mΓ£ô[39m src/pages/dashboard/__tests__/dashboardViews.test.ts[2m > [22mVIEW_PANELS[2m > [22mcallAnalytics shows for dispatch and admin, not patrol[32m 2[2mms[22m[39m
 [32mΓ£ô[39m src/pages/dashboard/__tests__/dashboardViews.test.ts[2m > [22mVIEW_PANELS[2m > [22madminExtras is admin-only[32m 1[2mms[22m[39m
 [32mΓ£ô[39m src/pages/dashboard/__tests__/dashboardViews.test.ts[2m > [22mVIEW_PANELS[2m > [22mpatrol stays light ΓÇö excludes all analytics/admin extras[32m 4[2mms[22m[39m
 [32mΓ£ô[39m src/pages/dashboard/__tests__/dashboardViews.test.ts[2m > [22mresolveDashboardView[2m > [22mreturns role default when nothing saved[32m 1[2mms[22m[39m
 [32mΓ£ô[39m src/pages/dashboard/__tests__/dashboardViews.test.ts[2m > [22mresolveDashboardView[2m > [22mhonors a saved view ONLY when the role may switch[32m 2[2mms[22m[39m
 [32mΓ£ô[39m src/pages/dashboard/__tests__/dashboardViews.test.ts[2m > [22mresolveDashboardView[2m > [22mignores an invalid saved value[32m 1[2mms[22m[39m
 [32mΓ£ô[39m src/pages/dashboard/__tests__/dashboardViews.test.ts[2m > [22mpersistence[2m > [22mround-trips a valid view[32m 1[2mms[22m[39m
 [32mΓ£ô[39m src/pages/dashboard/__tests__/dashboardViews.test.ts[2m > [22mpersistence[2m > [22mreadSavedView returns null for missing/invalid[32m 1[2mms[22m[39m
 [32mΓ£ô[39m src/pages/dashboard/__tests__/dashboardViews.test.ts[2m > [22mpersistence[2m > [22mreadSavedView swallows storage errors[32m 4[2mms[22m[39m
 [32mΓ£ô[39m src/pages/dashboard/__tests__/dashboardViews.test.ts[2m > [22mtoolbarActionsForView[2m > [22mpatrol leads with field actions[32m 3[2mms[22m[39m
 [32mΓ£ô[39m src/pages/dashboard/__tests__/dashboardViews.test.ts[2m > [22mtoolbarActionsForView[2m > [22mdispatch/admin lead with call/incident actions[32m 1[2mms[22m[39m
 [32mΓ£ô[39m src/pages/dashboard/__tests__/dashboardViews.test.ts[2m > [22mtoolbarActionsForView[2m > [22malways includes print and refresh[32m 1[2mms[22m[39m
 [32mΓ£ô[39m src/pages/dashboard/__tests__/dashboardViews.test.ts[2m > [22mtoolbarActionsForView[2m > [22msurfaces the recent-feature actions on every view[32m 2[2mms[22m[39m
 [32mΓ£ô[39m src/utils/pdf/v2/engine/__tests__/panel.test.ts[2m > [22mPanel[2m > [22mproduces a LayoutEngine constrained to its bounds[32m 26[2mms[22m[39m
 [32mΓ£ô[39m src/utils/pdf/v2/engine/__tests__/panel.test.ts[2m > [22mPanel[2m > [22mpageBreakIfNeeded fires when cursor would exceed panel bottom[32m 16[2mms[22m[39m
 [32mΓ£ô[39m src/utils/pdf/v2/engine/__tests__/panel.test.ts[2m > [22mPanel[2m > [22mtwo panels on the same page render independently[32m 3[2mms[22m[39m
 [32mΓ£ô[39m src/utils/__tests__/formatters.test.ts[2m > [22mformatPhoneInput (live input masking)[2m > [22mreturns empty string for empty input[32m 7[2mms[22m[39m
 [32mΓ£ô[39m src/utils/__tests__/formatters.test.ts[2m > [22mformatPhoneInput (live input masking)[2m > [22mprogressively formats as the user types[32m 2[2mms[22m[39m
 [32mΓ£ô[39m src/utils/__tests__/formatters.test.ts[2m > [22mformatPhoneInput (live input masking)[2m > [22mstrips non-digit characters[32m 1[2mms[22m[39m
 [32mΓ£ô[39m src/utils/__tests__/formatters.test.ts[2m > [22mformatPhoneInput (live input masking)[2m > [22mstrips a leading 1 country code[32m 1[2mms[22m[39m
 [32mΓ£ô[39m src/utils/__tests__/formatters.test.ts[2m > [22mformatPhoneInput (live input masking)[2m > [22mcaps input at 10 digits ΓÇö extra digits are ignored[32m 1[2mms[22m[39m
 [32mΓ£ô[39m src/utils/__tests__/formatters.test.ts[2m > [22mformatPhoneInput (live input masking)[2m > [22mis idempotent on already-formatted values[32m 1[2mms[22m[39m
 [32mΓ£ô[39m src/utils/__tests__/formatters.test.ts[2m > [22mformatPhone (display formatter)[2m > [22mreturns empty string for null/undefined/empty[32m 1[2mms[22m[39m
 [32mΓ£ô[39m src/utils/__tests__/formatters.test.ts[2m > [22mformatPhone (display formatter)[2m > [22mformats raw 10-digit strings[32m 1[2mms[22m[39m
 [32mΓ£ô[39m src/utils/__tests__/formatters.test.ts[2m > [22mformatPhone (display formatter)[2m > [22mstrips a leading 1 from 11-digit numbers[32m 1[2mms[22m[39m
 [32mΓ£ô[39m src/utils/__tests__/formatters.test.ts[2m > [22mformatPhone (display formatter)[2m > [22mreturns the raw input when it cannot be formatted[32m 1[2mms[22m[39m
 [32mΓ£ô[39m src/utils/__tests__/formatters.test.ts[2m > [22macronym-aware display labels[2m > [22mtoDisplayLabel keeps acronyms ALL-CAPS[32m 2[2mms[22m[39m
 [32mΓ£ô[39m src/utils/__tests__/formatters.test.ts[2m > [22macronym-aware display labels[2m > [22mtoDisplayLabel covers the extended LE acronym set[32m 3[2mms[22m[39m
 [32mΓ£ô[39m src/utils/__tests__/formatters.test.ts[2m > [22macronym-aware display labels[2m > [22mrenders the PersonHistoryPanel dispatch-calls case correctly[32m 5[2mms[22m[39m
 [32mΓ£ô[39m src/utils/__tests__/formatters.test.ts[2m > [22macronym-aware display labels[2m > [22mformatLabel keeps acronyms ALL-CAPS[32m 1[2mms[22m[39m
 [32mΓ£ô[39m src/utils/__tests__/formatters.test.ts[2m > [22macronym-aware display labels[2m > [22mtoTitleCase uppercases acronyms but preserves names[32m 1[2mms[22m[39m
 [32mΓ£ô[39m src/utils/__tests__/formatters.test.ts[2m > [22macronym-aware display labels[2m > [22mstatusLabels resolvers route unmapped values through the acronym path[32m 1[2mms[22m[39m
 [32mΓ£ô[39m src/utils/__tests__/formatters.test.ts[2m > [22mtoSpokenLabel (TTS ΓÇö spell out acronyms)[2m > [22mspells PSO as letters so the voice never says "Pso"[32m 1[2mms[22m[39m
 [32mΓ£ô[39m src/utils/__tests__/formatters.test.ts[2m > [22mtoSpokenLabel (TTS ΓÇö spell out acronyms)[2m > [22mleaves non-acronym labels as ordinary words[32m 1[2mms[22m[39m
 [32mΓ£ô[39m src/utils/__tests__/referentResolver.test.ts[2m > [22mresolveReferents[2m > [22mrewrites: "tell me more about that call"[32m 11[2mms[22m[39m
 [32mΓ£ô[39m src/utils/__tests__/referentResolver.test.ts[2m > [22mresolveReferents[2m > [22mrewrites: "who is assigned to the call?"[32m 2[2mms[22m[39m
 [32mΓ£ô[39m src/utils/__tests__/referentResolver.test.ts[2m > [22mresolveReferents[2m > [22mrewrites: "put me on this call"[32m 1[2mms[22m[39m
 [32mΓ£ô[39m src/utils/__tests__/referentResolver.test.ts[2m > [22mresolveReferents[2m > [22mrewrites: "put me 10-7 at that location"[32m 1[2mms[22m[39m
 [32mΓ£ô[39m src/utils/__tests__/referentResolver.test.ts[2m > [22mresolveReferents[2m > [22mrewrites: "what is the address"[32m 3[2mms[22m[39m
 [32mΓ£ô[39m src/utils/__tests__/referentResolver.test.ts[2m > [22mresolveReferents[2m > [22mrewrites: "run him"[32m 3[2mms[22m[39m
 [32mΓ£ô[39m src/utils/__tests__/referentResolver.test.ts[2m > [22mresolveReferents[2m > [22mrewrites: "book the subject"[32m 1[2mms[22m[39m
 [32mΓ£ô[39m src/utils/__tests__/referentResolver.test.ts[2m > [22mresolveReferents[2m > [22mrewrites: "clear that unit"[32m 2[2mms[22m[39m
 [32mΓ£ô[39m src/utils/__tests__/referentResolver.test.ts[2m > [22mresolveReferents[2m > [22mrewrites: "the unit is enroute"[32m 1[2mms[22m[39m
 [32mΓ£ô[39m src/utils/__tests__/referentResolver.test.ts[2m > [22mresolveReferents[2m > [22mrewrites: "run that plate"[32m 1[2mms[22m[39m
 [32mΓ£ô[39m src/utils/__tests__/referentResolver.test.ts[2m > [22mresolveReferents[2m > [22mrewrites: "who owns the plate"[32m 1[2mms[22m[39m
 [32mΓ£ô[39m src/utils/__tests__/referentResolver.test.ts[2m > [22mresolveReferents[2m > [22mreturns text unchanged when no referents appear[32m 4[2mms[22m[39m
 [32mΓ£ô[39m src/utils/__tests__/referentResolver.test.ts[2m > [22mresolveReferents[2m > [22mlogs each resolution in the resolutions map[32m 1[2mms[22m[39m
 [32mΓ£ô[39m src/utils/__tests__/referentResolver.test.ts[2m > [22mresolveReferents[2m > [22mflags ambiguous when "that call" appears with no lastCall[32m 1[2mms[22m[39m
 [32mΓ£ô[39m src/utils/__tests__/referentResolver.test.ts[2m > [22mresolveReferents[2m > [22mflags ambiguous when "him" appears with no lastPerson[32m 1[2mms[22m[39m
 [32mΓ£ô[39m src/utils/__tests__/referentResolver.test.ts[2m > [22mresolveReferents[2m > [22mpartial resolution: call resolves, person is ambiguous[32m 1[2mms[22m[39m
 [32mΓ£ô[39m src/utils/__tests__/referentResolver.test.ts[2m > [22mresolveReferents[2m > [22mmatches referents case-insensitively (surrounding text case preserved)[32m 1[2mms[22m[39m
 [32mΓ£ô[39m tests/utils/dispatchTimers.test.ts[2m > [22mdispatchTimers[2m > [22mformatTimer[2m > [22mformats seconds as M:SS for times under 1 hour[32m 8[2mms[22m[39m
 [32mΓ£ô[39m tests/utils/dispatchTimers.test.ts[2m > [22mdispatchTimers[2m > [22mformatTimer[2m > [22mformats times over 1 hour as H:MM:SS[32m 1[2mms[22m[39m
 [32mΓ£ô[39m tests/utils/dispatchTimers.test.ts[2m > [22mdispatchTimers[2m > [22mformatTimer[2m > [22mhandles negative values[32m 1[2mms[22m[39m
 [32mΓ£ô[39m tests/utils/dispatchTimers.test.ts[2m > [22mdispatchTimers[2m > [22mgetTimerSeverity[2m > [22mreturns normal below 1/3 threshold[32m 1[2mms[22m[39m
 [32mΓ£ô[39m tests/utils/dispatchTimers.test.ts[2m > [22mdispatchTimers[2m > [22mgetTimerSeverity[2m > [22mreturns warning at 1/3 to 2/3 threshold[32m 1[2mms[22m[39m
 [32mΓ£ô[39m tests/utils/dispatchTimers.test.ts[2m > [22mdispatchTimers[2m > [22mgetTimerSeverity[2m > [22mreturns critical at 2/3 to 99% threshold[32m 1[2mms[22m[39m
 [32mΓ£ô[39m tests/utils/dispatchTimers.test.ts[2m > [22mdispatchTimers[2m > [22mgetTimerSeverity[2m > [22mreturns overdue at or above 100% threshold[32m 1[2mms[22m[39m
 [32mΓ£ô[39m tests/utils/dispatchTimers.test.ts[2m > [22mdispatchTimers[2m > [22mgetTimerSeverity[2m > [22mreturns normal for Infinity threshold[32m 1[2mms[22m[39m
 [32mΓ£ô[39m tests/utils/dispatchTimers.test.ts[2m > [22mdispatchTimers[2m > [22mgetTimerProgress[2m > [22mreturns 0 for Infinity threshold[32m 1[2mms[22m[39m
 [32mΓ£ô[39m tests/utils/dispatchTimers.test.ts[2m > [22mdispatchTimers[2m > [22mgetTimerProgress[2m > [22mreturns 0 for zero threshold[32m 1[2mms[22m[39m
 [32mΓ£ô[39m tests/utils/dispatchTimers.test.ts[2m > [22mdispatchTimers[2m > [22mgetTimerProgress[2m > [22mreturns ratio capped at 1.0[32m 1[2mms[22m[39m
 [32mΓ£ô[39m tests/utils/dispatchTimers.test.ts[2m > [22mdispatchTimers[2m > [22mgetTimerColor[2m > [22mreturns the correct colors for each severity[32m 1[2mms[22m[39m
 [32mΓ£ô[39m tests/utils/dispatchTimers.test.ts[2m > [22mdispatchTimers[2m > [22misActiveStatus[2m > [22mreturns true for active statuses[32m 1[2mms[22m[39m
 [32mΓ£ô[39m tests/utils/dispatchTimers.test.ts[2m > [22mdispatchTimers[2m > [22misActiveStatus[2m > [22mreturns false for inactive statuses[32m 1[2mms[22m[39m
 [32mΓ£ô[39m tests/utils/dispatchTimers.test.ts[2m > [22mdispatchTimers[2m > [22mTHRESHOLDS[2m > [22mP1 is shortest, P4 is longest[32m 1[2mms[22m[39m
 [32mΓ£ô[39m tests/utils/dispatchTimers.test.ts[2m > [22mdispatchTimers[2m > [22mTHRESHOLDS[2m > [22mP1 is 60 seconds (emergency)[32m 1[2mms[22m[39m
 [32mΓ£ô[39m tests/utils/dispatchTimers.test.ts[2m > [22mdispatchTimers[2m > [22mSTATUS_LABELS[2m > [22mhas short 3-4 character labels[32m 1[2mms[22m[39m
 [32mΓ£ô[39m tests/utils/dispatchTimers.test.ts[2m > [22mdispatchTimers[2m > [22mgetThreshold[2m > [22mreturns priority-based threshold for pending calls[32m 1[2mms[22m[39m
 [32mΓ£ô[39m tests/utils/dispatchTimers.test.ts[2m > [22mdispatchTimers[2m > [22mgetThreshold[2m > [22mreturns dispatched threshold for dispatched calls[32m 1[2mms[22m[39m
 [32mΓ£ô[39m tests/utils/dispatchTimers.test.ts[2m > [22mdispatchTimers[2m > [22mgetThreshold[2m > [22mreturns onscene threshold for onscene calls[32m 2[2mms[22m[39m
 [32mΓ£ô[39m tests/utils/dispatchTimers.test.ts[2m > [22mdispatchTimers[2m > [22mgetThreshold[2m > [22mreturns Infinity for on_hold calls[32m 1[2mms[22m[39m
 [32mΓ£ô[39m tests/utils/dispatchTimers.test.ts[2m > [22mdispatchTimers[2m > [22mgetThreshold[2m > [22mreturns Infinity for enroute calls (no alarm needed)[32m 1[2mms[22m[39m
 [32mΓ£ô[39m tests/utils/dispatchTimers.test.ts[2m > [22mdispatchTimers[2m > [22m72-hour absolute overdue enforcement[2m > [22mabsoluteOverdue threshold is 72 hours (259200 seconds)[32m 1[2mms[22m[39m
 [32mΓ£ô[39m tests/utils/dispatchTimers.test.ts[2m > [22mdispatchTimers[2m > [22m72-hour absolute overdue enforcement[2m > [22mmarks enroute call as overdue after 72 hours even though per-status threshold is Infinity[32m 2[2mms[22m[39m
 [32mΓ£ô[39m tests/utils/dispatchTimers.test.ts[2m > [22mdispatchTimers[2m > [22m72-hour absolute overdue enforcement[2m > [22mmarks enroute call as critical after 48 hours[32m 1[2mms[22m[39m
 [32mΓ£ô[39m tests/utils/dispatchTimers.test.ts[2m > [22mdispatchTimers[2m > [22m72-hour absolute overdue enforcement[2m > [22mdoes not override overdue for calls already overdue by per-status threshold[32m 1[2mms[22m[39m
 [32mΓ£ô[39m tests/utils/dispatchTimers.test.ts[2m > [22mdispatchTimers[2m > [22m72-hour absolute overdue enforcement[2m > [22mdoes not apply to cleared/closed calls[32m 1[2mms[22m[39m
 [32mΓ£ô[39m tests/utils/dispatchTimers.test.ts[2m > [22mdispatchTimers[2m > [22m72-hour absolute overdue enforcement[2m > [22mgetCallAge returns age since created_at[32m 1[2mms[22m[39m
 [32mΓ£ô[39m src/constants/__tests__/processServiceCodes.test.ts[2m > [22mprocessServiceCodes ΓÇö taxonomy invariants[2m > [22mevery category code is unique and 5-increment-spaced[32m 10[2mms[22m[39m
 [32mΓ£ô[39m src/constants/__tests__/processServiceCodes.test.ts[2m > [22mprocessServiceCodes ΓÇö taxonomy invariants[2m > [22mevery PsoCode references an existing category[32m 4[2mms[22m[39m
 [32mΓ£ô[39m src/constants/__tests__/processServiceCodes.test.ts[2m > [22mprocessServiceCodes ΓÇö taxonomy invariants[2m > [22mevery code is unique[32m 1[2mms[22m[39m
 [32mΓ£ô[39m src/constants/__tests__/processServiceCodes.test.ts[2m > [22mprocessServiceCodes ΓÇö taxonomy invariants[2m > [22mevery code maps to a valid legacy result enum[32m 4[2mms[22m[39m
 [32mΓ£ô[39m src/constants/__tests__/processServiceCodes.test.ts[2m > [22mprocessServiceCodes ΓÇö taxonomy invariants[2m > [22mevery code maps to a valid queue outcome[32m 5[2mms[22m[39m
 [32mΓ£ô[39m src/constants/__tests__/processServiceCodes.test.ts[2m > [22mprocessServiceCodes ΓÇö lookups[2m > [22mfinds known codes[32m 2[2mms[22m[39m
 [32mΓ£ô[39m src/constants/__tests__/processServiceCodes.test.ts[2m > [22mprocessServiceCodes ΓÇö lookups[2m > [22mreturns null for unknown codes[32m 1[2mms[22m[39m
 [32mΓ£ô[39m src/constants/__tests__/processServiceCodes.test.ts[2m > [22mprocessServiceCodes ΓÇö lookups[2m > [22mfinds categories[32m 2[2mms[22m[39m
 [32mΓ£ô[39m src/constants/__tests__/processServiceCodes.test.ts[2m > [22mprocessServiceCodes ΓÇö lookups[2m > [22mlists all codes in a category[32m 7[2mms[22m[39m
 [32mΓ£ô[39m src/constants/__tests__/processServiceCodes.test.ts[2m > [22mprocessServiceCodes ΓÇö formatting[2m > [22mformats short and full[32m 2[2mms[22m[39m
 [32mΓ£ô[39m src/constants/__tests__/processServiceCodes.test.ts[2m > [22mprocessServiceCodes ΓÇö formatting[2m > [22mfalls back gracefully on unknown[32m 1[2mms[22m[39m
 [32mΓ£ô[39m src/constants/__tests__/processServiceCodes.test.ts[2m > [22mprocessServiceCodes ΓÇö formatting[2m > [22mflags malformed PS codes with an "Unrecognized code" suffix[32m 1[2mms[22m[39m
 [32mΓ£ô[39m src/constants/__tests__/processServiceCodes.test.ts[2m > [22mprocessServiceCodes ΓÇö formatting[2m > [22mpasses free-text dispositions through without the suffix[32m 1[2mms[22m[39m
 [32mΓ£ô[39m src/constants/__tests__/processServiceCodes.test.ts[2m > [22mprocessServiceCodes ΓÇö mapping helpers[2m > [22mcodeToLegacyResult covers expected codes[32m 1[2mms[22m[39m
 [32mΓ£ô[39m src/constants/__tests__/processServiceCodes.test.ts[2m > [22mprocessServiceCodes ΓÇö mapping helpers[2m > [22mcodeToQueueStatus flips queue correctly[32m 1[2mms[22m[39m
 [32mΓ£ô[39m src/constants/__tests__/processServiceCodes.test.ts[2m > [22mprocessServiceCodes ΓÇö disposition adapter[2m > [22mmaps common legacy CFS dispositions to PS codes[32m 5[2mms[22m[39m
 [32mΓ£ô[39m src/constants/__tests__/processServiceCodes.test.ts[2m > [22mprocessServiceCodes ΓÇö disposition adapter[2m > [22mreturns null on unrecognized input[32m 1[2mms[22m[39m
 [32mΓ£ô[39m src/constants/__tests__/processServiceCodes.test.ts[2m > [22mprocessServiceCodes ΓÇö disposition adapter[2m > [22mround-trips a structured code unchanged[32m 1[2mms[22m[39m
 [32mΓ£ô[39m src/utils/__tests__/chunkRetry.test.ts[2m > [22misChunkLoadError[2m > [22mmatches the cross-engine dynamic-import failure vocabulary[32m 8[2mms[22m[39m
 [32mΓ£ô[39m src/utils/__tests__/chunkRetry.test.ts[2m > [22misChunkLoadError[2m > [22mdoes not match unrelated errors (404 API call, type error, etc.)[32m 1[2mms[22m[39m
 [32mΓ£ô[39m src/utils/__tests__/chunkRetry.test.ts[2m > [22mnormalizeChunkError[2m > [22mreturns Error instances unchanged[32m 1[2mms[22m[39m
 [32mΓ£ô[39m src/utils/__tests__/chunkRetry.test.ts[2m > [22mnormalizeChunkError[2m > [22mwraps non-Error values[32m 2[2mms[22m[39m
 [32mΓ£ô[39m src/utils/__tests__/chunkRetry.test.ts[2m > [22mmayReloadForChunkFailure[2m > [22mallows a reload when we have never reloaded[32m 1[2mms[22m[39m
 [32mΓ£ô[39m src/utils/__tests__/chunkRetry.test.ts[2m > [22mmayReloadForChunkFailure[2m > [22mblocks a reload inside the 30s window (the reload did not help ΓåÆ surface error)[32m 1[2mms[22m[39m
 [32mΓ£ô[39m src/utils/__tests__/chunkRetry.test.ts[2m > [22mmayReloadForChunkFailure[2m > [22mallows a reload once the window has elapsed[32m 1[2mms[22m[39m
 [32mΓ£ô[39m src/utils/__tests__/chunkRetry.test.ts[2m > [22mreloadAndHold[2m > [22mtriggers exactly one reload and stays pending until the hold elapses[32m 12[2mms[22m[39m
 [32mΓ£ô[39m src/utils/__tests__/chunkRetry.test.ts[2m > [22mreloadAndHold[2m > [22mREJECTS after the hold so a stuck reload surfaces a recovery pathway[32m 9[2mms[22m[39m
 [32mΓ£ô[39m src/utils/__tests__/chunkRetry.test.ts[2m > [22mreloadAndHold[2m > [22mnormalizes a non-Error rejection reason[32m 3[2mms[22m[39m
 [32mΓ£ô[39m src/utils/__tests__/mapboxSafeLayer.test.ts[2m > [22mmapboxSafeLayer ΓÇö teardown-race guards[2m > [22mreturns falsy/undefined for null/undefined map without throwing[32m 12[2mms[22m[39m
 [32mΓ£ô[39m src/utils/__tests__/mapboxSafeLayer.test.ts[2m > [22mmapboxSafeLayer ΓÇö teardown-race guards[2m > [22mshort-circuits when style is torn down ΓÇö never calls getLayer/getSource[32m 5[2mms[22m[39m
 [32mΓ£ô[39m src/utils/__tests__/mapboxSafeLayer.test.ts[2m > [22mmapboxSafeLayer ΓÇö teardown-race guards[2m > [22mswallows a throwing getLayer/getSource (defense in depth)[32m 2[2mms[22m[39m
 [32mΓ£ô[39m src/utils/__tests__/mapboxSafeLayer.test.ts[2m > [22mmapboxSafeLayer ΓÇö teardown-race guards[2m > [22mreturns the layer/source when the style is live and it exists[32m 3[2mms[22m[39m
 [32mΓ£ô[39m src/utils/__tests__/mapboxSafeLayer.test.ts[2m > [22mmapboxSafeLayer ΓÇö teardown-race guards[2m > [22mgetSourceSafe normalizes a missing source to undefined (not null)[32m 1[2mms[22m[39m
 [32mΓ£ô[39m src/utils/__tests__/mapboxSafeLayer.test.ts[2m > [22mmapboxSafeLayer ΓÇö teardown-race guards[2m > [22msafeRemove* only removes when present and never throws on a dead style[32m 6[2mms[22m[39m
 [32mΓ£ô[39m src/utils/__tests__/mapboxSafeLayer.test.ts[2m > [22msafeMapboxColor[2m > [22mrejects CSS variable strings and returns the fallback[32m 1[2mms[22m[39m
 [32mΓ£ô[39m src/utils/__tests__/mapboxSafeLayer.test.ts[2m > [22msafeMapboxColor[2m > [22mrejects empty/whitespace/non-string values and returns the fallback[32m 1[2mms[22m[39m
 [32mΓ£ô[39m src/utils/__tests__/mapboxSafeLayer.test.ts[2m > [22msafeMapboxColor[2m > [22mpasses through hex, rgb/rgba, hsl/hsla, named colors and transparent[32m 1[2mms[22m[39m
 [32mΓ£ô[39m src/utils/__tests__/mapboxSafeLayer.test.ts[2m > [22msafeMapboxColor[2m > [22mtrims surrounding whitespace before returning[32m 1[2mms[22m[39m
 [32mΓ£ô[39m src/utils/__tests__/mapboxSafeLayer.test.ts[2m > [22mupsertGeoJsonSource[2m > [22maddSource on first call[32m 4[2mms[22m[39m
 [32mΓ£ô[39m src/utils/__tests__/mapboxSafeLayer.test.ts[2m > [22mupsertGeoJsonSource[2m > [22msetData on second call ΓÇö never throws "already exists"[32m 2[2mms[22m[39m
 [32mΓ£ô[39m src/utils/__tests__/mapboxSafeLayer.test.ts[2m > [22mupsertGeoJsonSource[2m > [22mno-op on a torn-down map (style gone)[32m 1[2mms[22m[39m
 [32mΓ£ô[39m src/utils/__tests__/mapboxSafeLayer.test.ts[2m > [22mupsertGeoJsonSource[2m > [22mswallows the "already exists" error even if Mapbox throws between our check and call (diff-race)[32m 1[2mms[22m[39m
 [32mΓ£ô[39m src/utils/__tests__/forensicReportPdf.test.ts[2m > [22mforensicReportPdf ΓÇö telemetry rows[2m > [22mbuilds labeled, formatted rows from stats[32m 11[2mms[22m[39m
 [32mΓ£ô[39m src/utils/__tests__/forensicReportPdf.test.ts[2m > [22mforensicReportPdf ΓÇö filename[2m > [22mbuilds a safe, descriptive filename[32m 2[2mms[22m[39m
 [32mΓ£ô[39m src/utils/__tests__/trainingCertificatePdf.test.ts[2m > [22mprettyCategory[2m > [22mupper-cases and underscore-strips a known category[32m 10[2mms[22m[39m
 [32mΓ£ô[39m src/utils/__tests__/trainingCertificatePdf.test.ts[2m > [22mprettyCategory[2m > [22mreturns em-dash for missing value[32m 2[2mms[22m[39m
 [32mΓ£ô[39m src/utils/__tests__/trainingCertificatePdf.test.ts[2m > [22mprettyStatus[2m > [22mupper-cases and underscore-strips a status code[32m 2[2mms[22m[39m
 [32mΓ£ô[39m src/utils/__tests__/trainingCertificatePdf.test.ts[2m > [22mprettyStatus[2m > [22mreturns em-dash for missing value[32m 1[2mms[22m[39m
 [32mΓ£ô[39m src/utils/__tests__/trainingCertificatePdf.test.ts[2m > [22mformatScore[2m > [22mformats numeric score as N / 100[32m 2[2mms[22m[39m
 [32mΓ£ô[39m src/utils/__tests__/trainingCertificatePdf.test.ts[2m > [22mformatScore[2m > [22mreturns em-dash for missing / non-numeric[32m 1[2mms[22m[39m
 [32mΓ£ô[39m src/utils/__tests__/trainingCertificatePdf.test.ts[2m > [22mformatRenewal[2m > [22mspecial-cases common cadences[32m 1[2mms[22m[39m
 [32mΓ£ô[39m src/utils/__tests__/trainingCertificatePdf.test.ts[2m > [22mformatRenewal[2m > [22mreturns "No renewal" for zero / missing / negative[32m 1[2mms[22m[39m
 [32mΓ£ô[39m src/utils/__tests__/trainingCertificatePdf.test.ts[2m > [22mformatRenewal[2m > [22mformats months > 12 as "Every N years" when divisible[32m 9[2mms[22m[39m
 [32mΓ£ô[39m src/utils/__tests__/trainingCertificatePdf.test.ts[2m > [22mformatRenewal[2m > [22mfalls back to "Every N months" for off-cycle cadences[32m 1[2mms[22m[39m
 [32mΓ£ô[39m src/utils/__tests__/trainingCertificatePdf.test.ts[2m > [22mexpiryStatus[2m > [22mreturns "none" when no expiry date is set[32m 1[2mms[22m[39m
 [32mΓ£ô[39m src/utils/__tests__/trainingCertificatePdf.test.ts[2m > [22mexpiryStatus[2m > [22mreturns "none" for scheduled / in_progress regardless of date[32m 1[2mms[22m[39m
 [32mΓ£ô[39m src/utils/__tests__/trainingCertificatePdf.test.ts[2m > [22mexpiryStatus[2m > [22mclassifies "expired" when expiry is in the past[32m 1[2mms[22m[39m
 [32mΓ£ô[39m src/utils/__tests__/trainingCertificatePdf.test.ts[2m > [22mexpiryStatus[2m > [22mclassifies "critical" within 30 days[32m 1[2mms[22m[39m
 [32mΓ£ô[39m src/utils/__tests__/trainingCertificatePdf.test.ts[2m > [22mexpiryStatus[2m > [22mclassifies "warning" between 31 and 60 days[32m 0[2mms[22m[39m
 [32mΓ£ô[39m src/utils/__tests__/trainingCertificatePdf.test.ts[2m > [22mexpiryStatus[2m > [22mclassifies "ok" beyond 60 days[32m 0[2mms[22m[39m
 [32mΓ£ô[39m src/utils/__tests__/trainingCertificatePdf.test.ts[2m > [22mneedsAuditAlert[2m > [22mfires when a "completed" record has neither cert # nor completion date[32m 1[2mms[22m[39m
 [32mΓ£ô[39m src/utils/__tests__/trainingCertificatePdf.test.ts[2m > [22mneedsAuditAlert[2m > [22mclears when a certificate # is present[32m 0[2mms[22m[39m
 [32mΓ£ô[39m src/utils/__tests__/trainingCertificatePdf.test.ts[2m > [22mneedsAuditAlert[2m > [22mclears when a completion date is present[32m 0[2mms[22m[39m
 [32mΓ£ô[39m src/utils/__tests__/trainingCertificatePdf.test.ts[2m > [22mneedsAuditAlert[2m > [22mdoes not fire for non-completed statuses[32m 1[2mms[22m[39m
 [32mΓ£ô[39m src/utils/__tests__/trainingCertificatePdf.test.ts[2m > [22misSubMinimumHours[2m > [22mfires when hours < minimum for completed[32m 1[2mms[22m[39m
 [32mΓ£ô[39m src/utils/__tests__/trainingCertificatePdf.test.ts[2m > [22misSubMinimumHours[2m > [22mclears when hours >= minimum[32m 1[2mms[22m[39m
 [32mΓ£ô[39m src/utils/__tests__/trainingCertificatePdf.test.ts[2m > [22misSubMinimumHours[2m > [22mclears when hours are zero (no logged work, not sub-minimum)[32m 1[2mms[22m[39m
 [32mΓ£ô[39m src/utils/__tests__/trainingCertificatePdf.test.ts[2m > [22misSubMinimumHours[2m > [22mdoes not fire when there is no requirement[32m 1[2mms[22m[39m
 [32mΓ£ô[39m src/utils/__tests__/trainingCertificatePdf.test.ts[2m > [22misSubMinimumHours[2m > [22mdoes not fire when status is not completed[32m 1[2mms[22m[39m
 [32mΓ£ô[39m src/utils/__tests__/fitTextToWidth.test.ts[2m > [22mfitTextToWidth[2m > [22mleaves text and font size untouched when it already fits[32m 22[2mms[22m[39m
 [32mΓ£ô[39m src/utils/__tests__/fitTextToWidth.test.ts[2m > [22mfitTextToWidth[2m > [22mshrinks the font so a long value fits on one line within the cell width[32m 15[2mms[22m[39m
 [32mΓ£ô[39m src/utils/__tests__/fitTextToWidth.test.ts[2m > [22mfitTextToWidth[2m > [22mellipsis-truncates as a last resort when it cannot fit even at the floor[32m 5[2mms[22m[39m
 [32mΓ£ô[39m src/utils/__tests__/fitTextToWidth.test.ts[2m > [22mfitTextToWidth[2m > [22mis a no-op for empty text or non-positive width[32m 5[2mms[22m[39m
 [32mΓ£ô[39m src/utils/__tests__/apiLogger.test.ts[2m > [22mlogEntry adds to log[32m 25[2mms[22m[39m
 [32mΓ£ô[39m src/utils/__tests__/apiLogger.test.ts[2m > [22mlog is capped at MAX_ENTRIES[32m 5[2mms[22m[39m
 [32mΓ£ô[39m src/utils/__tests__/apiLogger.test.ts[2m > [22mclearLog empties the log[32m 2[2mms[22m[39m
 [32mΓ£ô[39m src/utils/__tests__/apiLogger.test.ts[2m > [22mgetLog filters by path prefix[32m 2[2mms[22m[39m
Not implemented: HTMLCanvasElement's toDataURL() method: without installing the canvas npm package
Not implemented: HTMLCanvasElement's toDataURL() method: without installing the canvas npm package
 [32mΓ£ô[39m src/utils/__tests__/graphToPng.test.ts[2m > [22mgraphToPng[2m > [22mproduces a data URL starting with data:image/png[32m 33[2mms[22m[39m
 [32mΓ£ô[39m src/utils/__tests__/graphToPng.test.ts[2m > [22mgraphToPng[2m > [22mreturns a URL under 5MB for a modest SVG (sanity)[32m 4[2mms[22m[39m
 [32mΓ£ô[39m src/utils/redaction/blur.test.ts[2m > [22mpixelate[2m > [22mreplaces each block with its average so all pixels in a block match[32m 8[2mms[22m[39m
 [32mΓ£ô[39m src/utils/redaction/blur.test.ts[2m > [22mpixelate[2m > [22mpreserves alpha and never throws on block larger than the image[32m 4[2mms[22m[39m
 [32mΓ£ô[39m src/utils/__tests__/drivingPrediction.test.ts[2m > [22mdrivingPrediction ΓÇö angles[2m > [22mangleDelta is the signed shortest difference[32m 8[2mms[22m[39m
 [32mΓ£ô[39m src/utils/__tests__/drivingPrediction.test.ts[2m > [22mdrivingPrediction ΓÇö angles[2m > [22mbearingAt eastward Γëê 90┬░[32m 2[2mms[22m[39m
 [32mΓ£ô[39m src/utils/__tests__/drivingPrediction.test.ts[2m > [22mdrivingPrediction ΓÇö turn rate + path[2m > [22mturnRateDegPerSec ~0 on a straight track, nonzero on a curve[32m 1[2mms[22m[39m
 [32mΓ£ô[39m src/utils/__tests__/drivingPrediction.test.ts[2m > [22mdrivingPrediction ΓÇö turn rate + path[2m > [22mpredictPath projects forward points with growing time[32m 3[2mms[22m[39m
 [32mΓ£ô[39m src/utils/__tests__/drivingPrediction.test.ts[2m > [22mdrivingPrediction ΓÇö turn rate + path[2m > [22mpredictPath is empty for a degenerate track[32m 3[2mms[22m[39m
 [32mΓ£ô[39m src/utils/__tests__/drivingPrediction.test.ts[2m > [22mdrivingPrediction ΓÇö turn rate + path[2m > [22mpredictedHeadingIn stays ~constant when straight[32m 1[2mms[22m[39m
 [32mΓ£ô[39m src/utils/__tests__/drivingPrediction.test.ts[2m > [22mdrivingPrediction ΓÇö video path projection[2m > [22mreturns receding samples that narrow toward the vanishing point[32m 3[2mms[22m[39m
 [32mΓ£ô[39m src/utils/__tests__/drivingPrediction.test.ts[2m > [22mdrivingPrediction ΓÇö video path projection[2m > [22mcurves right for a positive turn rate[32m 1[2mms[22m[39m
 [32mΓ£ô[39m src/utils/__tests__/drivingPrediction.test.ts[2m > [22mdrivingPrediction ΓÇö detection boxes[2m > [22mpickPrimary favors the large central low box[32m 1[2mms[22m[39m
 [32mΓ£ô[39m src/utils/__tests__/drivingPrediction.test.ts[2m > [22mdrivingPrediction ΓÇö detection boxes[2m > [22mplateRegion is a lower-centre sub-box[32m 4[2mms[22m[39m
 [32mΓ£ô[39m src/utils/__tests__/drivingPrediction.test.ts[2m > [22mdrivingPrediction ΓÇö detection boxes[2m > [22mclampBox keeps boxes inside the frame[32m 2[2mms[22m[39m
 [32mΓ£ô[39m src/utils/__tests__/drivingPrediction.test.ts[2m > [22mdrivingPrediction ΓÇö detection boxes[2m > [22mvehicleTag composes year/color/make/model[32m 1[2mms[22m[39m
 [32mΓ£ô[39m src/utils/darPdf.test.ts[2m > [22mdarPdf helpers[2m > [22mparseDarArray is tolerant[32m 12[2mms[22m[39m
 [32mΓ£ô[39m src/utils/darPdf.test.ts[2m > [22mdarPdf helpers[2m > [22mdarCounts counts each JSON section[32m 1[2mms[22m[39m
 [32mΓ£ô[39m src/utils/darPdf.test.ts[2m > [22mdarPdf helpers[2m > [22mdarSectionRows maps fields with fallbacks[32m 2[2mms[22m[39m
 [32mΓ£ô[39m src/utils/darPdf.test.ts[2m > [22mdarPdf helpers[2m > [22mdarSectionRows yields empty strings for missing fields, never throws[32m 1[2mms[22m[39m
 [32mΓ£ô[39m src/utils/__tests__/tabScrollbarGeometry.test.ts[2m > [22mcomputeThumb[2m > [22mreports not visible when the strip does not overflow[32m 11[2mms[22m[39m
 [32mΓ£ô[39m src/utils/__tests__/tabScrollbarGeometry.test.ts[2m > [22mcomputeThumb[2m > [22msizes the thumb proportionally and pins it left at scrollLeft 0[32m 1[2mms[22m[39m
 [32mΓ£ô[39m src/utils/__tests__/tabScrollbarGeometry.test.ts[2m > [22mcomputeThumb[2m > [22mpins the thumb flush-right at max scroll[32m 1[2mms[22m[39m
 [32mΓ£ô[39m src/utils/__tests__/tabScrollbarGeometry.test.ts[2m > [22mcomputeThumb[2m > [22mplaces the thumb at the midpoint for a mid scroll[32m 1[2mms[22m[39m
 [32mΓ£ô[39m src/utils/__tests__/tabScrollbarGeometry.test.ts[2m > [22mcomputeThumb[2m > [22menforces the minimum thumb width on very wide content[32m 1[2mms[22m[39m
 [32mΓ£ô[39m src/utils/__tests__/tabScrollbarGeometry.test.ts[2m > [22mcomputeThumb[2m > [22mclamps thumbLeft so it never overruns the track[32m 1[2mms[22m[39m
 [32mΓ£ô[39m src/utils/__tests__/tabScrollbarGeometry.test.ts[2m > [22mscrollLeftFromThumb[2m > [22mmaps thumbLeft 0 to scrollLeft 0[32m 1[2mms[22m[39m
 [32mΓ£ô[39m src/utils/__tests__/tabScrollbarGeometry.test.ts[2m > [22mscrollLeftFromThumb[2m > [22mmaps thumbLeft at the right edge to max scrollLeft[32m 1[2mms[22m[39m
 [32mΓ£ô[39m src/utils/__tests__/tabScrollbarGeometry.test.ts[2m > [22mscrollLeftFromThumb[2m > [22mis the inverse of computeThumb for a mid position[32m 1[2mms[22m[39m
 [32mΓ£ô[39m src/utils/__tests__/tabScrollbarGeometry.test.ts[2m > [22mscrollLeftFromThumb[2m > [22mclamps when the thumb is dragged past the end[32m 1[2mms[22m[39m
 [32mΓ£ô[39m src/utils/__tests__/tabScrollbarGeometry.test.ts[2m > [22mscrollLeftFromThumb[2m > [22mreturns 0 when there is no room to scroll[32m 1[2mms[22m[39m
 [32mΓ£ô[39m src/utils/__tests__/tabScrollbarGeometry.test.ts[2m > [22mscrollLeftFromTrackClick[2m > [22mcenters the viewport on a mid-track click[32m 1[2mms[22m[39m
 [32mΓ£ô[39m src/utils/__tests__/tabScrollbarGeometry.test.ts[2m > [22mscrollLeftFromTrackClick[2m > [22mclamps to 0 when clicking near the start[32m 1[2mms[22m[39m
 [32mΓ£ô[39m src/utils/__tests__/tabScrollbarGeometry.test.ts[2m > [22mscrollLeftFromTrackClick[2m > [22mclamps to max when clicking near the end[32m 0[2mms[22m[39m
 [32mΓ£ô[39m src/utils/__tests__/evidenceItemPdf.test.ts[2m > [22mparseChain[2m > [22mreturns [] for null / undefined / empty[32m 10[2mms[22m[39m
 [32mΓ£ô[39m src/utils/__tests__/evidenceItemPdf.test.ts[2m > [22mparseChain[2m > [22mpasses through an already-parsed array[32m 1[2mms[22m[39m
 [32mΓ£ô[39m src/utils/__tests__/evidenceItemPdf.test.ts[2m > [22mparseChain[2m > [22mparses a JSON string[32m 1[2mms[22m[39m
 [32mΓ£ô[39m src/utils/__tests__/evidenceItemPdf.test.ts[2m > [22mparseChain[2m > [22mreturns [] on malformed JSON (no throw)[32m 1[2mms[22m[39m
 [32mΓ£ô[39m src/utils/__tests__/evidenceItemPdf.test.ts[2m > [22mparseChain[2m > [22mreturns [] when the JSON parses to a non-array[32m 1[2mms[22m[39m
 [32mΓ£ô[39m src/utils/__tests__/evidenceItemPdf.test.ts[2m > [22mprettyAction[2m > [22mconverts snake_case to Title Case[32m 2[2mms[22m[39m
 [32mΓ£ô[39m src/utils/__tests__/evidenceItemPdf.test.ts[2m > [22mprettyAction[2m > [22mhandles a single-word action[32m 1[2mms[22m[39m
 [32mΓ£ô[39m src/utils/__tests__/evidenceItemPdf.test.ts[2m > [22mprettyAction[2m > [22mreturns empty string for missing value[32m 1[2mms[22m[39m
 [32mΓ£ô[39m src/utils/__tests__/evidenceItemPdf.test.ts[2m > [22mchainEntryDate[2m > [22mprefers `at` over `timestamp`[32m 1[2mms[22m[39m
 [32mΓ£ô[39m src/utils/__tests__/evidenceItemPdf.test.ts[2m > [22mchainEntryDate[2m > [22mfalls back to `timestamp` when `at` missing[32m 1[2mms[22m[39m
 [32mΓ£ô[39m src/utils/__tests__/evidenceItemPdf.test.ts[2m > [22mchainEntryDate[2m > [22mreturns empty string when neither present[32m 1[2mms[22m[39m
 [32mΓ£ô[39m src/utils/__tests__/evidenceItemPdf.test.ts[2m > [22mchainEntryActor[2m > [22mprefers by_name over by[32m 1[2mms[22m[39m
 [32mΓ£ô[39m src/utils/__tests__/evidenceItemPdf.test.ts[2m > [22mchainEntryActor[2m > [22mfalls back to by[32m 1[2mms[22m[39m
 [32mΓ£ô[39m src/utils/__tests__/evidenceItemPdf.test.ts[2m > [22mchainEntryActor[2m > [22mreturns em-dash when neither[32m 0[2mms[22m[39m
 [32mΓ£ô[39m src/utils/__tests__/evidenceItemPdf.test.ts[2m > [22mchainEntryLocation[2m > [22mprefers to_location (most recent destination)[32m 1[2mms[22m[39m
 [32mΓ£ô[39m src/utils/__tests__/evidenceItemPdf.test.ts[2m > [22mchainEntryLocation[2m > [22mfalls back to location[32m 0[2mms[22m[39m
 [32mΓ£ô[39m src/utils/__tests__/evidenceItemPdf.test.ts[2m > [22mchainEntryLocation[2m > [22mfalls back to from_location when nothing else[32m 0[2mms[22m[39m
 [32mΓ£ô[39m src/utils/__tests__/evidenceItemPdf.test.ts[2m > [22mchainEntryLocation[2m > [22mreturns em-dash when none[32m 1[2mms[22m[39m
 [32mΓ£ô[39m src/utils/__tests__/dashcamForensics.test.ts[2m > [22mdashcamForensics ΓÇö geo[2m > [22mhaversineMeters is ~0 for identical points and positive otherwise[32m 8[2mms[22m[39m
 [32mΓ£ô[39m src/utils/__tests__/dashcamForensics.test.ts[2m > [22mdashcamForensics ΓÇö geo[2m > [22mbearingDeg eastward Γëê 90┬░, compass maps it to E[32m 3[2mms[22m[39m
 [32mΓ£ô[39m src/utils/__tests__/dashcamForensics.test.ts[2m > [22mdashcamForensics ΓÇö trackStats[2m > [22msummarizes speed, distance and g-forces[32m 2[2mms[22m[39m
 [32mΓ£ô[39m src/utils/__tests__/dashcamForensics.test.ts[2m > [22mdashcamForensics ΓÇö trackStats[2m > [22mis safe on empty + single-point tracks[32m 1[2mms[22m[39m
 [32mΓ£ô[39m src/utils/__tests__/dashcamForensics.test.ts[2m > [22mdashcamForensics ΓÇö normalizeTrack[2m > [22mprojects points inside the padded box, north-up[32m 7[2mms[22m[39m
 [32mΓ£ô[39m src/utils/__tests__/dashcamForensics.test.ts[2m > [22mdashcamForensics ΓÇö normalizeTrack[2m > [22mreturns [] for an empty track[32m 3[2mms[22m[39m
 [32mΓ£ô[39m src/utils/__tests__/dashcamForensics.test.ts[2m > [22mdashcamForensics ΓÇö positionAtTime[2m > [22mclamps before/after and interpolates mid-track[32m 2[2mms[22m[39m
 [32mΓ£ô[39m src/utils/__tests__/dashcamForensics.test.ts[2m > [22mdashcamForensics ΓÇö positionAtTime[2m > [22mreturns null for empty track[32m 1[2mms[22m[39m
 [32mΓ£ô[39m src/utils/__tests__/dashcamForensics.test.ts[2m > [22mdashcamForensics ΓÇö presentation[2m > [22mspeedColor ramps greenΓåÆred with speed[32m 4[2mms[22m[39m
 [32mΓ£ô[39m src/utils/__tests__/dashcamForensics.test.ts[2m > [22mdashcamForensics ΓÇö presentation[2m > [22mforensicVerdict tailors to the event type[32m 2[2mms[22m[39m
 [32mΓ£ô[39m src/utils/__tests__/retryTransient.test.ts[2m > [22mwithOneRetry[2m > [22mreturns the result on first success without retrying[32m 20[2mms[22m[39m
 [32mΓ£ô[39m src/utils/__tests__/retryTransient.test.ts[2m > [22mwithOneRetry[2m > [22mretries once after a transient failure and returns the second result[32m 7[2mms[22m[39m
 [32mΓ£ô[39m src/utils/__tests__/retryTransient.test.ts[2m > [22mwithOneRetry[2m > [22mpropagates the second failure (does NOT mask a genuine, persistent error)[32m 7[2mms[22m[39m
 [32mΓ£ô[39m src/utils/__tests__/dispatcherRules.events.test.ts[2m > [22mevent rules[2m > [22mexports exactly 6 rules, all event-triggered[32m 11[2mms[22m[39m
 [32mΓ£ô[39m src/utils/__tests__/dispatcherRules.events.test.ts[2m > [22mevent rules[2m > [22mcitation-issued[2m > [22mmatches server nested shape (production broadcast)[32m 2[2mms[22m[39m
 [32mΓ£ô[39m src/utils/__tests__/dispatcherRules.events.test.ts[2m > [22mevent rules[2m > [22mcitation-issued[2m > [22malso matches flat shape (future broadcast)[32m 1[2mms[22m[39m
 [32mΓ£ô[39m src/utils/__tests__/dispatcherRules.events.test.ts[2m > [22mevent rules[2m > [22mcitation-issued[2m > [22mskips the "by officer" and fine clauses when absent[32m 2[2mms[22m[39m
 [32mΓ£ô[39m src/utils/__tests__/dispatcherRules.events.test.ts[2m > [22mevent rules[2m > [22mcitation-issued[2m > [22mentityKey keys on the citation number[32m 1[2mms[22m[39m
 [32mΓ£ô[39m src/utils/__tests__/dispatcherRules.events.test.ts[2m > [22mevent rules[2m > [22mincident-created[2m > [22mspeaks incident number + source call[32m 1[2mms[22m[39m
 [32mΓ£ô[39m src/utils/__tests__/dispatcherRules.events.test.ts[2m > [22mevent rules[2m > [22mwarrant-entered[2m > [22mspeaks subject + class + bail[32m 1[2mms[22m[39m
 [32mΓ£ô[39m src/utils/__tests__/dispatcherRules.events.test.ts[2m > [22mevent rules[2m > [22mwarrant-entered[2m > [22momits bail when missing[32m 1[2mms[22m[39m
 [32mΓ£ô[39m src/utils/__tests__/dispatcherRules.events.test.ts[2m > [22mevent rules[2m > [22mevidence-logged[2m > [22mspeaks tag number + case number[32m 1[2mms[22m[39m
 [32mΓ£ô[39m src/utils/__tests__/dispatcherRules.events.test.ts[2m > [22mevent rules[2m > [22mevidence-logged[2m > [22momits case clause when missing[32m 1[2mms[22m[39m
 [32mΓ£ô[39m src/utils/__tests__/dispatcherRules.events.test.ts[2m > [22mevent rules[2m > [22marrest-booked[2m > [22mspeaks subject + charge + officer (nested shape from server)[32m 1[2mms[22m[39m
 [32mΓ£ô[39m src/utils/__tests__/dispatcherRules.events.test.ts[2m > [22mevent rules[2m > [22marrest-booked[2m > [22malso accepts flat shape[32m 1[2mms[22m[39m
 [32mΓ£ô[39m src/utils/__tests__/dispatcherRules.events.test.ts[2m > [22mevent rules[2m > [22mhr-approval[2m > [22mspeaks the officer name[32m 1[2mms[22m[39m
 [32mΓ£ô[39m src/utils/__tests__/dispatcherRules.events.test.ts[2m > [22mevent rules[2m > [22mhr-approval[2m > [22mdoes not match when officer_name missing[32m 1[2mms[22m[39m
 [32mΓ£ô[39m src/utils/__tests__/warrantListHelpers.test.ts[2m > [22mwarrantListHelpers[2m > [22mpriorityBucket[32m 8[2mms[22m[39m
 [32mΓ£ô[39m src/utils/__tests__/warrantListHelpers.test.ts[2m > [22mwarrantListHelpers[2m > [22mformatAge[32m 2[2mms[22m[39m
 [32mΓ£ô[39m src/utils/__tests__/warrantListHelpers.test.ts[2m > [22mwarrantListHelpers[2m > [22mfreshnessClass[32m 1[2mms[22m[39m
 [32mΓ£ô[39m src/utils/__tests__/warrantListHelpers.test.ts[2m > [22mwarrantListHelpers[2m > [22mstateFromSource[32m 1[2mms[22m[39m
 [32mΓ£ô[39m src/utils/__tests__/equipmentCustodyPdf.test.ts[2m > [22mtoDisplayLabel (used for actions)[2m > [22mconverts snake_case to Title Case[32m 8[2mms[22m[39m
 [32mΓ£ô[39m src/utils/__tests__/equipmentCustodyPdf.test.ts[2m > [22mtoDisplayLabel (used for actions)[2m > [22mhandles a single-word action[32m 1[2mms[22m[39m
 [32mΓ£ô[39m src/utils/__tests__/equipmentCustodyPdf.test.ts[2m > [22mtoDisplayLabel (used for actions)[2m > [22mreturns empty string for missing value[32m 1[2mms[22m[39m
 [32mΓ£ô[39m src/utils/__tests__/equipmentCustodyPdf.test.ts[2m > [22mlogEntryDate[2m > [22mprefers checkout_date over checkin_date[32m 1[2mms[22m[39m
 [32mΓ£ô[39m src/utils/__tests__/equipmentCustodyPdf.test.ts[2m > [22mlogEntryDate[2m > [22mfalls back to checkin_date when checkout_date missing[32m 1[2mms[22m[39m
 [32mΓ£ô[39m src/utils/__tests__/equipmentCustodyPdf.test.ts[2m > [22mlogEntryDate[2m > [22mfalls back to created_at when only audit timestamp present[32m 1[2mms[22m[39m
 [32mΓ£ô[39m src/utils/__tests__/equipmentCustodyPdf.test.ts[2m > [22mlogEntryDate[2m > [22mreturns empty string when none present[32m 1[2mms[22m[39m
 [32mΓ£ô[39m src/utils/__tests__/equipmentCustodyPdf.test.ts[2m > [22mlogEntryActor[2m > [22mprefers checked_by_name (joined human name) over performed_by id[32m 1[2mms[22m[39m
 [32mΓ£ô[39m src/utils/__tests__/equipmentCustodyPdf.test.ts[2m > [22mlogEntryActor[2m > [22mfalls back to performed_by when no joined name[32m 1[2mms[22m[39m
 [32mΓ£ô[39m src/utils/__tests__/equipmentCustodyPdf.test.ts[2m > [22mlogEntryActor[2m > [22mreturns em-dash when neither[32m 1[2mms[22m[39m
 [32mΓ£ô[39m src/utils/__tests__/auditEntityRoute.test.ts[2m > [22mgetAuditEntityRoute[2m > [22mreturns null when entity_type is missing[32m 8[2mms[22m[39m
 [32mΓ£ô[39m src/utils/__tests__/auditEntityRoute.test.ts[2m > [22mgetAuditEntityRoute[2m > [22mreturns null when entity_id is missing[32m 1[2mms[22m[39m
 [32mΓ£ô[39m src/utils/__tests__/auditEntityRoute.test.ts[2m > [22mgetAuditEntityRoute[2m > [22maccepts numeric ids and string ids interchangeably[32m 4[2mms[22m[39m
 [32mΓ£ô[39m src/utils/__tests__/auditEntityRoute.test.ts[2m > [22mgetAuditEntityRoute[2m > [22mtreats entity_id="0" as routable (rare but legitimate)[32m 2[2mms[22m[39m
 [32mΓ£ô[39m src/utils/__tests__/auditEntityRoute.test.ts[2m > [22mgetAuditEntityRoute[2m > [22mmaps a warrant to the Warrants deep-link[32m 1[2mms[22m[39m
 [32mΓ£ô[39m src/utils/__tests__/auditEntityRoute.test.ts[2m > [22mgetAuditEntityRoute[2m > [22mis case-insensitive on entity_type[32m 1[2mms[22m[39m
 [32mΓ£ô[39m src/utils/__tests__/auditEntityRoute.test.ts[2m > [22mgetAuditEntityRoute[2m > [22mtolerates the plural form recorded by some routes[32m 1[2mms[22m[39m
 [32mΓ£ô[39m src/utils/__tests__/auditEntityRoute.test.ts[2m > [22mgetAuditEntityRoute[2m > [22mroutes Records tabs to the right ?tab= + ?<entity>_id= pair[32m 1[2mms[22m[39m
 [32mΓ£ô[39m src/utils/__tests__/auditEntityRoute.test.ts[2m > [22mgetAuditEntityRoute[2m > [22mroutes evidence to its dedicated page (not the Records tab)[32m 1[2mms[22m[39m
 [32mΓ£ô[39m src/utils/__tests__/auditEntityRoute.test.ts[2m > [22mgetAuditEntityRoute[2m > [22mroutes a call to MDT[32m 3[2mms[22m[39m
 [32mΓ£ô[39m src/utils/__tests__/auditEntityRoute.test.ts[2m > [22mgetAuditEntityRoute[2m > [22mroutes incident / citation / case / dar / fi to their pages[32m 1[2mms[22m[39m
 [32mΓ£ô[39m src/utils/__tests__/auditEntityRoute.test.ts[2m > [22mgetAuditEntityRoute[2m > [22mroutes serve queue and trespass orders[32m 1[2mms[22m[39m
 [32mΓ£ô[39m src/utils/__tests__/auditEntityRoute.test.ts[2m > [22mgetAuditEntityRoute[2m > [22mroutes dashcam and bodycam[32m 1[2mms[22m[39m
 [32mΓ£ô[39m src/utils/__tests__/auditEntityRoute.test.ts[2m > [22mgetAuditEntityRoute[2m > [22mroutes inmate / jail booking to Jail[32m 1[2mms[22m[39m
 [32mΓ£ô[39m src/utils/__tests__/auditEntityRoute.test.ts[2m > [22mgetAuditEntityRoute[2m > [22mroutes user to Personnel[32m 1[2mms[22m[39m
 [32mΓ£ô[39m src/utils/__tests__/auditEntityRoute.test.ts[2m > [22mgetAuditEntityRoute[2m > [22mroutes task / task_assignment to the Tasks page[32m 1[2mms[22m[39m
 [32mΓ£ô[39m src/utils/__tests__/auditEntityRoute.test.ts[2m > [22mgetAuditEntityRoute[2m > [22mreturns null for non-routable system entity types[32m 1[2mms[22m[39m
 [32mΓ£ô[39m src/utils/__tests__/auditEntityRoute.test.ts[2m > [22mgetAuditEntityRoute[2m > [22mreturns null for unrecognized entity_type values[32m 1[2mms[22m[39m
 [32mΓ£ô[39m src/utils/__tests__/auditEntityRoute.test.ts[2m > [22mgetAuditEntityRoute[2m > [22murl-encodes entity_id values containing special characters[32m 1[2mms[22m[39m
 [32mΓ£ô[39m src/pages/pdf-editor/__tests__/pageNumberFormat.test.ts[2m > [22mformatPageNumber[2m > [22mformats decimal (default)[32m 8[2mms[22m[39m
 [32mΓ£ô[39m src/pages/pdf-editor/__tests__/pageNumberFormat.test.ts[2m > [22mformatPageNumber[2m > [22mformats lower/upper roman[32m 2[2mms[22m[39m
 [32mΓ£ô[39m src/pages/pdf-editor/__tests__/pageNumberFormat.test.ts[2m > [22mformatPageNumber[2m > [22mformats lower/upper alpha (spreadsheet-style)[32m 1[2mms[22m[39m
 [32mΓ£ô[39m src/pages/pdf-editor/__tests__/pageNumberFormat.test.ts[2m > [22mresolvePageLabel[2m > [22mreturns plain decimal when no rules[32m 2[2mms[22m[39m
 [32mΓ£ô[39m src/pages/pdf-editor/__tests__/pageNumberFormat.test.ts[2m > [22mresolvePageLabel[2m > [22mapplies the matching rule with its start offset[32m 2[2mms[22m[39m
 [32mΓ£ô[39m src/pages/pdf-editor/__tests__/pageNumberFormat.test.ts[2m > [22mresolvePageLabel[2m > [22mhonors a prefix and a non-1 start[32m 1[2mms[22m[39m
 [32mΓ£ô[39m src/pages/pdf-editor/__tests__/pageNumberFormat.test.ts[2m > [22mresolvePageLabel[2m > [22mlets a later overlapping rule win[32m 2[2mms[22m[39m
 [32mΓ£ô[39m src/utils/__tests__/fastAlpr.test.ts[2m > [22mplateBoxToFrame[2m > [22mmaps a plate box from a 1:1 crop to the same frame coordinates[32m 9[2mms[22m[39m
 [32mΓ£ô[39m src/utils/__tests__/fastAlpr.test.ts[2m > [22mplateBoxToFrame[2m > [22mscales up when the canvas is smaller than the crop region[32m 2[2mms[22m[39m
 [32mΓ£ô[39m src/utils/__tests__/fastAlpr.test.ts[2m > [22mplateBoxToFrame[2m > [22mhandles a crop that starts at the frame origin[32m 1[2mms[22m[39m
 [32mΓ£ô[39m src/utils/__tests__/fastAlpr.test.ts[2m > [22mbestPlate[2m > [22mreturns null for an empty array[32m 1[2mms[22m[39m
 [32mΓ£ô[39m src/utils/__tests__/fastAlpr.test.ts[2m > [22mbestPlate[2m > [22mpicks the highest-confidence detection[32m 1[2mms[22m[39m
 [32mΓ£ô[39m src/utils/__tests__/fastAlpr.test.ts[2m > [22mbestPlate[2m > [22mreturns the only element when given a single detection[32m 1[2mms[22m[39m
 [32mΓ£ô[39m src/utils/__tests__/serveIntakeDefendants.test.ts[2m > [22mparseDefendants[2m > [22mreturns empty array for null/undefined/empty[32m 9[2mms[22m[39m
 [32mΓ£ô[39m src/utils/__tests__/serveIntakeDefendants.test.ts[2m > [22mparseDefendants[2m > [22mreturns single entry for one name with no separator[32m 7[2mms[22m[39m
 [32mΓ£ô[39m src/utils/__tests__/serveIntakeDefendants.test.ts[2m > [22mparseDefendants[2m > [22msplits on ';' with confidence 1.0[32m 3[2mms[22m[39m
 [32mΓ£ô[39m src/utils/__tests__/serveIntakeDefendants.test.ts[2m > [22mparseDefendants[2m > [22msplits on ' and ' (word boundaries) with confidence 0.8[32m 1[2mms[22m[39m
 [32mΓ£ô[39m src/utils/__tests__/serveIntakeDefendants.test.ts[2m > [22mparseDefendants[2m > [22msplits on comma only when 3+ name-shaped tokens (conf 0.6)[32m 2[2mms[22m[39m
 [32mΓ£ô[39m src/utils/__tests__/serveIntakeDefendants.test.ts[2m > [22mparseDefendants[2m > [22mtreats 'Smith, John' (2-token surname-first) as ONE entry[32m 1[2mms[22m[39m
 [32mΓ£ô[39m src/utils/__tests__/serveIntakeDefendants.test.ts[2m > [22mparseDefendants[2m > [22mfilters out business entries from a mixed list[32m 1[2mms[22m[39m
 [32mΓ£ô[39m src/utils/__tests__/serveIntakeDefendants.test.ts[2m > [22mparseDefendants[2m > [22mreturns empty array when all entries are businesses[32m 1[2mms[22m[39m
 [32mΓ£ô[39m src/utils/__tests__/serveIntakeDefendants.test.ts[2m > [22mparseDefendants[2m > [22mstrips 'et al.' and 'Defendant N:' labels[32m 1[2mms[22m[39m
 [32mΓ£ô[39m src/utils/__tests__/serveIntakeDefendants.test.ts[2m > [22mparseDefendants[2m > [22msplits on newline with confidence 0.5[32m 1[2mms[22m[39m
 [32mΓ£ô[39m src/utils/__tests__/serveIntakeDefendants.test.ts[2m > [22mparseDefendants[2m > [22mpreserves raw_source on each entry for audit[32m 1[2mms[22m[39m
 [32mΓ£ô[39m src/utils/__tests__/serveIntakeDefendants.test.ts[2m > [22mparseDefendants[2m > [22mdetects business markers: LLC, Inc., Corp., Co., LLP, Trust, Estate of[32m 1[2mms[22m[39m
 [32mΓ£ô[39m src/utils/__tests__/tacticalForensics.test.ts[2m > [22mtacticalForensics ΓÇö g-force[2m > [22mis negative under braking, positive under acceleration[32m 8[2mms[22m[39m
 [32mΓ£ô[39m src/utils/__tests__/tacticalForensics.test.ts[2m > [22mtacticalForensics ΓÇö threats[2m > [22mflags hard braking + speeding over posted limit[32m 4[2mms[22m[39m
 [32mΓ£ô[39m src/utils/__tests__/tacticalForensics.test.ts[2m > [22mtacticalForensics ΓÇö threats[2m > [22mflags sharp turns with direction[32m 1[2mms[22m[39m
 [32mΓ£ô[39m src/utils/__tests__/tacticalForensics.test.ts[2m > [22mtacticalForensics ΓÇö threats[2m > [22muses absolute thresholds when no posted limit[32m 2[2mms[22m[39m
 [32mΓ£ô[39m src/utils/__tests__/tacticalForensics.test.ts[2m > [22mtacticalForensics ΓÇö threats[2m > [22mflags rapid acceleration[32m 3[2mms[22m[39m
 [32mΓ£ô[39m src/utils/__tests__/tacticalForensics.test.ts[2m > [22mtacticalForensics ΓÇö threats[2m > [22mseverityColor maps tiers[32m 1[2mms[22m[39m
 [32mΓ£ô[39m src/utils/__tests__/tacticalForensics.test.ts[2m > [22mtacticalForensics ΓÇö zoom[2m > [22mcentres on the box and scales it up, capped[32m 2[2mms[22m[39m
 [32mΓ£ô[39m src/utils/__tests__/tacticalForensics.test.ts[2m > [22mtacticalForensics ΓÇö zoom[2m > [22ma near-full-frame box barely zooms[32m 1[2mms[22m[39m
 [32mΓ£ô[39m src/utils/__tests__/tacticalForensics.test.ts[2m > [22mtacticalForensics ΓÇö evidence stamp[2m > [22mcomposes chain-of-custody lines from available metadata[32m 2[2mms[22m[39m
 [32mΓ£ô[39m src/utils/__tests__/tacticalForensics.test.ts[2m > [22mtacticalForensics ΓÇö evidence stamp[2m > [22mskips missing fields gracefully[32m 3[2mms[22m[39m
 [32mΓ£ô[39m src/utils/__tests__/tacticalForensics.test.ts[2m > [22mtacticalForensics ΓÇö evidence stamp[2m > [22mbuilds a safe filename[32m 2[2mms[22m[39m
 [32mΓ£ô[39m src/pages/dispatch/utils/__tests__/psoNoticeAutofill.test.ts[2m > [22misPsoClientRequest[2m > [22mmatches only pso_client_request[32m 9[2mms[22m[39m
 [32mΓ£ô[39m src/pages/dispatch/utils/__tests__/psoNoticeAutofill.test.ts[2m > [22mbuildNoticeOfCommunicationFromCall[2m > [22mfalls back to the client record for the addressee (via applyCallPdfAutofill)[32m 4[2mms[22m[39m
 [32mΓ£ô[39m src/pages/dispatch/utils/__tests__/psoNoticeAutofill.test.ts[2m > [22mbuildNoticeOfCommunicationFromCall[2m > [22mrepresents the failed call as a single attempt row from the cleared time[32m 4[2mms[22m[39m
 [32mΓ£ô[39m src/pages/dispatch/utils/__tests__/psoNoticeAutofill.test.ts[2m > [22mbuildNoticeOfCommunicationFromCall[2m > [22mcarries the officer + re-dispatch context through[32m 1[2mms[22m[39m
 [32mΓ£ô[39m src/pages/dispatch/utils/__tests__/psoNoticeAutofill.test.ts[2m > [22mbuildNoticeOfCommunicationFromCall[2m > [22mfalls back to "Legal Documents" (respondent-readable) and attempt 1 when absent[32m 2[2mms[22m[39m
 [32mΓ£ô[39m src/pages/dispatch/utils/__tests__/psoNoticeAutofill.test.ts[2m > [22mbuildNoticeOfCommunicationFromCall[2m > [22mderives service type from the client industry when pso_service_type is blank[32m 2[2mms[22m[39m
 [32mΓ£ô[39m src/pages/dispatch/utils/__tests__/psoNoticeAutofill.test.ts[2m > [22mbuildNoticeOfCommunicationFromCall[2m > [22mderives "Process Service" from a PS disposition when no industry is set[32m 1[2mms[22m[39m
 [32mΓ£ô[39m src/pages/dispatch/utils/__tests__/psoNoticeAutofill.test.ts[2m > [22mbuildNoticeOfCommunicationFromCall[2m > [22maddresses the contracting client record (name + contact + phone + address)[32m 1[2mms[22m[39m
 [32mΓ£ô[39m src/pages/dispatch/utils/__tests__/psoNoticeAutofill.test.ts[2m > [22mbuildNoticeOfCommunicationFromCall[2m > [22msurfaces every visit in the PSO chain as its own attempt row[32m 5[2mms[22m[39m
 [32mΓ£ô[39m src/pages/dispatch/utils/__tests__/psoNoticeAutofill.test.ts[2m > [22mbuildNoticeOfCommunicationFromCall[2m > [22mdedups attempts by visit_number so the same row never lists twice[32m 2[2mms[22m[39m
 [32mΓ£ô[39m src/pages/navigation/__tests__/vehicleTelemetry.test.ts[2m > [22mclassifyDrivingEvent[2m > [22mreturns null below the speed gate[32m 7[2mms[22m[39m
 [32mΓ£ô[39m src/pages/navigation/__tests__/vehicleTelemetry.test.ts[2m > [22mclassifyDrivingEvent[2m > [22mflags harsh braking by severity band[32m 6[2mms[22m[39m
 [32mΓ£ô[39m src/pages/navigation/__tests__/vehicleTelemetry.test.ts[2m > [22mclassifyDrivingEvent[2m > [22mflags harsh acceleration[32m 2[2mms[22m[39m
 [32mΓ£ô[39m src/pages/navigation/__tests__/vehicleTelemetry.test.ts[2m > [22mclassifyDrivingEvent[2m > [22mflags hard cornering regardless of turn direction[32m 1[2mms[22m[39m
 [32mΓ£ô[39m src/pages/navigation/__tests__/vehicleTelemetry.test.ts[2m > [22mclassifyDrivingEvent[2m > [22mreports the most severe of competing forces[32m 1[2mms[22m[39m
 [32mΓ£ô[39m src/pages/navigation/__tests__/vehicleTelemetry.test.ts[2m > [22mclassifyDrivingEvent[2m > [22mignores unremarkable motion[32m 1[2mms[22m[39m
 [32mΓ£ô[39m src/pages/navigation/__tests__/vehicleTelemetry.test.ts[2m > [22mbuildMovementReport[2m > [22mreturns an empty report for too-short tracks[32m 5[2mms[22m[39m
 [32mΓ£ô[39m src/pages/navigation/__tests__/vehicleTelemetry.test.ts[2m > [22mbuildMovementReport[2m > [22mderives speed from position when the device reports none[32m 8[2mms[22m[39m
 [32mΓ£ô[39m src/pages/navigation/__tests__/vehicleTelemetry.test.ts[2m > [22mbuildMovementReport[2m > [22muses device speed when present[32m 2[2mms[22m[39m
 [32mΓ£ô[39m src/pages/navigation/__tests__/vehicleTelemetry.test.ts[2m > [22mbuildMovementReport[2m > [22mcounts a stop when the vehicle decelerates to rest[32m 2[2mms[22m[39m
 [32mΓ£ô[39m src/pages/navigation/__tests__/vehicleTelemetry.test.ts[2m > [22mbuildMovementReport[2m > [22mrecords a hard-braking event on a sharp deceleration[32m 1[2mms[22m[39m
 [32mΓ£ô[39m src/components/__tests__/statuteAutofill.test.ts[2m > [22mapplyStatuteAutofill[2m > [22mfills empty description, level, fine from statute[32m 15[2mms[22m[39m
 [32mΓ£ô[39m src/components/__tests__/statuteAutofill.test.ts[2m > [22mapplyStatuteAutofill[2m > [22mkeeps officer-edited description (non-empty)[32m 1[2mms[22m[39m
 [32mΓ£ô[39m src/components/__tests__/statuteAutofill.test.ts[2m > [22mapplyStatuteAutofill[2m > [22mkeeps officer-edited fine (non-zero)[32m 1[2mms[22m[39m
 [32mΓ£ô[39m src/utils/__tests__/dispatcherRules.coaching.test.ts[2m > [22mcoaching rules[2m > [22mexports 5 rules[32m 9[2mms[22m[39m
 [32mΓ£ô[39m src/utils/__tests__/dispatcherRules.coaching.test.ts[2m > [22mcoaching rules[2m > [22mdv-approach-warning[2m > [22mmatches call_created with domestic_violence flag[32m 3[2mms[22m[39m
 [32mΓ£ô[39m src/utils/__tests__/dispatcherRules.coaching.test.ts[2m > [22mcoaching rules[2m > [22mdv-approach-warning[2m > [22mdoes not match calls without DV flag[32m 1[2mms[22m[39m
 [32mΓ£ô[39m src/utils/__tests__/dispatcherRules.coaching.test.ts[2m > [22mcoaching rules[2m > [22mdv-approach-warning[2m > [22mentityKey = call_number (cooldown keyed per call)[32m 1[2mms[22m[39m
 [32mΓ£ô[39m src/utils/__tests__/dispatcherRules.coaching.test.ts[2m > [22mcoaching rules[2m > [22mfelony-backup-suggest[2m > [22mmatches felony_in_progress with fewer than 2 units assigned[32m 1[2mms[22m[39m
 [32mΓ£ô[39m src/utils/__tests__/dispatcherRules.coaching.test.ts[2m > [22mcoaching rules[2m > [22mfelony-backup-suggest[2m > [22mdoes NOT match when 2+ units already assigned[32m 1[2mms[22m[39m
 [32mΓ£ô[39m src/utils/__tests__/dispatcherRules.coaching.test.ts[2m > [22mcoaching rules[2m > [22mfelony-backup-suggest[2m > [22mhandles JSON-string assigned_units (legacy shape)[32m 1[2mms[22m[39m
 [32mΓ£ô[39m src/utils/__tests__/dispatcherRules.coaching.test.ts[2m > [22mcoaching rules[2m > [22mmental-health-protocol[2m > [22mmatches mental_health_crisis flag[32m 1[2mms[22m[39m
 [32mΓ£ô[39m src/utils/__tests__/dispatcherRules.coaching.test.ts[2m > [22mcoaching rules[2m > [22mgeofence-breach[2m > [22mmatches event with call_sign; compose names the unit + beat[32m 1[2mms[22m[39m
 [32mΓ£ô[39m src/utils/__tests__/dispatcherRules.coaching.test.ts[2m > [22mcoaching rules[2m > [22moverdue-status-check (timer rule)[2m > [22mis a timer-triggered rule[32m 1[2mms[22m[39m
 [32mΓ£ô[39m src/utils/__tests__/dispatcherRules.coaching.test.ts[2m > [22mcoaching rules[2m > [22moverdue-status-check (timer rule)[2m > [22mfires when on-scene for 8+ minutes[32m 1[2mms[22m[39m
 [32mΓ£ô[39m src/utils/__tests__/dispatcherRules.coaching.test.ts[2m > [22mcoaching rules[2m > [22moverdue-status-check (timer rule)[2m > [22mdoes NOT fire before 8 minutes[32m 1[2mms[22m[39m
 [32mΓ£ô[39m src/utils/__tests__/dispatcherRules.coaching.test.ts[2m > [22mcoaching rules[2m > [22moverdue-status-check (timer rule)[2m > [22mdoes NOT fire when no currentUserOnSceneAt[32m 2[2mms[22m[39m
 [32mΓ£ô[39m src/pages/dispatch/utils/__tests__/callPdfAutofill.test.ts[2m > [22mapplyCallPdfAutofill[2m > [22mreturns a copy ΓÇö never mutates the input[32m 10[2mms[22m[39m
 [32mΓ£ô[39m src/pages/dispatch/utils/__tests__/callPdfAutofill.test.ts[2m > [22mapplyCallPdfAutofill[2m > [22mleaves non-PSO calls alone (no requestor/client fallback)[32m 1[2mms[22m[39m
 [32mΓ£ô[39m src/pages/dispatch/utils/__tests__/callPdfAutofill.test.ts[2m > [22mapplyCallPdfAutofill[2m > [22mPSO calls[2m > [22mfalls back pso_requestor_name to client_name when blank[32m 1[2mms[22m[39m
 [32mΓ£ô[39m src/pages/dispatch/utils/__tests__/callPdfAutofill.test.ts[2m > [22mapplyCallPdfAutofill[2m > [22mPSO calls[2m > [22mdoes not overwrite an existing pso_requestor_name[32m 1[2mms[22m[39m
 [32mΓ£ô[39m src/pages/dispatch/utils/__tests__/callPdfAutofill.test.ts[2m > [22mapplyCallPdfAutofill[2m > [22mPSO calls[2m > [22mfalls back caller_name and caller_phone to the requestor block[32m 1[2mms[22m[39m
 [32mΓ£ô[39m src/pages/dispatch/utils/__tests__/callPdfAutofill.test.ts[2m > [22mapplyCallPdfAutofill[2m > [22mPSO calls[2m > [22mcaller falls all the way through to client_name when requestor is blank[32m 1[2mms[22m[39m
 [32mΓ£ô[39m src/pages/dispatch/utils/__tests__/callPdfAutofill.test.ts[2m > [22mapplyCallPdfAutofill[2m > [22mPSO calls[2m > [22mdoes not overwrite an existing caller_name[32m 1[2mms[22m[39m
 [32mΓ£ô[39m src/pages/dispatch/utils/__tests__/callPdfAutofill.test.ts[2m > [22mapplyCallPdfAutofill[2m > [22mPSO calls[2m > [22mfalls back caller_address to the client address (server-joined)[32m 1[2mms[22m[39m
 [32mΓ£ô[39m src/pages/dispatch/utils/__tests__/callPdfAutofill.test.ts[2m > [22mapplyCallPdfAutofill[2m > [22mPSO calls[2m > [22mdoes not overwrite an existing caller_address[32m 1[2mms[22m[39m
 [32mΓ£ô[39m src/pages/dispatch/utils/__tests__/callPdfAutofill.test.ts[2m > [22mapplyCallPdfAutofill[2m > [22mPSO calls[2m > [22mdefaults caller_relationship to "Authorized Agent" when PSO + contracting party is set[32m 1[2mms[22m[39m
 [32mΓ£ô[39m src/pages/dispatch/utils/__tests__/callPdfAutofill.test.ts[2m > [22mapplyCallPdfAutofill[2m > [22mPSO calls[2m > [22mdoes not overwrite an explicit caller_relationship[32m 1[2mms[22m[39m
 [32mΓ£ô[39m src/pages/dispatch/utils/__tests__/callPdfAutofill.test.ts[2m > [22mapplyCallPdfAutofill[2m > [22mPSO calls[2m > [22mdoes NOT default caller_relationship when no contracting party is present[32m 1[2mms[22m[39m
 [32mΓ£ô[39m src/pages/dispatch/utils/__tests__/callPdfAutofill.test.ts[2m > [22mapplyCallPdfAutofill[2m > [22mPSO calls[2m > [22mfalls back pso_requestor_phone/email from the joined client record[32m 1[2mms[22m[39m
 [32mΓ£ô[39m src/pages/dispatch/utils/__tests__/callPdfAutofill.test.ts[2m > [22mapplyCallPdfAutofill[2m > [22mPSO calls[2m > [22mdoes not overwrite explicit requestor phone/email[32m 1[2mms[22m[39m
 [32mΓ£ô[39m src/pages/dispatch/utils/__tests__/callPdfAutofill.test.ts[2m > [22mapplyCallPdfAutofill[2m > [22mproperty_name fallback[2m > [22mfalls back to property_address when property_name is blank but address is set[32m 1[2mms[22m[39m
 [32mΓ£ô[39m src/pages/dispatch/utils/__tests__/callPdfAutofill.test.ts[2m > [22mapplyCallPdfAutofill[2m > [22mproperty_name fallback[2m > [22mdoes not overwrite an existing property_name[32m 1[2mms[22m[39m
 [32mΓ£ô[39m src/pages/dispatch/utils/__tests__/callPdfAutofill.test.ts[2m > [22mapplyCallPdfAutofill[2m > [22mprocess service calls[2m > [22mdefaults process_served_address to incident location when blank[32m 1[2mms[22m[39m
 [32mΓ£ô[39m src/pages/dispatch/utils/__tests__/callPdfAutofill.test.ts[2m > [22mapplyCallPdfAutofill[2m > [22mprocess service calls[2m > [22mdoes not overwrite an existing process_served_address[32m 1[2mms[22m[39m
 [32mΓ£ô[39m src/pages/dispatch/utils/__tests__/callPdfAutofill.test.ts[2m > [22mapplyCallPdfAutofill[2m > [22mprocess service calls[2m > [22mdoes NOT autofill process_served_to (defendant must be entered)[32m 1[2mms[22m[39m
 [32mΓ£ô[39m src/pages/dispatch/utils/__tests__/callPdfAutofill.test.ts[2m > [22mapplyCallPdfAutofill[2m > [22mprocess service calls[2m > [22mdoes NOT autofill process_served_at or process_service_result[32m 1[2mms[22m[39m
 [32mΓ£ô[39m src/utils/__tests__/vehicleTracker.test.ts[2m > [22mvehicleTracker ΓÇö iou[2m > [22mis 1 for identical boxes, 0 for disjoint[32m 8[2mms[22m[39m
 [32mΓ£ô[39m src/utils/__tests__/vehicleTracker.test.ts[2m > [22mvehicleTracker ΓÇö iou[2m > [22mis ~0.33 for half-overlapping equal boxes[32m 1[2mms[22m[39m
 [32mΓ£ô[39m src/utils/__tests__/vehicleTracker.test.ts[2m > [22mvehicleTracker ΓÇö stepTracker[2m > [22mcreates a track for a new detection and keeps a stable id as it moves[32m 7[2mms[22m[39m
 [32mΓ£ô[39m src/utils/__tests__/vehicleTracker.test.ts[2m > [22mvehicleTracker ΓÇö stepTracker[2m > [22msmooths the box toward the detection (EMA), not snapping[32m 1[2mms[22m[39m
 [32mΓ£ô[39m src/utils/__tests__/vehicleTracker.test.ts[2m > [22mvehicleTracker ΓÇö stepTracker[2m > [22mcoasts through a missed frame, then drops after maxMissed[32m 3[2mms[22m[39m
 [32mΓ£ô[39m src/utils/__tests__/vehicleTracker.test.ts[2m > [22mvehicleTracker ΓÇö stepTracker[2m > [22massigns two ids to two separate vehicles and matches each frame-to-frame[32m 2[2mms[22m[39m
 [32mΓ£ô[39m src/utils/__tests__/vehicleTracker.test.ts[2m > [22mvehicleTracker ΓÇö selection[2m > [22mvisibleTracks shows a fresh detection, keeps a confirmed track, hides a long-coasting ghost[32m 3[2mms[22m[39m
 [32mΓ£ô[39m src/utils/__tests__/vehicleTracker.test.ts[2m > [22mvehicleTracker ΓÇö selection[2m > [22mprimaryTrack favors the large, central, established track[32m 3[2mms[22m[39m
 [32mΓ£ô[39m src/utils/__tests__/vehicleTracker.test.ts[2m > [22mvehicleTracker ΓÇö selection[2m > [22mprimaryTrack never tags a pedestrian even if it is the biggest box[32m 2[2mms[22m[39m
 [32mΓ£ô[39m src/utils/__tests__/downscaleImage.test.ts[2m > [22mdownscaleDims[2m > [22mcaps the long edge at maxDim and keeps aspect ratio[32m 9[2mms[22m[39m
 [32mΓ£ô[39m src/utils/__tests__/downscaleImage.test.ts[2m > [22mdownscaleDims[2m > [22mhandles portrait[32m 1[2mms[22m[39m
 [32mΓ£ô[39m src/utils/__tests__/downscaleImage.test.ts[2m > [22mdownscaleDims[2m > [22mnever upscales[32m 1[2mms[22m[39m
 [32mΓ£ô[39m src/utils/__tests__/startupSound.test.ts[2m > [22mplayStartupSound[2m > [22mplays the sampled sign-on in audible mode[32m 23[2mms[22m[39m
 [32mΓ£ô[39m src/utils/__tests__/startupSound.test.ts[2m > [22mplayStartupSound[2m > [22mbuilds no synth fallback when the asset is not ready[32m 4[2mms[22m[39m
 [32mΓ£ô[39m src/utils/__tests__/startupSound.test.ts[2m > [22mplayStartupSound[2m > [22mdebounces a second call within 3s[32m 3[2mms[22m[39m
 [32mΓ£ô[39m src/utils/__tests__/startupSound.test.ts[2m > [22mplayStartupSound[2m > [22mis silent in silent audio mode[32m 4[2mms[22m[39m
 [32mΓ£ô[39m src/pages/pdf-editor/__tests__/annotationOps.test.ts[2m > [22mboundingBox[2m > [22mencloses all boxes[32m 9[2mms[22m[39m
 [32mΓ£ô[39m src/pages/pdf-editor/__tests__/annotationOps.test.ts[2m > [22mboundingBox[2m > [22mreturns null for empty input[32m 1[2mms[22m[39m
 [32mΓ£ô[39m src/pages/pdf-editor/__tests__/annotationOps.test.ts[2m > [22malignAnnotations[2m > [22maligns left edges to the selection min-x[32m 2[2mms[22m[39m
 [32mΓ£ô[39m src/pages/pdf-editor/__tests__/annotationOps.test.ts[2m > [22malignAnnotations[2m > [22maligns right edges so right side matches max[32m 1[2mms[22m[39m
 [32mΓ£ô[39m src/pages/pdf-editor/__tests__/annotationOps.test.ts[2m > [22malignAnnotations[2m > [22mcenters horizontally within the bounding box[32m 1[2mms[22m[39m
 [32mΓ£ô[39m src/pages/pdf-editor/__tests__/annotationOps.test.ts[2m > [22malignAnnotations[2m > [22maligns tops and bottoms[32m 1[2mms[22m[39m
 [32mΓ£ô[39m src/pages/pdf-editor/__tests__/annotationOps.test.ts[2m > [22malignAnnotations[2m > [22mis a no-op for fewer than 2 movable selections[32m 1[2mms[22m[39m
 [32mΓ£ô[39m src/pages/pdf-editor/__tests__/annotationOps.test.ts[2m > [22malignAnnotations[2m > [22mskips locked annotations[32m 1[2mms[22m[39m
 [32mΓ£ô[39m src/pages/pdf-editor/__tests__/annotationOps.test.ts[2m > [22mdistributeAnnotations[2m > [22mequalises horizontal gaps, anchoring the extremes[32m 2[2mms[22m[39m
 [32mΓ£ô[39m src/pages/pdf-editor/__tests__/annotationOps.test.ts[2m > [22mdistributeAnnotations[2m > [22mis a no-op for fewer than 3[32m 1[2mms[22m[39m
 [32mΓ£ô[39m src/pages/pdf-editor/__tests__/annotationOps.test.ts[2m > [22mmatchSize[2m > [22mmatches width to the anchor, leaving the anchor untouched[32m 2[2mms[22m[39m
 [32mΓ£ô[39m src/pages/pdf-editor/__tests__/annotationOps.test.ts[2m > [22mmatchSize[2m > [22mmatches both dimensions[32m 2[2mms[22m[39m
 [32mΓ£ô[39m src/pages/pdf-editor/__tests__/annotationOps.test.ts[2m > [22mapplyAnnotationToAllPages[2m > [22mclones the source onto every other page, preserving geometry[32m 9[2mms[22m[39m
 [32mΓ£ô[39m src/pages/pdf-editor/__tests__/annotationOps.test.ts[2m > [22mapplyAnnotationToAllPages[2m > [22mis a no-op for a single-page document[32m 1[2mms[22m[39m
 [32mΓ£ô[39m src/pages/pdf-editor/__tests__/annotationOps.test.ts[2m > [22mapplyAnnotationToAllPages[2m > [22mreturns the input unchanged when the source id is missing[32m 1[2mms[22m[39m
 [32mΓ£ô[39m src/pages/admin/__tests__/AdminFleetioHealthTab.test.tsx[2m > [22mrelTime[2m > [22mreturns "ΓÇö" for null / undefined / empty[32m 6[2mms[22m[39m
 [32mΓ£ô[39m src/pages/admin/__tests__/AdminFleetioHealthTab.test.tsx[2m > [22mrelTime[2m > [22mreturns "ΓÇö" for non-parseable strings[32m 1[2mms[22m[39m
 [32mΓ£ô[39m src/pages/admin/__tests__/AdminFleetioHealthTab.test.tsx[2m > [22mrelTime[2m > [22mrounds to "just now" for sub-minute deltas[32m 1[2mms[22m[39m
 [32mΓ£ô[39m src/pages/admin/__tests__/AdminFleetioHealthTab.test.tsx[2m > [22mrelTime[2m > [22mformats minutes / hours / days correctly[32m 1[2mms[22m[39m
 [32mΓ£ô[39m src/pages/admin/__tests__/AdminFleetioHealthTab.test.tsx[2m > [22mrelTime[2m > [22mtreats SQLite "YYYY-MM-DD HH:MM:SS" as UTC (no timezone drift)[32m 1[2mms[22m[39m
 [32mΓ£ô[39m src/pages/admin/__tests__/AdminFleetioHealthTab.test.tsx[2m > [22mrelTime[2m > [22mclamps future timestamps to "just now" (rather than negative numbers)[32m 1[2mms[22m[39m
 [32mΓ£ô[39m src/utils/__tests__/dashcamReviewPdf.test.ts[2m > [22mchannelLabel[2m > [22mmaps "outside" ΓåÆ FRONT CAM (the UI convention)[32m 7[2mms[22m[39m
 [32mΓ£ô[39m src/utils/__tests__/dashcamReviewPdf.test.ts[2m > [22mchannelLabel[2m > [22mmaps "inside" ΓåÆ REAR CAM[32m 1[2mms[22m[39m
 [32mΓ£ô[39m src/utils/__tests__/dashcamReviewPdf.test.ts[2m > [22mchannelLabel[2m > [22mreturns em-dash for missing value[32m 1[2mms[22m[39m
 [32mΓ£ô[39m src/utils/__tests__/dashcamReviewPdf.test.ts[2m > [22mchannelLabel[2m > [22mpasses through unknown channels uppercased[32m 1[2mms[22m[39m
 [32mΓ£ô[39m src/utils/__tests__/dashcamReviewPdf.test.ts[2m > [22msourceLabel[2m > [22mdefaults missing/upload ΓåÆ Manual Upload[32m 1[2mms[22m[39m
 [32mΓ£ô[39m src/utils/__tests__/dashcamReviewPdf.test.ts[2m > [22msourceLabel[2m > [22mmaps clearpathgps ΓåÆ ClearPathGPS[32m 1[2mms[22m[39m
 [32mΓ£ô[39m src/utils/__tests__/dashcamReviewPdf.test.ts[2m > [22msourceLabel[2m > [22mpasses through unknown sources[32m 1[2mms[22m[39m
 [32mΓ£ô[39m src/utils/__tests__/dashcamReviewPdf.test.ts[2m > [22mformatDuration[2m > [22mreturns em-dash for invalid input[32m 1[2mms[22m[39m
 [32mΓ£ô[39m src/utils/__tests__/dashcamReviewPdf.test.ts[2m > [22mformatDuration[2m > [22mformats sub-hour as m:ss[32m 1[2mms[22m[39m
 [32mΓ£ô[39m src/utils/__tests__/dashcamReviewPdf.test.ts[2m > [22mformatDuration[2m > [22mformats >=1h as h:mm:ss[32m 1[2mms[22m[39m
 [32mΓ£ô[39m src/utils/__tests__/dashcamReviewPdf.test.ts[2m > [22mformatDuration[2m > [22mfloors fractional seconds[32m 1[2mms[22m[39m
 [32mΓ£ô[39m src/utils/__tests__/dashcamReviewPdf.test.ts[2m > [22mformatFileSize[2m > [22mreturns em-dash for missing / zero / negative[32m 1[2mms[22m[39m
 [32mΓ£ô[39m src/utils/__tests__/dashcamReviewPdf.test.ts[2m > [22mformatFileSize[2m > [22mformats KB / MB / GB[32m 1[2mms[22m[39m
 [32mΓ£ô[39m src/utils/__tests__/dashcamReviewPdf.test.ts[2m > [22mprettyEntityType[2m > [22mcapitalizes a known entity type[32m 1[2mms[22m[39m
 [32mΓ£ô[39m src/utils/__tests__/dashcamReviewPdf.test.ts[2m > [22mprettyEntityType[2m > [22mreturns em-dash for missing[32m 1[2mms[22m[39m
 [32mΓ£ô[39m src/utils/__tests__/dashcamReviewPdf.test.ts[2m > [22mneedsCaseLinkAlert[2m > [22mfires for evidence-classified video with no case_number and no case link[32m 1[2mms[22m[39m
 [32mΓ£ô[39m src/utils/__tests__/dashcamReviewPdf.test.ts[2m > [22mneedsCaseLinkAlert[2m > [22mfires for flagged classification too[32m 0[2mms[22m[39m
 [32mΓ£ô[39m src/utils/__tests__/dashcamReviewPdf.test.ts[2m > [22mneedsCaseLinkAlert[2m > [22mfires for restricted[32m 0[2mms[22m[39m
 [32mΓ£ô[39m src/utils/__tests__/dashcamReviewPdf.test.ts[2m > [22mneedsCaseLinkAlert[2m > [22mdoes NOT fire when routine[32m 0[2mms[22m[39m
 [32mΓ£ô[39m src/utils/__tests__/dashcamReviewPdf.test.ts[2m > [22mneedsCaseLinkAlert[2m > [22mdoes NOT fire when case_number is set on the row[32m 0[2mms[22m[39m
 [32mΓ£ô[39m src/utils/__tests__/dashcamReviewPdf.test.ts[2m > [22mneedsCaseLinkAlert[2m > [22mdoes NOT fire when an explicit case link exists[32m 1[2mms[22m[39m
 [32mΓ£ô[39m src/utils/__tests__/dashcamReviewPdf.test.ts[2m > [22mneedsCaseLinkAlert[2m > [22mignores non-case links ΓÇö an incident-only link still trips the alert[32m 0[2mms[22m[39m
 [32mΓ£ô[39m src/utils/__tests__/dashcamReviewPdf.test.ts[2m > [22mneedsCaseLinkAlert[2m > [22mignores classification case (handles upper-case input)[32m 0[2mms[22m[39m
 [32mΓ£ô[39m src/utils/caseSla.test.ts[2m > [22mcomputeSlaStatus[2m > [22mreturns none for closed/canceled cases regardless of dates[32m 10[2mms[22m[39m
 [32mΓ£ô[39m src/utils/caseSla.test.ts[2m > [22mcomputeSlaStatus[2m > [22mreturns none when there is no deadline basis[32m 1[2mms[22m[39m
 [32mΓ£ô[39m src/utils/caseSla.test.ts[2m > [22mcomputeSlaStatus[2m > [22mflags a past due_date as overdue with negative hoursRemaining[32m 2[2mms[22m[39m
 [32mΓ£ô[39m src/utils/caseSla.test.ts[2m > [22mcomputeSlaStatus[2m > [22mmarks a far-future due_date on_track[32m 1[2mms[22m[39m
 [32mΓ£ô[39m src/utils/caseSla.test.ts[2m > [22mcomputeSlaStatus[2m > [22mmarks a near due_date as due_soon (within 24h floor)[32m 1[2mms[22m[39m
 [32mΓ£ô[39m src/utils/caseSla.test.ts[2m > [22mcomputeSlaStatus[2m > [22muses opened_date + sla_hours when no due_date is set[32m 1[2mms[22m[39m
 [32mΓ£ô[39m src/utils/caseSla.test.ts[2m > [22mcomputeSlaStatus[2m > [22moverdues an elapsed sla_hours window[32m 1[2mms[22m[39m
 [32mΓ£ô[39m src/utils/caseSla.test.ts[2m > [22mcomputeSlaStatus[2m > [22mscales due_soon to 25% of a long window[32m 3[2mms[22m[39m
 [32mΓ£ô[39m src/utils/caseSla.test.ts[2m > [22mcomputeSlaStatus[2m > [22mignores malformed dates (returns none)[32m 1[2mms[22m[39m
 [32mΓ£ô[39m src/utils/caseSla.test.ts[2m > [22mslaBadge[2m > [22mmaps states to label + color[32m 3[2mms[22m[39m
 [32mΓ£ô[39m src/utils/__tests__/tacticalIntel.test.ts[2m > [22mtacticalIntel ΓÇö aggression score[2m > [22mis low for routine cruising[32m 9[2mms[22m[39m
 [32mΓ£ô[39m src/utils/__tests__/tacticalIntel.test.ts[2m > [22mtacticalIntel ΓÇö aggression score[2m > [22mescalates with high speed + hard braking + collision warning[32m 2[2mms[22m[39m
 [32mΓ£ô[39m src/utils/__tests__/tacticalIntel.test.ts[2m > [22mtacticalIntel ΓÇö aggression score[2m > [22mriskLevel tiers map correctly[32m 1[2mms[22m[39m
 [32mΓ£ô[39m src/utils/__tests__/tacticalIntel.test.ts[2m > [22mtacticalIntel ΓÇö aggression score[2m > [22mrespects a posted limit[32m 1[2mms[22m[39m
 [32mΓ£ô[39m src/utils/__tests__/tacticalIntel.test.ts[2m > [22mtacticalIntel ΓÇö anomalies[2m > [22mdetects a sudden stop and a speed surge[32m 6[2mms[22m[39m
 [32mΓ£ô[39m src/utils/__tests__/tacticalIntel.test.ts[2m > [22mtacticalIntel ΓÇö anomalies[2m > [22mflags swerving from repeated heading reversals[32m 2[2mms[22m[39m
 [32mΓ£ô[39m src/utils/__tests__/tacticalIntel.test.ts[2m > [22mtacticalIntel ΓÇö anomalies[2m > [22mreturns nothing for a calm straight track[32m 4[2mms[22m[39m
 [32mΓ£ô[39m src/utils/__tests__/tacticalIntel.test.ts[2m > [22mtacticalIntel ΓÇö proximity[2m > [22malerts when a box fills the frame and is growing[32m 1[2mms[22m[39m
 [32mΓ£ô[39m src/utils/__tests__/tacticalIntel.test.ts[2m > [22mtacticalIntel ΓÇö proximity[2m > [22mmarks closing when area grows[32m 1[2mms[22m[39m
 [32mΓ£ô[39m src/utils/noteFormatting.test.ts[2m > [22mtokenizeInline[2m > [22mreturns a single plain token for unmarked text[32m 9[2mms[22m[39m
 [32mΓ£ô[39m src/utils/noteFormatting.test.ts[2m > [22mtokenizeInline[2m > [22mparses bold, italic, underline, strike[32m 2[2mms[22m[39m
 [32mΓ£ô[39m src/utils/noteFormatting.test.ts[2m > [22mtokenizeInline[2m > [22mkeeps plain text around marks[32m 1[2mms[22m[39m
 [32mΓ£ô[39m src/utils/noteFormatting.test.ts[2m > [22mtokenizeInline[2m > [22mdoes not treat ** as italic *[32m 1[2mms[22m[39m
 [32mΓ£ô[39m src/utils/noteFormatting.test.ts[2m > [22mclassifyLine[2m > [22mdetects bullets by leading dash[32m 4[2mms[22m[39m
 [32mΓ£ô[39m src/utils/noteFormatting.test.ts[2m > [22mclassifyLine[2m > [22mdetects ordered items by N.[32m 1[2mms[22m[39m
 [32mΓ£ô[39m src/utils/noteFormatting.test.ts[2m > [22mclassifyLine[2m > [22mcomputes depth from indentation (2 spaces per level)[32m 1[2mms[22m[39m
 [32mΓ£ô[39m src/utils/noteFormatting.test.ts[2m > [22mclassifyLine[2m > [22mclassifies non-list text as plain[32m 1[2mms[22m[39m
 [32mΓ£ô[39m src/utils/noteFormatting.test.ts[2m > [22mclassifyLine[2m > [22mexposes INDENT_UNIT as 2[32m 1[2mms[22m[39m
 [32mΓ£ô[39m src/utils/noteFormatting.test.ts[2m > [22mcomputeListLines outline numbering[2m > [22mnumbers nested ordered items as a dotted chain[32m 2[2mms[22m[39m
 [32mΓ£ô[39m src/utils/noteFormatting.test.ts[2m > [22mcomputeListLines outline numbering[2m > [22mrenders bullets with a dot marker and leaves ordered counters intact[32m 1[2mms[22m[39m
 [32mΓ£ô[39m src/utils/noteFormatting.test.ts[2m > [22mcomputeListLines outline numbering[2m > [22mresets numbering after a top-level plain line[32m 2[2mms[22m[39m
 [32mΓ£ô[39m src/utils/noteFormatting.test.ts[2m > [22mstripStrayMarkers[2m > [22mremoves unmatched emphasis markers[32m 3[2mms[22m[39m
 [32mΓ£ô[39m src/constants/__tests__/dispositionCodes.test.ts[2m > [22mdisposition codes[2m > [22mgeneral groups have no duplicate codes[32m 8[2mms[22m[39m
 [32mΓ£ô[39m src/constants/__tests__/dispositionCodes.test.ts[2m > [22mdisposition codes[2m > [22mPSO groups have no duplicate codes[32m 2[2mms[22m[39m
 [32mΓ£ô[39m src/constants/__tests__/dispositionCodes.test.ts[2m > [22mdisposition codes[2m > [22mgeneral groups contain no process-service codes[32m 1[2mms[22m[39m
 [32mΓ£ô[39m src/constants/__tests__/dispositionCodes.test.ts[2m > [22mdisposition codes[2m > [22mPSO groups all carry processService:true[32m 1[2mms[22m[39m
 [32mΓ£ô[39m src/constants/__tests__/dispositionCodes.test.ts[2m > [22mdisposition codes[2m > [22mDEFAULT_DISPOSITIONS equals the flat list of general groups (non-PSO fallback)[32m 4[2mms[22m[39m
 [32mΓ£ô[39m src/constants/__tests__/dispositionCodes.test.ts[2m > [22mdisposition codes[2m > [22mDEFAULT_DISPOSITION_CODES is a superset covering general + PSO + legacy codes[32m 8[2mms[22m[39m
 [32mΓ£ô[39m src/constants/__tests__/dispositionCodes.test.ts[2m > [22mdisposition codes[2m > [22mPSO codes follow the PS/##.## structured format[32m 4[2mms[22m[39m
 [32mΓ£ô[39m src/constants/__tests__/dispositionCodes.test.ts[2m > [22mdisposition codes[2m > [22mPSO groups cover all 10 categories from processServiceCodes[32m 2[2mms[22m[39m
 [32mΓ£ô[39m src/constants/__tests__/dispositionCodes.test.ts[2m > [22mdisposition codes[2m > [22mreturns ONLY PSO groups for process-service calls (no general dispositions)[32m 3[2mms[22m[39m
 [32mΓ£ô[39m src/constants/__tests__/dispositionCodes.test.ts[2m > [22mdisposition codes[2m > [22mpreserves natural order for non-process-service calls, no PS codes[32m 1[2mms[22m[39m
 [32mΓ£ô[39m src/constants/__tests__/dispositionCodes.test.ts[2m > [22mdisposition codes[2m > [22mpreserves natural order when incident type is missing[32m 1[2mms[22m[39m
 [32mΓ£ô[39m src/utils/__tests__/evidenceLock.test.ts[2m > [22mevidenceLock[2m > [22mpositive hold-list semantics[2m > [22mreturns false for active (the most common case)[32m 8[2mms[22m[39m
 [32mΓ£ô[39m src/utils/__tests__/evidenceLock.test.ts[2m > [22mevidenceLock[2m > [22mpositive hold-list semantics[2m > [22mreturns false for expired (lawful destruction must be permitted)[32m 2[2mms[22m[39m
 [32mΓ£ô[39m src/utils/__tests__/evidenceLock.test.ts[2m > [22mevidenceLock[2m > [22mpositive hold-list semantics[2m > [22mreturns false for archived[32m 1[2mms[22m[39m
 [32mΓ£ô[39m src/utils/__tests__/evidenceLock.test.ts[2m > [22mevidenceLock[2m > [22mpositive hold-list semantics[2m > [22mreturns false for purged[32m 1[2mms[22m[39m
 [32mΓ£ô[39m src/utils/__tests__/evidenceLock.test.ts[2m > [22mevidenceLock[2m > [22mpositive hold-list semantics[2m > [22mreturns false for pending_deletion (the destruction workflow itself)[32m 1[2mms[22m[39m
 [32mΓ£ô[39m src/utils/__tests__/evidenceLock.test.ts[2m > [22mevidenceLock[2m > [22mpositive hold-list semantics[2m > [22mreturns true for legal_hold[32m 3[2mms[22m[39m
 [32mΓ£ô[39m src/utils/__tests__/evidenceLock.test.ts[2m > [22mevidenceLock[2m > [22mpositive hold-list semantics[2m > [22mreturns true for court_hold[32m 1[2mms[22m[39m
 [32mΓ£ô[39m src/utils/__tests__/evidenceLock.test.ts[2m > [22mevidenceLock[2m > [22mpositive hold-list semantics[2m > [22mreturns true for ia_review[32m 1[2mms[22m[39m
 [32mΓ£ô[39m src/utils/__tests__/evidenceLock.test.ts[2m > [22mevidenceLock[2m > [22mpositive hold-list semantics[2m > [22mreturns true for open_case[32m 2[2mms[22m[39m
 [32mΓ£ô[39m src/utils/__tests__/evidenceLock.test.ts[2m > [22mevidenceLock[2m > [22mpositive hold-list semantics[2m > [22mreturns true for litigation_hold[32m 1[2mms[22m[39m
 [32mΓ£ô[39m src/utils/__tests__/evidenceLock.test.ts[2m > [22mevidenceLock[2m > [22mpositive hold-list semantics[2m > [22mreturns true for subpoena_hold[32m 1[2mms[22m[39m
 [32mΓ£ô[39m src/utils/__tests__/evidenceLock.test.ts[2m > [22mevidenceLock[2m > [22minput robustness[2m > [22mreturns false for null[32m 1[2mms[22m[39m
 [32mΓ£ô[39m src/utils/__tests__/evidenceLock.test.ts[2m > [22mevidenceLock[2m > [22minput robustness[2m > [22mreturns false for undefined (a missing field stays deletable)[32m 0[2mms[22m[39m
 [32mΓ£ô[39m src/utils/__tests__/evidenceLock.test.ts[2m > [22mevidenceLock[2m > [22minput robustness[2m > [22mreturns false for empty string[32m 0[2mms[22m[39m
 [32mΓ£ô[39m src/utils/__tests__/evidenceLock.test.ts[2m > [22mevidenceLock[2m > [22minput robustness[2m > [22mreturns false for unknown value (default-deletable)[32m 0[2mms[22m[39m
 [32mΓ£ô[39m src/utils/__tests__/evidenceLock.test.ts[2m > [22mevidenceLock[2m > [22minput robustness[2m > [22mis case-insensitive[32m 1[2mms[22m[39m
 [32mΓ£ô[39m src/utils/__tests__/evidenceLock.test.ts[2m > [22mevidenceLock[2m > [22minput robustness[2m > [22mtrims whitespace[32m 0[2mms[22m[39m
 [32mΓ£ô[39m src/utils/__tests__/evidenceLock.test.ts[2m > [22mevidenceLock[2m > [22mevidenceLockReason[2m > [22mreturns undefined for non-hold values[32m 1[2mms[22m[39m
 [32mΓ£ô[39m src/utils/__tests__/evidenceLock.test.ts[2m > [22mevidenceLock[2m > [22mevidenceLockReason[2m > [22mreturns a reason string for known holds[32m 2[2mms[22m[39m
 [32mΓ£ô[39m src/utils/__tests__/evidenceLock.test.ts[2m > [22mevidenceLock[2m > [22mEVIDENCE_HOLD_VALUES is non-empty and includes the canonical holds[32m 1[2mms[22m[39m
 [32mΓ£ô[39m src/utils/__tests__/edgeTTS.persona.test.ts[2m > [22mgetEdgeTTSPayload[2m > [22mreturns Edge-TTS defaults when nothing is stored[32m 8[2mms[22m[39m
 [32mΓ£ô[39m src/utils/__tests__/edgeTTS.persona.test.ts[2m > [22mgetEdgeTTSPayload[2m > [22mhonors persona stored in localStorage[32m 2[2mms[22m[39m
 [32mΓ£ô[39m src/utils/__tests__/edgeTTS.persona.test.ts[2m > [22mgetEdgeTTSPayload[2m > [22mapplies urgent boost (+10% rate, +5Hz pitch) on top of the baseline[32m 2[2mms[22m[39m
 [32mΓ£ô[39m src/utils/__tests__/edgeTTS.persona.test.ts[2m > [22mgetEdgeTTSPayload[2m > [22mstacks urgent boost on top of a slow persona[32m 1[2mms[22m[39m
 [32mΓ£ô[39m src/utils/__tests__/edgeTTS.persona.test.ts[2m > [22mgetEdgeTTSPayload[2m > [22mrejects NaN rate from garbage localStorage and falls back to neutral[32m 1[2mms[22m[39m
 [32mΓ£ô[39m src/utils/__tests__/edgeTTS.persona.test.ts[2m > [22mgetEdgeTTSPayload[2m > [22mrejects NaN pitch from garbage localStorage and falls back to 0Hz[32m 1[2mms[22m[39m
 [32mΓ£ô[39m src/utils/__tests__/edgeTTS.persona.test.ts[2m > [22mgetEdgeTTSPayload[2m > [22mformats negative pitch correctly[32m 1[2mms[22m[39m
 [32mΓ£ô[39m src/pages/pdf-editor/__tests__/rotationGeometry.test.ts[2m > [22mnormRotation[2m > [22mnormalizes to 0|90|180|270[32m 9[2mms[22m[39m
 [32mΓ£ô[39m src/pages/pdf-editor/__tests__/rotationGeometry.test.ts[2m > [22mrotationGeometry[2m > [22mR=0 ΓåÆ no transform, displayed height = content height (byte-identical path)[32m 1[2mms[22m[39m
 [32mΓ£ô[39m src/pages/pdf-editor/__tests__/rotationGeometry.test.ts[2m > [22mrotationGeometry[2m > [22mR=90/270 swap the displayed height to the content width[32m 1[2mms[22m[39m
 [32mΓ£ô[39m src/pages/pdf-editor/__tests__/rotationGeometry.test.ts[2m > [22mrotationGeometry[2m > [22mR=90 maps displayed corners to content space correctly[32m 4[2mms[22m[39m
 [32mΓ£ô[39m src/pages/pdf-editor/__tests__/rotationGeometry.test.ts[2m > [22mrotationGeometry[2m > [22mR=180 maps displayed corners to content space correctly[32m 4[2mms[22m[39m
 [32mΓ£ô[39m src/pages/pdf-editor/__tests__/rotationGeometry.test.ts[2m > [22mrotationGeometry[2m > [22mR=270 maps displayed corners to content space correctly[32m 2[2mms[22m[39m
 [32mΓ£ô[39m src/pages/pdf-editor/__tests__/rotationGeometry.test.ts[2m > [22mrotationGeometry[2m > [22mrotation is distance-preserving ΓÇö unit displayed vectors stay unit length[32m 2[2mms[22m[39m
 [32mΓ£ô[39m src/utils/__tests__/alprImagePrep.test.ts[2m > [22malprImagePrep ΓÇö histogram + bounds[2m > [22mluminanceHistogram counts each bin[32m 8[2mms[22m[39m
 [32mΓ£ô[39m src/utils/__tests__/alprImagePrep.test.ts[2m > [22malprImagePrep ΓÇö histogram + bounds[2m > [22mpercentileBounds trims outliers to the bulk range[32m 3[2mms[22m[39m
 [32mΓ£ô[39m src/utils/__tests__/alprImagePrep.test.ts[2m > [22malprImagePrep ΓÇö histogram + bounds[2m > [22mpercentileBounds defaults sanely on an empty histogram[32m 3[2mms[22m[39m
 [32mΓ£ô[39m src/utils/__tests__/alprImagePrep.test.ts[2m > [22malprImagePrep ΓÇö contrast LUT[2m > [22mstretches [lo,hi] to [0,255][32m 2[2mms[22m[39m
 [32mΓ£ô[39m src/utils/__tests__/alprImagePrep.test.ts[2m > [22malprImagePrep ΓÇö contrast LUT[2m > [22mnever divides by zero when hi==lo[32m 2[2mms[22m[39m
 [32mΓ£ô[39m src/utils/__tests__/alprImagePrep.test.ts[2m > [22malprImagePrep ΓÇö unsharp[2m > [22mamplifies the difference from the local blur and clamps[32m 1[2mms[22m[39m
 [32mΓ£ô[39m src/utils/__tests__/alprImagePrep.test.ts[2m > [22malprImagePrep ΓÇö ocrScale[2m > [22mupscales a small crop toward targetWidth (below the maxWidth ceiling)[32m 1[2mms[22m[39m
 [32mΓ£ô[39m src/utils/__tests__/alprImagePrep.test.ts[2m > [22malprImagePrep ΓÇö ocrScale[2m > [22mclamps an already-large image to the maxWidth ceiling (downscale)[32m 1[2mms[22m[39m
 [32mΓ£ô[39m src/utils/__tests__/alprImagePrep.test.ts[2m > [22malprImagePrep ΓÇö ocrScale[2m > [22mguards width<=0 by returning scale 1[32m 1[2mms[22m[39m
 [32mΓ£ô[39m src/utils/__tests__/alprImagePrep.test.ts[2m > [22malprImagePrep ΓÇö ocrScale[2m > [22mis a no-op (scale 1) when the width already equals targetWidth under the ceiling[32m 1[2mms[22m[39m
 [32mΓ£ô[39m src/utils/__tests__/alprImagePrep.test.ts[2m > [22malprImagePrep ΓÇö computeCropAndScale[2m > [22mmaps a centered fractional ROI onto source pixels with the right draw size[32m 2[2mms[22m[39m
 [32mΓ£ô[39m src/utils/__tests__/alprImagePrep.test.ts[2m > [22malprImagePrep ΓÇö computeCropAndScale[2m > [22muses the full frame (offset 0,0 + full dimensions) when no crop is given[32m 1[2mms[22m[39m
 [32mΓ£ô[39m src/pages/serve/__tests__/serveAssignHelpers.test.ts[2m > [22mtoggleSelect[2m > [22madds and removes an id immutably[32m 10[2mms[22m[39m
 [32mΓ£ô[39m src/pages/serve/__tests__/serveAssignHelpers.test.ts[2m > [22mattentionSummary[2m > [22mrenders the highest-severity label + count[32m 2[2mms[22m[39m
 [32mΓ£ô[39m src/utils/__tests__/dispatcherBrain.test.ts[2m > [22mdispatcherBrain[2m > [22mignores events when brain is disabled (default)[32m 10[2mms[22m[39m
 [32mΓ£ô[39m src/utils/__tests__/dispatcherBrain.test.ts[2m > [22mdispatcherBrain[2m > [22mfires a matching rule when the flag is set[32m 8[2mms[22m[39m
 [32mΓ£ô[39m src/utils/__tests__/dispatcherBrain.test.ts[2m > [22mdispatcherBrain[2m > [22muses rule.entityKey(ctx) for dedup when provided[32m 2[2mms[22m[39m
 [32mΓ£ô[39m src/utils/__tests__/dispatcherBrain.test.ts[2m > [22mdispatcherBrain[2m > [22mabsorbs call_number and unit_call_sign into context[32m 2[2mms[22m[39m
 [32mΓ£ô[39m src/utils/__tests__/dispatcherBrain.test.ts[2m > [22mdispatcherBrain[2m > [22mclears ctx.event after matching so timers do not see stale event data[32m 2[2mms[22m[39m
 [32mΓ£ô[39m src/utils/__tests__/dispatcherBrain.test.ts[2m > [22mdispatcherBrain[2m > [22mskips rules that do not match[32m 1[2mms[22m[39m
 [32mΓ£ô[39m src/utils/__tests__/dispatcherBrain.test.ts[2m > [22mdispatcherBrain[2m > [22mskips rules whose compose returns empty string[32m 1[2mms[22m[39m
 [32mΓ£ô[39m src/utils/__tests__/schedulerLanes.test.ts[2m > [22mgroupByOfficerLane[2m > [22mseparates slots by officer id within each day[32m 11[2mms[22m[39m
 [32mΓ£ô[39m src/utils/__tests__/schedulerLanes.test.ts[2m > [22mgroupByOfficerLane[2m > [22mgroups unassigned slots under officer_id key 0 (sentinel)[32m 1[2mms[22m[39m
 [32mΓ£ô[39m src/utils/__tests__/schedulerLanes.test.ts[2m > [22mgroupByOfficerLane[2m > [22mreturns an empty Map for an empty input[32m 1[2mms[22m[39m
 [32mΓ£ô[39m src/utils/__tests__/schedulerLanes.test.ts[2m > [22mextendRange[2m > [22mexpands week ΓåÆ 7 days[32m 5[2mms[22m[39m
 [32mΓ£ô[39m src/utils/__tests__/schedulerLanes.test.ts[2m > [22mextendRange[2m > [22mexpands two-week ΓåÆ 14 days[32m 2[2mms[22m[39m
 [32mΓ£ô[39m src/utils/__tests__/schedulerLanes.test.ts[2m > [22mextendRange[2m > [22mexpands month ΓåÆ calendar month length (28-31 days)[32m 1[2mms[22m[39m
 [32mΓ£ô[39m src/hooks/__tests__/useGeoJsonLayers.config.test.ts[2m > [22mGEO_LAYER_CONFIGS ΓÇö color shape[2m > [22mstate_boundary.style.fillColor and .strokeColor must not be CSS variable strings[32m 8[2mms[22m[39m
 [32mΓ£ô[39m src/hooks/__tests__/useGeoJsonLayers.config.test.ts[2m > [22mGEO_LAYER_CONFIGS ΓÇö color shape[2m > [22mcounty.style.fillColor and .strokeColor must not be CSS variable strings[32m 1[2mms[22m[39m
 [32mΓ£ô[39m src/hooks/__tests__/useGeoJsonLayers.config.test.ts[2m > [22mGEO_LAYER_CONFIGS ΓÇö color shape[2m > [22mmunicipality.style.fillColor and .strokeColor must not be CSS variable strings[32m 1[2mms[22m[39m
 [32mΓ£ô[39m src/hooks/__tests__/useGeoJsonLayers.config.test.ts[2m > [22mGEO_LAYER_CONFIGS ΓÇö color shape[2m > [22mbeat.style.fillColor and .strokeColor must not be CSS variable strings[32m 1[2mms[22m[39m
 [32mΓ£ô[39m src/hooks/__tests__/useGeoJsonLayers.config.test.ts[2m > [22mGEO_LAYER_CONFIGS ΓÇö color shape[2m > [22mhighway.style.fillColor and .strokeColor must not be CSS variable strings[32m 1[2mms[22m[39m
 [32mΓ£ô[39m src/hooks/__tests__/useGeoJsonLayers.config.test.ts[2m > [22mGEO_LAYER_CONFIGS ΓÇö color shape[2m > [22mplace.style.fillColor and .strokeColor must not be CSS variable strings[32m 1[2mms[22m[39m
 [32mΓ£ô[39m src/hooks/__tests__/useGeoJsonLayers.config.test.ts[2m > [22mGEO_LAYER_CONFIGS ΓÇö color shape[2m > [22mstate_boundary.style.fillColor and .strokeColor must be non-empty strings[32m 3[2mms[22m[39m
 [32mΓ£ô[39m src/hooks/__tests__/useGeoJsonLayers.config.test.ts[2m > [22mGEO_LAYER_CONFIGS ΓÇö color shape[2m > [22mcounty.style.fillColor and .strokeColor must be non-empty strings[32m 1[2mms[22m[39m
 [32mΓ£ô[39m src/hooks/__tests__/useGeoJsonLayers.config.test.ts[2m > [22mGEO_LAYER_CONFIGS ΓÇö color shape[2m > [22mmunicipality.style.fillColor and .strokeColor must be non-empty strings[32m 1[2mms[22m[39m
 [32mΓ£ô[39m src/hooks/__tests__/useGeoJsonLayers.config.test.ts[2m > [22mGEO_LAYER_CONFIGS ΓÇö color shape[2m > [22mbeat.style.fillColor and .strokeColor must be non-empty strings[32m 1[2mms[22m[39m
 [32mΓ£ô[39m src/hooks/__tests__/useGeoJsonLayers.config.test.ts[2m > [22mGEO_LAYER_CONFIGS ΓÇö color shape[2m > [22mhighway.style.fillColor and .strokeColor must be non-empty strings[32m 1[2mms[22m[39m
 [32mΓ£ô[39m src/hooks/__tests__/useGeoJsonLayers.config.test.ts[2m > [22mGEO_LAYER_CONFIGS ΓÇö color shape[2m > [22mplace.style.fillColor and .strokeColor must be non-empty strings[32m 1[2mms[22m[39m
 [32mΓ£ô[39m src/pages/admin/__tests__/walletRoster.test.ts[2m > [22mfilterCredentials[2m > [22mreturns all rows for an empty query[32m 10[2mms[22m[39m
 [32mΓ£ô[39m src/pages/admin/__tests__/walletRoster.test.ts[2m > [22mfilterCredentials[2m > [22mmatches on name (case-insensitive)[32m 2[2mms[22m[39m
 [32mΓ£ô[39m src/pages/admin/__tests__/walletRoster.test.ts[2m > [22mfilterCredentials[2m > [22mmatches on badge number[32m 1[2mms[22m[39m
 [32mΓ£ô[39m src/pages/admin/__tests__/walletRoster.test.ts[2m > [22mfilterCredentials[2m > [22mmatches on department[32m 3[2mms[22m[39m
 [32mΓ£ô[39m src/pages/admin/__tests__/walletRoster.test.ts[2m > [22mfilterCredentials[2m > [22mreturns nothing when there is no match[32m 1[2mms[22m[39m
 [32mΓ£ô[39m src/pages/admin/__tests__/walletRoster.test.ts[2m > [22mcredentialRowStatus[2m > [22mActive when credential and officer are both active[32m 2[2mms[22m[39m
 [32mΓ£ô[39m src/pages/admin/__tests__/walletRoster.test.ts[2m > [22mcredentialRowStatus[2m > [22mRevoked when the credential is revoked[32m 1[2mms[22m[39m
 [32mΓ£ô[39m src/pages/admin/__tests__/walletRoster.test.ts[2m > [22mcredentialRowStatus[2m > [22mInactive officer when the credential is active but the officer is not[32m 1[2mms[22m[39m
 [32mΓ£ô[39m src/pages/admin/__tests__/walletRoster.test.ts[2m > [22mcredentialRowStatus[2m > [22mreports Revoked even if the officer is also inactive (revoke wins)[32m 1[2mms[22m[39m
 [32mΓ£ô[39m src/pages/dispatch/utils/__tests__/dispatchMappers.test.ts[2m > [22mmapDbCall on a non-row body (the bug)[2m > [22mproduces a blank-id "Other" call when fed an acknowledgement body[32m 10[2mms[22m[39m
 [32mΓ£ô[39m src/pages/dispatch/utils/__tests__/dispatchMappers.test.ts[2m > [22mlooksLikeCallRow[2m > [22mrejects a bare {message} acknowledgement body[32m 2[2mms[22m[39m
 [32mΓ£ô[39m src/pages/dispatch/utils/__tests__/dispatchMappers.test.ts[2m > [22mlooksLikeCallRow[2m > [22mrejects an {error} body[32m 1[2mms[22m[39m
 [32mΓ£ô[39m src/pages/dispatch/utils/__tests__/dispatchMappers.test.ts[2m > [22mlooksLikeCallRow[2m > [22mrejects null / undefined / non-objects[32m 2[2mms[22m[39m
 [32mΓ£ô[39m src/pages/dispatch/utils/__tests__/dispatchMappers.test.ts[2m > [22mlooksLikeCallRow[2m > [22mrejects a row missing an id (mapDbCall would blank it)[32m 1[2mms[22m[39m
 [32mΓ£ô[39m src/pages/dispatch/utils/__tests__/dispatchMappers.test.ts[2m > [22mlooksLikeCallRow[2m > [22maccepts a full call row (id + identifying field)[32m 1[2mms[22m[39m
 [32mΓ£ô[39m src/pages/dispatch/utils/__tests__/dispatchMappers.test.ts[2m > [22mlooksLikeCallRow[2m > [22mguards the full round-trip: a good row maps, a bad body is refused[32m 2[2mms[22m[39m
 [32mΓ£ô[39m src/pages/mobile/__tests__/FieldCameraPage.stamp.test.ts[2m > [22mstampOverlay[2m > [22mdraws the bottom data band across the full width[32m 10[2mms[22m[39m
 [32mΓ£ô[39m src/pages/mobile/__tests__/FieldCameraPage.stamp.test.ts[2m > [22mstampOverlay[2m > [22mwrites officer/timestamp on the left and GPS on the right when a fix exists[32m 2[2mms[22m[39m
 [32mΓ£ô[39m src/pages/mobile/__tests__/FieldCameraPage.stamp.test.ts[2m > [22mstampOverlay[2m > [22momits the GPS text without a fix and the watermark without a logo[32m 1[2mms[22m[39m
 [32mΓ£ô[39m src/pages/mobile/__tests__/FieldCameraPage.stamp.test.ts[2m > [22mstampOverlay[2m > [22mdraws the watermark translucent, in the bottom-right corner, above the band[32m 3[2mms[22m[39m
 [32mΓ£ô[39m src/pages/records/spillman/__tests__/recordFormSections.test.ts[2m > [22mRECORD_FORM_SECTIONS[2m > [22mdefines sections for the persons tab whose ids match real section titles[32m 8[2mms[22m[39m
 [32mΓ£ô[39m src/pages/records/spillman/__tests__/recordFormSections.test.ts[2m > [22mRECORD_FORM_SECTIONS[2m > [22mevery section has a label and an spm-sec target[32m 5[2mms[22m[39m
 [32mΓ£ô[39m src/pages/records/spillman/__tests__/recordFormSections.test.ts[2m > [22mRECORD_FORM_SECTIONS[2m > [22mdefines navigational sections for every non-empty record type[32m 2[2mms[22m[39m
 [32mΓ£ô[39m src/pages/records/spillman/__tests__/recordFormSections.test.ts[2m > [22mRECORD_FORM_SECTIONS[2m > [22momits sections whose detail-panel title carries a dynamic count[32m 4[2mms[22m[39m
 [32mΓ£ô[39m src/utils/__tests__/statuteOutline.test.ts[2m > [22mtokenDepth[2m > [22mmaps the canonical Utah outline tokens to depths[32m 11[2mms[22m[39m
 [32mΓ£ô[39m src/utils/__tests__/statuteOutline.test.ts[2m > [22mparseOutline[2m > [22msplits the inline run into a nested outline (assault sample)[32m 7[2mms[22m[39m
 [32mΓ£ô[39m src/utils/__tests__/statuteOutline.test.ts[2m > [22mparseOutline[2m > [22mtreats a mid-sentence reference as text, not a new subsection[32m 3[2mms[22m[39m
 [32mΓ£ô[39m src/utils/__tests__/statuteOutline.test.ts[2m > [22mparseOutline[2m > [22mreturns a single lead segment when there are no markers[32m 1[2mms[22m[39m
 [32mΓ£ô[39m src/pages/patrol/__tests__/psBillingHelpers.test.ts[2m > [22mapplyPricingEdit[2m > [22mupdates only the targeted row field immutably[32m 8[2mms[22m[39m
 [32mΓ£ô[39m src/pages/patrol/__tests__/psBillingHelpers.test.ts[2m > [22mchargeTotal[2m > [22msums line totals to cents[32m 1[2mms[22m[39m
 [32mΓ£ô[39m src/pages/patrol/__tests__/psBillingHelpers.test.ts[2m > [22mformatUsd[2m > [22mformats with two decimals and a $ sign[32m 2[2mms[22m[39m
 [32mΓ£ô[39m src/utils/pdf/v2/engine/__tests__/style.test.ts[2m > [22mstyle tokens[2m > [22mtypography table has the expected entries with correct sizes[32m 8[2mms[22m[39m
 [32mΓ£ô[39m src/utils/pdf/v2/engine/__tests__/style.test.ts[2m > [22mstyle tokens[2m > [22mrule weights are graduated (heaviest header rule down to thinnest divider)[32m 2[2mms[22m[39m
 [32mΓ£ô[39m src/utils/pdf/v2/engine/__tests__/style.test.ts[2m > [22mstyle tokens[2m > [22magency identity is set for RMPG production[32m 1[2mms[22m[39m
 [32mΓ£ô[39m src/utils/pdf/v2/engine/__tests__/style.test.ts[2m > [22mstyle tokens[2m > [22mfooter text mentions the law-enforcement-sensitive notice[32m 6[2mms[22m[39m
 [32mΓ£ô[39m src/pages/intel/__tests__/geoLayers.test.ts[2m > [22mgeoLayers[2m > [22mhas a def per layer key with a hex color[32m 10[2mms[22m[39m
 [32mΓ£ô[39m src/pages/intel/__tests__/geoLayers.test.ts[2m > [22mgeoLayers[2m > [22mbuilds a FeatureCollection with [lng,lat] coords[32m 4[2mms[22m[39m
 [32mΓ£ô[39m src/utils/pdf/__tests__/facade.test.ts[2m > [22mpdf facade ΓÇö single engine (v1 only)[2m > [22mroutes every form to v1 regardless of flag value[32m 11[2mms[22m[39m
 [32mΓ£ô[39m src/utils/pdf/__tests__/facade.test.ts[2m > [22mpdf facade ΓÇö single engine (v1 only)[2m > [22mcompat shims (invalidateFlagsCache, _setFlagsForTest, _resetFacadeCacheForTest) are no-ops and do not throw[32m 4[2mms[22m[39m
 [32mΓ£ô[39m src/utils/__tests__/dispatchCodeParts.test.ts[2m > [22mzoneLeaf[2m > [22mstrips the section prefix from a chart zone code[32m 8[2mms[22m[39m
 [32mΓ£ô[39m src/utils/__tests__/dispatchCodeParts.test.ts[2m > [22mzoneLeaf[2m > [22mhandles compound city codes that contain a dash[32m 1[2mms[22m[39m
 [32mΓ£ô[39m src/utils/__tests__/dispatchCodeParts.test.ts[2m > [22mzoneLeaf[2m > [22mreturns the raw value when there is no dash[32m 1[2mms[22m[39m
 [32mΓ£ô[39m src/utils/__tests__/dispatchCodeParts.test.ts[2m > [22mzoneLeaf[2m > [22mhandles nullish input[32m 2[2mms[22m[39m
 [32mΓ£ô[39m src/utils/__tests__/dispatchCodeParts.test.ts[2m > [22mbeatLeaf[2m > [22mreturns the trailing letter from a chart beat code[32m 2[2mms[22m[39m
 [32mΓ£ô[39m src/utils/__tests__/dispatchCodeParts.test.ts[2m > [22mbeatLeaf[2m > [22mhandles a multi-char trailing token[32m 1[2mms[22m[39m
 [32mΓ£ô[39m src/utils/__tests__/dispatchCodeParts.test.ts[2m > [22mbeatLeaf[2m > [22mreturns the raw value when there is no slash[32m 1[2mms[22m[39m
 [32mΓ£ô[39m src/utils/__tests__/dispatchCodeParts.test.ts[2m > [22mbeatLeaf[2m > [22mhandles nullish input[32m 1[2mms[22m[39m
 [32mΓ£ô[39m src/utils/__tests__/dispatchCodeParts.test.ts[2m > [22msectionPrefix[2m > [22mextracts the section prefix from a chart zone code[32m 1[2mms[22m[39m
 [32mΓ£ô[39m src/utils/__tests__/dispatchCodeParts.test.ts[2m > [22msectionPrefix[2m > [22mtakes only up to the first dash for compound city codes[32m 1[2mms[22m[39m
 [32mΓ£ô[39m src/utils/__tests__/dispatchCodeParts.test.ts[2m > [22msectionPrefix[2m > [22mreturns empty when there is no embedded section[32m 1[2mms[22m[39m
 [32mΓ£ô[39m src/utils/__tests__/dispatchCodeParts.test.ts[2m > [22msectionPrefix[2m > [22mhandles nullish input[32m 1[2mms[22m[39m
 [32mΓ£ô[39m src/utils/__tests__/dispatchCodeParts.test.ts[2m > [22msectionPrefix[2m > [22mis the complement of zoneLeaf[32m 1[2mms[22m[39m
 [32mΓ£ô[39m src/utils/__tests__/dispatchCodeParts.test.ts[2m > [22msectionZoneBeatCombined[2m > [22mrenders SL1/HER/C with all-slash separators from beat_code[32m 1[2mms[22m[39m
 [32mΓ£ô[39m src/utils/__tests__/dispatchCodeParts.test.ts[2m > [22msectionZoneBeatCombined[2m > [22mfalls back to zone_code when beat_id is missing[32m 1[2mms[22m[39m
 [32mΓ£ô[39m src/utils/__tests__/dispatchCodeParts.test.ts[2m > [22msectionZoneBeatCombined[2m > [22mfalls back to sector_id when zone_id is missing[32m 0[2mms[22m[39m
 [32mΓ£ô[39m src/utils/__tests__/dispatchCodeParts.test.ts[2m > [22msectionZoneBeatCombined[2m > [22mreturns empty when no parts are present[32m 0[2mms[22m[39m
 [32mΓ£ô[39m src/utils/__tests__/themeOverride.test.ts[2m > [22mtheme override storage[2m > [22mreturns null when absent[32m 9[2mms[22m[39m
 [32mΓ£ô[39m src/utils/__tests__/themeOverride.test.ts[2m > [22mtheme override storage[2m > [22mround-trips a valid override[32m 6[2mms[22m[39m
 [32mΓ£ô[39m src/utils/__tests__/themeOverride.test.ts[2m > [22mtheme override storage[2m > [22mrejects garbage JSON / invalid theme[32m 2[2mms[22m[39m
 [32mΓ£ô[39m src/utils/__tests__/themeOverride.test.ts[2m > [22mtheme override storage[2m > [22mremoves the key when writing null[32m 1[2mms[22m[39m
 [32mΓ£ô[39m src/utils/__tests__/themeOverride.test.ts[2m > [22mtheme override storage[2m > [22mround-trips an inactive override[32m 3[2mms[22m[39m
 [32mΓ£ô[39m src/utils/__tests__/themeOverride.test.ts[2m > [22mresolveCurrentTheme[2m > [22mreturns dark when legacy flag is set (ignores everything else)[32m 3[2mms[22m[39m
 [32mΓ£ô[39m src/utils/__tests__/themeOverride.test.ts[2m > [22mresolveCurrentTheme[2m > [22mhonors an active override over the schedule[32m 2[2mms[22m[39m
 [32mΓ£ô[39m src/pages/mobile/hooks/__tests__/useMobileLayout.test.ts[2m > [22museMobileLayout[2m > [22mreturns full set ordered for officer[32m 10[2mms[22m[39m
 [32mΓ£ô[39m src/pages/mobile/hooks/__tests__/useMobileLayout.test.ts[2m > [22museMobileLayout[2m > [22mreturns calls-first for dispatcher[32m 1[2mms[22m[39m
 [32mΓ£ô[39m src/pages/mobile/hooks/__tests__/useMobileLayout.test.ts[2m > [22museMobileLayout[2m > [22mreturns shift-only for human_resources[32m 1[2mms[22m[39m
 [32mΓ£ô[39m src/pages/mobile/hooks/__tests__/useMobileLayout.test.ts[2m > [22museMobileLayout[2m > [22mreturns minimal view-only for client_viewer[32m 1[2mms[22m[39m
 [32mΓ£ô[39m src/utils/__tests__/searchText.test.ts[2m > [22mcoded[2m > [22mincludes raw and humanized forms, lowercased[32m 10[2mms[22m[39m
 [32mΓ£ô[39m src/utils/__tests__/searchText.test.ts[2m > [22mcoded[2m > [22mexpands a coded priority[32m 2[2mms[22m[39m
 [32mΓ£ô[39m src/utils/__tests__/searchText.test.ts[2m > [22mcoded[2m > [22mis null/empty safe[32m 1[2mms[22m[39m
 [32mΓ£ô[39m src/utils/__tests__/searchText.test.ts[2m > [22mcoded[2m > [22mdoes not double when humanizer returns the raw value unchanged[32m 1[2mms[22m[39m
 [32mΓ£ô[39m src/utils/__tests__/searchText.test.ts[2m > [22mcoded[2m > [22mworks with no humanizer (raw only, lowercased)[32m 1[2mms[22m[39m
 [32mΓ£ô[39m src/utils/__tests__/searchText.test.ts[2m > [22mcoded[2m > [22mdedups case-only differences (humanizer returns upper-cased raw)[32m 1[2mms[22m[39m
 [32mΓ£ô[39m src/utils/__tests__/searchText.test.ts[2m > [22mmatchesQuery[2m > [22mrequires every whitespace-separated term to appear (new-site convenience)[32m 2[2mms[22m[39m
 [32mΓ£ô[39m src/utils/__tests__/searchText.test.ts[2m > [22mmatchesQuery[2m > [22mempty query matches everything[32m 1[2mms[22m[39m
 [32mΓ£ô[39m src/utils/__tests__/searchText.test.ts[2m > [22mmatchesQuery[2m > [22mskips null/empty parts[32m 1[2mms[22m[39m
 [32mΓ£ô[39m src/utils/__tests__/searchText.test.ts[2m > [22mmatchesQuery[2m > [22mmatchesQuery coerces numeric parts[32m 1[2mms[22m[39m
 [32mΓ£ô[39m src/utils/__tests__/searchText.test.ts[2m > [22mhumanizeField / codedByKey[2m > [22mdispatches known keys to the right humanizer[32m 1[2mms[22m[39m
 [32mΓ£ô[39m src/utils/__tests__/searchText.test.ts[2m > [22mhumanizeField / codedByKey[2m > [22mfalls back to generic Title-Case for unknown keys[32m 1[2mms[22m[39m
 [32mΓ£ô[39m src/utils/__tests__/searchText.test.ts[2m > [22mhumanizeField / codedByKey[2m > [22mcodedByKey produces raw + humanized[32m 1[2mms[22m[39m
 [32mΓ£ô[39m src/pages/pdf-editor/__tests__/normalizeUploadResponse.test.ts[2m > [22mnormalizeUploadResponse[2m > [22mreads the canonical bare array[32m 9[2mms[22m[39m
 [32mΓ£ô[39m src/pages/pdf-editor/__tests__/normalizeUploadResponse.test.ts[2m > [22mnormalizeUploadResponse[2m > [22mreads the legacy { files: [...] } envelope[32m 1[2mms[22m[39m
 [32mΓ£ô[39m src/pages/pdf-editor/__tests__/normalizeUploadResponse.test.ts[2m > [22mnormalizeUploadResponse[2m > [22mreads a single { file: {...} } record[32m 4[2mms[22m[39m
 [32mΓ£ô[39m src/pages/pdf-editor/__tests__/normalizeUploadResponse.test.ts[2m > [22mnormalizeUploadResponse[2m > [22mreads a bare single record[32m 1[2mms[22m[39m
 [32mΓ£ô[39m src/pages/pdf-editor/__tests__/normalizeUploadResponse.test.ts[2m > [22mnormalizeUploadResponse[2m > [22mreads the { uploaded: [...] } alias[32m 1[2mms[22m[39m
 [32mΓ£ô[39m src/pages/pdf-editor/__tests__/normalizeUploadResponse.test.ts[2m > [22mnormalizeUploadResponse[2m > [22mdrops rows without an id and returns [] for junk[32m 2[2mms[22m[39m
 [32mΓ£ô[39m src/utils/mdtSignal.test.ts[2m > [22mmdtSignal[2m > [22mdescribes the existing phone signals (regression)[32m 8[2mms[22m[39m
 [32mΓ£ô[39m src/utils/mdtSignal.test.ts[2m > [22mmdtSignal[2m > [22mdescribes the new signals[32m 2[2mms[22m[39m
 [32mΓ£ô[39m src/utils/mdtSignal.test.ts[2m > [22mmdtSignal[2m > [22mfalls back for unknown types[32m 1[2mms[22m[39m
 [32mΓ£ô[39m src/utils/mdtSignal.test.ts[2m > [22mmdtSignal[2m > [22mroutes urgent/actionable signals, leaves informational ones[32m 2[2mms[22m[39m
 [32mΓ£ô[39m src/utils/mdtSignal.test.ts[2m > [22mmdtSignal[2m > [22mescalates severity for hits / OOS[32m 4[2mms[22m[39m
 [32mΓ£ô[39m src/pages/patrol/__tests__/mileageChainMath.test.ts[2m > [22mchainRowKey[2m > [22mdisambiguates CFS and unit_trip rows that share a numeric id[32m 10[2mms[22m[39m
 [32mΓ£ô[39m src/pages/patrol/__tests__/mileageChainMath.test.ts[2m > [22mcomputeChainGaps[2m > [22mflags a forward gap (unrecorded miles between events)[32m 2[2mms[22m[39m
 [32mΓ£ô[39m src/pages/patrol/__tests__/mileageChainMath.test.ts[2m > [22mcomputeChainGaps[2m > [22mflags a negative gap (odometer went backwards)[32m 2[2mms[22m[39m
 [32mΓ£ô[39m src/pages/patrol/__tests__/mileageChainMath.test.ts[2m > [22mcomputeChainGaps[2m > [22mignores sub-tolerance differences (0.1 mi odometer rounding)[32m 1[2mms[22m[39m
 [32mΓ£ô[39m src/pages/patrol/__tests__/mileageChainMath.test.ts[2m > [22mcomputeChainGaps[2m > [22mcarries the last known ending across rows that lack one[32m 2[2mms[22m[39m
 [32mΓ£ô[39m src/pages/patrol/__tests__/mileageChainMath.test.ts[2m > [22mcomputeChainGaps[2m > [22muses PATROL trip mileage for continuity like any other event[32m 1[2mms[22m[39m
 [32mΓ£ô[39m src/pages/patrol/__tests__/mileageChainMath.test.ts[2m > [22mcomputeNewRowDistance[2m > [22mcomputes end ΓêÆ start when fixing ending_mileage[32m 1[2mms[22m[39m
 [32mΓ£ô[39m src/pages/patrol/__tests__/mileageChainMath.test.ts[2m > [22mcomputeNewRowDistance[2m > [22mcomputes end ΓêÆ after when fixing starting_mileage[32m 1[2mms[22m[39m
 [32mΓ£ô[39m src/pages/patrol/__tests__/mileageChainMath.test.ts[2m > [22mcomputeNewRowDistance[2m > [22mreturns negative distances so the UI can warn[32m 1[2mms[22m[39m
 [32mΓ£ô[39m src/pages/patrol/__tests__/mileageChainMath.test.ts[2m > [22mcomputeNewRowDistance[2m > [22mreturns null when the opposite endpoint is missing or input is NaN[32m 1[2mms[22m[39m
 [32mΓ£ô[39m src/pages/HelpPage.test.ts[2m > [22msearchHelpContent[2m > [22mreturns nothing for empty/short queries[32m 11[2mms[22m[39m
 [32mΓ£ô[39m src/pages/HelpPage.test.ts[2m > [22msearchHelpContent[2m > [22mfinds shortcut by key combo[32m 2[2mms[22m[39m
 [32mΓ£ô[39m src/pages/HelpPage.test.ts[2m > [22msearchHelpContent[2m > [22mfinds shortcut by description[32m 1[2mms[22m[39m
 [32mΓ£ô[39m src/pages/HelpPage.test.ts[2m > [22msearchHelpContent[2m > [22mfinds module by name[32m 1[2mms[22m[39m
 [32mΓ£ô[39m src/pages/HelpPage.test.ts[2m > [22msearchHelpContent[2m > [22mfinds module by feature substring[32m 1[2mms[22m[39m
 [32mΓ£ô[39m src/pages/HelpPage.test.ts[2m > [22msearchHelpContent[2m > [22mfinds FAQ by question keyword and attaches faqIdx[32m 1[2mms[22m[39m
 [32mΓ£ô[39m src/pages/HelpPage.test.ts[2m > [22msearchHelpContent[2m > [22mis case-insensitive[32m 1[2mms[22m[39m
 [32mΓ£ô[39m src/pages/HelpPage.test.ts[2m > [22msearchHelpContent[2m > [22mtrims whitespace before searching[32m 1[2mms[22m[39m
 [32mΓ£ô[39m src/utils/pdfGenerator.sanitize.test.ts[2m > [22msanitizePdfText[2m > [22mstrips emphasis markers by default (legacy callers unchanged)[32m 10[2mms[22m[39m
 [32mΓ£ô[39m src/utils/pdfGenerator.sanitize.test.ts[2m > [22msanitizePdfText[2m > [22mpreserves matched emphasis markers when preserveMarkers is set[32m 1[2mms[22m[39m
 [32mΓ£ô[39m src/utils/pdfGenerator.sanitize.test.ts[2m > [22msanitizePdfText[2m > [22mstill decodes entities and uppercases in preserveMarkers mode[32m 1[2mms[22m[39m
 [32mΓ£ô[39m src/utils/pdfGenerator.sanitize.test.ts[2m > [22msanitizePdfText[2m > [22mkeeps leading indentation (list nesting depth) but collapses interior double-spaces[32m 1[2mms[22m[39m
 [32mΓ£ô[39m src/utils/__tests__/parseLocationParts.test.ts[2m > [22mparseLocationParts[2m > [22mreturns all-empty for a plain street address (nothing to extract)[32m 11[2mms[22m[39m
 [32mΓ£ô[39m src/utils/__tests__/parseLocationParts.test.ts[2m > [22mparseLocationParts[2m > [22mreturns all-empty for blank / nullish input[32m 2[2mms[22m[39m
 [32mΓ£ô[39m src/utils/__tests__/parseLocationParts.test.ts[2m > [22mparseLocationParts[2m > [22mextracts suite/unit/apt/room designators[32m 4[2mms[22m[39m
 [32mΓ£ô[39m src/utils/__tests__/parseLocationParts.test.ts[2m > [22mparseLocationParts[2m > [22mtreats a bare "#" as a suite/unit (commercial-property convention)[32m 1[2mms[22m[39m
 [32mΓ£ô[39m src/utils/__tests__/parseLocationParts.test.ts[2m > [22mparseLocationParts[2m > [22mextracts building / tower / block designators[32m 1[2mms[22m[39m
 [32mΓ£ô[39m src/utils/__tests__/parseLocationParts.test.ts[2m > [22mparseLocationParts[2m > [22mextracts floor in both keyword and trailing-ordinal forms[32m 1[2mms[22m[39m
 [32mΓ£ô[39m src/utils/__tests__/parseLocationParts.test.ts[2m > [22mparseLocationParts[2m > [22mextracts a full Bldg + Floor + Suite combination[32m 1[2mms[22m[39m
 [32mΓ£ô[39m src/utils/__tests__/parseLocationParts.test.ts[2m > [22mparseLocationParts[2m > [22mdoes not mistake SLC grid streets or ZIPs for sub-address parts[32m 1[2mms[22m[39m
 [32mΓ£ô[39m src/utils/__tests__/dispatcherRulesRegistry.test.ts[2m > [22mdispatcherRules registry[2m > [22mreturns rules matching an event type[32m 11[2mms[22m[39m
 [32mΓ£ô[39m src/utils/__tests__/dispatcherRulesRegistry.test.ts[2m > [22mdispatcherRules registry[2m > [22mfilters out rules whose eventTypes does not include the envelope type[32m 1[2mms[22m[39m
 [32mΓ£ô[39m src/utils/__tests__/dispatcherRulesRegistry.test.ts[2m > [22mdispatcherRules registry[2m > [22mrespects the match() predicate[32m 2[2mms[22m[39m
 [32mΓ£ô[39m src/utils/__tests__/dispatcherRulesRegistry.test.ts[2m > [22mdispatcherRules registry[2m > [22mtimer rules are not returned for event triggers[32m 2[2mms[22m[39m
 [32mΓ£ô[39m src/utils/__tests__/dispatcherRulesRegistry.test.ts[2m > [22mdispatcherRules registry[2m > [22ma rule WITHOUT eventTypes matches any event of the right trigger kind[32m 2[2mms[22m[39m
 [32mΓ£ô[39m src/utils/__tests__/fiCardPdf.test.ts[2m > [22mhasActiveWarrant[2m > [22mdetects string-form ACTIVE_WARRANT in an array[32m 8[2mms[22m[39m
 [32mΓ£ô[39m src/utils/__tests__/fiCardPdf.test.ts[2m > [22mhasActiveWarrant[2m > [22mdetects object-form { type: ACTIVE_WARRANT }[32m 1[2mms[22m[39m
 [32mΓ£ô[39m src/utils/__tests__/fiCardPdf.test.ts[2m > [22mhasActiveWarrant[2m > [22mparses JSON strings and detects the flag inside[32m 1[2mms[22m[39m
 [32mΓ£ô[39m src/utils/__tests__/fiCardPdf.test.ts[2m > [22mhasActiveWarrant[2m > [22mreturns false for unrelated flags[32m 1[2mms[22m[39m
 [32mΓ£ô[39m src/utils/__tests__/fiCardPdf.test.ts[2m > [22mhasActiveWarrant[2m > [22mreturns false for malformed JSON or non-array values[32m 1[2mms[22m[39m
 [32mΓ£ô[39m src/utils/__tests__/fiCardPdf.test.ts[2m > [22mwrapText[2m > [22mreturns a single empty entry for an empty input[32m 3[2mms[22m[39m
 [32mΓ£ô[39m src/utils/__tests__/fiCardPdf.test.ts[2m > [22mwrapText[2m > [22mkeeps short strings as one line[32m 1[2mms[22m[39m
 [32mΓ£ô[39m src/utils/__tests__/fiCardPdf.test.ts[2m > [22mwrapText[2m > [22mwraps at word boundaries[32m 1[2mms[22m[39m
 [32mΓ£ô[39m src/utils/__tests__/fiCardPdf.test.ts[2m > [22mwrapText[2m > [22mpreserves explicit newlines as paragraph breaks[32m 1[2mms[22m[39m
 [32mΓ£ô[39m src/utils/__tests__/fiCardPdf.test.ts[2m > [22mwrapText[2m > [22mdoes not lose data when a single word is longer than the budget[32m 1[2mms[22m[39m
 [32mΓ£ô[39m src/utils/__tests__/navUnits.test.ts[2m > [22mnavUnits ΓÇö speed conversion[2m > [22mconverts m/s to mph and km/h[32m 8[2mms[22m[39m
 [32mΓ£ô[39m src/utils/__tests__/navUnits.test.ts[2m > [22mnavUnits ΓÇö speed conversion[2m > [22mclamps invalid/negative to 0[32m 2[2mms[22m[39m
 [32mΓ£ô[39m src/utils/__tests__/navUnits.test.ts[2m > [22mnavUnits ΓÇö speed conversion[2m > [22mformats speed with unit label[32m 1[2mms[22m[39m
 [32mΓ£ô[39m src/utils/__tests__/navUnits.test.ts[2m > [22mnavUnits ΓÇö distance[2m > [22mmetersToMiles / metersToKm boundary[32m 2[2mms[22m[39m
 [32mΓ£ô[39m src/utils/__tests__/navUnits.test.ts[2m > [22mnavUnits ΓÇö distance[2m > [22mshort distance emits ft / m[32m 2[2mms[22m[39m
 [32mΓ£ô[39m src/utils/__tests__/navUnits.test.ts[2m > [22mnavUnits ΓÇö distance[2m > [22mlong distance emits mi / km with adaptive precision[32m 1[2mms[22m[39m
 [32mΓ£ô[39m src/utils/__tests__/navUnits.test.ts[2m > [22mnavUnits ΓÇö elevation[2m > [22mkeeps feet imperial, converts metric[32m 1[2mms[22m[39m
 [32mΓ£ô[39m src/utils/__tests__/navUnits.test.ts[2m > [22mnavUnits ΓÇö speedColor bands (unit-correct)[2m > [22mimperial bands[32m 1[2mms[22m[39m
 [32mΓ£ô[39m src/utils/__tests__/navUnits.test.ts[2m > [22mnavUnits ΓÇö speedColor bands (unit-correct)[2m > [22mmetric bands track km/h thresholds[32m 2[2mms[22m[39m
 [32mΓ£ô[39m src/utils/__tests__/narrativeRenderer.test.ts[2m > [22mrenderCallNarrative[2m > [22mnarrative mode includes full slot values in natural prose[32m 9[2mms[22m[39m
 [32mΓ£ô[39m src/utils/__tests__/narrativeRenderer.test.ts[2m > [22mrenderCallNarrative[2m > [22mstandard mode uses CAD shorthand and combines zone-beat[32m 3[2mms[22m[39m
 [32mΓ£ô[39m src/utils/__tests__/narrativeRenderer.test.ts[2m > [22mrenderCallNarrative[2m > [22mterse mode is brief and includes P# incident + address + units[32m 2[2mms[22m[39m
 [32mΓ£ô[39m src/utils/__tests__/narrativeRenderer.test.ts[2m > [22mrenderCallNarrative[2m > [22mskips empty slots silently in all modes[32m 2[2mms[22m[39m
 [32mΓ£ô[39m src/utils/__tests__/narrativeRenderer.test.ts[2m > [22mrenderCallNarrative[2m > [22mnarrative mode still includes assigned unit phrasing when present[32m 1[2mms[22m[39m
 [32mΓ£ô[39m src/utils/__tests__/narrativeRenderer.test.ts[2m > [22mrenderCallNarrative[2m > [22mhandles zone without beat[32m 1[2mms[22m[39m
 [32mΓ£ô[39m src/utils/__tests__/narrativeRenderer.test.ts[2m > [22mrenderCallNarrative[2m > [22muses dispatch_code directly when present (standard)[32m 1[2mms[22m[39m
 [32mΓ£ô[39m src/utils/__tests__/narrativeRenderer.test.ts[2m > [22mrenderCallNarrative[2m > [22muses dispatch_code directly when present (narrative)[32m 1[2mms[22m[39m
 [32mΓ£ô[39m src/utils/__tests__/narrativeRenderer.test.ts[2m > [22mrenderCallNarrative[2m > [22mfalls back to zone-beat format when dispatch_code missing[32m 1[2mms[22m[39m
 [32mΓ£ô[39m src/utils/redaction/regions.test.ts[2m > [22miou[2m > [22mis 1 for identical boxes and 0 for disjoint[32m 8[2mms[22m[39m
 [32mΓ£ô[39m src/utils/redaction/regions.test.ts[2m > [22minterpBox[2m > [22mlinearly interpolates between surrounding keyframes[32m 1[2mms[22m[39m
 [32mΓ£ô[39m src/utils/redaction/regions.test.ts[2m > [22minterpBox[2m > [22mclamps to the nearest keyframe outside the span[32m 1[2mms[22m[39m
 [32mΓ£ô[39m src/utils/redaction/regions.test.ts[2m > [22mactiveRegionsAt[2m > [22mreturns only enabled regions whose span covers t[32m 4[2mms[22m[39m
 [32mΓ£ô[39m src/utils/redaction/regions.test.ts[2m > [22mmergeSamples[2m > [22mgroups overlapping consecutive same-kind samples into one keyframed region[32m 5[2mms[22m[39m
 [32mΓ£ô[39m src/utils/redaction/regions.test.ts[2m > [22mmergeSamples[2m > [22mpads a lone sample by the scan interval[32m 3[2mms[22m[39m
 [32mΓ£ô[39m src/utils/caseReportGenerator.test.ts[2m > [22mbuildCaseReportSections[2m > [22momits empty/absent sections[32m 12[2mms[22m[39m
 [32mΓ£ô[39m src/utils/caseReportGenerator.test.ts[2m > [22mbuildCaseReportSections[2m > [22mreturns nothing for a bare case[32m 1[2mms[22m[39m
 [32mΓ£ô[39m src/utils/caseReportGenerator.test.ts[2m > [22mbuildCaseReportSections[2m > [22mpreserves the canonical section order regardless of input order[32m 1[2mms[22m[39m
 [32mΓ£ô[39m src/utils/caseActivity.test.ts[2m > [22mformatActivity[2m > [22mlabels case creation with the case number[32m 9[2mms[22m[39m
 [32mΓ£ô[39m src/utils/caseActivity.test.ts[2m > [22mformatActivity[2m > [22mrenders a status change with the target status and disposition[32m 1[2mms[22m[39m
 [32mΓ£ô[39m src/utils/caseActivity.test.ts[2m > [22mformatActivity[2m > [22msingularizes the entity name on link events and shows the id[32m 1[2mms[22m[39m
 [32mΓ£ô[39m src/utils/caseActivity.test.ts[2m > [22mformatActivity[2m > [22mformats solvability score[32m 1[2mms[22m[39m
 [32mΓ£ô[39m src/utils/caseActivity.test.ts[2m > [22mformatActivity[2m > [22mparses a JSON string detail the same as an object[32m 1[2mms[22m[39m
 [32mΓ£ô[39m src/utils/caseActivity.test.ts[2m > [22mformatActivity[2m > [22mtolerates malformed detail JSON without throwing[32m 5[2mms[22m[39m
 [32mΓ£ô[39m src/utils/caseActivity.test.ts[2m > [22mformatActivity[2m > [22mdegrades unknown actions to a readable label[32m 1[2mms[22m[39m
 [32mΓ£ô[39m src/utils/caseActivity.test.ts[2m > [22mformatActivity[2m > [22momits the id suffix when no entity_id is present[32m 1[2mms[22m[39m
 [32mΓ£ô[39m src/components/scheduler/__tests__/dnd.test.ts[2m > [22msnapToBand[2m > [22mreturns HH:MM window-start for the target band[32m 10[2mms[22m[39m
 [32mΓ£ô[39m src/components/scheduler/__tests__/dnd.test.ts[2m > [22msnapToBand[2m > [22mclamps an out-of-range row to row 1[32m 1[2mms[22m[39m
 [32mΓ£ô[39m src/components/scheduler/__tests__/dnd.test.ts[2m > [22msnapToBand[2m > [22mclamps a row past 9 to row 9[32m 1[2mms[22m[39m
 [32mΓ£ô[39m src/components/scheduler/__tests__/dnd.test.ts[2m > [22mvalidateDrop[2m > [22mrejects a drop on the same band the chip came from[32m 1[2mms[22m[39m
 [32mΓ£ô[39m src/components/scheduler/__tests__/dnd.test.ts[2m > [22mvalidateDrop[2m > [22maccepts a drop on a different day[32m 1[2mms[22m[39m
 [32mΓ£ô[39m src/components/scheduler/__tests__/dnd.test.ts[2m > [22mvalidateDrop[2m > [22maccepts a drop on a different band of the same day[32m 1[2mms[22m[39m
 [32mΓ£ô[39m src/components/scheduler/__tests__/dnd.test.ts[2m > [22mvalidateDrop[2m > [22mrejects a drop with no payload[32m 1[2mms[22m[39m
 [32mΓ£ô[39m src/constants/linkOptions.test.ts[2m > [22mmergeLinkOptions[2m > [22mreturns defaults unchanged when no DB rows[32m 10[2mms[22m[39m
 [32mΓ£ô[39m src/constants/linkOptions.test.ts[2m > [22mmergeLinkOptions[2m > [22moverrides a default label and re-sorts by sort_order[32m 2[2mms[22m[39m
 [32mΓ£ô[39m src/constants/linkOptions.test.ts[2m > [22mmergeLinkOptions[2m > [22mappends a custom DB-only value[32m 1[2mms[22m[39m
 [32mΓ£ô[39m src/constants/linkOptions.test.ts[2m > [22mmergeLinkOptions[2m > [22mhides a default when DB marks it inactive[32m 1[2mms[22m[39m
 [32mΓ£ô[39m src/constants/linkOptions.test.ts[2m > [22mmergeLinkOptions[2m > [22mtreats a null is_active (D1 NULL) as hidden[32m 1[2mms[22m[39m
 [32mΓ£ô[39m src/utils/__tests__/dispatcherBrain.timer.test.ts[2m > [22mdispatcherBrain timer[2m > [22mtimer tick with no on-scene context fires no rules[32m 10[2mms[22m[39m
 [32mΓ£ô[39m src/utils/__tests__/dispatcherBrain.timer.test.ts[2m > [22mdispatcherBrain timer[2m > [22mstatus_update for current user on-scene populates currentUserOnSceneAt[32m 5[2mms[22m[39m
 [32mΓ£ô[39m src/utils/__tests__/dispatcherBrain.timer.test.ts[2m > [22mdispatcherBrain timer[2m > [22mstatus_update for a different unit does NOT touch currentUserOnSceneAt[32m 1[2mms[22m[39m
 [32mΓ£ô[39m src/utils/__tests__/dispatcherBrain.timer.test.ts[2m > [22mdispatcherBrain timer[2m > [22mclear status empties currentUserOnSceneAt[32m 1[2mms[22m[39m
 [32mΓ£ô[39m src/utils/__tests__/dispatcherBrain.timer.test.ts[2m > [22mdispatcherBrain timer[2m > [22moverdue-status-check fires after 8+ minutes on scene[32m 3[2mms[22m[39m
 [32mΓ£ô[39m src/utils/__tests__/dispatcherBrain.timer.test.ts[2m > [22mdispatcherBrain timer[2m > [22mtimer tick is a no-op when brain is disabled[32m 1[2mms[22m[39m
 [32mΓ£ô[39m src/utils/__tests__/criminalHistoryPdf.test.ts[2m > [22mformatSubjectName[2m > [22mrenders Last, First Middle when all parts present[32m 8[2mms[22m[39m
 [32mΓ£ô[39m src/utils/__tests__/criminalHistoryPdf.test.ts[2m > [22mformatSubjectName[2m > [22momits middle when blank[32m 1[2mms[22m[39m
 [32mΓ£ô[39m src/utils/__tests__/criminalHistoryPdf.test.ts[2m > [22mformatSubjectName[2m > [22mdrops the comma when only first_name[32m 1[2mms[22m[39m
 [32mΓ£ô[39m src/utils/__tests__/criminalHistoryPdf.test.ts[2m > [22mformatSubjectName[2m > [22mdrops the comma when only last_name[32m 1[2mms[22m[39m
 [32mΓ£ô[39m src/utils/__tests__/criminalHistoryPdf.test.ts[2m > [22mformatSubjectName[2m > [22mreturns "Unknown Subject" when both names are blank[32m 1[2mms[22m[39m
 [32mΓ£ô[39m src/utils/__tests__/criminalHistoryPdf.test.ts[2m > [22msummarizeHistory[2m > [22mcounts each category independently[32m 3[2mms[22m[39m
 [32mΓ£ô[39m src/utils/__tests__/criminalHistoryPdf.test.ts[2m > [22msummarizeHistory[2m > [22mreturns zero counts for an empty list[32m 1[2mms[22m[39m
 [32mΓ£ô[39m src/utils/__tests__/criminalHistoryPdf.test.ts[2m > [22msummarizeHistory[2m > [22mignores unknown types without throwing[32m 1[2mms[22m[39m
 [32mΓ£ô[39m src/utils/flexcamTimeline.test.ts[2m > [22mbuildTimeline[2m > [22maccumulates start offsets in seq order and sums total[32m 11[2mms[22m[39m
 [32mΓ£ô[39m src/utils/flexcamTimeline.test.ts[2m > [22mbuildTimeline[2m > [22mhandles empty input[32m 1[2mms[22m[39m
 [32mΓ£ô[39m src/utils/flexcamTimeline.test.ts[2m > [22moffsetToSeek[2m > [22mmaps an offset into the right chunk + within-chunk time[32m 2[2mms[22m[39m
 [32mΓ£ô[39m src/utils/flexcamTimeline.test.ts[2m > [22moffsetToSeek[2m > [22mclamps a past-the-end offset to the last chunk[32m 1[2mms[22m[39m
 [32mΓ£ô[39m src/utils/flexcamTimeline.test.ts[2m > [22moffsetToSeek[2m > [22mreturns null for an empty timeline[32m 1[2mms[22m[39m
 [32mΓ£ô[39m src/pages/intel/__tests__/stepIndex.test.ts[2m > [22mstepIndex[2m > [22msteps forward and wraps[32m 8[2mms[22m[39m
 [32mΓ£ô[39m src/pages/intel/__tests__/stepIndex.test.ts[2m > [22mstepIndex[2m > [22msteps back and wraps[32m 1[2mms[22m[39m
 [32mΓ£ô[39m src/pages/intel/__tests__/stepIndex.test.ts[2m > [22mstepIndex[2m > [22mreturns -1 for empty list[32m 1[2mms[22m[39m
 [32mΓ£ô[39m src/pages/wallet/__tests__/verifyDisplay.test.ts[2m > [22mverifyResultDisplay[2m > [22mshows a VALID banner for a valid active officer[32m 8[2mms[22m[39m
 [32mΓ£ô[39m src/pages/wallet/__tests__/verifyDisplay.test.ts[2m > [22mverifyResultDisplay[2m > [22mshows REVOKED distinctly (invalid) so the verifier knows the badge was pulled[32m 1[2mms[22m[39m
 [32mΓ£ô[39m src/pages/wallet/__tests__/verifyDisplay.test.ts[2m > [22mverifyResultDisplay[2m > [22mshows INACTIVE OFFICER when the officer is no longer active[32m 1[2mms[22m[39m
 [32mΓ£ô[39m src/pages/wallet/__tests__/verifyDisplay.test.ts[2m > [22mverifyResultDisplay[2m > [22masks to rescan when the QR token expired (stale screenshot), not "fake"[32m 1[2mms[22m[39m
 [32mΓ£ô[39m src/pages/wallet/__tests__/verifyDisplay.test.ts[2m > [22mverifyResultDisplay[2m > [22mtreats forged/unknown tokens as NOT A VALID ID[32m 2[2mms[22m[39m
 [32mΓ£ô[39m src/components/__tests__/ZsbBadge.test.ts[2m > [22mzsbComposite[2m > [22mfull embedded codes ΓåÆ SL1/SSL/A1[32m 9[2mms[22m[39m
 [32mΓ£ô[39m src/components/__tests__/ZsbBadge.test.ts[2m > [22mzsbComposite[2m > [22mleaf-only beat recovers parents from zone_id[32m 1[2mms[22m[39m
 [32mΓ£ô[39m src/components/__tests__/ZsbBadge.test.ts[2m > [22mzsbComposite[2m > [22mmissing zone_id recovers zone+sector from a full beat code[32m 2[2mms[22m[39m
 [32mΓ£ô[39m src/components/__tests__/ZsbBadge.test.ts[2m > [22mzsbComposite[2m > [22mzone only (no beat) ΓåÆ SL1/SSL[32m 1[2mms[22m[39m
 [32mΓ£ô[39m src/components/__tests__/ZsbBadge.test.ts[2m > [22mzsbComposite[2m > [22mexplicit sectionCode wins over the embedded prefix[32m 3[2mms[22m[39m
 [32mΓ£ô[39m src/components/__tests__/ZsbBadge.test.ts[2m > [22mzsbComposite[2m > [22msector only (resolved code) ΓåÆ SL1[32m 1[2mms[22m[39m
 [32mΓ£ô[39m src/components/__tests__/ZsbBadge.test.ts[2m > [22mzsbComposite[2m > [22mfalls back to stored dispatch_code when no geography fields[32m 2[2mms[22m[39m
 [32mΓ£ô[39m src/components/__tests__/ZsbBadge.test.ts[2m > [22mzsbComposite[2m > [22mgeography fields beat a stale stored dispatch_code[32m 1[2mms[22m[39m
 [32mΓ£ô[39m src/components/__tests__/ZsbBadge.test.ts[2m > [22mzsbComposite[2m > [22mempty record ΓåÆ empty string (badge hidden)[32m 1[2mms[22m[39m
 [32mΓ£ô[39m src/pages/intel/__tests__/clusterHits.test.ts[2m > [22mclusterHits[2m > [22mcollapses persons sharing a canonical id into one card[32m 9[2mms[22m[39m
 [32mΓ£ô[39m src/pages/intel/__tests__/clusterHits.test.ts[2m > [22mclusterHits[2m > [22mleaves non-person hits untouched[32m 1[2mms[22m[39m
 [32mΓ£ô[39m src/utils/__tests__/navCsvExport.test.ts[2m > [22mnavCsvExport ΓÇö sessionToCsv[2m > [22memits the fixed header row, fully quoted[32m 8[2mms[22m[39m
 [32mΓ£ô[39m src/utils/__tests__/navCsvExport.test.ts[2m > [22mnavCsvExport ΓÇö sessionToCsv[2m > [22mformats values and converts speed to active unit[32m 3[2mms[22m[39m
 [32mΓ£ô[39m src/utils/__tests__/navCsvExport.test.ts[2m > [22mnavCsvExport ΓÇö sessionToCsv[2m > [22mmetric speed conversion[32m 1[2mms[22m[39m
 [32mΓ£ô[39m src/utils/__tests__/navCsvExport.test.ts[2m > [22mnavCsvExport ΓÇö sessionToCsv[2m > [22mescapes embedded quotes (RFC-4180 doubling)[32m 1[2mms[22m[39m
 [32mΓ£ô[39m src/utils/captureEdit.test.ts[2m > [22mformFromCapture[2m > [22mmaps both API shapes and uppercases plate/state[32m 8[2mms[22m[39m
 [32mΓ£ô[39m src/utils/captureEdit.test.ts[2m > [22mformFromCapture[2m > [22mrenders nulls as empty strings[32m 1[2mms[22m[39m
 [32mΓ£ô[39m src/utils/captureEdit.test.ts[2m > [22mplateError[2m > [22maccepts a valid plate[32m 1[2mms[22m[39m
 [32mΓ£ô[39m src/utils/captureEdit.test.ts[2m > [22mplateError[2m > [22mrejects too-short / too-long / non-alphanumeric[32m 2[2mms[22m[39m
 [32mΓ£ô[39m src/utils/captureEdit.test.ts[2m > [22mbuildVerifyBody[2m > [22mreturns only changed fields[32m 3[2mms[22m[39m
 [32mΓ£ô[39m src/utils/captureEdit.test.ts[2m > [22mbuildVerifyBody[2m > [22mis empty when nothing changed (whitespace-insensitive)[32m 1[2mms[22m[39m
 [32mΓ£ô[39m src/utils/captureEdit.test.ts[2m > [22mbuildVerifyBody[2m > [22mnormalizes plate + state casing in the diff[32m 1[2mms[22m[39m
 [32mΓ£ô[39m src/utils/pdf/v2/forms/__tests__/citation.test.ts[2m > [22mcitationCanonicalData[2m > [22mincludes violations array when present[32m 11[2mms[22m[39m
 [32mΓ£ô[39m src/utils/pdf/v2/forms/__tests__/citation.test.ts[2m > [22mcitationCanonicalData[2m > [22momits violations when absent (back-compat)[32m 2[2mms[22m[39m
 [32mΓ£ô[39m src/utils/pdf/v2/forms/__tests__/citation.test.ts[2m > [22mcitationSchema layout[2m > [22muses Γëñ2 columns in every typed section[32m 3[2mms[22m[39m
 [32mΓ£ô[39m src/utils/pdf/v2/forms/__tests__/citation.test.ts[2m > [22mcitationSchema layout[2m > [22mOFFICER NOTES appears before SIGNATURES[32m 2[2mms[22m[39m
 [32mΓ£ô[39m src/utils/pdf/v2/forms/__tests__/citation.test.ts[2m > [22mcitationSchema layout[2m > [22mVIOLATIONS section is a callback (multi-violation aware)[32m 1[2mms[22m[39m
 [32mΓ£ô[39m src/utils/__tests__/addressClean.test.ts[2m > [22mcleanAddressText[2m > [22mstrips an unbalanced trailing ")" (the Mapbox place_name defect)[32m 8[2mms[22m[39m
 [32mΓ£ô[39m src/utils/__tests__/addressClean.test.ts[2m > [22mcleanAddressText[2m > [22mstrips a dangling trailing comma[32m 1[2mms[22m[39m
 [32mΓ£ô[39m src/utils/__tests__/addressClean.test.ts[2m > [22mcleanAddressText[2m > [22mstrips combined trailing junk ")," in any order[32m 1[2mms[22m[39m
 [32mΓ£ô[39m src/utils/__tests__/addressClean.test.ts[2m > [22mcleanAddressText[2m > [22mPRESERVES balanced parentheses (legitimate parentheticals)[32m 2[2mms[22m[39m
 [32mΓ£ô[39m src/utils/__tests__/addressClean.test.ts[2m > [22mcleanAddressText[2m > [22mcollapses internal whitespace and trims[32m 3[2mms[22m[39m
 [32mΓ£ô[39m src/utils/__tests__/addressClean.test.ts[2m > [22mcleanAddressText[2m > [22mreturns empty string for nullish/empty input[32m 5[2mms[22m[39m
 [32mΓ£ô[39m src/utils/__tests__/addressClean.test.ts[2m > [22mcleanAddressText[2m > [22mis idempotent[32m 1[2mms[22m[39m
 [32mΓ£ô[39m src/utils/__tests__/addressClean.test.ts[2m > [22mcleanAddressText[2m > [22mleaves a clean address unchanged[32m 1[2mms[22m[39m
 [32mΓ£ô[39m src/components/__tests__/violationStackHelpers.test.ts[2m > [22mnewDraft[2m > [22mreturns a fresh draft with unique id and zeros/empties[32m 14[2mms[22m[39m
 [32mΓ£ô[39m src/components/__tests__/violationStackHelpers.test.ts[2m > [22mtotalFineOf[2m > [22msums fine_amount across drafts, treating non-finite as 0[32m 2[2mms[22m[39m
 [32mΓ£ô[39m src/components/__tests__/NcicQueryPanel.test.tsx[2m > [22mQUICK_QUERIES[2m > [22mhas at least the core 5 verb prefixes operators use most[32m 12[2mms[22m[39m
 [32mΓ£ô[39m src/components/__tests__/NcicQueryPanel.test.tsx[2m > [22mQUICK_QUERIES[2m > [22mevery entry has a trailing space after the verb[32m 2[2mms[22m[39m
 [32mΓ£ô[39m src/components/__tests__/NcicQueryPanel.test.tsx[2m > [22mQUICK_QUERIES[2m > [22mevery entry has a non-empty label + descriptive subtitle[32m 2[2mms[22m[39m
 [32mΓ£ô[39m src/components/__tests__/NcicQueryPanel.test.tsx[2m > [22mQUICK_QUERIES[2m > [22mlabels are unique (no duplicate buttons)[32m 1[2mms[22m[39m
 [32mΓ£ô[39m src/components/__tests__/NcicQueryPanel.test.tsx[2m > [22mQUICK_QUERIES[2m > [22mprefixes are unique (no two buttons inserting the same verb)[32m 1[2mms[22m[39m
 [32mΓ£ô[39m src/pages/docs/useDocuments.test.ts[2m > [22mbuildDocsQuery[2m > [22mreturns bare path with no params[32m 7[2mms[22m[39m
 [32mΓ£ô[39m src/pages/docs/useDocuments.test.ts[2m > [22mbuildDocsQuery[2m > [22mencodes filters[32m 2[2mms[22m[39m
 [32mΓ£ô[39m src/pages/docs/useDocuments.test.ts[2m > [22mbuildDocsQuery[2m > [22mencodes a call target[32m 1[2mms[22m[39m
 [32mΓ£ô[39m src/pages/docs/useDocuments.test.ts[2m > [22mbuildDocsQuery[2m > [22momits target when id is missing[32m 1[2mms[22m[39m
 [32mΓ£ô[39m src/pages/docs/useDocuments.test.ts[2m > [22mbuildDocsQuery[2m > [22mencodes limit and offset[32m 1[2mms[22m[39m
 [32mΓ£ô[39m src/pages/docs/useDocuments.test.ts[2m > [22mcanEditDocument[2m > [22mblocks when no user[32m 1[2mms[22m[39m
 [32mΓ£ô[39m src/pages/docs/useDocuments.test.ts[2m > [22mcanEditDocument[2m > [22mblocks a finalized doc even for admins[32m 1[2mms[22m[39m
 [32mΓ£ô[39m src/pages/docs/useDocuments.test.ts[2m > [22mcanEditDocument[2m > [22mallows the owner on a draft[32m 1[2mms[22m[39m
 [32mΓ£ô[39m src/pages/docs/useDocuments.test.ts[2m > [22mcanEditDocument[2m > [22mblocks a non-owner non-admin[32m 1[2mms[22m[39m
 [32mΓ£ô[39m src/pages/docs/useDocuments.test.ts[2m > [22mcanEditDocument[2m > [22mallows an admin on a draft they do not own[32m 1[2mms[22m[39m
 [32mΓ£ô[39m src/pages/docs/useDocuments.test.ts[2m > [22mcanEditDocument[2m > [22mblocks anyone non-admin when owner_username is null[32m 1[2mms[22m[39m
 [32mΓ£ô[39m src/utils/plateCapturePdf.test.ts[2m > [22mplateCapturePdf helpers[2m > [22msourceLabel pretty-prints known codes[32m 9[2mms[22m[39m
 [32mΓ£ô[39m src/utils/plateCapturePdf.test.ts[2m > [22mplateCapturePdf helpers[2m > [22mreviewStatusLabel matches the on-screen labels[32m 2[2mms[22m[39m
 [32mΓ£ô[39m src/utils/plateCapturePdf.test.ts[2m > [22mplateCapturePdf helpers[2m > [22mneedsVerificationAlert fires for held / unreviewed captures[32m 1[2mms[22m[39m
 [32mΓ£ô[39m src/utils/plateCapturePdf.test.ts[2m > [22mplateCapturePdf helpers[2m > [22mneedsVerificationAlert clears for confirmed reads[32m 1[2mms[22m[39m
 [32mΓ£ô[39m src/utils/plateCapturePdf.test.ts[2m > [22mplateCapturePdf helpers[2m > [22mvehicleSummary joins color/year/make/model and falls back to vehicleType[32m 2[2mms[22m[39m
 [32mΓ£ô[39m src/utils/plateCapturePdf.test.ts[2m > [22mplateCapturePdf helpers[2m > [22mtrustLine prefers derived trust_score over raw confidence[32m 1[2mms[22m[39m
 [32mΓ£ô[39m src/pages/intel/__tests__/useQueryParser.test.ts[2m > [22mparseQuery[2m > [22mextracts free text when no operators[32m 12[2mms[22m[39m
 [32mΓ£ô[39m src/pages/intel/__tests__/useQueryParser.test.ts[2m > [22mparseQuery[2m > [22mparses simple operators[32m 2[2mms[22m[39m
 [32mΓ£ô[39m src/pages/intel/__tests__/useQueryParser.test.ts[2m > [22mparseQuery[2m > [22mparses quoted values for name and addr[32m 1[2mms[22m[39m
 [32mΓ£ô[39m src/pages/intel/__tests__/useQueryParser.test.ts[2m > [22mparseQuery[2m > [22maccumulates multiple flags[32m 1[2mms[22m[39m
 [32mΓ£ô[39m src/pages/intel/__tests__/useQueryParser.test.ts[2m > [22mparseQuery[2m > [22mparses identifiers, dl, case, and date range[32m 3[2mms[22m[39m
 [32mΓ£ô[39m src/pages/intel/__tests__/useQueryParser.test.ts[2m > [22mparseQuery[2m > [22mtreats unknown key:value as free text[32m 1[2mms[22m[39m
 [32mΓ£ô[39m src/pages/intel/__tests__/useQueryParser.test.ts[2m > [22mparseQuery[2m > [22mtoQueryParams produces a flat param object for the API[32m 2[2mms[22m[39m
 [32mΓ£ô[39m tests/fleetV2Audit.test.ts[2m > [22mFleetV2AuditDetails discriminated union[2m > [22misViewDetails narrows correctly[32m 8[2mms[22m[39m
 [32mΓ£ô[39m tests/fleetV2Audit.test.ts[2m > [22mFleetV2AuditDetails discriminated union[2m > [22misApiErrorDetails narrows correctly[32m 2[2mms[22m[39m
 [32mΓ£ô[39m tests/fleetV2Audit.test.ts[2m > [22mFleetV2AuditDetails discriminated union[2m > [22misViewDetails rejects an error payload[32m 2[2mms[22m[39m
 [32mΓ£ô[39m tests/fleetV2Audit.test.ts[2m > [22mFleetV2AuditDetails discriminated union[2m > [22mFleetV2ViewDetails and FleetV2ApiErrorDetails are separate concrete types[32m 3[2mms[22m[39m
 [32mΓ£ô[39m src/utils/__tests__/crossStreet.test.ts[2m > [22mnormalizeStreet[2m > [22mlowercases, strips punctuation, and collapses whitespace[32m 8[2mms[22m[39m
 [32mΓ£ô[39m src/utils/__tests__/crossStreet.test.ts[2m > [22misSameStreet[2m > [22mmatches the road network name against the address own street (Terra Sol bug)[32m 2[2mms[22m[39m
 [32mΓ£ô[39m src/utils/__tests__/crossStreet.test.ts[2m > [22misSameStreet[2m > [22mkeeps SLC grid streets distinct (does not collapse on shared directional)[32m 1[2mms[22m[39m
 [32mΓ£ô[39m src/utils/__tests__/crossStreet.test.ts[2m > [22mderiveCrossStreet[2m > [22mreturns the nearest road whose name differs from the address street[32m 2[2mms[22m[39m
 [32mΓ£ô[39m src/utils/__tests__/crossStreet.test.ts[2m > [22mderiveCrossStreet[2m > [22mignores the leading house number when matching the primary street[32m 4[2mms[22m[39m
 [32mΓ£ô[39m src/utils/__tests__/crossStreet.test.ts[2m > [22mderiveCrossStreet[2m > [22mreturns empty string when no cross street is available[32m 1[2mms[22m[39m
 [32mΓ£ô[39m src/utils/__tests__/crossStreet.test.ts[2m > [22mderiveCrossStreet[2m > [22mreturns empty string for no nearby roads[32m 1[2mms[22m[39m
 [32mΓ£ô[39m src/utils/__tests__/crossStreet.test.ts[2m > [22mderiveCrossStreet[2m > [22mexcludes the address own street even with suffix/directional spelling drift[32m 1[2mms[22m[39m
 [32mΓ£ô[39m src/utils/__tests__/recordTypeLabel.test.ts[2m > [22mrecordTypeLabel[2m > [22mmaps the linkable record types[32m 9[2mms[22m[39m
 [32mΓ£ô[39m src/utils/__tests__/recordTypeLabel.test.ts[2m > [22mrecordTypeLabel[2m > [22mmaps multi-word / abbreviated types to nice forms[32m 2[2mms[22m[39m
 [32mΓ£ô[39m src/utils/__tests__/recordTypeLabel.test.ts[2m > [22mrecordTypeLabel[2m > [22mhumanizes an UNMAPPED code rather than leaking it raw[32m 2[2mms[22m[39m
 [32mΓ£ô[39m src/utils/__tests__/recordTypeLabel.test.ts[2m > [22mrecordTypeLabel[2m > [22mis case-insensitive on input (handles uppercased codes)[32m 4[2mms[22m[39m
 [32mΓ£ô[39m src/utils/__tests__/recordTypeLabel.test.ts[2m > [22mrecordTypeLabel[2m > [22mnever returns empty/raw for nullish input[32m 1[2mms[22m[39m
 [32mΓ£ô[39m src/utils/__tests__/sanitizePdfText.test.ts[2m > [22msanitizePdfText ΓÇö formal output[2m > [22mstrips the variation selector after ΓÜá∩╕Å (no trailing "?")[32m 9[2mms[22m[39m
 [32mΓ£ô[39m src/utils/__tests__/sanitizePdfText.test.ts[2m > [22msanitizePdfText ΓÇö formal output[2m > [22mdrops surrogate-pair emoji instead of rendering "??"[32m 1[2mms[22m[39m
 [32mΓ£ô[39m src/utils/__tests__/sanitizePdfText.test.ts[2m > [22msanitizePdfText ΓÇö formal output[2m > [22mrenders the middle-dot separator as a dash, not a stray period[32m 2[2mms[22m[39m
 [32mΓ£ô[39m src/utils/__tests__/sanitizePdfText.test.ts[2m > [22msanitizePdfText ΓÇö formal output[2m > [22mnever emits "?" for unknown non-Latin-1 characters[32m 1[2mms[22m[39m
 [32mΓ£ô[39m src/utils/__tests__/sanitizePdfText.test.ts[2m > [22msanitizePdfText ΓÇö markdown leftovers[2m > [22munwraps paired underscore italics around parentheticals[32m 1[2mms[22m[39m
 [32mΓ£ô[39m src/utils/__tests__/sanitizePdfText.test.ts[2m > [22msanitizePdfText ΓÇö markdown leftovers[2m > [22mkeeps real underscores in identifiers[32m 1[2mms[22m[39m
 [32mΓ£ô[39m src/utils/pdf/v2/engine/__tests__/types.test.ts[2m > [22mv2 engine types[2m > [22mFormSchema has meta, header, sections, optional footer[32m 8[2mms[22m[39m
 [32mΓ£ô[39m src/utils/pdf/v2/engine/__tests__/types.test.ts[2m > [22mv2 engine types[2m > [22mSchemaSection and RenderCallback are both valid Section kinds[32m 1[2mms[22m[39m
 [32mΓ£ô[39m src/utils/pdf/v2/engine/__tests__/types.test.ts[2m > [22mv2 engine types[2m > [22mFieldSpec discriminates on kind[32m 1[2mms[22m[39m
 [32mΓ£ô[39m src/utils/pdf/v2/engine/__tests__/types.test.ts[2m > [22mv2 engine types[2m > [22mFieldSpec switch narrows to correct shape[32m 3[2mms[22m[39m
 [32mΓ£ô[39m src/utils/pdf/v2/forms/__tests__/citationInstructions.test.ts[2m > [22mCITATION_INSTRUCTIONS[2m > [22mexposes exactly three variants in canonical order[32m 10[2mms[22m[39m
 [32mΓ£ô[39m src/utils/pdf/v2/forms/__tests__/citationInstructions.test.ts[2m > [22mCITATION_INSTRUCTIONS[2m > [22mviolator banner reads "VIOLATOR COPY"[32m 2[2mms[22m[39m
 [32mΓ£ô[39m src/utils/pdf/v2/forms/__tests__/citationInstructions.test.ts[2m > [22mCITATION_INSTRUCTIONS[2m > [22mofficer banner reads "OFFICER COPY ΓÇö RETAIN FOR RECORDS"[32m 1[2mms[22m[39m
 [32mΓ£ô[39m src/utils/pdf/v2/forms/__tests__/citationInstructions.test.ts[2m > [22mCITATION_INSTRUCTIONS[2m > [22madministrative banner reads "ADMINISTRATIVE COPY ΓÇö COURT FILING"[32m 1[2mms[22m[39m
 [32mΓ£ô[39m src/utils/pdf/v2/forms/__tests__/citationInstructions.test.ts[2m > [22mCITATION_INSTRUCTIONS[2m > [22mviolator block mentions Utah Code ┬º53-3-218[32m 1[2mms[22m[39m
 [32mΓ£ô[39m src/utils/pdf/v2/forms/__tests__/citationInstructions.test.ts[2m > [22mCITATION_INSTRUCTIONS[2m > [22mofficer block contains "penalty of perjury"[32m 1[2mms[22m[39m
 [32mΓ£ô[39m src/utils/pdf/v2/forms/__tests__/citationInstructions.test.ts[2m > [22mCITATION_INSTRUCTIONS[2m > [22madministrative block contains DISPOSITION header[32m 1[2mms[22m[39m
 [32mΓ£ô[39m src/utils/screeningSource.test.ts[2m > [22mresolveSourceKey[2m > [22mtreats empty / "all" / "all sources" as the fan-out[32m 8[2mms[22m[39m
 [32mΓ£ô[39m src/utils/screeningSource.test.ts[2m > [22mresolveSourceKey[2m > [22mmatches an exact label (case-insensitive)[32m 1[2mms[22m[39m
 [32mΓ£ô[39m src/utils/screeningSource.test.ts[2m > [22mresolveSourceKey[2m > [22mmatches an exact source key[32m 1[2mms[22m[39m
 [32mΓ£ô[39m src/utils/screeningSource.test.ts[2m > [22mresolveSourceKey[2m > [22mmatches a label/key prefix when no exact match[32m 3[2mms[22m[39m
 [32mΓ£ô[39m src/utils/screeningSource.test.ts[2m > [22mresolveSourceKey[2m > [22mnever resolves to a non-searchable source[32m 1[2mms[22m[39m
 [32mΓ£ô[39m src/utils/screeningSource.test.ts[2m > [22mresolveSourceKey[2m > [22mreturns null for unknown free text[32m 1[2mms[22m[39m
 [32mΓ£ô[39m src/utils/__tests__/gaugeGeometry.test.ts[2m > [22mgaugeGeometry ΓÇö polarToCartesian[2m > [22m0┬░ is at top, 90┬░ to the right[32m 8[2mms[22m[39m
 [32mΓ£ô[39m src/utils/__tests__/gaugeGeometry.test.ts[2m > [22mgaugeGeometry ΓÇö arcPath[2m > [22mproduces a well-formed SVG arc command[32m 2[2mms[22m[39m
 [32mΓ£ô[39m src/utils/__tests__/gaugeGeometry.test.ts[2m > [22mgaugeGeometry ΓÇö arcPath[2m > [22msets large-arc flag past 180┬░[32m 1[2mms[22m[39m
 [32mΓ£ô[39m src/utils/__tests__/gaugeGeometry.test.ts[2m > [22mgaugeGeometry ΓÇö valueToAngle[2m > [22mmaps value linearly across the sweep[32m 1[2mms[22m[39m
 [32mΓ£ô[39m src/utils/__tests__/gaugeGeometry.test.ts[2m > [22mgaugeGeometry ΓÇö valueToAngle[2m > [22mapplies a start offset[32m 1[2mms[22m[39m
 [32mΓ£ô[39m src/utils/__tests__/gaugeGeometry.test.ts[2m > [22mgaugeGeometry ΓÇö valueToAngle[2m > [22mclamps out-of-range values and guards max[32m 1[2mms[22m[39m
 [32mΓ£ô[39m src/pages/fleet/v2/__tests__/no-as-any.test.ts[2m > [22mFleet V2 type discipline[2m > [22mcontains zero `as any` casts under client/src/pages/fleet/v2/[32m 17[2mms[22m[39m
 [32mΓ£ô[39m src/utils/__tests__/shiftReportPdf.test.ts[2m > [22mtotalActivityCount[2m > [22msums every category[32m 8[2mms[22m[39m
 [32mΓ£ô[39m src/utils/__tests__/shiftReportPdf.test.ts[2m > [22mtotalActivityCount[2m > [22mtreats missing fields as zero[32m 1[2mms[22m[39m
 [32mΓ£ô[39m src/utils/__tests__/shiftReportPdf.test.ts[2m > [22mtotalActivityCount[2m > [22mreturns 0 when undefined[32m 1[2mms[22m[39m
 [32mΓ£ô[39m src/utils/__tests__/shiftReportPdf.test.ts[2m > [22mellipsize[2m > [22mreturns the string unchanged if within budget[32m 1[2mms[22m[39m
 [32mΓ£ô[39m src/utils/__tests__/shiftReportPdf.test.ts[2m > [22mellipsize[2m > [22mtruncates with a trailing ellipsis when over budget[32m 1[2mms[22m[39m
 [32mΓ£ô[39m src/utils/__tests__/shiftReportPdf.test.ts[2m > [22mellipsize[2m > [22mhandles undefined / null gracefully[32m 1[2mms[22m[39m
 [32mΓ£ô[39m src/utils/__tests__/shiftReportPdf.test.ts[2m > [22mellipsize[2m > [22mtreats an exactly-at-budget string as no-op[32m 1[2mms[22m[39m
 [32mΓ£ô[39m src/utils/__tests__/gpxExport.test.ts[2m > [22mgpxExport ΓÇö trackToGpx[2m > [22memits a valid GPX 1.1 header and structure[32m 9[2mms[22m[39m
 [32mΓ£ô[39m src/utils/__tests__/gpxExport.test.ts[2m > [22mgpxExport ΓÇö trackToGpx[2m > [22memits trkpt with lat/lon attrs, ele, ISO time, speed[32m 2[2mms[22m[39m
 [32mΓ£ô[39m src/utils/__tests__/gpxExport.test.ts[2m > [22mgpxExport ΓÇö trackToGpx[2m > [22mescapes XML special chars in names[32m 2[2mms[22m[39m
 [32mΓ£ô[39m src/utils/__tests__/gpxExport.test.ts[2m > [22mgpxExport ΓÇö trackToGpx[2m > [22mskips points with non-finite coords[32m 1[2mms[22m[39m
 [32mΓ£ô[39m src/utils/__tests__/gpxExport.test.ts[2m > [22mgpxExport ΓÇö trackToGpx[2m > [22momits time element for missing/invalid timestamps[32m 1[2mms[22m[39m
 [32mΓ£ô[39m src/utils/__tests__/alprSource.test.ts[2m > [22msightingSourceKey[2m > [22mclassifies ClearPath dashcam reads[32m 7[2mms[22m[39m
 [32mΓ£ô[39m src/utils/__tests__/alprSource.test.ts[2m > [22msightingSourceKey[2m > [22mclassifies field ALPR camera scans[32m 1[2mms[22m[39m
 [32mΓ£ô[39m src/utils/__tests__/alprSource.test.ts[2m > [22msightingSourceKey[2m > [22mfalls back to manual for anything else[32m 1[2mms[22m[39m
 [32mΓ£ô[39m src/utils/__tests__/alprSource.test.ts[2m > [22msightingSourceKey[2m > [22mexposes a badge + color per source[32m 1[2mms[22m[39m
 [32mΓ£ô[39m src/utils/__tests__/alprSource.test.ts[2m > [22msightingSourceKey[2m > [22mdoes not false-positive on free-text manual notes mentioning ALPR[32m 1[2mms[22m[39m
 [32mΓ£ô[39m src/utils/__tests__/alprSource.test.ts[2m > [22msightingSourceKey[2m > [22mclassifies a "ALPR:" prefix even with leading whitespace[32m 1[2mms[22m[39m
 [32mΓ£ô[39m src/utils/__tests__/alprSource.test.ts[2m > [22msightingSourceKey[2m > [22mclassifies the bare "ALPR" legend chip[32m 2[2mms[22m[39m
 [32mΓ£ô[39m src/utils/__tests__/alprSource.test.ts[2m > [22msightingSourceKey[2m > [22mexposes the expected set of source keys in ALL_SOURCES[32m 3[2mms[22m[39m
 [32mΓ£ô[39m src/components/__tests__/citationFormAdapter.test.ts[2m > [22mformToData[2m > [22mmaps flat form fields to CitationData when violations is empty[32m 8[2mms[22m[39m
 [32mΓ£ô[39m src/components/__tests__/citationFormAdapter.test.ts[2m > [22mformToData[2m > [22mincludes violations array when present[32m 5[2mms[22m[39m
 [32mΓ£ô[39m src/components/__tests__/citationFormAdapter.test.ts[2m > [22mformToData[2m > [22mstrips client-only id from violations[32m 1[2mms[22m[39m
 [32mΓ£ô[39m src/utils/__tests__/mgrs.test.ts[2m > [22mtoMgrs[2m > [22mmatches the Washington Monument reference[32m 7[2mms[22m[39m
 [32mΓ£ô[39m src/utils/__tests__/mgrs.test.ts[2m > [22mtoMgrs[2m > [22mproduces a Salt Lake valley reference in zone 12T[32m 1[2mms[22m[39m
 [32mΓ£ô[39m src/utils/__tests__/mgrs.test.ts[2m > [22mtoMgrs[2m > [22mreturns empty outside the MGRS domain[32m 1[2mms[22m[39m
 [32mΓ£ô[39m src/utils/redaction/renderRedacted.test.ts[2m > [22mpickRecorderFormat[2m > [22mprefers MP4/H.264 when supported (court-friendly, what investigators expect)[32m 8[2mms[22m[39m
 [32mΓ£ô[39m src/utils/redaction/renderRedacted.test.ts[2m > [22mpickRecorderFormat[2m > [22mfalls back to WebM when MP4 recording is unavailable (e.g. Firefox)[32m 2[2mms[22m[39m
 [32mΓ£ô[39m src/utils/redaction/renderRedacted.test.ts[2m > [22mpickRecorderFormat[2m > [22mreturns null when nothing is supported so the caller can surface an honest error[32m 1[2mms[22m[39m
 [32mΓ£ô[39m src/utils/redaction/renderRedacted.test.ts[2m > [22mpickRecorderFormat[2m > [22mhonours the candidate preference order (first supported wins)[32m 1[2mms[22m[39m
 [32mΓ£ô[39m src/utils/detectionFilter.test.ts[2m > [22misPlausibleDetection[2m > [22maccepts a normal lower-frame vehicle with good score[32m 8[2mms[22m[39m
 [32mΓ£ô[39m src/utils/detectionFilter.test.ts[2m > [22misPlausibleDetection[2m > [22mrejects a low-confidence detection (night glare false positive)[32m 1[2mms[22m[39m
 [32mΓ£ô[39m src/utils/detectionFilter.test.ts[2m > [22misPlausibleDetection[2m > [22mrejects a box whose centre sits in the sky band (traffic lights / streetlights)[32m 2[2mms[22m[39m
 [32mΓ£ô[39m src/utils/detectionFilter.test.ts[2m > [22misPlausibleDetection[2m > [22mrejects a tiny speck (sub-meaningful distant blob)[32m 1[2mms[22m[39m
 [32mΓ£ô[39m src/utils/detectionFilter.test.ts[2m > [22misPlausibleDetection[2m > [22mrejects a frame-filling box (ego hood / glare wash)[32m 1[2mms[22m[39m
 [32mΓ£ô[39m src/utils/detectionFilter.test.ts[2m > [22misPlausibleDetection[2m > [22mrejects an extreme-aspect sliver (light streak)[32m 1[2mms[22m[39m
 [32mΓ£ô[39m src/utils/detectionFilter.test.ts[2m > [22mfilterDetections[2m > [22mkeeps only the plausible detections[32m 1[2mms[22m[39m
 [32mΓ£ô[39m src/utils/detectionFilter.test.ts[2m > [22mfilterDetections[2m > [22mhonors a stricter minScore override[32m 1[2mms[22m[39m
 [32mΓ£ô[39m src/utils/__tests__/themeSchedule.test.ts[2m > [22mresolveScheduledTheme[2m > [22mis night at/after nightStart (18:00) and before midnight[32m 9[2mms[22m[39m
 [32mΓ£ô[39m src/utils/__tests__/themeSchedule.test.ts[2m > [22mresolveScheduledTheme[2m > [22mis night after midnight and before dayStart (06:00)[32m 2[2mms[22m[39m
 [32mΓ£ô[39m src/utils/__tests__/themeSchedule.test.ts[2m > [22mresolveScheduledTheme[2m > [22mis day from dayStart (06:00) until nightStart (18:00)[32m 1[2mms[22m[39m
 [32mΓ£ô[39m src/utils/__tests__/themeSchedule.test.ts[2m > [22mresolveScheduledTheme[2m > [22mtreats the boundary hours inclusively for night start, exclusively for day[32m 1[2mms[22m[39m
 [32mΓ£ô[39m src/utils/__tests__/themeSchedule.test.ts[2m > [22mresolveEffectiveTheme[2m > [22muses the schedule when there is no override[32m 2[2mms[22m[39m
 [32mΓ£ô[39m src/utils/__tests__/themeSchedule.test.ts[2m > [22mresolveEffectiveTheme[2m > [22mhonors a manual override that has not yet hit its boundary[32m 1[2mms[22m[39m
 [32mΓ£ô[39m src/utils/__tests__/themeSchedule.test.ts[2m > [22mresolveEffectiveTheme[2m > [22mignores an expired/inactive override and falls back to schedule[32m 1[2mms[22m[39m
 [32mΓ£ô[39m src/utils/flexcamPlayerStatus.test.ts[2m > [22mformatPlayerStatus[2m > [22msurfaces a fetch/decoder error before any progress text[32m 9[2mms[22m[39m
 [32mΓ£ô[39m src/utils/flexcamPlayerStatus.test.ts[2m > [22mformatPlayerStatus[2m > [22mrenders a "failed" request status as a hard error even when no fetch err[32m 1[2mms[22m[39m
 [32mΓ£ô[39m src/utils/flexcamPlayerStatus.test.ts[2m > [22mformatPlayerStatus[2m > [22mshows progress label while still fulfilling with zero clips[32m 1[2mms[22m[39m
 [32mΓ£ô[39m src/utils/flexcamPlayerStatus.test.ts[2m > [22mformatPlayerStatus[2m > [22mshows partial-clip count when some chunks landed but not all[32m 1[2mms[22m[39m
 [32mΓ£ô[39m src/utils/flexcamPlayerStatus.test.ts[2m > [22mformatPlayerStatus[2m > [22mshows "No footage available" for a stopped request with zero clips[32m 1[2mms[22m[39m
 [32mΓ£ô[39m src/utils/flexcamPlayerStatus.test.ts[2m > [22mformatPlayerStatus[2m > [22mreturns the ready/idle state when every chunk is downloaded[32m 1[2mms[22m[39m
 [32mΓ£ô[39m src/pages/document-writer/__tests__/sigBlockLayout.test.ts[2m > [22msignature block layout[2m > [22mexported HTML pins table-layout:fixed so signature rows cannot overflow the page[32m 8[2mms[22m[39m
 [32mΓ£ô[39m src/pages/document-writer/__tests__/sigBlockLayout.test.ts[2m > [22msignature block layout[2m > [22mexported cells clip overflow so the underscore line stays inside its column[32m 1[2mms[22m[39m
 [32mΓ£ô[39m src/pages/document-writer/__tests__/sigBlockLayout.test.ts[2m > [22msignature block layout[2m > [22msignature rows are real tables whose column count drives the per-cell width[32m 2[2mms[22m[39m
 [32mΓ£ô[39m src/utils/__tests__/plateTrust.test.ts[2m > [22mtrustBadge[2m > [22mlabels a verified high-trust read[32m 8[2mms[22m[39m
 [32mΓ£ô[39m src/utils/__tests__/plateTrust.test.ts[2m > [22mtrustBadge[2m > [22mlabels a single-read low-trust as unverified, never shows 100%[32m 1[2mms[22m[39m
 [32mΓ£ô[39m src/utils/__tests__/plateTrust.test.ts[2m > [22mtrustBadge[2m > [22mlabels a mid-trust multi-read as review[32m 1[2mms[22m[39m
 [32mΓ£ô[39m src/utils/__tests__/plateTrust.test.ts[2m > [22mtrustBadge[2m > [22mtreats the 0.85 boundary as verified (inclusive lower bound)[32m 1[2mms[22m[39m
 [32mΓ£ô[39m src/utils/__tests__/plateTrust.test.ts[2m > [22mtrustBadge[2m > [22mtreats the 0.80 boundary as review (inclusive lower bound)[32m 1[2mms[22m[39m
 [32mΓ£ô[39m src/utils/__tests__/plateTrust.test.ts[2m > [22mtrustBadge[2m > [22mnever trusts a single high-confidence read (anti-fake-100% guard)[32m 1[2mms[22m[39m
 [32mΓ£ô[39m src/utils/__tests__/addressUnit.test.ts[2m > [22mcomposeAddressUnit[2m > [22mappends a bare unit with an Apt label[32m 8[2mms[22m[39m
 [32mΓ£ô[39m src/utils/__tests__/addressUnit.test.ts[2m > [22mcomposeAddressUnit[2m > [22mkeeps an explicit designator verbatim[32m 2[2mms[22m[39m
 [32mΓ£ô[39m src/utils/__tests__/addressUnit.test.ts[2m > [22mcomposeAddressUnit[2m > [22mreturns the address unchanged with no unit[32m 1[2mms[22m[39m
 [32mΓ£ô[39m src/utils/__tests__/addressUnit.test.ts[2m > [22mcomposeAddressUnit[2m > [22mignores a unit with no address[32m 1[2mms[22m[39m
 [32mΓ£ô[39m src/utils/__tests__/addressUnit.test.ts[2m > [22mcomposeAddressUnit[2m > [22mdoes not double-append when the address already contains the unit[32m 1[2mms[22m[39m
 [32mΓ£ô[39m src/utils/__tests__/addressUnit.test.ts[2m > [22mcomposeAddressUnit[2m > [22mtrims input[32m 1[2mms[22m[39m
 [32mΓ£ô[39m src/utils/pdf/v2/forms/__tests__/citationViolations.test.ts[2m > [22mselectViolationLayout[2m > [22mreturns "compact" for 0..3 violations[32m 9[2mms[22m[39m
 [32mΓ£ô[39m src/utils/pdf/v2/forms/__tests__/citationViolations.test.ts[2m > [22mselectViolationLayout[2m > [22mreturns "stacked" for 4+ violations[32m 1[2mms[22m[39m
 [32mΓ£ô[39m src/utils/pdf/v2/forms/__tests__/citationViolations.test.ts[2m > [22mtotalFine[2m > [22msums fine_amount across violations[32m 1[2mms[22m[39m
 [32mΓ£ô[39m src/utils/pdf/v2/forms/__tests__/citationViolations.test.ts[2m > [22mtotalFine[2m > [22mtreats non-finite fine_amount as 0[32m 1[2mms[22m[39m
 [32mΓ£ô[39m src/components/spillman/__tests__/spillmanColors.test.ts[2m > [22mpriorityColor[2m > [22mmaps priorities 1..9 to their CSS var[32m 7[2mms[22m[39m
 [32mΓ£ô[39m src/components/spillman/__tests__/spillmanColors.test.ts[2m > [22mpriorityColor[2m > [22maccepts numeric strings[32m 1[2mms[22m[39m
 [32mΓ£ô[39m src/components/spillman/__tests__/spillmanColors.test.ts[2m > [22mpriorityColor[2m > [22mreturns inherit for out-of-range, zero, null, or junk[32m 1[2mms[22m[39m
 [32mΓ£ô[39m src/components/spillman/__tests__/spillmanColors.test.ts[2m > [22munitStatusColor[2m > [22mmaps known statuses case-insensitively[32m 2[2mms[22m[39m
 [32mΓ£ô[39m src/components/spillman/__tests__/spillmanColors.test.ts[2m > [22munitStatusColor[2m > [22mreturns inherit for OMDT, unknown, or empty[32m 1[2mms[22m[39m
 [32mΓ£ô[39m src/utils/__tests__/themeContrast.test.ts[2m > [22mtheme contrast (AA)[2m > [22mnight primary text on base >= 4.5:1[32m 8[2mms[22m[39m
 [32mΓ£ô[39m src/utils/__tests__/themeContrast.test.ts[2m > [22mtheme contrast (AA)[2m > [22mday primary text on base >= 4.5:1[32m 1[2mms[22m[39m
 [32mΓ£ô[39m src/utils/__tests__/colorLookup.test.ts[2m > [22mhashToHsl[2m > [22mis deterministic for the same input[32m 10[2mms[22m[39m
 [32mΓ£ô[39m src/utils/__tests__/colorLookup.test.ts[2m > [22mhashToHsl[2m > [22mreturns a syntactically valid HSL string[32m 1[2mms[22m[39m
 [32mΓ£ô[39m src/utils/__tests__/colorLookup.test.ts[2m > [22mhashToHsl[2m > [22msequential same-prefix codes (SL1/SL2/SL3) all produce distinct hues[32m 1[2mms[22m[39m
 [32mΓ£ô[39m src/utils/__tests__/sectionAnchor.test.ts[2m > [22msectionAnchorId[2m > [22mslugifies a section title[32m 8[2mms[22m[39m
 [32mΓ£ô[39m src/utils/__tests__/sectionAnchor.test.ts[2m > [22msectionAnchorId[2m > [22mcollapses punctuation and ampersands[32m 1[2mms[22m[39m
 [32mΓ£ô[39m src/utils/__tests__/sectionAnchor.test.ts[2m > [22msectionAnchorId[2m > [22mtrims leading/trailing separators[32m 1[2mms[22m[39m
 [32mΓ£ô[39m src/pages/__tests__/incidentsSearch.test.ts[2m > [22mincidentMatchesSearch[2m > [22mmatches the plain-English label the officer sees[32m 9[2mms[22m[39m
 [32mΓ£ô[39m src/pages/__tests__/incidentsSearch.test.ts[2m > [22mincidentMatchesSearch[2m > [22mstill matches the raw code (additive)[32m 1[2mms[22m[39m
 [32mΓ£ô[39m src/pages/__tests__/incidentsSearch.test.ts[2m > [22mincidentMatchesSearch[2m > [22mstill matches the record number[32m 1[2mms[22m[39m
 [32mΓ£ô[39m src/pages/__tests__/incidentsSearch.test.ts[2m > [22mincidentMatchesSearch[2m > [22mdoes not match unrelated text[32m 1[2mms[22m[39m
 [32mΓ£ô[39m src/utils/clientAutofill.test.ts[2m > [22mautofillFromClient[2m > [22mmaps client fields to call fields[32m 7[2mms[22m[39m
 [32mΓ£ô[39m src/utils/clientAutofill.test.ts[2m > [22mapplyFillBlanks[2m > [22mfills only blank fields, never overwrites[32m 1[2mms[22m[39m

[31mΓÄ»ΓÄ»ΓÄ»ΓÄ»ΓÄ»ΓÄ»[39m[1m[41m Failed Suites 1 [49m[22m[31mΓÄ»ΓÄ»ΓÄ»ΓÄ»ΓÄ»ΓÄ»ΓÄ»[39m

[41m[1m FAIL [22m[49m tests/cross-impact/map-fleet-markers.test.tsx[2m [ 
tests/cross-impact/map-fleet-markers.test.tsx ][22m
[31m[1mError[22m: Failed to resolve import "../../src/pages/map/MapPage" from 
"tests/cross-impact/map-fleet-markers.test.tsx". Does the file exist?[39m
  Plugin: [35mvite:import-analysis[39m
  File: [36mC:/Users/ChristopherZamora/Downloads/rmpg-flex/rmpg-flex/client/tests/cross-impact/map-fleet-markers.test.
tsx[39m:13:29
[33m  10 |  describe("MapPage cross-impact (no regression from /fleet/v2 work)", () => {
  11 |  	it("imports MapPage without throwing (transitive deps still resolve)", async () => {
  12 |  		const mod = await import("../../src/pages/map/MapPage");
     |                             ^
  13 |  		const MapPage = mod.default;
  14 |  		expect(typeof MapPage).toBe("function");[39m
[90m [2mΓ¥»[22m TransformPluginContext._formatLog node_modules/vite/dist/node/chunks/node.js:[2m30602:39[22m[39m
[90m [2mΓ¥»[22m TransformPluginContext.error node_modules/vite/dist/node/chunks/node.js:[2m30599:14[22m[39m
[90m [2mΓ¥»[22m normalizeUrl node_modules/vite/dist/node/chunks/node.js:[2m27842:18[22m[39m
[90m [2mΓ¥»[22m node_modules/vite/dist/node/chunks/node.js:[2m27905:30[22m[39m
[90m [2mΓ¥»[22m TransformPluginContext.transform node_modules/vite/dist/node/chunks/node.js:[2m27873:4[22m[39m
[90m [2mΓ¥»[22m EnvironmentPluginContainer.transform 
node_modules/vite/dist/node/chunks/node.js:[2m30387:14[22m[39m
[90m [2mΓ¥»[22m loadAndTransform node_modules/vite/dist/node/chunks/node.js:[2m24646:26[22m[39m

[31m[2mΓÄ»ΓÄ»ΓÄ»ΓÄ»ΓÄ»ΓÄ»ΓÄ»ΓÄ»ΓÄ»ΓÄ»ΓÄ»ΓÄ»ΓÄ»ΓÄ»ΓÄ»ΓÄ»ΓÄ»ΓÄ»ΓÄ»ΓÄ»ΓÄ»ΓÄ»ΓÄ»[1/22]ΓÄ»[22m[39m


[31mΓÄ»ΓÄ»ΓÄ»ΓÄ»ΓÄ»ΓÄ»[39m[1m[41m Failed Tests 21 [49m[22m[31mΓÄ»ΓÄ»ΓÄ»ΓÄ»ΓÄ»ΓÄ»ΓÄ»[39m

[41m[1m FAIL [22m[49m src/pages/__tests__/DashboardPage.test.tsx[2m > [22mDashboardPage[2m > [22mrenders stat 
cards with API data
[31m[1mTestingLibraryElementError[22m[39m: Found multiple elements with the text: 5

Here are the matching elements:

Ignored nodes: comments, script, style
[36m<p[39m
  [33mclass[39m=[32m"text-2xl font-black font-mono tabular-nums text-red-400"[39m
  [33mstyle[39m=[32m"text-shadow: 0 0 12px color-mix(in srgb, var(--stat-accent-red) 25%, transparent), 0 1px 2px 
rgba(0,0,0,0.5); line-height: 1;"[39m
[36m>[39m
  [0m5[0m
[36m</p>[39m

Ignored nodes: comments, script, style
[36m<span[39m
  [33mclass[39m=[32m"text-[9px] font-mono font-bold text-rmpg-200 ml-auto tabular-nums"[39m
[36m>[39m
  [0m5[0m
[36m</span>[39m

(If this is intentional, then use the `*AllBy*` variant of the query (like `queryAllByText`, `getAllByText`, or 
`findAllByText`)).

Ignored nodes: comments, script, style
[36m<body>[39m
  [36m<div>[39m
    [36m<div[39m
      [33maria-label[39m=[32m"Command and Control Dashboard"[39m
      [33mclass[39m=[32m"dashboard-page p-4 space-y-4 animate-fade-in"[39m
      [33mrole[39m=[32m"main"[39m
    [36m>[39m
      [36m<div[39m
        [33mclass[39m=[32m"spm-screen-title"[39m
      [36m>[39m
        [36m<span[39m
          [33maria-hidden[39m=[32m"true"[39m
          [33mclass[39m=[32m"led-dot led-green"[39m
        [36m/>[39m
        [0mCommand & Control ΓÇö [0m
        [0mOperational[0m
        [36m<span[39m
          [33mclass[39m=[32m"ml-auto text-[10px] font-mono text-rmpg-500 tabular-nums"[39m
          [33mtitle[39m=[32m"6/29/2026, 11:39:40 PM"[39m
        [36m>[39m
          [0mSynced 11:39 PM[0m
        [36m</span>[39m
      [36m</div>[39m
      [36m<div[39m
        [33maria-label[39m=[32m"Dashboard actions"[39m
        [33mclass[39m=[32m"spm-screen-toolbar"[39m
        [33mrole[39m=[32m"toolbar"[39m
      [36m>[39m
        [36m<div[39m
          [33maria-label[39m=[32m"Dashboard view"[39m
          [33mclass[39m=[32m"spm-view-seg"[39m
          [33mrole[39m=[32m"group"[39m
        [36m>[39m
          [36m<span[39m
            [33mclass[39m=[32m"spm-view-seg-label"[39m
          [36m>[39m
            [0mView:[0m
          [36m</span>[39m
          [36m<button[39m
            [33maria-pressed[39m=[32m"false"[39m
            [33mclass[39m=[32m"spm-view-seg-btn"[39m
            [33mtype[39m=[32m"button"[39m
          [36m>[39m
            [0mDispatch[0m
          [36m</button>[39m
          [36m<button[39m
            [33maria-pressed[39m=[32m"false"[39m
            [33mclass[39m=[32m"spm-view-seg-btn"[39m
            [33mtype[39m=[32m"button"[39m
          [36m>[39m
            [0mPatrol[0m
          [36m</button>[39m
          [36m<button[39m
            [33maria-pressed[39m=[32m"true"[39m
            [33mclass[39m=[32m"spm-view-seg-btn on"[39m
            [33mtype[39m=[32m"button"[39m
          [36m>[39m
            [0mAdmin[0m
          [36m</button>[39m
        [36m</div>[39m
        [36m<button[39m
          [33mclass[39m=[32m"spm-toolbtn"[39m
          [33mtype[39m=[32m"button"[39m
        [36m>[39m
          [0mNew Call[0m
        [36m</button>[39m
        [36m<button[39m
          [33mclass[39m=[32m"spm-toolbtn"[39m
          [33mtype[39m=[32m"button"[39m
        [36m>[39m
          [0mNew Incident[0m
        [36m</button>[39m
        [36m<button[39m
          [33mclass[39m=[32m"spm-toolbtn"[39m
          [33mtype[39m=[32m"button"[39m
        [36m>[39m
          [0mNew Citation[0m
        [36m</button>[39m
        [36m<button[39m
          [33mclass[39m=[32m"spm-toolbtn"[39m
          [33mtype[39m=[32m"button"[39m
        [36m>[39m
          [0mStart Patrol[0m
        [36m</button>[39m
        [36m<button[39m
          [33mclass[39m=[32m"spm-toolbtn"[39m
          [33mtype[39m=[32m"button"[39m
        [36m>[39m
          [0mProcess Server[0m
        [36m</button>[39m
        [36m<button[39m
          [33mclass[39m=[32m"spm-toolbtn"[39m
          [33mtype[39m=[32m"button"[39m
        [36m>[39m
          [0mQuick Capture[0m
        [36m</button>[39m
        [36m<button[39m
          [33mclass[39m=[32m"spm-toolbtn"[39m
          [33mtype[39m=[32m"button"[39m
        [36m>[39m
          [0mField Camera[0m
        [36m</button>[39m
        [36m<button[39m
          [33mclass[39m=[32m"spm-toolbtn"[39m
          [33mtype[39m=[32m"button"[39m
        [36m>[39m
          [0mTasks[0m
        [36m</button>[39m
        [36m<button[39m
          [33mclass[39m=[32m"spm-toolbtn spacer"[39m
          [33mtype[39m=[32m"button"[39m
        [36m>[39m
          [0mPrint[0m
        [36m</button>[39m
        [36m<button[39m
          [33mclass[39m=[32m"spm-toolbtn"[39m
          [33mtype[39m=[32m"button"[39m
        [36m>[39m
          [0mRefresh[0m
        [36m</button>[39m
      [36m</div>[39m
      [36m<div[39m
        [33mclass[39m=[32m"panel-beveled bg-surface-base overflow-hidden shadow-lg shadow-black/20"[39m
      [36m>[39m
        [36m<div[39m
          [33mclass[39m=[32m"flex items-center gap-4 px-4 py-3 relative"[39m
        [36m>[39m
          [36m<div[39m
            [33mclass[39m=[32m"absolute top-0 left-0 right-0 h-[2px]"[39m
            [33mstyle[39m=[32m"background: linear-gradient(90deg, var(--spm-border), var(--spm-text-muted) 30%, 
var(--spm-text-muted) 70%, var(--spm-border));"[39m
          [36m/>[39m
          [36m<img[39m
            [33malt[39m=[32m"Rocky Mountain Protective Group ΓÇö RMPG Flex"[39m
            [33mclass[39m=[32m"flex-shrink-0 "[39m
            [33mdraggable[39m=[32m"false"[39m
            [33msrc[39m=[32m"/rmpg flex.png"[39m
            [33mstyle[39m=[32m"height: 68px; object-fit: contain;"[39m
          [36m/>[39m
          [36m<div[39m
            [33mclass[39m=[32m"flex-1 min-w-0"[39m
          [36m>[39m
            [36m<div[39m
              [33mclass[39m=[32m"flex items-center gap-3"[39m
            [36m>[39m
              [36m<h1[39m
                [33mclass[39m=[32m"text-sm font-bold tracking-wider uppercase text-rmpg-200 select-none"[39m
              [36m>[39m
                [0mCommand & Control Dashboard[0m
              [36m</h1>[39m
              [36m<div[39m
                [33maria-label[39m=[32m"System status: operational"[39m
                [33mclass[39m=[32m"hidden sm:flex items-center gap-1.5"[39m
                [33mrole[39m=[32m"status"[39m
              [36m>[39m
                [36m<span[39m
                  [33maria-hidden[39m=[32m"true"[39m
                  [33mclass[39m=[32m"led-dot led-green animate-led-pulse"[39m
                [36m/>[39m
                [36m<span[39m
                  [33mclass[39m=[32m"text-[9px] font-mono font-bold text-green-500 tracking-wider select-none"[39m
                [36m>[39m
                  [0mOPERATIONAL[0m
                [36m</span>[39m
              [36m</div>[39m
            [36m</div>[39m
            [36m<p[39m
              [33mclass[39m=[32m"text-[9px] tracking-wide mt-0.5 text-rmpg-600 truncate"[39m
            [36m>[39m
              [0mRocky Mountain Protective Group, LLC ΓÇö Resolving todayΓÇÖs concerns, to ensure tomorrowΓÇÖs 
solutions.[0m
            [36m</p>[39m
          [36m</div>[39m
          [36m<div[39m
            [33mclass[39m=[32m"hidden md:flex items-center gap-3 text-[9px] font-mono text-rmpg-600 
flex-shrink-0"[39m
          [36m>[39m
            [36m<button[39m
              [33mclass[39m=[32m"toolbar-btn "[39m
              [33mtitle[39m=[32m"Print...
[90m [2mΓ¥»[22m Object.getElementError node_modules/@testing-library/dom/dist/config.js:[2m37:19[22m[39m
[90m [2mΓ¥»[22m getElementError node_modules/@testing-library/dom/dist/query-helpers.js:[2m20:35[22m[39m
[90m [2mΓ¥»[22m getMultipleElementsFoundError 
node_modules/@testing-library/dom/dist/query-helpers.js:[2m23:10[22m[39m
[90m [2mΓ¥»[22m node_modules/@testing-library/dom/dist/query-helpers.js:[2m55:13[22m[39m
[90m [2mΓ¥»[22m node_modules/@testing-library/dom/dist/query-helpers.js:[2m95:19[22m[39m
[36m [2mΓ¥»[22m src/pages/__tests__/DashboardPage.test.tsx:[2m85:19[22m[39m
    [90m 83|[39m       [34mexpect[39m(screen[33m.[39m[34mgetByText[39m([32m'Active 
Calls'[39m))[33m.[39m[34mtoBeTruthy[39m()[33m;[39m
    [90m 84|[39m     })[33m;[39m
    [90m 85|[39m     
[34mexpect[39m(screen[33m.[39m[34mgetByText[39m([32m'5'[39m))[33m.[39m[34mtoBeTruthy[39m()[33m;[39m
    [90m   |[39m                   [31m^[39m
    [90m 86|[39m     [34mexpect[39m(screen[33m.[39m[34mgetByText[39m([32m'Units 
Available'[39m))[33m.[39m[34mtoBeTruthy[39m()[33m;[39m
    [90m 87|[39m     [34mexpect[39m(screen[33m.[39m[34mgetByText[39m([36m/3 \/ 
8/[39m))[33m.[39m[34mtoBeTruthy[39m()[33m;[39m

[31m[2mΓÄ»ΓÄ»ΓÄ»ΓÄ»ΓÄ»ΓÄ»ΓÄ»ΓÄ»ΓÄ»ΓÄ»ΓÄ»ΓÄ»ΓÄ»ΓÄ»ΓÄ»ΓÄ»ΓÄ»ΓÄ»ΓÄ»ΓÄ»ΓÄ»ΓÄ»ΓÄ»[2/22]ΓÄ»[22m[39m

[41m[1m FAIL [22m[49m src/pages/__tests__/InteractionRecorderPage.test.tsx[2m > [22mInteractionRecorderPage[2m 
> [22mrenders recordings and starts a recording on click
[31m[1mError[22m: useAuth must be used within an AuthProvider[39m
[36m [2mΓ¥»[22m useAuth src/context/AuthContext.tsx:[2m1099:11[22m[39m
    [90m1097|[39m   [35mconst[39m context [33m=[39m [34museContext[39m([33mAuthContext[39m)[33m;[39m
    [90m1098|[39m   [35mif[39m ([33m![39mcontext) {
    [90m1099|[39m     [35mthrow[39m [35mnew[39m [33mError[39m([32m'useAuth must be used within an 
AuthProvider'[39m)[33m;[39m
    [90m   |[39m           [31m^[39m
    [90m1100|[39m   }
    [90m1101|[39m   [35mreturn[39m context[33m;[39m
[90m [2mΓ¥»[22m InteractionRecorderPage src/pages/InteractionRecorderPage.tsx:[2m31:20[22m[39m
[90m [2mΓ¥»[22m Object.react_stack_bottom_frame 
node_modules/react-dom/cjs/react-dom-client.development.js:[2m25904:20[22m[39m
[90m [2mΓ¥»[22m renderWithHooks node_modules/react-dom/cjs/react-dom-client.development.js:[2m7662:22[22m[39m
[90m [2mΓ¥»[22m updateFunctionComponent 
node_modules/react-dom/cjs/react-dom-client.development.js:[2m10166:19[22m[39m
[90m [2mΓ¥»[22m beginWork node_modules/react-dom/cjs/react-dom-client.development.js:[2m11778:18[22m[39m
[90m [2mΓ¥»[22m runWithFiberInDEV node_modules/react-dom/cjs/react-dom-client.development.js:[2m874:13[22m[39m
[90m [2mΓ¥»[22m performUnitOfWork node_modules/react-dom/cjs/react-dom-client.development.js:[2m17641:22[22m[39m
[90m [2mΓ¥»[22m workLoopSync node_modules/react-dom/cjs/react-dom-client.development.js:[2m17469:41[22m[39m
[90m [2mΓ¥»[22m renderRootSync node_modules/react-dom/cjs/react-dom-client.development.js:[2m17450:11[22m[39m

[31m[2mΓÄ»ΓÄ»ΓÄ»ΓÄ»ΓÄ»ΓÄ»ΓÄ»ΓÄ»ΓÄ»ΓÄ»ΓÄ»ΓÄ»ΓÄ»ΓÄ»ΓÄ»ΓÄ»ΓÄ»ΓÄ»ΓÄ»ΓÄ»ΓÄ»ΓÄ»ΓÄ»[3/22]ΓÄ»[22m[39m

[41m[1m FAIL [22m[49m src/pages/__tests__/JailRecordsPage.test.tsx[2m > [22mJailRecordsPage[2m > [22mrenders 
sources, bookings, and ingests a roster with cross-hit result
[31m[1mTestingLibraryElementError[22m[39m: Unable to find an element with the text: /1 FLAGGED HIT/. This could be 
because the text is broken up by multiple elements. In this case, you can provide a function for your text matcher to 
make your matcher more flexible.

Ignored nodes: comments, script, style
[36m<body[39m
  [33mstyle[39m=[32m"overflow: hidden; position: fixed; width: 100%; top: 0px;"[39m
[36m>[39m
  [36m<div>[39m
    [36m<div[39m
      [33mclass[39m=[32m"p-4 space-y-4"[39m
    [36m>[39m
      [36m<div[39m
        [33maria-level[39m=[32m"3"[39m
        [33mclass[39m=[32m"panel-title-bar "[39m
        [33mrole[39m=[32m"heading"[39m
      [36m>[39m
        [36m<svg[39m
          [33maria-hidden[39m=[32m"true"[39m
          [33mclass[39m=[32m"lucide lucide-building2 lucide-building-2 title-icon"[39m
          [33mfill[39m=[32m"none"[39m
          [33mheight[39m=[32m"24"[39m
          [33mstroke[39m=[32m"currentColor"[39m
          [33mstroke-linecap[39m=[32m"round"[39m
          [33mstroke-linejoin[39m=[32m"round"[39m
          [33mstroke-width[39m=[32m"2"[39m
          [33mviewBox[39m=[32m"0 0 24 24"[39m
          [33mwidth[39m=[32m"24"[39m
          [33mxmlns[39m=[32m"http://www.w3.org/2000/svg"[39m
        [36m>[39m
          [36m<path[39m
            [33md[39m=[32m"M10 12h4"[39m
          [36m/>[39m
          [36m<path[39m
            [33md[39m=[32m"M10 8h4"[39m
          [36m/>[39m
          [36m<path[39m
            [33md[39m=[32m"M14 21v-3a2 2 0 0 0-4 0v3"[39m
          [36m/>[39m
          [36m<path[39m
            [33md[39m=[32m"M6 10H4a2 2 0 0 0-2 2v7a2 2 0 0 0 2 2h16a2 2 0 0 0 2-2V9a2 2 0 0 0-2-2h-2"[39m
          [36m/>[39m
          [36m<path[39m
            [33md[39m=[32m"M6 21V5a2 2 0 0 1 2-2h8a2 2 0 0 1 2 2v16"[39m
          [36m/>[39m
        [36m</svg>[39m
        [36m<span[39m
          [33mclass[39m=[32m"select-none whitespace-nowrap shrink-0 "[39m
        [36m>[39m
          [0mJAIL / BOOKING RECORDS[0m
        [36m</span>[39m
        [36m<div[39m
          [33mclass[39m=[32m"ml-auto flex items-center gap-1.5 min-w-0 overflow-x-auto scrollbar-dark 
whitespace-nowrap"[39m
        [36m>[39m
          [36m<button[39m
            [33mclass[39m=[32m"toolbar-btn flex items-center gap-1.5"[39m
            [33mstyle[39m=[32m"height: 28px; padding: 0px 10px;"[39m
            [33mtitle[39m=[32m"Refresh sources and bookings"[39m
            [33mtype[39m=[32m"button"[39m
          [36m>[39m
            [36m<svg[39m
              [33maria-hidden[39m=[32m"true"[39m
              [33mclass[39m=[32m"lucide lucide-refresh-cw"[39m
              [33mfill[39m=[32m"none"[39m
              [33mheight[39m=[32m"13"[39m
              [33mstroke[39m=[32m"currentColor"[39m
              [33mstroke-linecap[39m=[32m"round"[39m
              [33mstroke-linejoin[39m=[32m"round"[39m
              [33mstroke-width[39m=[32m"2"[39m
              [33mviewBox[39m=[32m"0 0 24 24"[39m
              [33mwidth[39m=[32m"13"[39m
              [33mxmlns[39m=[32m"http://www.w3.org/2000/svg"[39m
            [36m>[39m
              [36m<path[39m
                [33md[39m=[32m"M3 12a9 9 0 0 1 9-9 9.75 9.75 0 0 1 6.74 2.74L21 8"[39m
              [36m/>[39m
              [36m<path[39m
                [33md[39m=[32m"M21 3v5h-5"[39m
              [36m/>[39m
              [36m<path[39m
                [33md[39m=[32m"M21 12a9 9 0 0 1-9 9 9.75 9.75 0 0 1-6.74-2.74L3 16"[39m
              [36m/>[39m
              [36m<path[39m
                [33md[39m=[32m"M8 16H3v5"[39m
              [36m/>[39m
            [36m</svg>[39m
            [0m Refresh[0m
          [36m</button>[39m
        [36m</div>[39m
      [36m</div>[39m
      [36m<div[39m
        [33mclass[39m=[32m"bg-surface-raised border border-rmpg-700 p-3 space-y-2"[39m
      [36m>[39m
        [36m<div[39m
          [33mclass[39m=[32m"text-[9px] font-semibold text-brand-400"[39m
        [36m>[39m
          [0mMANUAL ROSTER INGEST[0m
        [36m</div>[39m
        [36m<div[39m
          [33mclass[39m=[32m"flex gap-2"[39m
        [36m>[39m
          [36m<input[39m
            [33mclass[39m=[32m"flex-1 input-dark text-[11px]"[39m
            [33mid[39m=[32m"jail-records-county-input"[39m
            [33mplaceholder[39m=[32m"County (e.g. Salt Lake)"[39m
            [33mvalue[39m=[32m""[39m
          [36m/>[39m
          [36m<select[39m
            [33mclass[39m=[32m"select-dark text-[11px]"[39m
          [36m>[39m
            [36m<option[39m
              [33mvalue[39m=[32m"lines"[39m
            [36m>[39m
              [0mLines (Name - charges)[0m
            [36m</option>[39m
            [36m<option[39m
              [33mvalue[39m=[32m"csv"[39m
            [36m>[39m
              [0mCSV (name,dob,booking_date,charges)[0m
            [36m</option>[39m
          [36m</select>[39m
        [36m</div>[39m
        [36m<textarea[39m
          [33mclass[39m=[32m"w-full input-dark text-[11px] font-mono resize-y"[39m
          [33mplaceholder[39m=[32m"John Smith - Theft, Trespass
Jane Doe - DUI"[39m
          [33mrows[39m=[32m"4"[39m
        [36m>[39m
          [0mJane Doe - DUI[0m
        [36m</textarea>[39m
        [36m<button[39m
          [33mclass[39m=[32m"w-full py-1.5 text-[11px] font-semibold border border-brand-400 text-brand-400 
hover:bg-surface-raised disabled:opacity-40"[39m
        [36m>[39m
          [0mINGEST + CROSS-HIT[0m
        [36m</button>[39m
      [36m</div>[39m
      [36m<div[39m
        [33mclass[39m=[32m"bg-surface-raised border border-rmpg-700"[39m
      [36m>[39m
        [36m<div[39m
          [33mclass[39m=[32m"px-2 py-[3px] border-b border-border-subtle flex items-center gap-2"[39m
        [36m>[39m
          [36m<span[39m
            [33mclass[39m=[32m"text-[9px] font-semibold text-brand-400 flex-1"[39m
          [36m>[39m
            [0mRECENT BOOKINGS[0m
          [36m</span>[39m
          [36m<div[39m
            [33mclass[39m=[32m"relative"[39m
          [36m>[39m
            [36m<svg[39m
              [33maria-hidden[39m=[32m"true"[39m
              [33mclass[39m=[32m"lucide lucide-search absolute left-2 top-1/2 -translate-y-1/2 text-rmpg-500 
pointer-events-none"[39m
              [33mfill[39m=[32m"none"[39m
              [33mheight[39m=[32m"10"[39m
              [33mstroke[39m=[32m"currentColor"[39m
              [33mstroke-linecap[39m=[32m"round"[39m
              [33mstroke-linejoin[39m=[32m"round"[39m
              [33mstroke-width[39m=[32m"2"[39m
              [33mviewBox[39m=[32m"0 0 24 24"[39m
              [33mwidth[39m=[32m"10"[39m
              [33mxmlns[39m=[32m"http://www.w3.org/2000/svg"[39m
            [36m>[39m
              [36m<path[39m
                [33md[39m=[32m"m21 21-4.34-4.34"[39m
              [36m/>[39m
              [36m<circle[39m
                [33mcx[39m=[32m"11"[39m
                [33mcy[39m=[32m"11"[39m
             ...

Ignored nodes: comments, script, style
[36m<html>[39m
  [36m<head />[39m
  [36m<body[39m
    [33mstyle[39m=[32m"overflow: hidden; position: fixed; width: 100%; top: 0px;"[39m
  [36m>[39m
    [36m<div>[39m
      [36m<div[39m
        [33mclass[39m=[32m"p-4 space-y-4"[39m
      [36m>[39m
        [36m<div[39m
          [33maria-level[39m=[32m"3"[39m
          [33mclass[39m=[32m"panel-title-bar "[39m
          [33mrole[39m=[32m"heading"[39m
        [36m>[39m
          [36m<svg[39m
            [33maria-hidden[39m=[32m"true"[39m
            [33mclass[39m=[32m"lucide lucide-building2 lucide-building-2 title-icon"[39m
            [33mfill[39m=[32m"none"[39m
            [33mheight[39m=[32m"24"[39m
            [33mstroke[39m=[32m"currentColor"[39m
            [33mstroke-linecap[39m=[32m"round"[39m
            [33mstroke-linejoin[39m=[32m"round"[39m
            [33mstroke-width[39m=[32m"2"[39m
            [33mviewBox[39m=[32m"0 0 24 24"[39m
            [33mwidth[39m=[32m"24"[39m
            [33mxmlns[39m=[32m"http://www.w3.org/2000/svg"[39m
          [36m>[39m
            [36m<path[39m
              [33md[39m=[32m"M10 12h4"[39m
            [36m/>[39m
            [36m<path[39m
              [33md[39m=[32m"M10 8h4"[39m
            [36m/>[39m
            [36m<path[39m
              [33md[39m=[32m"M14 21v-3a2 2 0 0 0-4 0v3"[39m
            [36m/>[39m
            [36m<path[39m
              [33md[39m=[32m"M6 10H4a2 2 0 0 0-2 2v7a2 2 0 0 0 2 2h16a2 2 0 0 0 2-2V9a2 2 0 0 0-2-2h-2"[39m
            [36m/>[39m
            [36m<path[39m
              [33md[39m=[32m"M6 21V5a2 2 0 0 1 2-2h8a2 2 0 0 1 2 2v16"[39m
            [36m/>[39m
          [36m</svg>[39m
          [36m<span[39m
            [33mclass[39m=[32m"select-none whitespace-nowrap shrink-0 "[39m
          [36m>[39m
            [0mJAIL / BOOKING RECORDS[0m
          [36m</span>[39m
          [36m<div[39m
            [33mclass[39m=[32m"ml-auto flex items-center gap-1.5 min-w-0 overflow-x-auto scrollbar-dark 
whitespace-nowrap"[39m
          [36m>[39m
            [36m<button[39m
              [33mclass[39m=[32m"toolbar-btn flex items-center gap-1.5"[39m
              [33mstyle[39m=[32m"height: 28px; padding: 0px 10px;"[39m
              [33mtitle[39m=[32m"Refresh sources and bookings"[39m
              [33mtype[39m=[32m"button"[39m
            [36m>[39m
              [36m<svg[39m
                [33maria-hidden[39m=[32m"true"[39m
                [33mclass[39m=[32m"lucide lucide-refresh-cw"[39m
                [33mfill[39m=[32m"none"[39m
                [33mheight[39m=[32m"13"[39m
                [33mstroke[39m=[32m"currentColor"[39m
                [33mstroke-linecap[39m=[32m"round"[39m
                [33mstroke-linejoin[39m=[32m"round"[39m
                [33mstroke-width[39m=[32m"2"[39m
                [33mviewBox[39m=[32m"0 0 24 24"[39m
                [33mwidth[39m=[32m"13"[39m
                [33mxmlns[39m=[32m"http://www.w3.org/2000/svg"[39m
              [36m>[39m
                [36m<path[39m
                  [33md[39m=[32m"M3 12a9 9 0 0 1 9-9 9.75 9.75 0 0 1 6.74 2.74L21 8"[39m
                [36m/>[39m
                [36m<path[39m
                  [33md[39m=[32m"M21 3v5h-5"[39m
                [36m/>[39m
                [36m<path[39m
                  [33md[39m=[32m"M21 12a9 9 0 0 1-9 9 9.75 9.75 0 0 1-6.74-2.74L3 16"[39m
                [36m/>[39m
                [36m<path[39m
                  [33md[39m=[32m"M8 16H3v5"[39m
                [36m/>[39m
              [36m</svg>[39m
              [0m Refresh[0m
            [36m</button>[39m
          [36m</div>[39m
        [36m</div>[39m
        [36m<div[39m
          [33mclass[39m=[32m"bg-surface-raised border border-rmpg-700 p-3 space-y-2"[39m
        [36m>[39m
          [36m<div[39m
            [33mclass[39m=[32m"text-[9px] font-semibold text-brand-400"[39m
          [36m>[39m
            [0mMANUAL ROSTER INGEST[0m
          [36m</div>[39m
          [36m<div[39m
            [33mclass[39m=[32m"flex gap-2"[39m
          [36m>[39m
            [36m<input[39m
              [33mclass[39m=[32m"flex-1 input-dark text-[11px]"[39m
              [33mid[39m=[32m"jail-records-county-input"[39m
              [33mplaceholder[39m=[32m"County (e.g. Salt Lake)"[39m
              [33mvalue[39m=[32m""[39m
            [36m/>[39m
            [36m<select[39m
              [33mclass[39m=[32m"select-dark text-[11px]"[39m
            [36m>[39m
              [36m<option[39m
                [33mvalue[39m=[32m"lines"[39m
              [36m>[39m
                [0mLines (Name - charges)[0m
              [36m</option>[39m
              [36m<option[39m
                [33mvalue[39m=[32m"csv"[39m
              [36m>[39m
                [0mCSV (name,dob,booking_date,charges)[0m
              [36m</option>[39m
            [36m</select>[39m
          [36m</div>[39m
          [36m<textarea[39m
            [33mclass[39m=[32m"w-full input-dark text-[11px] font-mono resize-y"[39m
            [33mplaceholder[39m=[32m"John Smith - Theft, Trespass
Jane Doe - DUI"[39m
            [33mrows[39m=[32m"4"[39m
          [36m>[39m
            [0mJane Doe - DUI[0m
          [36m</textarea>[39m
          [36m<button[39m
            [33mclass[39m=[32m"w-full py-1.5 text-[11px] font-semibold border border-brand-400 text-brand-400 
hover:bg-surface-raised disabled:opacity-40"[39m
          [36m>[39m
            [0mINGEST + CROSS-HIT[0m
          [36m</button>[39m
        [36m</div>[39m
        [36m<div[39m
          [33mclass[39m=[32m"bg-surface-raised border border-rmpg-700"[39m
        [36m>[39m
          [36m<div[39m
            [33mclass[39m=[32m"px-2 py-[3px] border-b border-border-subtle flex items-center gap-2"[39m
          [36m>[39m
            [36m<span[39m
              [33mclass[39m=[32m"text-[9px] font-semibold text-brand-400 flex-1"[39m
            [36m>[39m
              [0mRECENT BOOKINGS[0m
            [36m</span>[39m
            [36m<div[39m
              [33mclass[39m=[32m"relative"[39m
            [36m>[39m
              [36m<svg[39m
                [33maria-hidden[39m=[32m"true"[39m
                [33mclass[39m=[32m"lucide lucide-search absolute left-2 top-1/2 -translate-y-1/2 text-rmpg-500 
pointer-events-none"[39m
                [33mfill[39m=[32m"none"[39m
                [33mheight[39m=[32m"10"[39m
                [33mstroke[39m=[32m"currentColor"[39m
                [33mstroke-linecap[39m=[32m"round"[39m
                [33mstroke-linejoin[39m=[32m"round"[39m
                [33mstroke-width[39m=[32m"2"[39m
                [33mviewBox[39m=[32m"0 0 24 24"[39m
                [33mwidth[39m=[32m"1...
[90m [2mΓ¥»[22m Proxy.waitForWrapper node_modules/@testing-library/dom/dist/wait-for.js:[2m163:27[22m[39m
[36m [2mΓ¥»[22m src/pages/__tests__/JailRecordsPage.test.tsx:[2m36:11[22m[39m
    [90m 34|[39m     fireEvent.change(screen.getByPlaceholderText(/John Smith - Theft/)ΓÇª
    [90m 35|[39m     fireEvent[33m.[39m[34mclick[39m(screen[33m.[39m[34mgetByText[39m([32m'INGEST + 
CROSS-HIT'[39m))[33m;[39m
    [90m 36|[39m     await waitFor(() => expect(screen.getByText(/1 FLAGGED HIT/)).toBeΓÇª
    [90m   |[39m           [31m^[39m
    [90m 37|[39m   })[33m;[39m
    [90m 38|[39m })[33m;[39m

[31m[2mΓÄ»ΓÄ»ΓÄ»ΓÄ»ΓÄ»ΓÄ»ΓÄ»ΓÄ»ΓÄ»ΓÄ»ΓÄ»ΓÄ»ΓÄ»ΓÄ»ΓÄ»ΓÄ»ΓÄ»ΓÄ»ΓÄ»ΓÄ»ΓÄ»ΓÄ»ΓÄ»[4/22]ΓÄ»[22m[39m

[41m[1m FAIL [22m[49m src/pages/__tests__/QuickCapturePage.test.tsx[2m > [22mQuickCapturePage[2m > 
[22mcaptures a contact and shows the hit banner + dossier link
[31m[1mTestingLibraryElementError[22m[39m: Found multiple elements with the text: /Active warrant W-4/

Here are the matching elements:

Ignored nodes: comments, script, style
[36m<span>[39m
  [0mActive warrant W-4 ΓÇö FTA[0m
[36m</span>[39m

Ignored nodes: comments, script, style
[36m<p[39m
  [33mclass[39m=[32m"flex-1 text-[11px] leading-relaxed font-medium"[39m
[36m>[39m
  [0mRecords HIT: Active warrant W-4 ΓÇö FTA[0m
[36m</p>[39m

(If this is intentional, then use the `*AllBy*` variant of the query (like `queryAllByText`, `getAllByText`, or 
`findAllByText`)).

Ignored nodes: comments, script, style
[36m<body>[39m
  [36m<div>[39m
    [36m<div[39m
      [33mclass[39m=[32m"p-4 space-y-3 max-w-xl mx-auto"[39m
    [36m>[39m
      [36m<div[39m
        [33maria-level[39m=[32m"3"[39m
        [33mclass[39m=[32m"panel-title-bar "[39m
        [33mrole[39m=[32m"heading"[39m
      [36m>[39m
        [36m<svg[39m
          [33maria-hidden[39m=[32m"true"[39m
          [33mclass[39m=[32m"lucide lucide-clipboard-pen title-icon"[39m
          [33mfill[39m=[32m"none"[39m
          [33mheight[39m=[32m"24"[39m
          [33mstroke[39m=[32m"currentColor"[39m
          [33mstroke-linecap[39m=[32m"round"[39m
          [33mstroke-linejoin[39m=[32m"round"[39m
          [33mstroke-width[39m=[32m"2"[39m
          [33mviewBox[39m=[32m"0 0 24 24"[39m
          [33mwidth[39m=[32m"24"[39m
          [33mxmlns[39m=[32m"http://www.w3.org/2000/svg"[39m
        [36m>[39m
          [36m<path[39m
            [33md[39m=[32m"M16 4h2a2 2 0 0 1 2 2v2"[39m
          [36m/>[39m
          [36m<path[39m
            [33md[39m=[32m"M21.34 15.664a1 1 0 1 0-3.004-3.004l-5.01 5.012a2 2 0 0 0-.506.854l-.837 2.87a.5.5 0 0 0 
.62.62l2.87-.837a2 2 0 0 0 .854-.506z"[39m
          [36m/>[39m
          [36m<path[39m
            [33md[39m=[32m"M8 22H6a2 2 0 0 1-2-2V6a2 2 0 0 1 2-2h2"[39m
          [36m/>[39m
          [36m<rect[39m
            [33mheight[39m=[32m"4"[39m
            [33mrx[39m=[32m"1"[39m
            [33mwidth[39m=[32m"8"[39m
            [33mx[39m=[32m"8"[39m
            [33my[39m=[32m"2"[39m
          [36m/>[39m
        [36m</svg>[39m
        [36m<span[39m
          [33mclass[39m=[32m"select-none whitespace-nowrap shrink-0 "[39m
        [36m>[39m
          [0mQUICK CAPTURE[0m
        [36m</span>[39m
      [36m</div>[39m
      [36m<div[39m
        [33mclass[39m=[32m"bg-red-950 border border-red-600 text-red-300 text-sm font-semibold px-3 py-2 flex 
items-center gap-2"[39m
        [33mrole[39m=[32m"alert"[39m
      [36m>[39m
        [36m<svg[39m
          [33maria-hidden[39m=[32m"true"[39m
          [33mclass[39m=[32m"lucide lucide-triangle-alert w-4 h-4 shrink-0"[39m
          [33mfill[39m=[32m"none"[39m
          [33mheight[39m=[32m"24"[39m
          [33mstroke[39m=[32m"currentColor"[39m
          [33mstroke-linecap[39m=[32m"round"[39m
          [33mstroke-linejoin[39m=[32m"round"[39m
          [33mstroke-width[39m=[32m"2"[39m
          [33mviewBox[39m=[32m"0 0 24 24"[39m
          [33mwidth[39m=[32m"24"[39m
          [33mxmlns[39m=[32m"http://www.w3.org/2000/svg"[39m
        [36m>[39m
          [36m<path[39m
            [33md[39m=[32m"m21.73 18-8-14a2 2 0 0 0-3.48 0l-8 14A2 2 0 0 0 4 21h16a2 2 0 0 0 1.73-3"[39m
          [36m/>[39m
          [36m<path[39m
            [33md[39m=[32m"M12 9v4"[39m
          [36m/>[39m
          [36m<path[39m
            [33md[39m=[32m"M12 17h.01"[39m
          [36m/>[39m
        [36m</svg>[39m
        [36m<span>[39m
          [0mActive warrant W-4 ΓÇö FTA[0m
        [36m</span>[39m
      [36m</div>[39m
      [36m<div[39m
        [33mclass[39m=[32m"border border-border-default text-[11px] text-rmpg-400 px-3 py-1 flex flex-wrap 
items-center gap-3"[39m
      [36m>[39m
        [36m<span>[39m
          [0mFI logged[0m
          [0m ┬╖ FI #9[0m
        [36m</span>[39m
        [36m<a[39m
          [33mclass[39m=[32m"text-brand-400 hover:underline inline-flex items-center gap-1"[39m
          [33mdata-discover[39m=[32m"true"[39m
          [33mhref[39m=[32m"/intel/person/12"[39m
        [36m>[39m
          [0mOpen dossier [0m
          [36m<svg[39m
            [33maria-hidden[39m=[32m"true"[39m
            [33mclass[39m=[32m"lucide lucide-arrow-right w-3 h-3"[39m
            [33mfill[39m=[32m"none"[39m
            [33mheight[39m=[32m"24"[39m
            [33mstroke[39m=[32m"currentColor"[39m
            [33mstroke-linecap[39m=[32m"round"[39m
            [33mstroke-linejoin[39m=[32m"round"[39m
            [33mstroke-width[39m=[32m"2"[39m
            [33mviewBox[39m=[32m"0 0 24 24"[39m
            [33mwidth[39m=[32m"24"[39m
            [33mxmlns[39m=[32m"http://www.w3.org/2000/svg"[39m
          [36m>[39m
            [36m<path[39m
              [33md[39m=[32m"M5 12h14"[39m
            [36m/>[39m
            [36m<path[39m
              [33md[39m=[32m"m12 5 7 7-7 7"[39m
            [36m/>[39m
          [36m</svg>[39m
        [36m</a>[39m
        [36m<button[39m
          [33mclass[39m=[32m"inline-flex items-center gap-1 text-brand-400 hover:underline disabled:opacity-50"[39m
          [33mtype[39m=[32m"button"[39m
        [36m>[39m
          [0mPrint FI[0m
        [36m</button>[39m
      [36m</div>[39m
      [36m<div[39m
        [33mclass[39m=[32m"grid grid-cols-2 gap-2"[39m
      [36m>[39m
        [36m<input[39m
          [33mclass[39m=[32m"w-full bg-surface-overlay border border-border-default px-2 py-2 text-sm text-rmpg-200 
placeholder:text-rmpg-500 focus:border-brand-400 outline-none"[39m
          [33mplaceholder[39m=[32m"First name"[39m
          [33mvalue[39m=[32m""[39m
        [36m/>[39m
        [36m<input[39m
          [33mclass[39m=[32m"w-full bg-surface-overlay border border-border-default px-2 py-2 text-sm text-rmpg-200 
placeholder:text-rmpg-500 focus:border-brand-400 outline-none"[39m
          [33mplaceholder[39m=[32m"Last name"[39m
          [33mvalue[39m=[32m""[39m
        [36m/>[39m
      [36m</div>[39m
      [36m<div[39m
        [33mclass[39m=[32m"grid grid-cols-2 gap-2"[39m
      [36m>[39m
        [36m<div[39m
          [33mclass[39m=[32m"relative"[39m
        [36m>[39m
          [36m<input[39m
            [33mautocomplete[39m=[32m"off"[39m
            [33mclass[39m=[32m"w-full bg-surface-overlay border border-border-default px-2 py-2 text-sm 
text-rmpg-200 placeholder:text-rmpg-500 focus:border-brand-400 outline-none pr-8"[39m
            [33mplaceholder[39m=[32m"DOB (YYYY-MM-DD)"[39m
            [33mspellcheck[39m=[32m"false"[39m
            [33mvalue[39m=[32m""[39m
          [36m/>[39m
        [36m</div>[39m
        [36m<input[39m
          [33mclass[39m=[32m"w-full bg-surface-overlay border border-border-default px-2 py-2 text-sm text-rmpg-200 
placeholder:text-rmpg-500 focus:border-brand-400 outline-none uppercase"[39m
          [33mplaceholder[39m=[32m"Plate"[39m
          [33mvalue[39m=[32m""[39m
        [36m/>[39m
      [36m</div>[39m
      [36m<div[39m
        [33mclass[39m=[32m"flex items-center gap-2"[39m
      [36m>[39m
        [36m<svg[39m
          [33maria-hidden[39m=[32m"true"[39m
          [33mclass[39m=[32m"lucide lucide-map-pin w-4 h-4 text-rmpg-500 shrink-0"[39m
          [33mfill[39m=[32...

Ignored nodes: comments, script, style
[36m<html>[39m
  [36m<head />[39m
  [36m<body>[39m
    [36m<div>[39m
      [36m<div[39m
        [33mclass[39m=[32m"p-4 space-y-3 max-w-xl mx-auto"[39m
      [36m>[39m
        [36m<div[39m
          [33maria-level[39m=[32m"3"[39m
          [33mclass[39m=[32m"panel-title-bar "[39m
          [33mrole[39m=[32m"heading"[39m
        [36m>[39m
          [36m<svg[39m
            [33maria-hidden[39m=[32m"true"[39m
            [33mclass[39m=[32m"lucide lucide-clipboard-pen title-icon"[39m
            [33mfill[39m=[32m"none"[39m
            [33mheight[39m=[32m"24"[39m
            [33mstroke[39m=[32m"currentColor"[39m
            [33mstroke-linecap[39m=[32m"round"[39m
            [33mstroke-linejoin[39m=[32m"round"[39m
            [33mstroke-width[39m=[32m"2"[39m
            [33mviewBox[39m=[32m"0 0 24 24"[39m
            [33mwidth[39m=[32m"24"[39m
            [33mxmlns[39m=[32m"http://www.w3.org/2000/svg"[39m
          [36m>[39m
            [36m<path[39m
              [33md[39m=[32m"M16 4h2a2 2 0 0 1 2 2v2"[39m
            [36m/>[39m
            [36m<path[39m
              [33md[39m=[32m"M21.34 15.664a1 1 0 1 0-3.004-3.004l-5.01 5.012a2 2 0 0 0-.506.854l-.837 2.87a.5.5 0 0 
0 .62.62l2.87-.837a2 2 0 0 0 .854-.506z"[39m
            [36m/>[39m
            [36m<path[39m
              [33md[39m=[32m"M8 22H6a2 2 0 0 1-2-2V6a2 2 0 0 1 2-2h2"[39m
            [36m/>[39m
            [36m<rect[39m
              [33mheight[39m=[32m"4"[39m
              [33mrx[39m=[32m"1"[39m
              [33mwidth[39m=[32m"8"[39m
              [33mx[39m=[32m"8"[39m
              [33my[39m=[32m"2"[39m
            [36m/>[39m
          [36m</svg>[39m
          [36m<span[39m
            [33mclass[39m=[32m"select-none whitespace-nowrap shrink-0 "[39m
          [36m>[39m
            [0mQUICK CAPTURE[0m
          [36m</span>[39m
        [36m</div>[39m
        [36m<div[39m
          [33mclass[39m=[32m"bg-red-950 border border-red-600 text-red-300 text-sm font-semibold px-3 py-2 flex 
items-center gap-2"[39m
          [33mrole[39m=[32m"alert"[39m
        [36m>[39m
          [36m<svg[39m
            [33maria-hidden[39m=[32m"true"[39m
            [33mclass[39m=[32m"lucide lucide-triangle-alert w-4 h-4 shrink-0"[39m
            [33mfill[39m=[32m"none"[39m
            [33mheight[39m=[32m"24"[39m
            [33mstroke[39m=[32m"currentColor"[39m
            [33mstroke-linecap[39m=[32m"round"[39m
            [33mstroke-linejoin[39m=[32m"round"[39m
            [33mstroke-width[39m=[32m"2"[39m
            [33mviewBox[39m=[32m"0 0 24 24"[39m
            [33mwidth[39m=[32m"24"[39m
            [33mxmlns[39m=[32m"http://www.w3.org/2000/svg"[39m
          [36m>[39m
            [36m<path[39m
              [33md[39m=[32m"m21.73 18-8-14a2 2 0 0 0-3.48 0l-8 14A2 2 0 0 0 4 21h16a2 2 0 0 0 1.73-3"[39m
            [36m/>[39m
            [36m<path[39m
              [33md[39m=[32m"M12 9v4"[39m
            [36m/>[39m
            [36m<path[39m
              [33md[39m=[32m"M12 17h.01"[39m
            [36m/>[39m
          [36m</svg>[39m
          [36m<span>[39m
            [0mActive warrant W-4 ΓÇö FTA[0m
          [36m</span>[39m
        [36m</div>[39m
        [36m<div[39m
          [33mclass[39m=[32m"border border-border-default text-[11px] text-rmpg-400 px-3 py-1 flex flex-wrap 
items-center gap-3"[39m
        [36m>[39m
          [36m<span>[39m
            [0mFI logged[0m
            [0m ┬╖ FI #9[0m
          [36m</span>[39m
          [36m<a[39m
            [33mclass[39m=[32m"text-brand-400 hover:underline inline-flex items-center gap-1"[39m
            [33mdata-discover[39m=[32m"true"[39m
            [33mhref[39m=[32m"/intel/person/12"[39m
          [36m>[39m
            [0mOpen dossier [0m
            [36m<svg[39m
              [33maria-hidden[39m=[32m"true"[39m
              [33mclass[39m=[32m"lucide lucide-arrow-right w-3 h-3"[39m
              [33mfill[39m=[32m"none"[39m
              [33mheight[39m=[32m"24"[39m
              [33mstroke[39m=[32m"currentColor"[39m
              [33mstroke-linecap[39m=[32m"round"[39m
              [33mstroke-linejoin[39m=[32m"round"[39m
              [33mstroke-width[39m=[32m"2"[39m
              [33mviewBox[39m=[32m"0 0 24 24"[39m
              [33mwidth[39m=[32m"24"[39m
              [33mxmlns[39m=[32m"http://www.w3.org/2000/svg"[39m
            [36m>[39m
              [36m<path[39m
                [33md[39m=[32m"M5 12h14"[39m
              [36m/>[39m
              [36m<path[39m
                [33md[39m=[32m"m12 5 7 7-7 7"[39m
              [36m/>[39m
            [36m</svg>[39m
          [36m</a>[39m
          [36m<button[39m
            [33mclass[39m=[32m"inline-flex items-center gap-1 text-brand-400 hover:underline 
disabled:opacity-50"[39m
            [33mtype[39m=[32m"button"[39m
          [36m>[39m
            [0mPrint FI[0m
          [36m</button>[39m
        [36m</div>[39m
        [36m<div[39m
          [33mclass[39m=[32m"grid grid-cols-2 gap-2"[39m
        [36m>[39m
          [36m<input[39m
            [33mclass[39m=[32m"w-full bg-surface-overlay border border-border-default px-2 py-2 text-sm 
text-rmpg-200 placeholder:text-rmpg-500 focus:border-brand-400 outline-none"[39m
            [33mplaceholder[39m=[32m"First name"[39m
            [33mvalue[39m=[32m""[39m
          [36m/>[39m
          [36m<input[39m
            [33mclass[39m=[32m"w-full bg-surface-overlay border border-border-default px-2 py-2 text-sm 
text-rmpg-200 placeholder:text-rmpg-500 focus:border-brand-400 outline-none"[39m
            [33mplaceholder[39m=[32m"Last name"[39m
            [33mvalue[39m=[32m""[39m
          [36m/>[39m
        [36m</div>[39m
        [36m<div[39m
          [33mclass[39m=[32m"grid grid-cols-2 gap-2"[39m
        [36m>[39m
          [36m<div[39m
            [33mclass[39m=[32m"relative"[39m
          [36m>[39m
            [36m<input[39m
              [33mautocomplete[39m=[32m"off"[39m
              [33mclass[39m=[32m"w-full bg-surface-overlay border border-border-default px-2 py-2 text-sm 
text-rmpg-200 placeholder:text-rmpg-500 focus:border-brand-400 outline-none pr-8"[39m
              [33mplaceholder[39m=[32m"DOB (YYYY-MM-DD)"[39m
              [33mspellcheck[39m=[32m"false"[39m
              [33mvalue[39m=[32m""[39m
            [36m/>[39m
          [36m</div>[39m
          [36m<input[39m
            [33mclass[39m=[32m"w-full bg-surface-overlay border border-border-default px-2 py-2 text-sm 
text-rmpg-200 placeholder:text-rmpg-500 focus:border-brand-400 outline-none uppercase"[39m
            [33mplaceholder[39m=[32m"Plate"[39m
            [33mvalue[39m=[32m""[3...
[90m [2mΓ¥»[22m Proxy.waitForWrapper node_modules/@testing-library/dom/dist/wait-for.js:[2m163:27[22m[39m
[36m [2mΓ¥»[22m src/pages/__tests__/QuickCapturePage.test.tsx:[2m39:11[22m[39m
    [90m 37|[39m     fireEvent.change(screen.getByPlaceholderText('Last name'), { targeΓÇª
    [90m 38|[39m     fireEvent[33m.[39m[34mclick[39m(screen[33m.[39m[34mgetByText[39m([32m'CAPTURE + 
CHECK'[39m))[33m;[39m
    [90m 39|[39m     await waitFor(() => expect(screen.getByText(/Active warrant W-4/))ΓÇª
    [90m   |[39m           [31m^[39m
    [90m 40|[39m     [34mexpect[39m(screen[33m.[39m[34mgetByText[39m([36m/Open 
dossier/[39m))[33m.[39m[34mtoBeInTheDocument[39m()[33m;[39m
    [90m 41|[39m   })[33m;[39m

[31m[2mΓÄ»ΓÄ»ΓÄ»ΓÄ»ΓÄ»ΓÄ»ΓÄ»ΓÄ»ΓÄ»ΓÄ»ΓÄ»ΓÄ»ΓÄ»ΓÄ»ΓÄ»ΓÄ»ΓÄ»ΓÄ»ΓÄ»ΓÄ»ΓÄ»ΓÄ»ΓÄ»[5/22]ΓÄ»[22m[39m

[41m[1m FAIL [22m[49m src/utils/__tests__/notificationRouting.test.ts[2m > [22mnotificationRouting[2m > 
[22mrouteForEntity[2m > [22mbuilds /arrest-records?arrest_id= for arrest_record entity_type
[31m[1mAssertionError[22m: expected '/' to be '/arrest-records?arrest_id=250' // Object.is equality[39m

Expected: [32m"/[7marrest-records?arrest_id=250[27m"[39m
Received: [31m"/"[39m

[36m [2mΓ¥»[22m src/utils/__tests__/notificationRouting.test.ts:[2m38:10[22m[39m
    [90m 36|[39m       [90m// on the actual booking detail panel instead of a generic page.[39m
    [90m 37|[39m       expect(routeForEntity({ type: 'system', entity_type: 'arrest_recΓÇª
    [90m 38|[39m         [33m.[39m[34mtoBe[39m([32m'/arrest-records?arrest_id=250'[39m)[33m;[39m
    [90m   |[39m          [31m^[39m
    [90m 39|[39m       [90m// Short alias for any older server emitter that uses `arrest`.[39m
    [90m 40|[39m       expect(routeForEntity({ type: 'system', entity_type: 'arrest', eΓÇª

[31m[2mΓÄ»ΓÄ»ΓÄ»ΓÄ»ΓÄ»ΓÄ»ΓÄ»ΓÄ»ΓÄ»ΓÄ»ΓÄ»ΓÄ»ΓÄ»ΓÄ»ΓÄ»ΓÄ»ΓÄ»ΓÄ»ΓÄ»ΓÄ»ΓÄ»ΓÄ»ΓÄ»[6/22]ΓÄ»[22m[39m

[41m[1m FAIL [22m[49m src/utils/__tests__/notificationRouting.test.ts[2m > [22mnotificationRouting[2m > 
[22mrouteForEntity[2m > [22mbuilds /web-research?research_id= for research_result entity_type
[31m[1mAssertionError[22m: expected '/' to be '/web-research?research_id=17' // Object.is equality[39m

Expected: [32m"/[7mweb-research?research_id=17[27m"[39m
Received: [31m"/"[39m

[36m [2mΓ¥»[22m src/utils/__tests__/notificationRouting.test.ts:[2m49:10[22m[39m
    [90m 47|[39m       [90m// the Saved Results tab with the matching row highlighted.[39m
    [90m 48|[39m       expect(routeForEntity({ type: 'system', entity_type: 'research_rΓÇª
    [90m 49|[39m         [33m.[39m[34mtoBe[39m([32m'/web-research?research_id=17'[39m)[33m;[39m
    [90m   |[39m          [31m^[39m
    [90m 50|[39m       [90m// Short alias for any server emitter that uses `web_research`.[39m
    [90m 51|[39m       expect(routeForEntity({ type: 'system', entity_type: 'web_researΓÇª

[31m[2mΓÄ»ΓÄ»ΓÄ»ΓÄ»ΓÄ»ΓÄ»ΓÄ»ΓÄ»ΓÄ»ΓÄ»ΓÄ»ΓÄ»ΓÄ»ΓÄ»ΓÄ»ΓÄ»ΓÄ»ΓÄ»ΓÄ»ΓÄ»ΓÄ»ΓÄ»ΓÄ»[7/22]ΓÄ»[22m[39m

[41m[1m FAIL [22m[49m src/utils/__tests__/uiTrapWatchdog.test.ts[2m > [22mfindBlockingOverlays / 
recoverIfTrapped (DOM)[2m > [22mrecoverIfTrapped is a no-op when nothing is trapped (zero DOM mutation)
[31m[1mAssertionError[22m: expected [ 'reset body overflow lock' ] to deeply equal [][39m

[32m- Expected[39m
[31m+ Received[39m

[32m- [][39m
[31m+ [[39m
[31m+   "reset body overflow lock",[39m
[31m+ ][39m

[36m [2mΓ¥»[22m src/utils/__tests__/uiTrapWatchdog.test.ts:[2m166:21[22m[39m
    [90m164|[39m     document.body.style.overflow = 'hidden'; // a lock exists, but no ΓÇª
    [90m165|[39m     [35mconst[39m actions [33m=[39m [34mrecoverIfTrapped[39m()[33m;[39m
    [90m166|[39m     [34mexpect[39m(actions)[33m.[39m[34mtoEqual[39m([])[33m;[39m
    [90m   |[39m                     [31m^[39m
    [90m167|[39m     expect(document.body.style.overflow).toBe('hidden'); // untouched ΓÇª
    [90m168|[39m   })[33m;[39m

[31m[2mΓÄ»ΓÄ»ΓÄ»ΓÄ»ΓÄ»ΓÄ»ΓÄ»ΓÄ»ΓÄ»ΓÄ»ΓÄ»ΓÄ»ΓÄ»ΓÄ»ΓÄ»ΓÄ»ΓÄ»ΓÄ»ΓÄ»ΓÄ»ΓÄ»ΓÄ»ΓÄ»[8/22]ΓÄ»[22m[39m

[41m[1m FAIL [22m[49m src/pages/document-writer/__tests__/wave5Actions.test.ts[2m > [22mWave-5 actions[2m > 
[22mruns every action without throwing
[31m[1mError[22m: Test timed out in 5000ms.
If this is a long-running test, pass a timeout value as the last argument or configure it globally with 
"testTimeout".[39m
[36m [2mΓ¥»[22m src/pages/document-writer/__tests__/wave5Actions.test.ts:[2m47:3[22m[39m
    [90m 45|[39m   })[33m;[39m
    [90m 46|[39m
    [90m 47|[39m   [34mit[39m([32m'runs every action without throwing'[39m[33m,[39m () [33m=>[39m {
    [90m   |[39m   [31m^[39m
    [90m 48|[39m     [35mfor[39m ([35mconst[39m a [35mof[39m [33mWAVE5_ACTIONS[39m) {
    [90m 49|[39m       editor [33m=[39m [34mmk[39m()[33m;[39m

[31m[2mΓÄ»ΓÄ»ΓÄ»ΓÄ»ΓÄ»ΓÄ»ΓÄ»ΓÄ»ΓÄ»ΓÄ»ΓÄ»ΓÄ»ΓÄ»ΓÄ»ΓÄ»ΓÄ»ΓÄ»ΓÄ»ΓÄ»ΓÄ»ΓÄ»ΓÄ»ΓÄ»[9/22]ΓÄ»[22m[39m

[41m[1m FAIL [22m[49m src/pages/fleet/v2/__tests__/VehicleDetailRoute.test.tsx[2m > [22m<VehicleDetailRoute>[2m 
> [22mclicking Work Orders tab still shows the EmptyStateCard (deferred to PR 5)
[31m[1mTestingLibraryElementError[22m[39m: Unable to find an element with the text: /coming in pr 5/i. This could 
be because the text is broken up by multiple elements. In this case, you can provide a function for your text matcher 
to make your matcher more flexible.

Ignored nodes: comments, script, style
[36m<body>[39m
  [36m<div>[39m
    [36m<div[39m
      [33mclass[39m=[32m"h-full flex flex-col"[39m
    [36m>[39m
      [36m<div[39m
        [33mclass[39m=[32m"sticky top-0 z-10 bg-surface-base border-b border-rmpg-700 px-4 py-3"[39m
      [36m>[39m
        [36m<a[39m
          [33mclass[39m=[32m"text-xs text-rmpg-400 hover:text-brand-400 inline-flex items-center gap-1 mb-2"[39m
          [33mdata-discover[39m=[32m"true"[39m
          [33mhref[39m=[32m"/fleet/v2/vehicles"[39m
        [36m>[39m
          [36m<svg[39m
            [33maria-hidden[39m=[32m"true"[39m
            [33mclass[39m=[32m"lucide lucide-arrow-left w-3 h-3"[39m
            [33mfill[39m=[32m"none"[39m
            [33mheight[39m=[32m"24"[39m
            [33mstroke[39m=[32m"currentColor"[39m
            [33mstroke-linecap[39m=[32m"round"[39m
            [33mstroke-linejoin[39m=[32m"round"[39m
            [33mstroke-width[39m=[32m"2"[39m
            [33mviewBox[39m=[32m"0 0 24 24"[39m
            [33mwidth[39m=[32m"24"[39m
            [33mxmlns[39m=[32m"http://www.w3.org/2000/svg"[39m
          [36m>[39m
            [36m<path[39m
              [33md[39m=[32m"m12 19-7-7 7-7"[39m
            [36m/>[39m
            [36m<path[39m
              [33md[39m=[32m"M19 12H5"[39m
            [36m/>[39m
          [36m</svg>[39m
          [0m Back to Vehicles[0m
        [36m</a>[39m
        [36m<div[39m
          [33mclass[39m=[32m"flex items-baseline justify-between"[39m
        [36m>[39m
          [36m<div>[39m
            [36m<h1[39m
              [33mclass[39m=[32m"text-lg font-semibold text-rmpg-100"[39m
            [36m>[39m
              [0mUnit 12[0m
              [36m<span[39m
                [33mclass[39m=[32m"ml-2 text-sm text-rmpg-400"[39m
              [36m>[39m
                [0mABC123[0m
                [0m ([0m
                [0mUT[0m
                [0m)[0m
              [36m</span>[39m
            [36m</h1>[39m
            [36m<div[39m
              [33mclass[39m=[32m"text-[11px] text-rmpg-400 mt-0.5"[39m
            [36m>[39m
              [0m2022[0m
              [0m [0m
              [0mFord[0m
              [0m [0m
              [0mExplorer[0m
              [0m ┬╖ VIN [0m
              [0m1HGBH41JXMN109186[0m
              [0m ┬╖ [0m
              [0m47,283[0m
              [0m mi[0m
            [36m</div>[39m
          [36m</div>[39m
          [36m<div[39m
            [33mclass[39m=[32m"px-2 py-1 text-[10px] rounded-sm bg-rmpg-700 text-rmpg-50"[39m
          [36m>[39m
            [0mIN SERVICE[0m
          [36m</div>[39m
        [36m</div>[39m
        [36m<div[39m
          [33maria-label[39m=[32m"Vehicle tabs"[39m
          [33mclass[39m=[32m"mt-3 flex gap-1 overflow-x-auto"[39m
          [33mrole[39m=[32m"tablist"[39m
        [36m>[39m
          [36m<button[39m
            [33maria-selected[39m=[32m"false"[39m
            [33mclass[39m=[32m"px-3 py-1 text-[11px] whitespace-nowrap rounded-t-sm text-rmpg-400 
hover:text-rmpg-100"[39m
            [33mrole[39m=[32m"tab"[39m
          [36m>[39m
            [0mOverview[0m
          [36m</button>[39m
          [36m<button[39m
            [33maria-selected[39m=[32m"false"[39m
            [33mclass[39m=[32m"px-3 py-1 text-[11px] whitespace-nowrap rounded-t-sm text-rmpg-400 
hover:text-rmpg-100"[39m
            [33mrole[39m=[32m"tab"[39m
          [36m>[39m
            [0mService[0m
          [36m</button>[39m
          [36m<button[39m
            [33maria-selected[39m=[32m"false"[39m
            [33mclass[39m=[32m"px-3 py-1 text-[11px] whitespace-nowrap rounded-t-sm text-rmpg-400 
hover:text-rmpg-100"[39m
            [33mrole[39m=[32m"tab"[39m
          [36m>[39m
            [0mInspections[0m
          [36m</button>[39m
          [36m<button[39m
            [33maria-selected[39m=[32m"false"[39m
            [33mclass[39m=[32m"px-3 py-1 text-[11px] whitespace-nowrap rounded-t-sm text-rmpg-400 
hover:text-rmpg-100"[39m
            [33mrole[39m=[32m"tab"[39m
          [36m>[39m
            [0mFuel[0m
          [36m</button>[39m
          [36m<button[39m
            [33maria-selected[39m=[32m"false"[39m
            [33mclass[39m=[32m"px-3 py-1 text-[11px] whitespace-nowrap rounded-t-sm text-rmpg-400 
hover:text-rmpg-100"[39m
            [33mrole[39m=[32m"tab"[39m
          [36m>[39m
            [0mIssues[0m
          [36m</button>[39m
          [36m<button[39m
            [33maria-selected[39m=[32m"true"[39m
            [33mclass[39m=[32m"px-3 py-1 text-[11px] whitespace-nowrap rounded-t-sm bg-rmpg-700 text-rmpg-50"[39m
            [33mrole[39m=[32m"tab"[39m
          [36m>[39m
            [0mWork Orders[0m
          [36m</button>[39m
          [36m<button[39m
            [33maria-selected[39m=[32m"false"[39m
            [33mclass[39m=[32m"px-3 py-1 text-[11px] whitespace-nowrap rounded-t-sm text-rmpg-400 
hover:text-rmpg-100"[39m
            [33mrole[39m=[32m"tab"[39m
          [36m>[39m
            [0mDocuments[0m
          [36m</button>[39m
          [36m<button[39m
            [33maria-selected[39m=[32m"false"[39m
            [33mclass[39m=[32m"px-3 py-1 text-[11px] whitespace-nowrap rounded-t-sm text-rmpg-400 
hover:text-rmpg-100"[39m
            [33mrole[39m=[32m"tab"[39m
          [36m>[39m
            [0mCosts[0m
          [36m</button>[39m
          [36m<button[39m
            [33maria-selected[39m=[32m"false"[39m
            [33mclass[39m=[32m"px-3 py-1 text-[11px] whitespace-nowrap rounded-t-sm text-rmpg-400 
hover:text-rmpg-100"[39m
            [33mrole[39m=[32m"tab"[39m
          [36m>[39m
            [0mRecalls[0m
          [36m</button>[39m
          [36m<button[39m
            [33maria-selected[39m=[32m"false"[39m
            [33mclass[39m=[32m"px-3 py-1 text-[11px] whitespace-nowrap rounded-t-sm text-rmpg-400 
hover:text-rmpg-100"[39m
            [33mrole[39m=[32m"tab"[39m
          [36m>[39m
            [0mDamage[0m
          [36m</button>[39m
          [36m<button[39m
            [33maria-selected[39m=[32m"false"[39m
            [33mclass[39m=[32m"px-3 py-1 text-[11px] whitespace-nowrap rounded-t-sm text-rmpg-400 
hover:text-rmpg-100"[39m
            [33mrole[39m=[32m"tab"[39m
          [36m>[39m
            [0mTires[0m
          [36m</button>[39m
          [36m<button[39m
            [33maria-selected[39m=[32m"false"[39m
            [33mclass[39m=[32m"px-3 py-1 text-[11px] whitespace-nowrap rounded-t-sm text-rmpg-400 
hover:text-rmpg-100"[39m
            [33mrole[39m=[32m"tab"[39m
          [36m>[39m
            [0mAssignments[0m
          [36m</button>[39m
          [36m<button[39m
            [33maria-selected[39m=[32m"false"[39m
            [33mclass[39m=[32m"px-3 py-1 text-[11px] whitespace-nowrap rounded-t-sm text-rmpg-400 
hover:text-rmpg-100"[39m
            [33mrole[39m=[32m"tab"[39m
          [36m>[39m
            [0mActivity[0m
          [36m</button>[39m
        [36m</div>[39m
      [36m</div>[39m
      [36m<div[39m
        [33mclass[39m=[32m"flex-1 overflow-y-auto"[39m
      [36m>[39m
        [36m<div[39m
          [33mclass[39m=[32m"p-4 text-xs text-rmpg-400"[39m
        [36m>[39m
          [0mLoading work ordersΓÇª[0m
        [36m</div>[39m
      [36m</div>[39m
    [36m</div>[39m
  [36m</div>[39m
[36m</body>[39m
[90m [2mΓ¥»[22m Object.getElementError node_modules/@testing-library/dom/dist/config.js:[2m37:19[22m[39m
[90m [2mΓ¥»[22m node_modules/@testing-library/dom/dist/query-helpers.js:[2m76:38[22m[39m
[90m [2mΓ¥»[22m node_modules/@testing-library/dom/dist/query-helpers.js:[2m52:17[22m[39m
[90m [2mΓ¥»[22m node_modules/@testing-library/dom/dist/query-helpers.js:[2m95:19[22m[39m
[36m [2mΓ¥»[22m src/pages/fleet/v2/__tests__/VehicleDetailRoute.test.tsx:[2m72:19[22m[39m
    [90m 70|[39m     [35mawait[39m screen[33m.[39m[34mfindByText[39m([32m'Unit 12'[39m[33m,[39m 
{}[33m,[39m { timeout[33m:[39m [34m3000[39m })[33m;[39m
    [90m 71|[39m     fireEvent.click(screen.getByRole('tab', { name: /^work orders/i })ΓÇª
    [90m 72|[39m     [34mexpect[39m(screen[33m.[39m[34mgetByText[39m([36m/coming in pr 
5/i[39m))[33m.[39m[34mtoBeInTheDocument[39m()[33m;[39m
    [90m   |[39m                   [31m^[39m
    [90m 73|[39m   })[33m;[39m
    [90m 74|[39m })[33m;[39m

[31m[2mΓÄ»ΓÄ»ΓÄ»ΓÄ»ΓÄ»ΓÄ»ΓÄ»ΓÄ»ΓÄ»ΓÄ»ΓÄ»ΓÄ»ΓÄ»ΓÄ»ΓÄ»ΓÄ»ΓÄ»ΓÄ»ΓÄ»ΓÄ»ΓÄ»ΓÄ»[10/22]ΓÄ»[22m[39m

[41m[1m FAIL [22m[49m src/utils/pdf/v2/__tests__/citation3Copy.snapshot.test.ts[2m > [22mcitation 3-copy 
snapshots[2m > [22mempty record
[31m[1mAssertionError[22m: PDF bytes changed for snapshot citation_3copy.empty. Re-run with UPDATE_SNAPSHOTS=1 if 
intentional.: expected '894cf980033a967d676c26e84154ceb5f354dΓÇª' to be '834d331b971c629a958676f7eff68836b0efdΓÇª' // 
Object.is equality[39m

Expected: [32m"8[7m34d331b971c629a958676f7eff68836b0efd2f637829da64a7193f706c14f00[27m"[39m
Received: [31m"8[7m94cf980033a967d676c26e84154ceb5f354dae281dfeb3e759869e9fabe0c3c[27m"[39m

[36m [2mΓ¥»[22m snap src/utils/pdf/v2/__tests__/citation3Copy.snapshot.test.ts:[2m38:5[22m[39m
    [90m 36|[39m     hash[33m,[39m
    [90m 37|[39m     `PDF bytes changed for snapshot ${name}. Re-run with UPDATE_SNAPSHΓÇª
    [90m 38|[39m   )[33m.[39m[34mtoBe[39m(expected)[33m;[39m
    [90m   |[39m     [31m^[39m
    [90m 39|[39m }
    [90m 40|[39m
[90m [2mΓ¥»[22m src/utils/pdf/v2/__tests__/citation3Copy.snapshot.test.ts:[2m43:5[22m[39m

[31m[2mΓÄ»ΓÄ»ΓÄ»ΓÄ»ΓÄ»ΓÄ»ΓÄ»ΓÄ»ΓÄ»ΓÄ»ΓÄ»ΓÄ»ΓÄ»ΓÄ»ΓÄ»ΓÄ»ΓÄ»ΓÄ»ΓÄ»ΓÄ»ΓÄ»ΓÄ»[11/22]ΓÄ»[22m[39m

[41m[1m FAIL [22m[49m src/utils/pdf/v2/__tests__/citation3Copy.snapshot.test.ts[2m > [22mcitation 3-copy 
snapshots[2m > [22mtwo violations (compact layout)
[31m[1mAssertionError[22m: PDF bytes changed for snapshot citation_3copy.two_violations. Re-run with 
UPDATE_SNAPSHOTS=1 if intentional.: expected '5e10fed88b4fbce93936e28badb1bc24bda0eΓÇª' to be 
'9e08651a10b6c23a06d905e991eea43c2c67cΓÇª' // Object.is equality[39m

Expected: [32m"9e08651a10b6c23a06d905e991eea43c2c67cb77de78b09b6a6841149a45b544"[39m
Received: [31m"5e10fed88b4fbce93936e28badb1bc24bda0ee5996d7f718a907379bea5d2c3c"[39m

[36m [2mΓ¥»[22m snap src/utils/pdf/v2/__tests__/citation3Copy.snapshot.test.ts:[2m38:5[22m[39m
    [90m 36|[39m     hash[33m,[39m
    [90m 37|[39m     `PDF bytes changed for snapshot ${name}. Re-run with UPDATE_SNAPSHΓÇª
    [90m 38|[39m   )[33m.[39m[34mtoBe[39m(expected)[33m;[39m
    [90m   |[39m     [31m^[39m
    [90m 39|[39m }
    [90m 40|[39m
[90m [2mΓ¥»[22m src/utils/pdf/v2/__tests__/citation3Copy.snapshot.test.ts:[2m47:5[22m[39m

[31m[2mΓÄ»ΓÄ»ΓÄ»ΓÄ»ΓÄ»ΓÄ»ΓÄ»ΓÄ»ΓÄ»ΓÄ»ΓÄ»ΓÄ»ΓÄ»ΓÄ»ΓÄ»ΓÄ»ΓÄ»ΓÄ»ΓÄ»ΓÄ»ΓÄ»ΓÄ»[12/22]ΓÄ»[22m[39m

[41m[1m FAIL [22m[49m src/utils/pdf/v2/__tests__/citation3Copy.snapshot.test.ts[2m > [22mcitation 3-copy 
snapshots[2m > [22mfive violations (stacked layout)
[31m[1mAssertionError[22m: PDF bytes changed for snapshot citation_3copy.five_violations. Re-run with 
UPDATE_SNAPSHOTS=1 if intentional.: expected '77372205e01acc82732044fa27cdc58d09cbcΓÇª' to be 
'4806ddb2de0c011e762c4ffff87bb87896f56ΓÇª' // Object.is equality[39m

Expected: [32m"4806ddb2de0c011e762c4ffff87bb87896f56821e70b25a53db52ba1eb681243"[39m
Received: [31m"77372205e01acc82732044fa27cdc58d09cbc9bfb46e00d5673b3d863b436412"[39m

[36m [2mΓ¥»[22m snap src/utils/pdf/v2/__tests__/citation3Copy.snapshot.test.ts:[2m38:5[22m[39m
    [90m 36|[39m     hash[33m,[39m
    [90m 37|[39m     `PDF bytes changed for snapshot ${name}. Re-run with UPDATE_SNAPSHΓÇª
    [90m 38|[39m   )[33m.[39m[34mtoBe[39m(expected)[33m;[39m
    [90m   |[39m     [31m^[39m
    [90m 39|[39m }
    [90m 40|[39m
[90m [2mΓ¥»[22m src/utils/pdf/v2/__tests__/citation3Copy.snapshot.test.ts:[2m73:5[22m[39m

[31m[2mΓÄ»ΓÄ»ΓÄ»ΓÄ»ΓÄ»ΓÄ»ΓÄ»ΓÄ»ΓÄ»ΓÄ»ΓÄ»ΓÄ»ΓÄ»ΓÄ»ΓÄ»ΓÄ»ΓÄ»ΓÄ»ΓÄ»ΓÄ»ΓÄ»ΓÄ»[13/22]ΓÄ»[22m[39m

[41m[1m FAIL [22m[49m src/utils/pdf/v2/blankForms/__tests__/citationBlank.test.ts[2m > [22mcitation_blank[2m > 
[22mrenders to stable bytes (baseline)
[31m[1mAssertionError[22m: PDF bytes changed for snapshot citation_blank.empty. If intentional, re-run with 
UPDATE_SNAPSHOTS=1.: expected '183ae74cca7136dd1fa0e3ce277633421c6c9ΓÇª' to be 
'b273038ab358e1ecf58095d2bd03eb71bae9bΓÇª' // Object.is equality[39m

Expected: [32m"[7mb273038ab358e1ecf58095d2bd03eb71bae9bba96c0353326e66d8a8228edf9[27m2"[39m
Received: [31m"[7m183ae74cca7136dd1fa0e3ce277633421c6c96b1e5413151e1d92b9d949fe67[27m2"[39m

[36m [2mΓ¥»[22m assertPdfSnapshot src/utils/pdf/v2/__tests__/snapshotHelpers.ts:[2m48:115[22m[39m
    [90m 46|[39m
    [90m 47|[39m   [35mconst[39m expected [33m=[39m [34mreadFileSync[39m(filePath[33m,[39m 
[32m'utf8'[39m)[33m.[39m[34mtrim[39m()[33m;[39m
    [90m 48|[39m   expect(hash, `PDF bytes changed for snapshot ${snapshotName}. If intΓÇª
    [90m   |[39m                                                                                                     
              [31m^[39m
    [90m 49|[39m }
    [90m 50|[39m
[90m [2mΓ¥»[22m src/utils/pdf/v2/blankForms/__tests__/citationBlank.test.ts:[2m7:5[22m[39m

[31m[2mΓÄ»ΓÄ»ΓÄ»ΓÄ»ΓÄ»ΓÄ»ΓÄ»ΓÄ»ΓÄ»ΓÄ»ΓÄ»ΓÄ»ΓÄ»ΓÄ»ΓÄ»ΓÄ»ΓÄ»ΓÄ»ΓÄ»ΓÄ»ΓÄ»ΓÄ»[14/22]ΓÄ»[22m[39m

[41m[1m FAIL [22m[49m src/utils/pdf/v2/blankForms/__tests__/fieldInterviewBlank.test.ts[2m > 
[22mfield_interview_blank[2m > [22mrenders to stable bytes (baseline)
[31m[1mAssertionError[22m: PDF bytes changed for snapshot field_interview_blank.empty. If intentional, re-run with 
UPDATE_SNAPSHOTS=1.: expected '89e803e756f6da3563cdf609b99b0f89fab52ΓÇª' to be 
'0e11243e85c643746deaf4d020a9c61becbd3ΓÇª' // Object.is equality[39m

Expected: [32m"0e11243e85c643746deaf4d020a9c61becbd315edca95e971ee0fb5f79d23af2"[39m
Received: [31m"89e803e756f6da3563cdf609b99b0f89fab527183930d40ac9d51e801d24b49c"[39m

[36m [2mΓ¥»[22m assertPdfSnapshot src/utils/pdf/v2/__tests__/snapshotHelpers.ts:[2m48:115[22m[39m
    [90m 46|[39m
    [90m 47|[39m   [35mconst[39m expected [33m=[39m [34mreadFileSync[39m(filePath[33m,[39m 
[32m'utf8'[39m)[33m.[39m[34mtrim[39m()[33m;[39m
    [90m 48|[39m   expect(hash, `PDF bytes changed for snapshot ${snapshotName}. If intΓÇª
    [90m   |[39m                                                                                                     
              [31m^[39m
    [90m 49|[39m }
    [90m 50|[39m
[90m [2mΓ¥»[22m src/utils/pdf/v2/blankForms/__tests__/fieldInterviewBlank.test.ts:[2m7:5[22m[39m

[31m[2mΓÄ»ΓÄ»ΓÄ»ΓÄ»ΓÄ»ΓÄ»ΓÄ»ΓÄ»ΓÄ»ΓÄ»ΓÄ»ΓÄ»ΓÄ»ΓÄ»ΓÄ»ΓÄ»ΓÄ»ΓÄ»ΓÄ»ΓÄ»ΓÄ»ΓÄ»[15/22]ΓÄ»[22m[39m

[41m[1m FAIL [22m[49m src/utils/pdf/v2/blankForms/__tests__/incidentBlank.test.ts[2m > [22mincident_blank[2m > 
[22mrenders to stable bytes (baseline)
[31m[1mAssertionError[22m: PDF bytes changed for snapshot incident_blank.empty. If intentional, re-run with 
UPDATE_SNAPSHOTS=1.: expected 'a2b6074af835b270b934338607becd10f1840ΓÇª' to be 
'4c3a7010ee37c551fa95ff697e76a5204ea67ΓÇª' // Object.is equality[39m

Expected: [32m"4c3a7010ee37c551fa95ff697e76a5204ea679cc268f7010c3ddad0ade6fcd55"[39m
Received: [31m"a2b6074af835b270b934338607becd10f18402d429bdfd52726a8253bdfafe0a"[39m

[36m [2mΓ¥»[22m assertPdfSnapshot src/utils/pdf/v2/__tests__/snapshotHelpers.ts:[2m48:115[22m[39m
    [90m 46|[39m
    [90m 47|[39m   [35mconst[39m expected [33m=[39m [34mreadFileSync[39m(filePath[33m,[39m 
[32m'utf8'[39m)[33m.[39m[34mtrim[39m()[33m;[39m
    [90m 48|[39m   expect(hash, `PDF bytes changed for snapshot ${snapshotName}. If intΓÇª
    [90m   |[39m                                                                                                     
              [31m^[39m
    [90m 49|[39m }
    [90m 50|[39m
[90m [2mΓ¥»[22m src/utils/pdf/v2/blankForms/__tests__/incidentBlank.test.ts:[2m7:5[22m[39m

[31m[2mΓÄ»ΓÄ»ΓÄ»ΓÄ»ΓÄ»ΓÄ»ΓÄ»ΓÄ»ΓÄ»ΓÄ»ΓÄ»ΓÄ»ΓÄ»ΓÄ»ΓÄ»ΓÄ»ΓÄ»ΓÄ»ΓÄ»ΓÄ»ΓÄ»ΓÄ»[16/22]ΓÄ»[22m[39m

[41m[1m FAIL [22m[49m src/utils/pdf/v2/blankForms/__tests__/personBlank.test.ts[2m > [22mperson_blank[2m > 
[22mrenders to stable bytes (baseline)
[31m[1mAssertionError[22m: PDF bytes changed for snapshot person_blank.empty. If intentional, re-run with 
UPDATE_SNAPSHOTS=1.: expected '3e1de6a3540eefe1d9fd88ef81b8d07d7a418ΓÇª' to be 
'494826423869738ed2da59c29a963479e8bf9ΓÇª' // Object.is equality[39m

Expected: [32m"[7m494826423869738ed2da59c29a963479e8bf9bceb87693607bc08a00a60e42d[27m3"[39m
Received: [31m"[7m3e1de6a3540eefe1d9fd88ef81b8d07d7a4180c340f4ccdf5f33777916bd506[27m3"[39m

[36m [2mΓ¥»[22m assertPdfSnapshot src/utils/pdf/v2/__tests__/snapshotHelpers.ts:[2m48:115[22m[39m
    [90m 46|[39m
    [90m 47|[39m   [35mconst[39m expected [33m=[39m [34mreadFileSync[39m(filePath[33m,[39m 
[32m'utf8'[39m)[33m.[39m[34mtrim[39m()[33m;[39m
    [90m 48|[39m   expect(hash, `PDF bytes changed for snapshot ${snapshotName}. If intΓÇª
    [90m   |[39m                                                                                                     
              [31m^[39m
    [90m 49|[39m }
    [90m 50|[39m
[90m [2mΓ¥»[22m src/utils/pdf/v2/blankForms/__tests__/personBlank.test.ts:[2m7:5[22m[39m

[31m[2mΓÄ»ΓÄ»ΓÄ»ΓÄ»ΓÄ»ΓÄ»ΓÄ»ΓÄ»ΓÄ»ΓÄ»ΓÄ»ΓÄ»ΓÄ»ΓÄ»ΓÄ»ΓÄ»ΓÄ»ΓÄ»ΓÄ»ΓÄ»ΓÄ»ΓÄ»[17/22]ΓÄ»[22m[39m

[41m[1m FAIL [22m[49m src/utils/pdf/v2/blankForms/__tests__/propertyBlank.test.ts[2m > [22mproperty_blank[2m > 
[22mrenders to stable bytes (baseline)
[31m[1mAssertionError[22m: PDF bytes changed for snapshot property_blank.empty. If intentional, re-run with 
UPDATE_SNAPSHOTS=1.: expected '6232875584599f2053cae6a2c4e562404d940ΓÇª' to be 
'659fa43eea4a7acdbd06f3c971afce3df5a0eΓÇª' // Object.is equality[39m

Expected: [32m"6[7m59fa43eea4a7acdbd06f3c971afce3df5a0e0be4efe4d0b7f56a43835ff581e[27m"[39m
Received: [31m"6[7m232875584599f2053cae6a2c4e562404d94085f19fb3fa443bfe06b2f214946[27m"[39m

[36m [2mΓ¥»[22m assertPdfSnapshot src/utils/pdf/v2/__tests__/snapshotHelpers.ts:[2m48:115[22m[39m
    [90m 46|[39m
    [90m 47|[39m   [35mconst[39m expected [33m=[39m [34mreadFileSync[39m(filePath[33m,[39m 
[32m'utf8'[39m)[33m.[39m[34mtrim[39m()[33m;[39m
    [90m 48|[39m   expect(hash, `PDF bytes changed for snapshot ${snapshotName}. If intΓÇª
    [90m   |[39m                                                                                                     
              [31m^[39m
    [90m 49|[39m }
    [90m 50|[39m
[90m [2mΓ¥»[22m src/utils/pdf/v2/blankForms/__tests__/propertyBlank.test.ts:[2m7:5[22m[39m


[2m Test Files [22m [1m[31m18 failed[39m[22m[2m | [22m[1m[32m325 passed[39m[22m[90m (343)[39m
[31m[2mΓÄ»ΓÄ»ΓÄ»ΓÄ»ΓÄ»ΓÄ»ΓÄ»ΓÄ»ΓÄ»ΓÄ»ΓÄ»ΓÄ»ΓÄ»ΓÄ»ΓÄ»ΓÄ»ΓÄ»ΓÄ»ΓÄ»ΓÄ»ΓÄ»ΓÄ»[18/22]ΓÄ»[22m[39m

[41m[1m FAIL [22m[49m src/utils/pdf/v2/blankForms/__tests__/vehicleBlank.test.ts[2m > [22mvehicle_blank[2m > 
[22mrenders to stable bytes (baseline)
[31m[1mAssertionError[22m: PDF bytes changed for snapshot vehicle_blank.empty. If intentional, re-run with 
UPDATE_SNAPSHOTS=1.: expected 'da4a15ce6790d5b4024f034e630adbf4f4563ΓÇª' to be 
'75c74a4bbbd03dd52a0693bfab88db9755d41ΓÇª' // Object.is equality[39m

Expected: [32m"75c74a4bbbd03dd52a0693bfab88db9755d41551dcefa36739c6b7dc76e2a200"[39m
Received: [31m"da4a15ce6790d5b4024f034e630adbf4f45638166eac00c04656d14f5d5c14fd"[39m

[36m [2mΓ¥»[22m assertPdfSnapshot src/utils/pdf/v2/__tests__/snapshotHelpers.ts:[2m48:115[22m[39m
    [90m 46|[39m
    [90m 47|[39m   [35mconst[39m expected [33m=[39m [34mreadFileSync[39m(filePath[33m,[39m 
[32m'utf8'[39m)[33m.[39m[34mtrim[39m()[33m;[39m
    [90m 48|[39m   expect(hash, `PDF bytes changed for snapshot ${snapshotName}. If intΓÇª
    [90m   |[39m                                                                                                     
              [31m^[39m
    [90m 49|[39m }
    [90m 50|[39m
[90m [2mΓ¥»[22m src/utils/pdf/v2/blankForms/__tests__/vehicleBlank.test.ts:[2m7:5[22m[39m

[31m[2mΓÄ»ΓÄ»ΓÄ»ΓÄ»ΓÄ»ΓÄ»ΓÄ»ΓÄ»ΓÄ»ΓÄ»ΓÄ»ΓÄ»ΓÄ»ΓÄ»ΓÄ»ΓÄ»ΓÄ»ΓÄ»ΓÄ»ΓÄ»ΓÄ»ΓÄ»[19/22]ΓÄ»[22m[39m

[41m[1m FAIL [22m[49m src/utils/pdf/v2/forms/__tests__/tripLog.test.ts[2m > [22mtrip_log (FORM PS-211)[2m > 
[22mrenders to stable bytes (baseline)
[31m[1mAssertionError[22m: PDF bytes changed for snapshot trip_log.populated. If intentional, re-run with 
UPDATE_SNAPSHOTS=1.: expected '804c0da0d6b3cc949e162c9c871eff5e4f1e0ΓÇª' to be 
'75704fce797e363967ebf69cb834b16eca615ΓÇª' // Object.is equality[39m

Expected: [32m"75704fce797e363967ebf69cb834b16eca615eb092af212c78d25db10e735ff1"[39m
Received: [31m"804c0da0d6b3cc949e162c9c871eff5e4f1e0261a306cfc9ad66e226a8a28c28"[39m

[36m [2mΓ¥»[22m assertPdfSnapshot src/utils/pdf/v2/__tests__/snapshotHelpers.ts:[2m48:115[22m[39m
    [90m 46|[39m
    [90m 47|[39m   [35mconst[39m expected [33m=[39m [34mreadFileSync[39m(filePath[33m,[39m 
[32m'utf8'[39m)[33m.[39m[34mtrim[39m()[33m;[39m
    [90m 48|[39m   expect(hash, `PDF bytes changed for snapshot ${snapshotName}. If intΓÇª
    [90m   |[39m                                                                                                     
              [31m^[39m
    [90m 49|[39m }
    [90m 50|[39m
[90m [2mΓ¥»[22m src/utils/pdf/v2/forms/__tests__/tripLog.test.ts:[2m66:5[22m[39m

[31m[2mΓÄ»ΓÄ»ΓÄ»ΓÄ»ΓÄ»ΓÄ»ΓÄ»ΓÄ»ΓÄ»ΓÄ»ΓÄ»ΓÄ»ΓÄ»ΓÄ»ΓÄ»ΓÄ»ΓÄ»ΓÄ»ΓÄ»ΓÄ»ΓÄ»ΓÄ»[20/22]ΓÄ»[22m[39m

[41m[1m FAIL [22m[49m src/utils/pdf/v2/forms/__tests__/tripLogMultipage.test.ts[2m > [22mtrip_log (FORM PS-211) 
ΓÇö multi-page[2m > [22mrenders to stable bytes (3-page baseline)
[31m[1mAssertionError[22m: PDF bytes changed for snapshot trip_log.multipage. If intentional, re-run with 
UPDATE_SNAPSHOTS=1.: expected '0d1b6850a8a4eddd922dbf74651d5c413a025ΓÇª' to be 
'd59118e51a827519d4e295a77ef385c200f9eΓÇª' // Object.is equality[39m

Expected: [32m"d59118e51a827519d4e295a77ef385c200f9e7ca510ea2ae7cc4fc7b7a3993c2"[39m
Received: [31m"0d1b6850a8a4eddd922dbf74651d5c413a0253453b9213613af123b7e5f00d03"[39m

[36m [2mΓ¥»[22m assertPdfSnapshot src/utils/pdf/v2/__tests__/snapshotHelpers.ts:[2m48:115[22m[39m
    [90m 46|[39m
    [90m 47|[39m   [35mconst[39m expected [33m=[39m [34mreadFileSync[39m(filePath[33m,[39m 
[32m'utf8'[39m)[33m.[39m[34mtrim[39m()[33m;[39m
    [90m 48|[39m   expect(hash, `PDF bytes changed for snapshot ${snapshotName}. If intΓÇª
    [90m   |[39m                                                                                                     
              [31m^[39m
    [90m 49|[39m }
    [90m 50|[39m
[90m [2mΓ¥»[22m src/utils/pdf/v2/forms/__tests__/tripLogMultipage.test.ts:[2m58:5[22m[39m

[31m[2mΓÄ»ΓÄ»ΓÄ»ΓÄ»ΓÄ»ΓÄ»ΓÄ»ΓÄ»ΓÄ»ΓÄ»ΓÄ»ΓÄ»ΓÄ»ΓÄ»ΓÄ»ΓÄ»ΓÄ»ΓÄ»ΓÄ»ΓÄ»ΓÄ»ΓÄ»[21/22]ΓÄ»[22m[39m

[41m[1m FAIL [22m[49m src/utils/pdf/v2/forms/__tests__/tripLogMultipage.test.ts[2m > [22mtrip_log (FORM PS-211) 
ΓÇö multi-page[2m > [22mrepeats the column header band on every page and keeps TOTALS off the grid
[31m[1mAssertionError[22m: expected 1 to be 3 // Object.is equality[39m

[32m- Expected[39m
[31m+ Received[39m

[32m- 3[39m
[31m+ 1[39m

[36m [2mΓ¥»[22m src/utils/pdf/v2/forms/__tests__/tripLogMultipage.test.ts:[2m77:24[22m[39m
    [90m 75|[39m     // so one occurrence per page proves the header repeats on continuΓÇª
    [90m 76|[39m     [35mconst[39m headerHits [33m=[39m 
text[33m.[39m[34msplit[39m([32m'MILEAGE'[39m)[33m.[39mlength [33m-[39m [34m1[39m[33m;[39m
    [90m 77|[39m     [34mexpect[39m(headerHits)[33m.[39m[34mtoBe[39m(pages)[33m;[39m
    [90m   |[39m                        [31m^[39m
    [90m 78|[39m
    [90m 79|[39m     [90m// The TOTALS labeled block must still render on the final page.[39m

[31m[2mΓÄ»ΓÄ»ΓÄ»ΓÄ»ΓÄ»ΓÄ»ΓÄ»ΓÄ»ΓÄ»ΓÄ»ΓÄ»ΓÄ»ΓÄ»ΓÄ»ΓÄ»ΓÄ»ΓÄ»ΓÄ»ΓÄ»ΓÄ»ΓÄ»ΓÄ»[22/22]ΓÄ»[22m[39m

[2m      Tests [22m [1m[31m21 failed[39m[22m[2m | [22m[1m[32m2401 passed[39m[22m[90m (2422)[39m
[2m   Start at [22m 23:39:09
[2m   Duration [22m 472.54s[2m (transform 45.39s, setup 303.48s, import 334.99s, tests 207.84s, environment 2057.55s)[22m

